02-24 23:07:44.843  4156  8672 D ForegroundUtils: UID: 10440 is in foreground: true
02-24 23:07:44.843  4156  8672 D ForegroundUtils: UID: 10447 is in foreground: true
02-24 23:07:44.843  4156  8672 D ForegroundUtils: UID: 10469 is in foreground: true
02-24 23:07:44.843  4156  8672 D ForegroundUtils: UID: 10654 is in foreground: true
02-24 23:07:44.844  1928  2554 D BackgroundInstallControlService: Package event received: 0
02-24 23:07:44.844  1928  2554 D BackgroundInstallControlService: Package event received: 0
02-24 23:07:44.844  1928  2554 D BackgroundInstallControlService: Package event received: 0
02-24 23:07:44.846  1275  1275 I BpBinder: onLastStrongRef automatically unlinking death recipients: 
02-24 23:07:44.856  2763  3035 V SnapshotDrawerUtils: Drawing snapshot surface sizeMismatch=false
02-24 23:07:44.869  2763  3644 V WindowManagerShell: onTransitionReady(transaction=8280696951171)
02-24 23:07:44.872  1928  2065 V WindowManager: Sent Transition (#60) createdAt=02-24 23:07:44.829 via request=TransitionRequestInfo { type = TO_FRONT, triggerTask = TaskInfo{userId=0 taskId=958 effectiveUid=10654 displayId=0 isRunning=true baseIntent=Intent { flg=0x10000000 cmp=com.digimon.glyph/.RomLoaderActivity } baseActivity=ComponentInfo{com.digimon.glyph/com.digimon.glyph.RomLoaderActivity} topActivity=ComponentInfo{com.digimon.glyph/com.digimon.glyph.RomLoaderActivity} origActivity=null realActivity=ComponentInfo{com.digimon.glyph/com.digimon.glyph.RomLoaderActivity} numActivities=1 lastActiveTime=1907335 supportsMultiWindow=true resizeMode=1 isResizeable=true minWidth=-1 minHeight=-1 defaultMinSize=220 token=WCT{RemoteToken{a10579d Task{9fdc92d #958 type=standard A=10654:com.digimon.glyph}}} topActivityType=1 pictureInPictureParams=null shouldDockBigOverlays=false launchIntoPipHostTaskId=-1 lastParentTaskIdBeforePip=-1 displayCutoutSafeInsets=Rect(0, 123 - 0, 0) topActivityInfo=ActivityInfo{4155412 com.digimon.glyph.RomLoaderActivity} launchCookies=[] positionInParent=Point(0, 0) parentTaskId=-1 isFocused=false isVisible=false isVisibleRequested=false isTopActivityNoDisplay=false isSleeping=false locusId=null displayAreaFeatureId=1 isTopActivityTransparent=false isActivityStackTransparent=false lastNonFullscreenBounds=Rect(269, 658 - 811, 1738) capturedLink=null capturedLinkTimestamp=0 requestedVisibleTypes=-9 topActivityRequestOpenInBrowserEducationTimestamp=0 appCompatTaskInfo=AppCompatTaskInfo { topActivityInSizeCompat=false eligibleForLetterboxEducation= false isLetterboxEducationEnabled= false isLetterboxDoubleTapEnabled= false eligibleForUserAspectRatioButton= false topActivityBoundsLetterboxed= false isFromLetterboxDoubleTap= false topActivityLetterboxVerticalPosition= -1 topActivityLetterboxHorizontalPosition= -1 topActivityLetterboxWidth=-1 topActivityLetterboxHeight=-1 topActivityLetterboxAppWidth=-1 topActivityLetterboxAppHeight=-1 isUserFullscreenOverrideEnabled=false isSystemFullscreenOverrideEnabled=false hasMinAspectRatioOverride=false topActivityLetterboxBounds=null cameraCompatTaskInfo=CameraCompatTaskInfo { freeformCameraCompatMode=inactive}} topActivityMainWindowFrame=null}, pipChange = null, remoteTransition = RemoteTransition { remoteTransition = android.window.IRemoteTransition$Stub$Proxy@7df1a49, appThread = android.app.IApplicationThread$Stub$Proxy@1769f4e, debugName = QuickstepLaunch }, displayChange = null, flags = 0, debugId = 60 }
02-24 23:07:44.872  1928  2065 V WindowManager:     startWCT=WindowContainerTransaction { changes= {} hops= [] errorCallbackToken=null taskFragmentOrganizer=null }
02-24 23:07:44.873  1928  2065 V WindowManager:     info={id=60 t=TO_FRONT f=0x0 trk=0 r=[0@Point(0, 0)] c=[
02-24 23:07:44.873  1928  2065 V WindowManager:         {WCT{RemoteToken{a10579d Task{9fdc92d #958 type=standard A=10654:com.digimon.glyph}}} m=TO_FRONT f=MOVE_TO_TOP leash=Surface(name=Task=958)/@0x9463e47 sb=Rect(0, 0 - 1080, 2400) eb=Rect(0, 0 - 1080, 2400) epz=Point(1080, 2400) d=0 taskParent=-1},
02-24 23:07:44.873  1928  2065 V WindowManager:         {WCT{RemoteToken{bf5d705 Task{a4698ab #1 type=home}}} m=TO_BACK f=SHOW_WALLPAPER leash=Surface(name=Task=1)/@0x1e7df52 sb=Rect(0, 0 - 1080, 2400) eb=Rect(0, 0 - 1080, 2400) epz=Point(1080, 2400) d=0 taskParent=-1}
02-24 23:07:44.873  1928  2065 V WindowManager:     ]}
02-24 23:07:44.873  2763  2876 V WindowManagerShell: onTransitionReady (#60) android.os.BinderProxy@5bb04de: {id=60 t=TO_FRONT f=0x0 trk=0 r=[0@Point(0, 0)] c=[
02-24 23:07:44.873  2763  2876 V WindowManagerShell:         {m=TO_FRONT f=MOVE_TO_TOP leash=Surface(name=Task=958)/@0xc764a78 sb=Rect(0, 0 - 1080, 2400) eb=Rect(0, 0 - 1080, 2400) epz=Point(1080, 2400) d=0 taskParent=-1},
02-24 23:07:44.873  2763  2876 V WindowManagerShell:         {m=TO_BACK f=SHOW_WALLPAPER leash=Surface(name=Task=1)/@0x9de7551 sb=Rect(0, 0 - 1080, 2400) eb=Rect(0, 0 - 1080, 2400) epz=Point(1080, 2400) d=0 taskParent=-1}
02-24 23:07:44.873  2763  2876 V WindowManagerShell:     ]}
02-24 23:07:44.873  2763  2876 V WindowManagerShell: Playing animation for (#60) android.os.BinderProxy@5bb04de@0
02-24 23:07:44.874  2763  2876 V WindowManagerShell:  try firstHandler com.android.wm.shell.transition.DefaultMixedHandler@e04c96
02-24 23:07:44.874  2763  2876 V WindowManagerShell: Mixed transition for opening an intent with a remote transition and PIP or Desktop #60
02-24 23:07:44.874  2763  2876 V WindowManagerShell: tryAnimateOpenIntentWithRemoteAndPipOrDesktop
02-24 23:07:44.874  2763  2876 V WindowManagerShell:  Delegate animation for (#60) to RemoteTransition { remoteTransition = android.window.IRemoteTransition$Stub$Proxy@c37a0d5, appThread = android.app.IApplicationThread$Stub$Proxy@6e90ea, debugName = QuickstepLaunch }
02-24 23:07:44.874  1928  3253 W UserManagerService: Requested status bar icon for non-badged user 0
02-24 23:07:44.876  2763  2876 V WindowManagerShell:  animated by firstHandler
02-24 23:07:44.877  1928  2724 D ConnectivityService: requestNetwork for uid/pid:10447/2763 asUid: 10654 activeRequest: null callbackRequest: 723 [NetworkRequest [ REQUEST id=724, [ Capabilities: INTERNET&NOT_RESTRICTED&TRUSTED&NOT_VCN_MANAGED&NOT_BANDWIDTH_CONSTRAINED Uid: 10654 RequestorUid: 10447 RequestorPkg: com.android.systemui UnderlyingNetworks: Null] ]] callback flags: 0 order: 2147483647 isUidTracked: false declaredMethods: ALL
02-24 23:07:44.883  1928  2299 D ConnectivityService: NetReassign [724 : null → 100] [c 0] [a 1] [i 5]
02-24 23:07:44.884  1928  2287 D WifiNetworkFactory: got request NetworkRequest [ REQUEST id=724, [ Capabilities: INTERNET&NOT_RESTRICTED&TRUSTED&NOT_VCN_MANAGED&NOT_BANDWIDTH_CONSTRAINED Uid: 10654 RequestorUid: 10447 RequestorPkg: com.android.systemui UnderlyingNetworks: Null] ]
02-24 23:07:44.885  1928  2287 D UntrustedWifiNetworkFactory: got request NetworkRequest [ REQUEST id=724, [ Capabilities: INTERNET&NOT_RESTRICTED&TRUSTED&NOT_VCN_MANAGED&NOT_BANDWIDTH_CONSTRAINED Uid: 10654 RequestorUid: 10447 RequestorPkg: com.android.systemui UnderlyingNetworks: Null] ]
02-24 23:07:44.885  1928  2287 D OemPaidWifiNetworkFactory: got request NetworkRequest [ REQUEST id=724, [ Capabilities: INTERNET&NOT_RESTRICTED&TRUSTED&NOT_VCN_MANAGED&NOT_BANDWIDTH_CONSTRAINED Uid: 10654 RequestorUid: 10447 RequestorPkg: com.android.systemui UnderlyingNetworks: Null] ]
02-24 23:07:44.885  1928  2287 D MultiInternetWifiNetworkFactory: got request NetworkRequest [ REQUEST id=724, [ Capabilities: INTERNET&NOT_RESTRICTED&TRUSTED&NOT_VCN_MANAGED&NOT_BANDWIDTH_CONSTRAINED Uid: 10654 RequestorUid: 10447 RequestorPkg: com.android.systemui UnderlyingNetworks: Null] ]
02-24 23:07:44.885  1928  2065 W ziparchive: Unable to open '/data/app/~~iQaktMtR1ze3nIsoonGU1A==/com.digimon.glyph-6djeVF8TnBzvxc0lfw3KKQ==/base.dm': No such file or directory
02-24 23:07:44.889  1124  1124 I android.hardware.power-service-qti: Power setMode: 5 to: 0
02-24 23:07:44.890  3269  3269 D b/311077782: LauncherAnimationRunner.setAnimation
02-24 23:07:44.919  1928  2271 I ImeTracker: com.digimon.glyph:4c1fed2c: onRequestHide at ORIGIN_SERVER reason HIDE_UNSPECIFIED_WINDOW fromUser false
02-24 23:07:44.927 16494 16494 D InsetsController: hide(ime(), fromIme=false)
02-24 23:07:44.927 16494 16494 I ImeTracker: com.digimon.glyph:4c1fed2c: onCancelled at PHASE_CLIENT_ALREADY_HIDDEN
02-24 23:07:44.938  4880  4880 I bvwt    : onPause
02-24 23:07:44.940  1116  3163 D vendor.qti.bluetooth@1.0-wake_lock: Release wakelock is released 
02-24 23:07:44.959  6142  6142 W z       : onStartInput event aborted
02-24 23:07:44.959  6142  6142 W z       : sb0.x: could not obtain extracted text
02-24 23:07:44.959  6142  6142 W z       : 	at sb0.o0.G(Unknown Source:329)
02-24 23:07:44.959  6142  6142 W z       : 	at t60.z.h(Unknown Source:282)
02-24 23:07:44.959  6142  6142 W z       : 	at t60.v2.h(Unknown Source:2)
02-24 23:07:44.959  6142  6142 W z       : 	at com.touchtype.KeyboardService.onStartInput(Unknown Source:11)
02-24 23:07:44.959  6142  6142 W z       : 	at android.inputmethodservice.InputMethodService.doStartInput(InputMethodService.java:3504)
02-24 23:07:44.959  6142  6142 W z       : 	at android.inputmethodservice.InputMethodService$InputMethodImpl.startInput(InputMethodService.java:883)
02-24 23:07:44.959  6142  6142 W z       : 	at android.inputmethodservice.InputMethodService$InputMethodImpl.dispatchStartInput(InputMethodService.java:912)
02-24 23:07:44.959  6142  6142 W z       : 	at android.inputmethodservice.IInputMethodWrapper.executeMessage(IInputMethodWrapper.java:201)
02-24 23:07:44.959  6142  6142 W z       : 	at com.android.internal.os.HandlerCaller$MyHandler.handleMessage(HandlerCaller.java:44)
02-24 23:07:44.959  6142  6142 W z       : 	at android.os.Handler.dispatchMessage(Handler.java:109)
02-24 23:07:44.959  6142  6142 W z       : 	at android.os.Looper.loopOnce(Looper.java:232)
02-24 23:07:44.959  6142  6142 W z       : 	at android.os.Looper.loop(Looper.java:317)
02-24 23:07:44.959  6142  6142 W z       : 	at android.app.ActivityThread.main(ActivityThread.java:8935)
02-24 23:07:44.959  6142  6142 W z       : 	at java.lang.reflect.Method.invoke(Native Method)
02-24 23:07:44.959  6142  6142 W z       : 	at com.android.internal.os.RuntimeInit$MethodAndArgsCaller.run(RuntimeInit.java:594)
02-24 23:07:44.959  6142  6142 W z       : 	at com.android.internal.os.ZygoteInit.main(ZygoteInit.java:911)
02-24 23:07:45.001  1264  2320 D audioserver: logFgsApiEnd: FGS Logger Transaction failed, -129
02-24 23:07:45.059  1264  2428 D audioserver: logFgsApiEnd: FGS Logger Transaction failed, -129
02-24 23:07:45.060  3405 16650 I NearbyDiscovery: (REDACTED) ActiveMediaSessionManager: The previous active package (%s) is not active now!
02-24 23:07:45.091  3269  3269 D RecentsView: finishRecentsAnimation - mRecentsAnimationController: null
02-24 23:07:45.091  3269  3269 D RecentsView: cleanupRemoteTargets - mRemoteTargetHandles: null
02-24 23:07:45.092  2763  2876 V WindowManagerShell: Transition animation finished (aborted=false), notifying core (#60) android.os.BinderProxy@5bb04de@0
02-24 23:07:45.094  3269  3269 D StateManager: goToState - fromState: Overview, toState: Normal, partial trace:
02-24 23:07:45.094  3269  3269 D StateManager: 	at com.android.launcher3.statemanager.StateManager.moveToRestState(StateManager.java:465)
02-24 23:07:45.094  3269  3269 D StateManager: 	at com.android.launcher3.statemanager.StateManager.moveToRestState(StateManager.java:456)
02-24 23:07:45.094  3269  3269 D StateManager: 	at com.android.quickstep.TaskViewUtils$9.lambda$onAnimationSuccess$0(TaskViewUtils.java:661)
02-24 23:07:45.094  3269  3269 D RecentsView: finishRecentsAnimation - mRecentsAnimationController: null
02-24 23:07:45.094  3269  3269 D RecentsView: cleanupRemoteTargets - mRemoteTargetHandles: null
02-24 23:07:45.095  3269  3269 D b/310064698: [958] - onClick - launchCompleted
02-24 23:07:45.095  1928  2065 V WindowManager: Finish Transition (#60): created at 02-24 23:07:44.829 collect-started=0.116ms request-sent=4.776ms started=8.477ms ready=15.559ms sent=36.957ms finished=265.341ms
02-24 23:07:45.097  4880  4880 D VRI[QuickstepLauncher]: visibilityChanged oldVisibility=true newVisibility=false
02-24 23:07:45.098  2763  2876 V WindowManagerShell: Track 0 became idle
02-24 23:07:45.098  2763  2876 V WindowManagerShell: All active transition animations finished
02-24 23:07:45.101  1928  6497 W UserManagerService: Requested status bar icon for non-badged user 0
02-24 23:07:45.104  4156  8672 D ForegroundUtils: Foreground UID status:
02-24 23:07:45.104  4156  8672 D ForegroundUtils: UID: 10369 is in foreground: false
02-24 23:07:45.104  4156  8672 D ForegroundUtils: UID: 10395 is in foreground: false
02-24 23:07:45.104  4156  8672 D ForegroundUtils: UID: 10440 is in foreground: false
02-24 23:07:45.104  4156  8672 D ForegroundUtils: UID: 10447 is in foreground: true
02-24 23:07:45.104  4156  8672 D ForegroundUtils: UID: 10469 is in foreground: true
02-24 23:07:45.104  4156  8672 D ForegroundUtils: UID: 10654 is in foreground: true
02-24 23:07:45.106  1928  6497 W UserManagerService: Requested status bar icon for non-badged user 0
02-24 23:07:45.109  3269  3269 D StateManager: onStateTransitionStart - state: Normal
02-24 23:07:45.109  3269  3269 D RecentsView: updateTaskStackListenerState: false
02-24 23:07:45.109  3269  3269 D VRI[QuickstepLauncher]: visibilityChanged oldVisibility=true newVisibility=false
02-24 23:07:45.114  3269  3269 D BaseDepthController: setSurface:
02-24 23:07:45.114  3269  3269 D BaseDepthController: 	mWaitingOnSurfaceValidity: false
02-24 23:07:45.114  3269  3269 D BaseDepthController: 	mSurface: null
02-24 23:07:45.116  3269  3269 D StateManager: goToState - fromState: Normal, toState: Normal, partial trace:
02-24 23:07:45.116  3269  3269 D StateManager: 	at com.android.launcher3.statemanager.StateManager.moveToRestState(StateManager.java:465)
02-24 23:07:45.116  3269  3269 D StateManager: 	at com.android.launcher3.statemanager.StateManager.moveToRestState(StateManager.java:456)
02-24 23:07:45.116  3269  3269 D StateManager: 	at com.android.launcher3.statemanager.StatefulActivity.onStop(StatefulActivity.java:136)
02-24 23:07:45.116  3269  3269 D StateManager: cancelAnimation - with ongoing animation, partial trace:
02-24 23:07:45.116  3269  3269 D StateManager: 	at com.android.launcher3.statemanager.StateManager.goToState(StateManager.java:277)
02-24 23:07:45.116  3269  3269 D StateManager: 	at com.android.launcher3.statemanager.StateManager.goToState(StateManager.java:176)
02-24 23:07:45.116  3269  3269 D StateManager: 	at com.android.launcher3.statemanager.StateManager.moveToRestState(StateManager.java:465)
02-24 23:07:45.117  1928  2554 D BackgroundInstallControlService: Package event received: 0
02-24 23:07:45.117  3269  3269 D RecentsView: reset - mEnableDrawingLiveTile: false, mRecentsAnimationController: null
02-24 23:07:45.117  3269  3269 D StateManager: onStateTransitionStart - state: Normal
02-24 23:07:45.118  1928  2554 D BackgroundInstallControlService: Package event received: 0
02-24 23:07:45.118  3269  3269 D StateManager: onStateTransitionEnd - state: Normal
02-24 23:07:45.118  3269  3269 D RecentsView: reset - mEnableDrawingLiveTile: false, mRecentsAnimationController: null
02-24 23:07:45.122  3269  3269 D StatsLog: LAUNCHER_ONSTOP
02-24 23:07:45.123  4880  4880 I bvwt    : onStop
02-24 23:07:45.133  3269  3269 D OverviewActionsView: updateForGroupedTask() called with: isGroupedTask = [false], canSaveAppPair = [false]
02-24 23:07:45.133  3269  3269 D OverviewActionsView: updateActionButtonsVisibility() called: showSingleTaskActions = [true], showGroupActions = [false]
02-24 23:07:45.133  3269  3269 D OverviewActionsView: updateForGroupedTask() called with: isGroupedTask = [false], canSaveAppPair = [false]
02-24 23:07:45.133  3269  3269 D OverviewActionsView: updateActionButtonsVisibility() called: showSingleTaskActions = [true], showGroupActions = [false]
02-24 23:07:45.134  1928  2554 D BackgroundInstallControlService: Package event received: 0
02-24 23:07:45.185  3405 16657 I NearbyMediums: Found Fast Ble Advertisements :
02-24 23:07:45.185  3405 16657 I NearbyMediums: BleAdvertisement { version=2, socketVersion=2, isFast=true, serviceIdHash=null, data=[ 0x23 0x49 0x55 0x51 0x57 0x11 0x32 0x33 0x10 0x0f 0x95 0xd4 0x86 0x5c 0x5d 0x06 0xe8 0x05 0x0d 0x69 0xf0 0x8c 0x29 ], deviceToken=[ 0x31 0x43 ], rxAdvertisement=null } : 11 times.
02-24 23:07:45.185  3405 16657 I NearbyMediums: Total 11 fast advertisements from 1 unique advertisers.
02-24 23:07:45.185  3405 16657 I NearbyMediums: Current Tracked Scanning Clients are : {NearbyConnections.EnvironmentMonitor, NearbySharing}
02-24 23:07:45.186  3405 16650 I NearbyConnections: Processing lost BlePeripheral BlePeripheral{advertisement=BleAdvertisement { version=2, socketVersion=2, isFast=true, serviceIdHash=null, data=[ 0x23 0x54 0x34 0x45 0x39 0x11 0x34 0xe2 0x30 0xa5 0x86 0x8f 0x9f 0x7a 0xab 0xea 0x7e 0x8a 0xa9 0x27 0x51 0x94 0x12 ], deviceToken=[ 0x12 0xaa ], rxAdvertisement=null }, dctAdvertisement=null, address=null, psm=0, deviceToken=<ByteString@ca6fd4d size=2 contents="\022\252">, isSecondProfile=false, rxInstantConnectionAdv=null}.
02-24 23:07:45.186  3405 16650 I NearbyConnections: Lost BleEndpoint for BlePeripheral BlePeripheral{advertisement=BleAdvertisement { version=2, socketVersion=2, isFast=true, serviceIdHash=null, data=[ 0x23 0x54 0x34 0x45 0x39 0x11 0x34 0xe2 0x30 0xa5 0x86 0x8f 0x9f 0x7a 0xab 0xea 0x7e 0x8a 0xa9 0x27 0x51 0x94 0x12 ], deviceToken=[ 0x12 0xaa ], rxAdvertisement=null }, dctAdvertisement=null, address=null, psm=0, deviceToken=<ByteString@ca6fd4d size=2 contents="\022\252">, isSecondProfile=false, rxInstantConnectionAdv=null} (with EndpointId T4E9 and EndpointInfo [ 0x34 0xe2 0x30 0xa5 0x86 0x8f 0x9f 0x7a 0xab 0xea 0x7e 0x8a 0xa9 0x27 0x51 0x94 0x12 ]).
02-24 23:07:45.187  3405 16650 I NearbyConnections: ClientProxy(165071264) reporting onEndpointLost(T4E9)
02-24 23:07:45.187  3405 16650 I NearbyConnections: Processing lost BlePeripheral BlePeripheral{advertisement=BleAdvertisement { version=2, socketVersion=2, isFast=true, serviceIdHash=null, data=[ 0x23 0x47 0x31 0x41 0x4e 0x11 0x32 0x70 0xef 0x4e 0xfc 0xe2 0xb1 0x13 0xd9 0xfb 0xea 0x0a 0x62 0x4f 0xcd 0xe4 0xb5 ], deviceToken=[ 0x0d 0x3d ], rxAdvertisement=null }, dctAdvertisement=null, address=null, psm=0, deviceToken=<ByteString@ad58002 size=2 contents="\r=">, isSecondProfile=false, rxInstantConnectionAdv=null}.
02-24 23:07:45.187  3405 16650 I NearbyConnections: Lost BleEndpoint for BlePeripheral BlePeripheral{advertisement=BleAdvertisement { version=2, socketVersion=2, isFast=true, serviceIdHash=null, data=[ 0x23 0x47 0x31 0x41 0x4e 0x11 0x32 0x70 0xef 0x4e 0xfc 0xe2 0xb1 0x13 0xd9 0xfb 0xea 0x0a 0x62 0x4f 0xcd 0xe4 0xb5 ], deviceToken=[ 0x0d 0x3d ], rxAdvertisement=null }, dctAdvertisement=null, address=null, psm=0, deviceToken=<ByteString@ad58002 size=2 contents="\r=">, isSecondProfile=false, rxInstantConnectionAdv=null} (with EndpointId G1AN and EndpointInfo [ 0x32 0x70 0xef 0x4e 0xfc 0xe2 0xb1 0x13 0xd9 0xfb 0xea 0x0a 0x62 0x4f 0xcd 0xe4 0xb5 ]).
02-24 23:07:45.187  3405 16650 I NearbyConnections: ClientProxy(165071264) reporting onEndpointLost(G1AN)
02-24 23:07:45.188  3405 16676 I NearbySharing: NearbySharing Internal event EndpointLost(endpointId=T4E9)
02-24 23:07:45.189  3405 16650 I NearbySharing: NearbySharing Internal event EndpointLost(endpointId=G1AN)
02-24 23:07:45.322  1928  2501 D AppWidgetServiceImpl: Trying to notify widget update for package com.digimon.glyph with widget id: 8
02-24 23:07:45.574  1114  1114 D audio_hw_primary: out_standby: enter: stream (0xef04eb00) usecase(0: deep-buffer-playback)
02-24 23:07:45.710  1124  1124 E QTI PowerHAL: Failed to acquire lock.
02-24 23:07:45.710  1124  1124 E QTI PowerHAL: Failed process_boost for boost_handle
02-24 23:07:45.717  1114  1114 D audio_hw_primary: disable_audio_route: reset and update mixer path: deep-buffer-playback
02-24 23:07:45.720  1114  1114 D soundtrigger: audio_extn_sound_trigger_update_stream_status: uc_info->id 0 of type 0 for Event 2, with Raise=1
02-24 23:07:45.720  1114  1114 I sound_trigger_platform: platform_stdev_check_and_update_concurrency: Received PLAYBACK_STREAM event, event type 2, usecase type 0
02-24 23:07:45.720  1114  1114 D sound_trigger_platform: platform_stdev_get_capture_device: Device = 0x80000004
02-24 23:07:45.720  1114  1114 D sound_trigger_platform: platform_stdev_get_capture_device: Available device = 0x80000004
02-24 23:07:45.720  1114  1114 D sound_trigger_platform: platform_stdev_check_and_update_concurrency: dedicated path 0, reset backend 1, tx 0, rx 0, concurrency session allowed
02-24 23:07:45.720  1114  1114 D hardware_info: hw_info_append_hw_type : device_name = speaker
02-24 23:07:46.031  1124  1124 E QTI PowerHAL: Failed to acquire lock.
02-24 23:07:46.031  1124  1124 E QTI PowerHAL: Failed process_boost for boost_handle
02-24 23:07:46.342  1928  2501 D AppWidgetServiceImpl: Trying to notify widget update for package com.digimon.glyph with widget id: 8
02-24 23:07:47.109  1928  2287 E WifiStaIfaceAidlImpl: getCachedScanData failed with service-specific exception: android.os.ServiceSpecificException:  (code 4)
02-24 23:07:47.319  1116  3510 I vendor.qti.bluetooth@1.0-ibs_handler: ProcessIbsCmd: Received IBS_WAKE_IND: 0xFD
02-24 23:07:47.319  1116  3510 D vendor.qti.bluetooth@1.0-ibs_handler: SerialClockVote: vote for UART CLK ON
02-24 23:07:47.320  1116  3510 D vendor.qti.bluetooth@1.0-wake_lock: Acquire wakelock is acquired 
02-24 23:07:47.320  1116  3510 I vendor.qti.bluetooth@1.0-ibs_handler: ProcessIbsCmd: Writing IBS_WAKE_ACK
02-24 23:07:47.322  1124  1124 E QTI PowerHAL: Failed to acquire lock.
02-24 23:07:47.323  1124  1124 E QTI PowerHAL: Failed process_boost for boost_handle
02-24 23:07:47.361  1116  3510 I vendor.qti.bluetooth@1.0-ibs_handler: ProcessIbsCmd: Received IBS_SLEEP_IND: 0xFE
02-24 23:07:47.361  1116  3510 D vendor.qti.bluetooth@1.0-ibs_handler: SerialClockVote: vote for UART CLK OFF
02-24 23:07:47.380  1928  2501 D AppWidgetServiceImpl: Trying to notify widget update for package com.digimon.glyph with widget id: 8
02-24 23:07:47.396  1264  2428 D audioserver: logFgsApiBegin: FGS Logger Transaction failed, -129
02-24 23:07:47.398  1928  4234 W AS.PlaybackActivityMon: No piid assigned for invalid/internal port id 29
02-24 23:07:47.415 16494 16494 D DigimonGlyphToy: Starting in standalone widget mode
02-24 23:07:47.423 16494 16494 D DigimonGlyphToy: Timing mode set to EXACT (userExact=true boostActive=false battleLock=false stepGate=false stepSliceMs=10 correctionOverride=none)
02-24 23:07:47.430 16494 16494 D DigimonGlyphToy: Process command id=668 type=press_combo arg=2
02-24 23:07:47.432  1086  1262 E minksocket: MinkIPC_QRTR_Service: client with node 1 port 4559 went down
02-24 23:07:47.434  1086  1262 E minksocket: MinkIPC_QRTR_Service: client with node 1 port 4554 went down
02-24 23:07:47.437  1086  1262 E minksocket: MinkIPC_QRTR_Service: client with node 1 port 455a went down
02-24 23:07:47.440  1086  1262 E minksocket: MinkIPC_QRTR_Service: client with node 1 port 455b went down
02-24 23:07:47.441  1086  1262 E minksocket: MinkIPC_QRTR_Service: client with node 1 port 455c went down
02-24 23:07:47.442  1086  1262 E minksocket: MinkIPC_QRTR_Service: client with node 1 port 455d went down
02-24 23:07:47.447  1086  1262 E minksocket: MinkIPC_QRTR_Service: client with node 1 port 455f went down
02-24 23:07:47.448  1086  1262 E minksocket: MinkIPC_QRTR_Service: client with node 1 port 4560 went down
02-24 23:07:47.448  1086  1262 E minksocket: MinkIPC_QRTR_Service: client with node 1 port 4561 went down
02-24 23:07:47.448  1086  1262 E minksocket: MinkIPC_QRTR_Service: client with node 1 port 4562 went down
02-24 23:07:47.449 16494 16494 D DigimonGlyphToy: Command 668 result: combo A+C triggered
02-24 23:07:47.511  1116  3163 D vendor.qti.bluetooth@1.0-wake_lock: Release wakelock is released 
02-24 23:07:47.553  1264  2428 E ServiceUtilities: Request requires android.permission.MODIFY_PHONE_STATE or android.permission.WRITE_SECURE_SETTINGS
02-24 23:07:47.555  1264  2428 D AudioFlinger: Client defaulted notificationFrames to 964 for frameCount 1928
02-24 23:07:47.562  1264  2428 W Permission: The package name(android) provided does not correspond to the uid 1041
02-24 23:07:47.567  1114  2204 I EffectsFactory: EffectCreate() create_effect
02-24 23:07:47.569  1264  2428 W AudioFlinger: moveEffectChain_ll: effect chain for session 0 not on source thread 0xb400007d1bc62fe8
02-24 23:07:47.572  1264  2428 D audioserver: logFgsApiBegin: FGS Logger Transaction failed, -129
02-24 23:07:47.573  1114  1114 D ACDB-LOADER: ACDB -> send_audvoltable
02-24 23:07:47.573  1114  1114 D ACDB-LOADER: ACDB -> ACDB_CMD_GET_AUDPROC_INSTANCE_GAIN_DEP_STEP_TABLE_SIZE
02-24 23:07:47.573  1114  1114 D ACDB-LOADER: ACDB -> ACDB_CMD_GET_AUDPROC_INSTANCE_GAIN_DEP_STEP_TABLE, vol index 5
02-24 23:07:47.573  1114  1114 D ACDB-LOADER: ACDB -> AUDIO_SET_VOL_CAL cal type = 40
02-24 23:07:47.574  1114  1114 W msm8974_platform: platform_send_gain_dep_cal: Usecase list is empty
02-24 23:07:47.574  1114 16687 D audio_hw_primary: start_output_stream: enter: stream(0xef04eb00)usecase(0: deep-buffer-playback) devices(0x2) is_haptic_usecase(0)
02-24 23:07:47.574  1114 16687 D audio_hw_primary: select_devices for use case (deep-buffer-playback)
02-24 23:07:47.574  1114 16687 I msm8974_platform: platform_check_and_set_codec_backend_cfg:becf: afe: bitwidth 24, samplerate 48000 channels 2, backend_idx 0 usecase = 0 device (speaker)
02-24 23:07:47.575  1124  1124 I android.hardware.power-service-qti: Boost 3Not Supported
02-24 23:07:47.575  1114 16687 I msm8974_platform: platform_check_and_set_codec_backend_cfg: new_snd_devices[0] is 2
02-24 23:07:47.575  1114 16687 I msm8974_platform: platform_check_codec_backend_cfg:becf: afe: bitwidth 24, samplerate 48000 channels 2, backend_idx 0 usecase = 0 device (speaker)
02-24 23:07:47.575  1114 16687 D msm8974_platform: platform_check_codec_backend_cfg:napb: (0) - (low-latency-playback)id (1) sr 48000 bw (16) ch (2) device speaker
02-24 23:07:47.579  1114 16687 D msm8974_platform: platform_check_codec_backend_cfg:becf: updated afe: bitwidth 24, samplerate 48000 channels 2,backend_idx 0 usecase = 0 device (speaker)
02-24 23:07:47.579  1114 16687 I msm8974_platform: platform_check_codec_backend_cfg:becf: afe: Codec selected backend: 0 updated bit width: 24 and sample rate: 48000
02-24 23:07:47.579  1114 16687 D audio_hw_primary: check_usecases_codec_backend:becf: force routing 0
02-24 23:07:47.579  1114 16687 D audio_hw_primary: check_usecases_codec_backend:becf: (93) check_usecases curr device: speaker, usecase device:speaker backends match 1
02-24 23:07:47.579  1114 16687 D audio_hw_primary: check_usecases_codec_backend:becf: (93) check_usecases curr device: speaker, usecase device: backends match 0
02-24 23:07:47.579  1114 16687 D audio_hw_primary: check_usecases_codec_backend:becf: (93) check_usecases curr device: speaker, usecase device: backends match 0
02-24 23:07:47.579  1114 16687 D audio_hw_primary: check_usecases_codec_backend:becf: check_usecases num.of Usecases to switch 0
02-24 23:07:47.579  1114 16687 D hardware_info: hw_info_append_hw_type : device_name = speaker
02-24 23:07:47.579  1114 16687 D soundtrigger: audio_extn_sound_trigger_update_stream_status: uc_info->id 0 of type 0 for Event 3, with Raise=1
02-24 23:07:47.579  1114 16687 I sound_trigger_platform: platform_stdev_check_and_update_concurrency: Received PLAYBACK_STREAM event, event type 3, usecase type 0
02-24 23:07:47.579  1114 16687 D sound_trigger_platform: platform_stdev_get_capture_device: Device = 0x80000004
02-24 23:07:47.579  1114 16687 D sound_trigger_platform: platform_stdev_get_capture_device: Available device = 0x80000004
02-24 23:07:47.579  1114 16687 D sound_trigger_platform: platform_stdev_check_and_update_concurrency: dedicated path 0, reset backend 1, tx 0, rx 1, concurrency session allowed
02-24 23:07:47.579  1114 16687 D audio_hw_utils: audio_extn_utils_send_app_type_cfg: usecase->out_snd_device speaker
02-24 23:07:47.579  1114 16687 I audio_hw_utils: send_app_type_cfg_for_device PLAYBACK app_type 69936, acdb_dev_id 15, sample_rate 48000, snd_device_be_idx 45
02-24 23:07:47.580  1114 16687 D ACDB-LOADER: ACDB -> send_audio_cal, acdb_id = 15, path = 0, app id = 0x11130, sample rate = 48000, use_case = 0,buffer_idx_w_path =0, afe_sample_rate = 48000, cal_mode = 1, offset_index = 0
02-24 23:07:47.580  1114 16687 D ACDB-LOADER: ACDB -> send_asm_topology
02-24 23:07:47.580  1114 16687 D ACDB-LOADER: ACDB -> ACDB_CMD_GET_AUDPROC_STREAM_TOPOLOGY_ID
02-24 23:07:47.580  1114 16687 D ACDB-LOADER: ACDB -> send_adm_topology
02-24 23:07:47.581  1114 16687 D ACDB-LOADER: ACDB -> ACDB_CMD_GET_AUDPROC_COMMON_TOPOLOGY_ID
02-24 23:07:47.581  1114 16687 D ACDB-LOADER: ACDB -> send_audtable
02-24 23:07:47.581  1114 16687 D ACDB-LOADER: ACDB -> ACDB_CMD_GET_AUDPROC_INSTANCE_COMMON_TABLE_SIZE
02-24 23:07:47.581  1114 16687 D ACDB-LOADER: ACDB -> ACDB_CMD_GET_AUDPROC_INSTANCE_COMMON_TABLE
02-24 23:07:47.581  1114 16687 D ACDB-LOADER: ACDB -> AUDIO_SET_AUDPROC_CAL cal_type[11] acdb_id[15] app_type[69936]
02-24 23:07:47.581  1114 16687 D ACDB-LOADER: ACDB -> send_audvoltable
02-24 23:07:47.581  1114 16687 D ACDB-LOADER: ACDB -> ACDB_CMD_GET_AUDPROC_INSTANCE_GAIN_DEP_STEP_TABLE_SIZE
02-24 23:07:47.581  1114 16687 D ACDB-LOADER: ACDB -> ACDB_CMD_GET_AUDPROC_INSTANCE_GAIN_DEP_STEP_TABLE, vol index 0
02-24 23:07:47.581  1114 16687 D ACDB-LOADER: ACDB -> AUDIO_SET_VOL_CAL cal type = 12
02-24 23:07:47.581  1114 16687 D ACDB-LOADER: ACDB -> ACDB_CMD_GET_AUDPROC_INSTANCE_STREAM_TABLE_SIZE
02-24 23:07:47.581  1114 16687 D ACDB-LOADER: ACDB -> send_audstrmtable
02-24 23:07:47.581  1114 16687 D ACDB-LOADER: ACDB -> ACDB_CMD_GET_AUDPROC_INSTANCE_STREAM_TABLE
02-24 23:07:47.581  1114 16687 D ACDB-LOADER: ACDB -> audstrm_cal->cal_type.cal_data.cal_size = 536
02-24 23:07:47.581  1114 16687 D ACDB-LOADER: ACDB -> send_afe_topology
02-24 23:07:47.581  1114 16687 D ACDB-LOADER: ACDB -> ACDB_CMD_GET_AFE_TOPOLOGY_ID
02-24 23:07:47.581  1114 16687 D ACDB-LOADER: ACDB -> GET_AFE_TOPOLOGY_ID for adcd_id 15, Topology Id 1000b910
02-24 23:07:47.581  1114 16687 D ACDB-LOADER: ACDB -> send_afe_cal
02-24 23:07:47.581  1114 16687 D ACDB-LOADER: ACDB -> ACDB_CMD_GET_AFE_INSTANCE_COMMON_TABLE_SIZE
02-24 23:07:47.581  1114 16687 D ACDB-LOADER: ACDB -> ACDB_CMD_GET_AFE_INSTANCE_COMMON_TABLE
02-24 23:07:47.581  1114 16687 D ACDB-LOADER: ACDB -> AUDIO_SET_AFE_CAL cal_type[16] acdb_id[15]
02-24 23:07:47.581  1114 16687 D ACDB-LOADER: ACDB -> send_hw_delay : acdb_id = 15 path = 0
02-24 23:07:47.581  1114 16687 D ACDB-LOADER: ACDB -> ACDB_AVSYNC_INFO: ACDB_CMD_GET_DEVICE_PROPERTY
02-24 23:07:47.581  1114 16687 D audio_hw_primary: enable_audio_route: apply mixer and update path: deep-buffer-playback
02-24 23:07:47.581  1114 16687 D audio_route: Apply path: deep-buffer-playback
02-24 23:07:47.581  1264  2320 D audioserver: logFgsApiEnd: FGS Logger Transaction failed, -129
02-24 23:07:47.583  1114 16687 D audio_hw_primary: select_devices: done
02-24 23:07:47.583  1114 16687 D msm8974_platform: platform_set_channel_map mixer_ctl_name:Playback Channel Map0
02-24 23:07:47.583  1114 16687 D msm8974_platform: platform_set_channel_map: set mapping(1 2 0 0 0 0 0 0) for channel:2
02-24 23:07:47.598  1124  1124 I android.hardware.power-service-qti: Boost 3Not Supported
02-24 23:07:47.598  1114 16687 D audio_hw_primary: start_output_stream: exit
02-24 23:07:47.598  1114 16687 D audio_hw_primary: out_write: retry previous failed cal level set
02-24 23:07:47.598  1114 16687 W msm8974_platform: platform_send_gain_dep_cal: Usecase list is empty
02-24 23:07:47.598  1114 16687 D ACDB-LOADER: ACDB -> send_audvoltable
02-24 23:07:47.598  1114 16687 D ACDB-LOADER: ACDB -> ACDB_CMD_GET_AUDPROC_INSTANCE_GAIN_DEP_STEP_TABLE_SIZE
02-24 23:07:47.598  1114 16687 D ACDB-LOADER: ACDB -> ACDB_CMD_GET_AUDPROC_INSTANCE_GAIN_DEP_STEP_TABLE, vol index 5
02-24 23:07:47.598  1114 16687 D ACDB-LOADER: ACDB -> AUDIO_SET_VOL_CAL cal type = 40
02-24 23:07:47.619  1114 16687 W audio_hw_primary: out_get_presentation_position: avail:3840 > kernel_buffer_size:3840 clamping!
02-24 23:07:47.620  1114 16687 W audio_hw_primary: out_write: underrun(2) frames_by_time(113) > out->last_fifo_frames_remaining(0)
02-24 23:07:47.652  1928  2501 D AppWidgetServiceImpl: Trying to notify widget update for package com.digimon.glyph with widget id: 8
02-24 23:07:47.663  1264  2326 D audioserver: logFgsApiEnd: FGS Logger Transaction failed, -129
02-24 23:07:47.664  1114  1114 D ACDB-LOADER: ACDB -> send_audvoltable
02-24 23:07:47.664  1114  1114 D ACDB-LOADER: ACDB -> ACDB_CMD_GET_AUDPROC_INSTANCE_GAIN_DEP_STEP_TABLE_SIZE
02-24 23:07:47.665  1114  1114 D ACDB-LOADER: ACDB -> ACDB_CMD_GET_AUDPROC_INSTANCE_GAIN_DEP_STEP_TABLE, vol index 0
02-24 23:07:47.665  1114  1114 D ACDB-LOADER: ACDB -> AUDIO_SET_VOL_CAL cal type = 40
02-24 23:07:47.665  1114  1114 W msm8974_platform: platform_send_gain_dep_cal: Usecase list is empty
02-24 23:07:47.665  1114  1114 D ACDB-LOADER: ACDB -> send_audvoltable
02-24 23:07:47.665  1114  1114 D ACDB-LOADER: ACDB -> ACDB_CMD_GET_AUDPROC_INSTANCE_GAIN_DEP_STEP_TABLE_SIZE
02-24 23:07:47.665  1114  1114 D ACDB-LOADER: ACDB -> ACDB_CMD_GET_AUDPROC_INSTANCE_GAIN_DEP_STEP_TABLE, vol index 0
02-24 23:07:47.665  1114  1114 D ACDB-LOADER: ACDB -> AUDIO_SET_VOL_CAL cal type = 40
02-24 23:07:47.666  1114  2204 W msm8974_platform: platform_send_gain_dep_cal: Usecase list is empty
02-24 23:07:47.666  1264  1721 W audioserver: Binder 0xb400007c76e1fd40 destroyed after setInheritRt before being parceled.
02-24 23:07:47.666  1264  1721 W audioserver: Binder 0xb400007c76e1fd40 destroyed after setMinSchedulerPolicy before being parceled.
02-24 23:07:47.671  1264  1721 W AudioFlinger: moveEffectChain_ll: effect chain for session 0 not on source thread 0xb400007d1b85bfe8
02-24 23:07:47.991  1124  1124 E QTI PowerHAL: Failed to acquire lock.
02-24 23:07:47.991  1124  1124 E QTI PowerHAL: Failed process_boost for boost_handle
02-24 23:07:48.311  1124  1124 E QTI PowerHAL: Failed to acquire lock.
02-24 23:07:48.311  1124  1124 E QTI PowerHAL: Failed process_boost for boost_handle
02-24 23:07:48.428 16494 16664 D E0C6200-Emulator: Timing: wall=30,0s emu=30,0s drift=-0,00s (-0,00%) resyncs=0 avgRender=0,5ms frames=450 correction=1,00x
02-24 23:07:48.429 16494 16664 D E0C6200-Emulator: CPU: osc1=32768,2/s(32768) timer=256,0/s(256) sw=100,0/s(100) halt=126139 TM=195 CTRL_OSC=0 CTRL_SW=0 SWL=0 SWH=0
02-24 23:07:48.633  1124  1124 E QTI PowerHAL: Failed to acquire lock.
02-24 23:07:48.633  1124  1124 E QTI PowerHAL: Failed process_boost for boost_handle
02-24 23:07:48.989  1124  1124 E QTI PowerHAL: Failed to acquire lock.
02-24 23:07:48.989  1124  1124 E QTI PowerHAL: Failed process_boost for boost_handle
02-24 23:07:49.464  1124  1124 E QTI PowerHAL: Failed to acquire lock.
02-24 23:07:49.464  1124  1124 E QTI PowerHAL: Failed process_boost for boost_handle
02-24 23:07:49.519  3269  3269 D StatsLog: LAUNCHER_TASKBAR_HOME_BUTTON_TAP
02-24 23:07:49.526  1264  2428 D audioserver: logFgsApiBegin: FGS Logger Transaction failed, -129
02-24 23:07:49.526  1928  6497 W AS.PlaybackActivityMon: No piid assigned for invalid/internal port id 29
02-24 23:07:49.531  1189  1189 D vendor.qti.vibrator: Vibrator perform effect 0
02-24 23:07:49.543  1928  2066 W ActivityTaskManager: callingPackage for (uid=-1, pid=0) has no WPC
02-24 23:07:49.548  1928  2066 W ActivityStartInterceptor: The home Intent is not correctly formatted
02-24 23:07:49.548  1928  2066 D ActivityStartInterceptor: Purge home intent component, ComponentInfo{com.android.launcher3/com.android.launcher3.uioverrides.QuickstepLauncher}
02-24 23:07:49.552  1928  2066 V GrammaticalInflectionUtils: AttributionSource: android.content.AttributionSource@9aeff412 does not have READ_SYSTEM_GRAMMATICAL_GENDER permission.
02-24 23:07:49.552  1928  2066 W OptProp : Cannot read opt property android.window.PROPERTY_COMPAT_ALLOW_RESIZEABLE_ACTIVITY_OVERRIDES
02-24 23:07:49.553  1928  2066 W OptProp : Cannot read opt property android.window.PROPERTY_COMPAT_ALLOW_MIN_ASPECT_RATIO_OVERRIDE
02-24 23:07:49.557  1124  1124 I android.hardware.power-service-qti: Power setMode: 5 to: 1
02-24 23:07:49.557  1124  1124 E QTI PowerHAL: Failed to acquire lock.
02-24 23:07:49.557  1124  1124 E QTI PowerHAL: Failed process_boost for boost_handle
02-24 23:07:49.557  1124  1124 E QTI PowerHAL: Failed to perform launch boost
02-24 23:07:49.562  4880  4880 D VRI[QuickstepLauncher]: visibilityChanged oldVisibility=false newVisibility=true
02-24 23:07:49.567  2763  2876 V WindowManagerShell: Transition requested (#61): android.os.BinderProxy@bb4ad50 TransitionRequestInfo { type = OPEN, triggerTask = TaskInfo{userId=0 taskId=950 effectiveUid=10440 displayId=0 isRunning=true baseIntent=Intent { act=android.intent.action.MAIN cat=[android.intent.category.HOME] flg=0x10000100 cmp=com.android.launcher3/.uioverrides.QuickstepLauncher } baseActivity=ComponentInfo{com.android.launcher3/com.android.launcher3.uioverrides.QuickstepLauncher} topActivity=ComponentInfo{com.android.launcher3/com.android.launcher3.uioverrides.QuickstepLauncher} origActivity=null realActivity=ComponentInfo{com.android.launcher3/com.android.launcher3.uioverrides.QuickstepLauncher} numActivities=1 lastActiveTime=1915086 supportsMultiWindow=true resizeMode=2 isResizeable=true minWidth=-1 minHeight=-1 defaultMinSize=220 token=WCT{android.window.IWindowContainerToken$Stub$Proxy@49c5b49} topActivityType=2 pictureInPictureParams=null shouldDockBigOverlays=false launchIntoPipHostTaskId=-1 lastParentTaskIdBeforePip=-1 displayCutoutSafeInsets=Rect(0, 0 - 0, 0) topActivityInfo=ActivityInfo{dd94c4e com.android.launcher3.uioverrides.QuickstepLauncher} launchCookies=[] positionInParent=Point(0, 0) parentTaskId=-1 isFocused=true isVisible=false isVisibleRequested=true isTopActivityNoDisplay=false isSleeping=false locusId=LocusId[17_chars] displayAreaFeatureId=1 isTopActivityTransparent=false isActivityStackTransparent=false lastNonFullscreenBounds=Rect(284, 721 - 796, 1801) capturedLink=null capturedLinkTimestamp=0 requestedVisibleTypes=-9 topActivityRequestOpenInBrowserEducationTimestamp=0 appCompatTaskInfo=AppCompatTaskInfo { topActivityInSizeCompat=false eligibleForLetterboxEducation= false isLetterboxEducationEnabled= false isLetterboxDoubleTapEnabled= false eligibleForUserAspectRatioButton= false topActivityBoundsLetterboxed= false isFromLetterboxDoubleTap= false topActivityLetterboxVerticalPosition= -1 topActivityLetterboxHorizontalPosition= -1 topActivityLetterboxWidth=-1 topActivityLetterboxHeight=-1 topActivityLetterboxAppWidth=-1 topActivityLetterboxAppHeight=-1 isUserFullscreenOverrideEnabled=false isSystemFullscreenOverrideEnabled=false hasMinAspectRatioOverride=false topActivityLetterboxBounds=null cameraCompatTaskInfo=CameraCompatTaskInfo { freeformCameraCompatMode=inactive}} topActivityMainWindowFrame=null}, pipChange = null, remoteTransition = null, displayChange = null, flags = 0, debugId = 61 }
02-24 23:07:49.568  2763  2876 D ShellSplitScreen: logExit: no-op, mLoggerSessionId is null
02-24 23:07:49.568  1928  2066 I ActivityTaskManager: START u0 {act=android.intent.action.MAIN cat=[android.intent.category.HOME] flg=0x10000100 cmp=com.android.launcher3/.uioverrides.QuickstepLauncher (has extras)} with LAUNCH_SINGLE_TASK from uid 0 (BAL_ALLOW_ALLOWLISTED_UID) result code=2
02-24 23:07:49.571  1189 16698 D vendor.qti.vibrator: Starting perform on another thread
02-24 23:07:49.572  1928  2554 D BackgroundInstallControlService: Package event received: 0
02-24 23:07:49.573  4156  8672 D ForegroundUtils: Foreground UID status:
02-24 23:07:49.573  4156  8672 D ForegroundUtils: UID: 10369 is in foreground: false
02-24 23:07:49.573  4156  8672 D ForegroundUtils: UID: 10395 is in foreground: false
02-24 23:07:49.573  4156  8672 D ForegroundUtils: UID: 10440 is in foreground: true
02-24 23:07:49.573  4156  8672 D ForegroundUtils: UID: 10447 is in foreground: true
02-24 23:07:49.573  4156  8672 D ForegroundUtils: UID: 10469 is in foreground: true
02-24 23:07:49.573  4156  8672 D ForegroundUtils: UID: 10654 is in foreground: true
02-24 23:07:49.578  1928  2068 I ActivityManager: updateOomAdj start time is before than pendingPid added, don't delete it
02-24 23:07:49.581  1928  2554 D BackgroundInstallControlService: Package event received: 0
02-24 23:07:49.581  1928  2554 D BackgroundInstallControlService: Package event received: 0
02-24 23:07:49.581  1928  2554 D BackgroundInstallControlService: Package event received: 0
02-24 23:07:49.581  1928  2554 D BackgroundInstallControlService: Package event received: 0
02-24 23:07:49.584  3269  3269 D OverviewCommandHelper: clearing pending commands: []
02-24 23:07:49.585  2763  2876 D WindowManagerShell: onActivityRestartAttempt: topActivity=ComponentInfo{com.android.launcher3/com.android.launcher3.uioverrides.QuickstepLauncher}, wasVisible=false
02-24 23:07:49.585  2763  2876 D WindowManagerShell: setLauncherKeepClearAreaHeight: visible=true, height=517
02-24 23:07:49.590  1275  1275 I BpBinder: onLastStrongRef automatically unlinking death recipients: 
02-24 23:07:49.592  4880  4880 I bvwt    : onStart
02-24 23:07:49.595  4880  4880 I btvd    : (REDACTED) [%s] onStart()
02-24 23:07:49.595  4880  4880 I btxm    : Reloading theme data
02-24 23:07:49.598  4880  4880 I bvwt    : onResume
02-24 23:07:49.599  1928  2299 D ConnectivityService: NetReassign [no changes] [c 1] [a 0] [i 3]
02-24 23:07:49.599  3269  3269 D BaseDepthController: setSurface:
02-24 23:07:49.599  3269  3269 D BaseDepthController: 	mWaitingOnSurfaceValidity: false
02-24 23:07:49.599  3269  3269 D BaseDepthController: 	mSurface: Surface(name=com.android.launcher3/com.android.launcher3.uioverrides.QuickstepLauncher)/@0xb87b2d
02-24 23:07:49.601  4880  5336 I edhr    : #onAvailable
02-24 23:07:49.603  3269  3269 D StatsLog: LAUNCHER_ONRESUME
02-24 23:07:49.612  2763  3640 V WindowManagerShell: onTransitionReady(transaction=8280696951231)
02-24 23:07:49.613  2763  2876 V WindowManagerShell: onTransitionReady (#61) android.os.BinderProxy@bb4ad50: {id=61 t=OPEN f=0x0 trk=0 r=[0@Point(0, 0)] c=[
02-24 23:07:49.613  2763  2876 V WindowManagerShell:         {m=TO_FRONT f=SHOW_WALLPAPER|MOVE_TO_TOP leash=Surface(name=Task=1)/@0xd19716f sb=Rect(0, 0 - 1080, 2400) eb=Rect(0, 0 - 1080, 2400) epz=Point(1080, 2400) d=0 taskParent=-1},
02-24 23:07:49.613  2763  2876 V WindowManagerShell:         {m=TO_BACK f=NONE leash=Surface(name=Task=958)/@0xf3f4e7c sb=Rect(0, 0 - 1080, 2400) eb=Rect(0, 0 - 1080, 2400) epz=Point(1080, 2400) d=0 taskParent=-1},
02-24 23:07:49.613  2763  2876 V WindowManagerShell:         {m=TO_FRONT f=IS_WALLPAPER leash=Surface(name=WallpaperWindowToken{dccac9f token=android.os.Binder@194b63e})/@0x7c66305 sb=Rect(0, 0 - 1080, 2400) eb=Rect(0, 0 - 1080, 2400) epz=Point(1080, 2400) d=0}
02-24 23:07:49.613  2763  2876 V WindowManagerShell:     ]}
02-24 23:07:49.613  2763  2876 V WindowManagerShell: Playing animation for (#61) android.os.BinderProxy@bb4ad50@0
02-24 23:07:49.616  2763  2876 V ShellRecents: RecentsTransitionHandler.startAnimation: no controller found
02-24 23:07:49.616  2763  2876 V WindowManagerShell: Transition doesn't have explicit remote, search filters for match for {id=61 t=OPEN f=0x0 trk=0 r=[0@Point(0, 0)] c=[{m=TO_FRONT f=SHOW_WALLPAPER|MOVE_TO_TOP leash=Surface(name=Task=1)/@0xd19716f sb=Rect(0, 0 - 1080, 2400) eb=Rect(0, 0 - 1080, 2400) epz=Point(1080, 2400) d=0 taskParent=-1},{m=TO_BACK f=NONE leash=Surface(name=Task=958)/@0xf3f4e7c sb=Rect(0, 0 - 1080, 2400) eb=Rect(0, 0 - 1080, 2400) epz=Point(1080, 2400) d=0 taskParent=-1},{m=TO_FRONT f=IS_WALLPAPER leash=Surface(name=WallpaperWindowToken{dccac9f token=android.os.Binder@194b63e})/@0x7c66305 sb=Rect(0, 0 - 1080, 2400) eb=Rect(0, 0 - 1080, 2400) epz=Point(1080, 2400) d=0}]}
02-24 23:07:49.617  2763  2876 V WindowManagerShell:  Checking filter Pair{{types=[] flags=0x0] notFlags=0x100 checks=[{atype=home independent=true modes=[OPEN,TO_FRONT] flags=NONE mustBeTask=false order=TOP topActivity=ComponentInfo{com.android.launcher3/com.android.launcher3.uioverrides.QuickstepLauncher} launchCookie=null windowingMode=undefined},{atype=standard independent=true modes=[CLOSE,TO_BACK] flags=NONE mustBeTask=false order=ANY topActivity=null launchCookie=null windowingMode=undefined},{NOT atype=undefined independent=true modes=[] flags=NONE mustBeTask=true order=ANY topActivity=null launchCookie=null customAnim=true windowingMode=undefined}]} RemoteTransition { remoteTransition = android.window.IRemoteTransition$Stub$Proxy@ef9f0f3, appThread = android.app.IApplicationThread$Stub$Proxy@6c7d1b0, debugName = QuickstepLaunchHome }}
02-24 23:07:49.617  2763  2876 D RemoteTransitionHandler: Found filterPair{{types=[] flags=0x0] notFlags=0x100 checks=[{atype=home independent=true modes=[OPEN,TO_FRONT] flags=NONE mustBeTask=false order=TOP topActivity=ComponentInfo{com.android.launcher3/com.android.launcher3.uioverrides.QuickstepLauncher} launchCookie=null windowingMode=undefined},{atype=standard independent=true modes=[CLOSE,TO_BACK] flags=NONE mustBeTask=false order=ANY topActivity=null launchCookie=null windowingMode=undefined},{NOT atype=undefined independent=true modes=[] flags=NONE mustBeTask=true order=ANY topActivity=null launchCookie=null customAnim=true windowingMode=undefined}]} RemoteTransition { remoteTransition = android.window.IRemoteTransition$Stub$Proxy@ef9f0f3, appThread = android.app.IApplicationThread$Stub$Proxy@6c7d1b0, debugName = QuickstepLaunchHome }}
02-24 23:07:49.617  2763  2876 V WindowManagerShell:  Delegate animation for (#61) to RemoteTransition { remoteTransition = android.window.IRemoteTransition$Stub$Proxy@ef9f0f3, appThread = android.app.IApplicationThread$Stub$Proxy@6c7d1b0, debugName = QuickstepLaunchHome }
02-24 23:07:49.620  1928  2724 W UserManagerService: Requested status bar icon for non-badged user 0
02-24 23:07:49.620  2763  2876 V WindowManagerShell:  animated by com.android.wm.shell.transition.RemoteTransitionHandler@ea9bc24
02-24 23:07:49.621  1124  1124 I android.hardware.power-service-qti: Power setMode: 5 to: 0
02-24 23:07:49.621  3269  3319 D QuickstepModelDelegate: notifyAppTargetEvent action=1 launchLocation=workspace/1/[-1,-1]/[1,1]
02-24 23:07:49.622  1928  2724 D ConnectivityService: requestNetwork for uid/pid:10447/2763 asUid: 10440 activeRequest: null callbackRequest: 726 [NetworkRequest [ REQUEST id=727, [ Capabilities: INTERNET&NOT_RESTRICTED&TRUSTED&NOT_VCN_MANAGED&NOT_BANDWIDTH_CONSTRAINED Uid: 10440 RequestorUid: 10447 RequestorPkg: com.android.systemui UnderlyingNetworks: Null] ]] callback flags: 0 order: 2147483647 isUidTracked: false declaredMethods: ALL
02-24 23:07:49.624  1928  2065 V WindowManager: Sent Transition (#61) createdAt=02-24 23:07:49.554 via request=TransitionRequestInfo { type = OPEN, triggerTask = TaskInfo{userId=0 taskId=950 effectiveUid=10440 displayId=0 isRunning=true baseIntent=Intent { act=android.intent.action.MAIN cat=[android.intent.category.HOME] flg=0x10000100 cmp=com.android.launcher3/.uioverrides.QuickstepLauncher } baseActivity=ComponentInfo{com.android.launcher3/com.android.launcher3.uioverrides.QuickstepLauncher} topActivity=ComponentInfo{com.android.launcher3/com.android.launcher3.uioverrides.QuickstepLauncher} origActivity=null realActivity=ComponentInfo{com.android.launcher3/com.android.launcher3.uioverrides.QuickstepLauncher} numActivities=1 lastActiveTime=1915086 supportsMultiWindow=true resizeMode=2 isResizeable=true minWidth=-1 minHeight=-1 defaultMinSize=220 token=WCT{RemoteToken{461f2d6 Task{bc94fd6 #950 type=home I=com.android.launcher3/.uioverrides.QuickstepLauncher}}} topActivityType=2 pictureInPictureParams=null shouldDockBigOverlays=false launchIntoPipHostTaskId=-1 lastParentTaskIdBeforePip=-1 displayCutoutSafeInsets=Rect(0, 0 - 0, 0) topActivityInfo=ActivityInfo{3bfc614 com.android.launcher3.uioverrides.QuickstepLauncher} launchCookies=[] positionInParent=Point(0, 0) parentTaskId=-1 isFocused=true isVisible=false isVisibleRequested=true isTopActivityNoDisplay=false isSleeping=false locusId=LocusId[17_chars] displayAreaFeatureId=1 isTopActivityTransparent=false isActivityStackTransparent=false lastNonFullscreenBounds=Rect(284, 721 - 796, 1801) capturedLink=null capturedLinkTimestamp=0 requestedVisibleTypes=-9 topActivityRequestOpenInBrowserEducationTimestamp=0 appCompatTaskInfo=AppCompatTaskInfo { topActivityInSizeCompat=false eligibleForLetterboxEducation= false isLetterboxEducationEnabled= false isLetterboxDoubleTapEnabled= false eligibleForUserAspectRatioButton= false topActivityBoundsLetterboxed= false isFromLetterboxDoubleTap= false topActivityLetterboxVerticalPosition= -1 topActivityLetterboxHorizontalPosition= -1 topActivityLetterboxWidth=-1 topActivityLetterboxHeight=-1 topActivityLetterboxAppWidth=-1 topActivityLetterboxAppHeight=-1 isUserFullscreenOverrideEnabled=false isSystemFullscreenOverrideEnabled=false hasMinAspectRatioOverride=false topActivityLetterboxBounds=null cameraCompatTaskInfo=CameraCompatTaskInfo { freeformCameraCompatMode=inactive}} topActivityMainWindowFrame=null}, pipChange = null, remoteTransition = null, displayChange = null, flags = 0, debugId = 61 }
02-24 23:07:49.625  1928  2065 V WindowManager:     startWCT=WindowContainerTransaction { changes= {} hops= [] errorCallbackToken=null taskFragmentOrganizer=null }
02-24 23:07:49.625  1928  2065 V WindowManager:     info={id=61 t=OPEN f=0x0 trk=0 r=[0@Point(0, 0)] c=[
