02-24 23:08:22.569  1189 16744 D vendor.qti.vibrator: Starting perform on another thread
02-24 23:08:22.569  3269  3319 D QuickstepModelDelegate: notifyAppTargetEvent action=1 launchLocation=
02-24 23:08:22.573  3269  3269 D StateManager: onStateTransitionStart - state: Normal
02-24 23:08:22.573  3269  3269 D RecentsView: updateTaskStackListenerState: false
02-24 23:08:22.576  1928  2554 D BackgroundInstallControlService: Package event received: 0
02-24 23:08:22.632  1928  2501 D AppWidgetServiceImpl: Trying to notify widget update for package com.digimon.glyph with widget id: 8
02-24 23:08:22.719  1189 16744 D vendor.qti.vibrator: Notifying perform complete
02-24 23:08:22.720  1189  1189 D vendor.qti.vibrator: QTI Vibrator off
02-24 23:08:22.721  1264  2320 D audioserver: logFgsApiEnd: FGS Logger Transaction failed, -129
02-24 23:08:22.834  3269  3269 D StateManager: onStateTransitionEnd - state: Normal
02-24 23:08:22.834  3269  3269 D RecentsView: reset - mEnableDrawingLiveTile: false, mRecentsAnimationController: null
02-24 23:08:22.838  3269  3269 D OverviewActionsView: updateForGroupedTask() called with: isGroupedTask = [false], canSaveAppPair = [false]
02-24 23:08:22.838  3269  3269 D OverviewActionsView: updateActionButtonsVisibility() called: showSingleTaskActions = [true], showGroupActions = [false]
02-24 23:08:23.064  3405 16732 I NearbyConnections: ClientProxy(com.digimon.glyph) reporting onPayloadReceived(D2EG, -8023855316039760912), with result: DETAIL_SUCCESS
02-24 23:08:23.068  3405 16706 I Nearby  : (REDACTED) Successfully shutdown executor %s.
02-24 23:08:23.069  3405 16732 I NearbyConnections: ClientProxy(com.digimon.glyph) reporting onPayloadTransferUpdate(D2EG, -8023855316039760912, SUCCESS, 100%) processed(payloadListener:non-null isClientAlive:true)
02-24 23:08:23.070  3405  8278 I NearbyConnections: Client 198644749 is sending payload -5386278432837363114 of type BYTES to endpoints [D2EG].
02-24 23:08:23.070  3405 16732 I NearbyConnections: [AutoResume] numSuccessfulAutoResume = 0, numFailedAutoResume = 0.
02-24 23:08:23.070  3405 16734 I NearbyConnections: [AutoResumeManager] clearPendingPayloadInfo for payloadId = -8023855316039760912, remaining number of payloadIds = 0.
02-24 23:08:23.071  3405 16732 I NearbyMediums: Create a BlockingPayloadChunkQueue with size 10.
02-24 23:08:23.076  3405 16732 I Nearby  : (REDACTED) Successfully shutdown executor %s.
02-24 23:08:23.076  3405 16732 I Nearby  : (REDACTED) Successfully shutdown executor %s.
02-24 23:08:23.076  3405 16734 I NearbyConnections: ClientProxy(com.digimon.glyph) reporting onPayloadTransferUpdate(D2EG, -5386278432837363114, SUCCESS, 100%) processed(payloadListener:non-null isClientAlive:true)
02-24 23:08:23.076  3405 16734 I NearbyConnections: [AutoResume] numSuccessfulAutoResume = 0, numFailedAutoResume = 0.
02-24 23:08:23.077  3405 16732 I NearbyConnections: [AutoResumeManager] clearPendingPayloadInfo for payloadId = -5386278432837363114, remaining number of payloadIds = 0.
02-24 23:08:23.163  3405  8278 I NearbyConnections: Client 198644749 is sending payload -6973776708898737243 of type BYTES to endpoints [D2EG].
02-24 23:08:23.164  3405 16732 I NearbyMediums: Create a BlockingPayloadChunkQueue with size 10.
02-24 23:08:23.169  3405 16732 I Nearby  : (REDACTED) Successfully shutdown executor %s.
02-24 23:08:23.169  3405 16732 I Nearby  : (REDACTED) Successfully shutdown executor %s.
02-24 23:08:23.169  3405 16690 I NearbyConnections: ClientProxy(com.digimon.glyph) reporting onPayloadTransferUpdate(D2EG, -6973776708898737243, SUCCESS, 100%) processed(payloadListener:non-null isClientAlive:true)
02-24 23:08:23.169  3405 16690 I NearbyConnections: [AutoResume] numSuccessfulAutoResume = 0, numFailedAutoResume = 0.
02-24 23:08:23.170  3405 16732 I NearbyConnections: [AutoResumeManager] clearPendingPayloadInfo for payloadId = -6973776708898737243, remaining number of payloadIds = 0.
02-24 23:08:23.186  3405 16732 I NearbyConnections: ClientProxy(com.digimon.glyph) reporting onPayloadReceived(D2EG, -6354105888503014619), with result: DETAIL_SUCCESS
02-24 23:08:23.192  3405 16706 I Nearby  : (REDACTED) Successfully shutdown executor %s.
02-24 23:08:23.193  3405 16732 I NearbyConnections: ClientProxy(com.digimon.glyph) reporting onPayloadTransferUpdate(D2EG, -6354105888503014619, SUCCESS, 100%) processed(payloadListener:non-null isClientAlive:true)
02-24 23:08:23.193  3405 16732 I NearbyConnections: [AutoResume] numSuccessfulAutoResume = 0, numFailedAutoResume = 0.
02-24 23:08:23.194  3405 16690 I NearbyConnections: [AutoResumeManager] clearPendingPayloadInfo for payloadId = -6354105888503014619, remaining number of payloadIds = 0.
02-24 23:08:23.214  1116  3510 I vendor.qti.bluetooth@1.0-ibs_handler: ProcessIbsCmd: Received IBS_WAKE_IND: 0xFD
02-24 23:08:23.214  1116  3510 D vendor.qti.bluetooth@1.0-ibs_handler: SerialClockVote: vote for UART CLK ON
02-24 23:08:23.214  1116  3510 D vendor.qti.bluetooth@1.0-wake_lock: Acquire wakelock is acquired 
02-24 23:08:23.214  1116  3510 I vendor.qti.bluetooth@1.0-ibs_handler: ProcessIbsCmd: Writing IBS_WAKE_ACK
02-24 23:08:23.255  1116  3510 I vendor.qti.bluetooth@1.0-ibs_handler: ProcessIbsCmd: Received IBS_SLEEP_IND: 0xFE
02-24 23:08:23.255  1116  3510 D vendor.qti.bluetooth@1.0-ibs_handler: SerialClockVote: vote for UART CLK OFF
02-24 23:08:23.406  1116  3163 D vendor.qti.bluetooth@1.0-wake_lock: Release wakelock is released 
02-24 23:08:23.531  1928  2287 E WifiStaIfaceAidlImpl: getCachedScanData failed with service-specific exception: android.os.ServiceSpecificException:  (code 4)
02-24 23:08:23.663  1928  2501 D AppWidgetServiceImpl: Trying to notify widget update for package com.digimon.glyph with widget id: 8
02-24 23:08:23.821  3405 16690 I NearbyConnections: ClientProxy(com.digimon.glyph) reporting onPayloadReceived(D2EG, -6888224816407214134), with result: DETAIL_SUCCESS
02-24 23:08:23.824  3405 16706 I Nearby  : (REDACTED) Successfully shutdown executor %s.
02-24 23:08:23.824  3405 16690 I NearbyConnections: ClientProxy(com.digimon.glyph) reporting onPayloadTransferUpdate(D2EG, -6888224816407214134, SUCCESS, 100%) processed(payloadListener:non-null isClientAlive:true)
02-24 23:08:23.826  3405 16690 I NearbyConnections: [AutoResume] numSuccessfulAutoResume = 0, numFailedAutoResume = 0.
02-24 23:08:23.826  3405 16732 I NearbyConnections: [AutoResumeManager] clearPendingPayloadInfo for payloadId = -6888224816407214134, remaining number of payloadIds = 0.
02-24 23:08:23.828  3405  8278 I NearbyConnections: Client 198644749 is sending payload -8434728831973190944 of type BYTES to endpoints [D2EG].
02-24 23:08:23.829  3405 16690 I NearbyMediums: Create a BlockingPayloadChunkQueue with size 10.
02-24 23:08:23.834  3405 16690 I Nearby  : (REDACTED) Successfully shutdown executor %s.
02-24 23:08:23.834  3405 16690 I Nearby  : (REDACTED) Successfully shutdown executor %s.
02-24 23:08:23.835  3405 16734 I NearbyConnections: ClientProxy(com.digimon.glyph) reporting onPayloadTransferUpdate(D2EG, -8434728831973190944, SUCCESS, 100%) processed(payloadListener:non-null isClientAlive:true)
02-24 23:08:23.835  3405 16734 I NearbyConnections: [AutoResume] numSuccessfulAutoResume = 0, numFailedAutoResume = 0.
02-24 23:08:23.836  3405 16690 I NearbyConnections: [AutoResumeManager] clearPendingPayloadInfo for payloadId = -8434728831973190944, remaining number of payloadIds = 0.
02-24 23:08:23.914  3405  8278 I NearbyConnections: Client 198644749 is sending payload -6930202628565298342 of type BYTES to endpoints [D2EG].
02-24 23:08:23.916  3405 16690 I NearbyMediums: Create a BlockingPayloadChunkQueue with size 10.
02-24 23:08:23.920  3405 16690 I Nearby  : (REDACTED) Successfully shutdown executor %s.
02-24 23:08:23.920  3405 16690 I Nearby  : (REDACTED) Successfully shutdown executor %s.
02-24 23:08:23.921  3405 16734 I NearbyConnections: ClientProxy(com.digimon.glyph) reporting onPayloadTransferUpdate(D2EG, -6930202628565298342, SUCCESS, 100%) processed(payloadListener:non-null isClientAlive:true)
02-24 23:08:23.921  3405 16734 I NearbyConnections: [AutoResume] numSuccessfulAutoResume = 0, numFailedAutoResume = 0.
02-24 23:08:23.922  3405 16690 I NearbyConnections: [AutoResumeManager] clearPendingPayloadInfo for payloadId = -6930202628565298342, remaining number of payloadIds = 0.
02-24 23:08:23.933  1116  3510 I vendor.qti.bluetooth@1.0-ibs_handler: ProcessIbsCmd: Received IBS_WAKE_IND: 0xFD
02-24 23:08:23.933  1116  3510 D vendor.qti.bluetooth@1.0-ibs_handler: SerialClockVote: vote for UART CLK ON
02-24 23:08:23.934  1116  3510 D vendor.qti.bluetooth@1.0-wake_lock: Acquire wakelock is acquired 
02-24 23:08:23.934  1116  3510 I vendor.qti.bluetooth@1.0-ibs_handler: ProcessIbsCmd: Writing IBS_WAKE_ACK
02-24 23:08:23.938  3405 16734 I NearbyConnections: ClientProxy(com.digimon.glyph) reporting onPayloadReceived(D2EG, -6039703739110402168), with result: DETAIL_SUCCESS
02-24 23:08:23.942  3405 16706 I Nearby  : (REDACTED) Successfully shutdown executor %s.
02-24 23:08:23.943  3405 16734 I NearbyConnections: ClientProxy(com.digimon.glyph) reporting onPayloadTransferUpdate(D2EG, -6039703739110402168, SUCCESS, 100%) processed(payloadListener:non-null isClientAlive:true)
02-24 23:08:23.943  3405 16734 I NearbyConnections: [AutoResume] numSuccessfulAutoResume = 0, numFailedAutoResume = 0.
02-24 23:08:23.944  3405 16690 I NearbyConnections: [AutoResumeManager] clearPendingPayloadInfo for payloadId = -6039703739110402168, remaining number of payloadIds = 0.
02-24 23:08:23.975  1116  3510 I vendor.qti.bluetooth@1.0-ibs_handler: ProcessIbsCmd: Received IBS_SLEEP_IND: 0xFE
02-24 23:08:23.975  1116  3510 D vendor.qti.bluetooth@1.0-ibs_handler: SerialClockVote: vote for UART CLK OFF
02-24 23:08:24.126  1116  3163 D vendor.qti.bluetooth@1.0-wake_lock: Release wakelock is released 
02-24 23:08:24.192  3405 16733 I NearbyConnections: EndpointManager send a KEEP_ALIVE frame (seqNum:0) and sleep 5000 for endpoint D2EG.
02-24 23:08:24.202  3405 16706 I NearbyConnections: EndpointManager received a KEEP_ALIVE frame (seqNum:0) with ACK from endpoint D2EG on channel ENCRYPTED_WIFI_LAN.
02-24 23:08:24.261  3405 16706 I NearbyConnections: EndpointManager received a KEEP_ALIVE frame (seqNum:0) and reply a KEEP_ALIVE frame with ack from endpoint D2EG on channel ENCRYPTED_WIFI_LAN.
02-24 23:08:24.339  2865  3139 W l2c_link: system/stack/l2cap/l2c_link.cc:467 l2c_link_timeout: TODO: Remove this callback into bcm_sec_disconnect
02-24 23:08:24.339  2865  3139 I btm_acl : system/stack/acl/btm_acl.cc:199 disconnect_acl: Disconnecting peer:xx:xx:xx:xx:8e:c6 reason:HCI_ERR_PEER_USER comment:stack::l2cap::l2c_link::l2c_link_timeout All channels closed
02-24 23:08:24.340  1116  1116 D vendor.qti.bluetooth@1.0-ibs_handler: SerialClockVote: vote for UART CLK ON
02-24 23:08:24.341  1116  1116 D vendor.qti.bluetooth@1.0-wake_lock: Acquire wakelock is acquired 
02-24 23:08:24.341  1116  1116 I vendor.qti.bluetooth@1.0-ibs_handler: DeviceWakeUp: Writing IBS_WAKE_IND
02-24 23:08:24.342  1116  3510 I vendor.qti.bluetooth@1.0-ibs_handler: ProcessIbsCmd: Received IBS_WAKE_ACK: 0xFC
02-24 23:08:24.342  1116  3510 I vendor.qti.bluetooth@1.0-ibs_handler: ProcessIbsCmd: Signal wack_cond_ = 150
02-24 23:08:24.342  1116  3510 I vendor.qti.bluetooth@1.0-ibs_handler: ProcessIbsCmd: Signal done wack_cond_ = 154
02-24 23:08:24.342  1116  1116 D vendor.qti.bluetooth@1.0-ibs_handler: DeviceWakeUp: Unblocked from waiting for FC, pthread_cond_timedwait ret = 0
02-24 23:08:24.343  1116  3510 I vendor.qti.bluetooth@1.0-ibs_handler: ProcessIbsCmd: Received IBS_WAKE_IND: 0xFD
02-24 23:08:24.343  1116  3510 I vendor.qti.bluetooth@1.0-ibs_handler: ProcessIbsCmd: Writing IBS_WAKE_ACK
02-24 23:08:24.383  1116  3510 I vendor.qti.bluetooth@1.0-ibs_handler: ProcessIbsCmd: Received IBS_SLEEP_IND: 0xFE
02-24 23:08:24.436  1116  3510 I vendor.qti.bluetooth@1.0-ibs_handler: ProcessIbsCmd: Received IBS_WAKE_IND: 0xFD
02-24 23:08:24.436  1116  3510 I vendor.qti.bluetooth@1.0-ibs_handler: ProcessIbsCmd: Writing IBS_WAKE_ACK
02-24 23:08:24.437  2865  3139 I bt_shim_hci: system/main/shim/hci_layer.cc:270 operator(): ISO disconnection from GD, handle: 0x06, reason: 0x16
02-24 23:08:24.437  2865  3156 I bluetooth: system/gd/hci/acl_manager/round_robin_scheduler.cc:74 Unregister: unregistering acl_queue handle=6, sent_packets=0
02-24 23:08:24.437  2865  3156 W BluetoothMetrics: system/gd/os/android/metrics.cc:465 LogMetricBluetoothEvent: Failed BluetoothEvent Upload - Address is Empty
02-24 23:08:24.437  2865  3139 I smp     : system/stack/smp/smp_l2c.cc:263 smp_br_connect_callback: BDA:xx:xx:xx:xx:8e:c6 pairing_bda:00:00:00:00:00:00, connected:false
02-24 23:08:24.438  2865  3139 I bluetooth-a2dp: system/btif/src/btif_av.cc:3949 btif_av_acl_disconnected: peer=xx:xx:xx:xx:8e:c6
02-24 23:08:24.438  2865  3139 I bluetooth-a2dp: system/btif/src/btif_av.cc:3949 btif_av_acl_disconnected: peer=xx:xx:xx:xx:8e:c6
02-24 23:08:24.438  2865  3139 I bluetooth-a2dp: system/btif/src/btif_av.cc:3088 btif_av_handle_event: peer=xx:xx:xx:xx:8e:c6 handle=0x0 event=BTIF_AV_ACL_DISCONNECTED(0x20)
02-24 23:08:24.438  2865  3139 I bluetooth-a2dp: system/btif/src/btif_av.cc:1256 FindOrCreatePeer: Create peer: peer=xx:xx:xx:xx:8e:c6 bta_handle=0x41 peer_id=0
02-24 23:08:24.438  2865  3139 I bluetooth-a2dp: system/btif/src/btif_av.cc:1650 OnEnter: state=Idle peer=xx:xx:xx:xx:8e:c6
02-24 23:08:24.438  2865  3139 W bluetooth-a2dp: system/btif/src/btif_av.cc:3885 btif_av_get_peer_sep: No active peer found
02-24 23:08:24.438  2865  3139 W bluetooth-a2dp: system/btif/src/btif_av.cc:3885 btif_av_get_peer_sep: No active peer found
02-24 23:08:24.438  2865  3139 W bluetooth-a2dp: system/btif/src/btif_av.cc:3885 btif_av_get_peer_sep: No active peer found
02-24 23:08:24.438  2865  3139 I bluetooth-a2dp: system/btif/src/btif_av.cc:1686 ProcessEvent: state=Idle peer=xx:xx:xx:xx:8e:c6 event=BTIF_AV_ACL_DISCONNECTED(0x20) flags=0x0(None) active_peer=false
02-24 23:08:24.438  2865  3139 I bluetooth-a2dp: system/btif/src/btif_av.cc:1682 OnExit: state=Idle peer=xx:xx:xx:xx:8e:c6
02-24 23:08:24.438  2865  3139 I bluetooth-a2dp: system/btif/src/btif_av.cc:1650 OnEnter: state=Idle peer=xx:xx:xx:xx:8e:c6
02-24 23:08:24.438  2865  3139 W bluetooth-a2dp: system/btif/src/btif_av.cc:3885 btif_av_get_peer_sep: No active peer found
02-24 23:08:24.438  2865  3139 W bluetooth-a2dp: system/btif/src/btif_av.cc:3885 btif_av_get_peer_sep: No active peer found
02-24 23:08:24.438  2865  3139 W bluetooth-a2dp: system/btif/src/btif_av.cc:3885 btif_av_get_peer_sep: No active peer found
02-24 23:08:24.438  2865  3139 I bluetooth-a2dp: system/btif/src/btif_av.cc:3088 btif_av_handle_event: peer=xx:xx:xx:xx:8e:c6 handle=0x0 event=BTIF_AV_ACL_DISCONNECTED(0x20)
02-24 23:08:24.438  2865  3139 I bluetooth-a2dp: system/btif/src/btif_av.cc:1686 ProcessEvent: state=Idle peer=xx:xx:xx:xx:8e:c6 event=BTIF_AV_ACL_DISCONNECTED(0x20) flags=0x0(None) active_peer=false
02-24 23:08:24.438  2865  3139 I bluetooth-a2dp: system/btif/src/btif_av.cc:1682 OnExit: state=Idle peer=xx:xx:xx:xx:8e:c6
02-24 23:08:24.438  2865  3139 I bluetooth-a2dp: system/btif/src/btif_av.cc:1650 OnEnter: state=Idle peer=xx:xx:xx:xx:8e:c6
02-24 23:08:24.439  2865  3139 W bluetooth-a2dp: system/btif/src/btif_av.cc:3885 btif_av_get_peer_sep: No active peer found
02-24 23:08:24.439  2865  3139 W bluetooth-a2dp: system/btif/src/btif_av.cc:3885 btif_av_get_peer_sep: No active peer found
02-24 23:08:24.439  2865  3139 W bluetooth-a2dp: system/btif/src/btif_av.cc:3885 btif_av_get_peer_sep: No active peer found
02-24 23:08:24.439  2865  3139 I bluetooth-a2dp: system/btif/src/btif_av.cc:1327 DeleteIdlePeers: peer=xx:xx:xx:xx:8e:c6 bta_handle=0x41
02-24 23:08:24.439  2865  3519 I bt_btif_dm: system/btif/src/btif_dm.cc:852 btif_dm_get_connection_state: Acl is not connected to peer:xx:xx:xx:xx:8e:c6
02-24 23:08:24.456  2865  3632 I bt_btif_dm: system/btif/src/btif_dm.cc:852 btif_dm_get_connection_state: Acl is not connected to peer:xx:xx:xx:xx:8e:c6
02-24 23:08:24.457  2865  3553 I AdapterProperties: getBondedDevices: length=3
02-24 23:08:24.457  4084  4084 I zev     : onReceive
02-24 23:08:24.458  2865  2891 I AdapterProperties: getBondedDevices: length=3
02-24 23:08:24.458  4084  4403 I aarp    : (REDACTED) bluetoothConnectionStateChanged. Action: %s
02-24 23:08:24.462  2865  3632 I AdapterProperties: getBondedDevices: length=3
02-24 23:08:24.464  2865  3632 I bt_btif_dm: system/btif/src/btif_dm.cc:852 btif_dm_get_connection_state: Acl is not connected to peer:xx:xx:xx:xx:c1:3b
02-24 23:08:24.469  2865  2891 I bt_btif_dm: system/btif/src/btif_dm.cc:852 btif_dm_get_connection_state: Acl is not connected to peer:xx:xx:xx:xx:e8:1b
02-24 23:08:24.469  3405 16730 I Nearby  : (REDACTED) is blocked device type %s, isAuto=%s, isIot=%s, isLatchsky=%s, isChinaWearable=%s, isTv=%s, isWearable=%s (supportWearOs=%s), isChromeOsDevice=%s (supportChromeOs=%s)
02-24 23:08:24.470  2865  2891 I bt_btif_dm: system/btif/src/btif_dm.cc:852 btif_dm_get_connection_state: Acl is not connected to peer:xx:xx:xx:xx:08:58
02-24 23:08:24.470  4084  4403 I aaqr    : Deinitializing Gemini service client
02-24 23:08:24.470  4084  4403 I aaqw    : Deinitializing PhoneMediaHandler
02-24 23:08:24.471  3405  3405 I NearbyDiscovery: (REDACTED) DiscoveryService onStartCommand action: %s
02-24 23:08:24.471  3405  3405 I NearbyDiscovery: (REDACTED) onAclChange: state=%s, transport=%s, %s
02-24 23:08:24.476  1116  3510 I vendor.qti.bluetooth@1.0-ibs_handler: ProcessIbsCmd: Received IBS_SLEEP_IND: 0xFE
02-24 23:08:24.478  1928  2554 D BackgroundInstallControlService: Package event received: 0
02-24 23:08:24.478  3405  3405 D WearableService: Creating wearable service asynchronously.
02-24 23:08:24.482  3405  7599 D WearableService: onGetService: waiting for onCreate to be completed.
02-24 23:08:24.532  3405  3471 I Wear_Controller: Wearable module requires a companion app to be installed.
02-24 23:08:24.532  3405  3471 I WearableService: onCreate: Wearable Services not starting. Wear is not available on this device.
02-24 23:08:24.534  3405  7599 W WearableService: onGetService: Wear is not available on this device.
02-24 23:08:24.535  4084  4416 W GoogleApiManager: Not showing notification since connectionResult is not user-facing: ConnectionResult{statusCode=API_UNAVAILABLE, resolution=null, message=null, clientMethodKey=null}
02-24 23:08:24.563  3405 16734 I NearbyConnections: ClientProxy(com.digimon.glyph) reporting onPayloadReceived(D2EG, -8802300254541011788), with result: DETAIL_SUCCESS
02-24 23:08:24.567  3405  7599 I NearbyConnections: Client 198644749 is sending payload -8540760793489371052 of type BYTES to endpoints [D2EG].
02-24 23:08:24.568  3405 16690 I NearbyMediums: Create a BlockingPayloadChunkQueue with size 10.
02-24 23:08:24.571  3405 16690 I Nearby  : (REDACTED) Successfully shutdown executor %s.
02-24 23:08:24.571  3405 16732 I NearbyConnections: ClientProxy(com.digimon.glyph) reporting onPayloadTransferUpdate(D2EG, -8540760793489371052, SUCCESS, 100%) processed(payloadListener:non-null isClientAlive:true)
02-24 23:08:24.571  3405 16690 I Nearby  : (REDACTED) Successfully shutdown executor %s.
02-24 23:08:24.571  3405 16732 I NearbyConnections: [AutoResume] numSuccessfulAutoResume = 0, numFailedAutoResume = 0.
02-24 23:08:24.572  3405 16690 I NearbyConnections: [AutoResumeManager] clearPendingPayloadInfo for payloadId = -8540760793489371052, remaining number of payloadIds = 0.
02-24 23:08:24.575  3405 16706 I Nearby  : (REDACTED) Successfully shutdown executor %s.
02-24 23:08:24.576  3405 16732 I NearbyConnections: ClientProxy(com.digimon.glyph) reporting onPayloadTransferUpdate(D2EG, -8802300254541011788, SUCCESS, 100%) processed(payloadListener:non-null isClientAlive:true)
02-24 23:08:24.576  3405 16690 I NearbyConnections: [AutoResumeManager] clearPendingPayloadInfo for payloadId = -8802300254541011788, remaining number of payloadIds = 0.
02-24 23:08:24.576  3405 16732 I NearbyConnections: [AutoResume] numSuccessfulAutoResume = 0, numFailedAutoResume = 0.
02-24 23:08:24.667  3405  7599 I NearbyConnections: Client 198644749 is sending payload -7863185379278768762 of type BYTES to endpoints [D2EG].
02-24 23:08:24.668  3405 16690 I NearbyMediums: Create a BlockingPayloadChunkQueue with size 10.
02-24 23:08:24.675  3405 16732 I NearbyConnections: ClientProxy(com.digimon.glyph) reporting onPayloadTransferUpdate(D2EG, -7863185379278768762, SUCCESS, 100%) processed(payloadListener:non-null isClientAlive:true)
02-24 23:08:24.676  3405 16732 I NearbyConnections: [AutoResume] numSuccessfulAutoResume = 0, numFailedAutoResume = 0.
02-24 23:08:24.677  3405 16690 I Nearby  : (REDACTED) Successfully shutdown executor %s.
02-24 23:08:24.677  3405 16690 I Nearby  : (REDACTED) Successfully shutdown executor %s.
02-24 23:08:24.677  3405 16734 I NearbyConnections: [AutoResumeManager] clearPendingPayloadInfo for payloadId = -7863185379278768762, remaining number of payloadIds = 0.
02-24 23:08:24.687  3405 16690 I NearbyConnections: ClientProxy(com.digimon.glyph) reporting onPayloadReceived(D2EG, -5202522388277599866), with result: DETAIL_SUCCESS
02-24 23:08:24.698  1928  2501 D AppWidgetServiceImpl: Trying to notify widget update for package com.digimon.glyph with widget id: 8
02-24 23:08:24.722  3405 16706 I Nearby  : (REDACTED) Successfully shutdown executor %s.
02-24 23:08:24.722  3405 16690 I NearbyConnections: ClientProxy(com.digimon.glyph) reporting onPayloadTransferUpdate(D2EG, -5202522388277599866, SUCCESS, 100%) processed(payloadListener:non-null isClientAlive:true)
02-24 23:08:24.723  3405 16690 I NearbyConnections: [AutoResume] numSuccessfulAutoResume = 0, numFailedAutoResume = 0.
02-24 23:08:24.723  3405 16734 I NearbyConnections: [AutoResumeManager] clearPendingPayloadInfo for payloadId = -5202522388277599866, remaining number of payloadIds = 0.
02-24 23:08:24.824  3405 16690 I NearbyConnections: Invalidate cached hpkeKey for client 198644749
02-24 23:08:25.321  3405 16690 I NearbyConnections: ClientProxy(com.digimon.glyph) reporting onPayloadReceived(D2EG, -8769062822275008821), with result: DETAIL_SUCCESS
02-24 23:08:25.324  3405 16706 I Nearby  : (REDACTED) Successfully shutdown executor %s.
02-24 23:08:25.325  3405 16690 I NearbyConnections: ClientProxy(com.digimon.glyph) reporting onPayloadTransferUpdate(D2EG, -8769062822275008821, SUCCESS, 100%) processed(payloadListener:non-null isClientAlive:true)
02-24 23:08:25.326  3405 16690 I NearbyConnections: [AutoResume] numSuccessfulAutoResume = 0, numFailedAutoResume = 0.
02-24 23:08:25.326  3405 16734 I NearbyConnections: [AutoResumeManager] clearPendingPayloadInfo for payloadId = -8769062822275008821, remaining number of payloadIds = 0.
02-24 23:08:25.328  3405  7599 I NearbyConnections: Client 198644749 is sending payload -6591868189860989677 of type BYTES to endpoints [D2EG].
02-24 23:08:25.329  3405 16734 I NearbyMediums: Create a BlockingPayloadChunkQueue with size 10.
02-24 23:08:25.334  3405 16734 I Nearby  : (REDACTED) Successfully shutdown executor %s.
02-24 23:08:25.334  3405 16732 I NearbyConnections: ClientProxy(com.digimon.glyph) reporting onPayloadTransferUpdate(D2EG, -6591868189860989677, SUCCESS, 100%) processed(payloadListener:non-null isClientAlive:true)
02-24 23:08:25.334  3405 16734 I Nearby  : (REDACTED) Successfully shutdown executor %s.
02-24 23:08:25.335  3405 16732 I NearbyConnections: [AutoResume] numSuccessfulAutoResume = 0, numFailedAutoResume = 0.
02-24 23:08:25.336  3405 16734 I NearbyConnections: [AutoResumeManager] clearPendingPayloadInfo for payloadId = -6591868189860989677, remaining number of payloadIds = 0.
02-24 23:08:25.342  1116  3514 I vendor.qti.bluetooth@1.0-ibs_handler: DeviceSleep: TX Awake, Sending SLEEP_IND
02-24 23:08:25.343  1116  3514 D vendor.qti.bluetooth@1.0-ibs_handler: SerialClockVote: vote for UART CLK OFF
02-24 23:08:25.418  3405  7599 I NearbyConnections: Client 198644749 is sending payload -9058923065148089256 of type BYTES to endpoints [D2EG].
02-24 23:08:25.419  3405 16732 I NearbyMediums: Create a BlockingPayloadChunkQueue with size 10.
02-24 23:08:25.424  3405 16732 I Nearby  : (REDACTED) Successfully shutdown executor %s.
02-24 23:08:25.424  3405 16690 I NearbyConnections: ClientProxy(com.digimon.glyph) reporting onPayloadTransferUpdate(D2EG, -9058923065148089256, SUCCESS, 100%) processed(payloadListener:non-null isClientAlive:true)
02-24 23:08:25.425  3405 16732 I Nearby  : (REDACTED) Successfully shutdown executor %s.
02-24 23:08:25.426  3405 16690 I NearbyConnections: [AutoResume] numSuccessfulAutoResume = 0, numFailedAutoResume = 0.
02-24 23:08:25.426  3405 16732 I NearbyConnections: [AutoResumeManager] clearPendingPayloadInfo for payloadId = -9058923065148089256, remaining number of payloadIds = 0.
02-24 23:08:25.445  3405 16690 I NearbyConnections: ClientProxy(com.digimon.glyph) reporting onPayloadReceived(D2EG, -4829776344580839330), with result: DETAIL_SUCCESS
02-24 23:08:25.448  3405 16706 I Nearby  : (REDACTED) Successfully shutdown executor %s.
02-24 23:08:25.449  3405 16690 I NearbyConnections: ClientProxy(com.digimon.glyph) reporting onPayloadTransferUpdate(D2EG, -4829776344580839330, SUCCESS, 100%) processed(payloadListener:non-null isClientAlive:true)
02-24 23:08:25.449  3405 16690 I NearbyConnections: [AutoResume] numSuccessfulAutoResume = 0, numFailedAutoResume = 0.
02-24 23:08:25.450  3405 16732 I NearbyConnections: [AutoResumeManager] clearPendingPayloadInfo for payloadId = -4829776344580839330, remaining number of payloadIds = 0.
02-24 23:08:25.477  1928  2501 D AppWidgetServiceImpl: Trying to notify widget update for package com.digimon.glyph with widget id: 8
02-24 23:08:25.493  1116  3163 D vendor.qti.bluetooth@1.0-wake_lock: Release wakelock is released 
02-24 23:08:25.634  1114  1114 D audio_hw_primary: out_standby: enter: stream (0xef0464c0) usecase(1: low-latency-playback)
02-24 23:08:25.668  1114  1114 D audio_hw_primary: disable_audio_route: reset and update mixer path: low-latency-playback
02-24 23:08:25.671  1114  1114 D soundtrigger: audio_extn_sound_trigger_update_stream_status: uc_info->id 1 of type 0 for Event 2, with Raise=0
02-24 23:08:25.671  1114  1114 D hardware_info: hw_info_append_hw_type : device_name = speaker
02-24 23:08:25.671  1114  1114 D audio_hw_primary: disable_snd_device: snd_device(2: speaker)
02-24 23:08:25.674  1114  1114 I soundtrigger: audio_extn_sound_trigger_update_device_status: device 0x2 of type 0 for Event 0, with Raise=0
02-24 23:08:25.681  1114  1114 D hardware_info: hw_info_append_hw_type : device_name = vi-feedback
02-24 23:08:25.681  1114  1114 D audio_hw_primary: disable_snd_device: snd_device(209: vi-feedback)
02-24 23:08:25.681  1114  1114 I soundtrigger: audio_extn_sound_trigger_update_device_status: device 0xd1 of type 1 for Event 0, with Raise=0
02-24 23:08:25.681  1114  1114 D audio_hw_primary: disable_audio_route: reset and update mixer path: spkr-vi-record
02-24 23:08:25.682  1114  1114 D soundtrigger: audio_extn_sound_trigger_update_stream_status: uc_info->id 56 of type 1 for Event 2, with Raise=0
02-24 23:08:25.833  1124  1124 E QTI PowerHAL: Failed to acquire lock.
02-24 23:08:25.833  1124  1124 E QTI PowerHAL: Failed process_boost for boost_handle
02-24 23:08:25.873  1928  2554 D BackgroundInstallControlService: Package event received: 0
02-24 23:08:25.876  1264  2429 D audioserver: logFgsApiBegin: FGS Logger Transaction failed, -129
02-24 23:08:25.877  1928  4240 W AS.PlaybackActivityMon: No piid assigned for invalid/internal port id 29
02-24 23:08:25.878  1114  4024 D audio_hw_primary: start_output_stream: enter: stream(0xef0464c0)usecase(1: low-latency-playback) devices(0x2) is_haptic_usecase(0)
02-24 23:08:25.878  1124  1124 I android.hardware.power-service-qti: Boost 3Not Supported
02-24 23:08:25.879  1114  4024 D audio_hw_primary: select_devices for use case (low-latency-playback)
02-24 23:08:25.879  1114  4024 I msm8974_platform: platform_check_and_set_codec_backend_cfg:becf: afe: bitwidth 24, samplerate 48000 channels 2, backend_idx 0 usecase = 1 device (speaker)
02-24 23:08:25.879  1114  4024 I msm8974_platform: platform_check_and_set_codec_backend_cfg: new_snd_devices[0] is 2
02-24 23:08:25.879  1114  4024 I msm8974_platform: platform_check_codec_backend_cfg:becf: afe: bitwidth 24, samplerate 48000 channels 2, backend_idx 0 usecase = 1 device (speaker)
02-24 23:08:25.881  1114  4024 D msm8974_platform: platform_check_codec_backend_cfg:becf: updated afe: bitwidth 24, samplerate 48000 channels 2,backend_idx 0 usecase = 1 device (speaker)
02-24 23:08:25.881  1114  4024 I msm8974_platform: platform_check_codec_backend_cfg:becf: afe: Codec selected backend: 0 updated bit width: 24 and sample rate: 48000
02-24 23:08:25.881  1114  4024 D audio_hw_primary: check_usecases_codec_backend:becf: force routing 0
02-24 23:08:25.881  1114  4024 D audio_hw_primary: check_usecases_codec_backend:becf: (93) check_usecases curr device: speaker, usecase device: backends match 0
02-24 23:08:25.881  1114  4024 D audio_hw_primary: check_usecases_codec_backend:becf: check_usecases num.of Usecases to switch 0
02-24 23:08:25.881  1114  4024 D hardware_info: hw_info_append_hw_type : device_name = speaker
02-24 23:08:25.881  1114  4024 D audio_hw_primary: enable_snd_device: snd_device(2: speaker)
02-24 23:08:25.881  1114  4024 D msm8974_platform: platform_get_island_cfg_on_device:island cfg status on snd_device = (speaker 0)
02-24 23:08:25.881  1114  4024 I soundtrigger: audio_extn_sound_trigger_update_device_status: device 0x2 of type 0 for Event 1, with Raise=0
02-24 23:08:25.882  1114  4024 D audio_route: Apply path: speaker
02-24 23:08:25.883 16494 16494 D DigimonGlyphToy: Starting in standalone widget mode
02-24 23:08:25.883  1114  4024 D hardware_info: hw_info_append_hw_type : device_name = vi-feedback
02-24 23:08:25.883  1114  4024 D audio_hw_primary: enable_snd_device: snd_device(209: vi-feedback)
02-24 23:08:25.883  1114  4024 D msm8974_platform: platform_get_island_cfg_on_device:island cfg status on snd_device = (vi-feedback 0)
02-24 23:08:25.883  1114  4024 I soundtrigger: audio_extn_sound_trigger_update_device_status: device 0xd1 of type 1 for Event 1, with Raise=0
02-24 23:08:25.883  1114  4024 D audio_route: Apply path: vi-feedback
02-24 23:08:25.883  1114  4024 D msm8974_platform: fluence nn disabled
02-24 23:08:25.883  1114  4024 D soundtrigger: audio_extn_sound_trigger_update_stream_status: uc_info->id 56 of type 1 for Event 3, with Raise=0
02-24 23:08:25.883  1114  4024 D audio_hw_utils: audio_extn_utils_send_app_type_cfg: usecase->in_snd_device vi-feedback
02-24 23:08:25.884  1114  4024 E audio_hw_utils: send_app_type_cfg_for_device: Could not get ctl for mixer cmd - Audio Stream Capture 32 App Type Cfg
02-24 23:08:25.884  1114  4024 D ACDB-LOADER: ACDB -> send_audio_cal, acdb_id = 102, path = 1, app id = 0x11132, sample rate = 48000, use_case = 0,buffer_idx_w_path =1, afe_sample_rate = 48000, cal_mode = 1, offset_index = 0
02-24 23:08:25.884  1114  4024 D ACDB-LOADER: ACDB -> send_asm_topology
02-24 23:08:25.884  1114  4024 D ACDB-LOADER: ACDB -> ACDB_CMD_GET_AUDPROC_STREAM_TOPOLOGY_ID
02-24 23:08:25.884  1114  4024 D ACDB-LOADER: ACDB -> send_adm_topology
02-24 23:08:25.884  1114  4024 D ACDB-LOADER: ACDB -> ACDB_CMD_GET_AUDPROC_COMMON_TOPOLOGY_ID
02-24 23:08:25.884  1114  4024 D ACDB-LOADER: ACDB -> send_audtable
02-24 23:08:25.884  1114  4024 D ACDB-LOADER: ACDB -> ACDB_CMD_GET_AUDPROC_INSTANCE_COMMON_TABLE_SIZE
02-24 23:08:25.884  1114  4024 D ACDB-LOADER: ACDB -> ACDB_CMD_GET_AUDPROC_INSTANCE_COMMON_TABLE
02-24 23:08:25.884  1114  4024 D ACDB-LOADER: ACDB -> AUDIO_SET_AUDPROC_CAL cal_type[11] acdb_id[102] app_type[69938]
02-24 23:08:25.884  1114  4024 D ACDB-LOADER: check_fnn_usecase_status: fnn usecase active 0
02-24 23:08:25.884  1114  4024 D ACDB-LOADER: ACDB -> ACDB_CMD_GET_PERSISTENT_AUDPROC_INSTANCE_COMMON_TABLE_SIZE
02-24 23:08:25.884  1114  4024 D android.hardware.audio.service: [Data Manager]-> No data found
02-24 23:08:25.884  1114  4024 D ACDB-LOADER: Error: ACDB_CMD_GET_PERSISTENT_AUDPROC_INSTANCE_COMMON_TABLE_SIZE returned -18
02-24 23:08:25.884  1114  4024 D ACDB-LOADER: ACDB -> send_audproc_persist_table -18 
02-24 23:08:25.884  1114  4024 D ACDB-LOADER: Error: Invalid Audproc persist size = -18
02-24 23:08:25.884  1114  4024 D ACDB-LOADER: ACDB -> ACDB_CMD_GET_AUDPROC_INSTANCE_STREAM_TABLE_SIZE
02-24 23:08:25.884  1114  4024 D ACDB-LOADER: ACDB -> send_audstrmtable
02-24 23:08:25.884  1114  4024 D ACDB-LOADER: ACDB -> ACDB_CMD_GET_AUDPROC_INSTANCE_STREAM_TABLE
02-24 23:08:25.884  1114  4024 D ACDB-LOADER: ACDB -> audstrm_cal->cal_type.cal_data.cal_size = 20
02-24 23:08:25.884  1114  4024 D ACDB-LOADER: ACDB -> send_afe_topology
02-24 23:08:25.884  1114  4024 D ACDB-LOADER: ACDB -> ACDB_CMD_GET_AFE_TOPOLOGY_ID
02-24 23:08:25.884  1114  4024 D ACDB-LOADER: ACDB -> GET_AFE_TOPOLOGY_ID for adcd_id 102, Topology Id 1000b909
02-24 23:08:25.884  1114  4024 D ACDB-LOADER: ACDB -> send_afe_cal
02-24 23:08:25.884  1114  4024 D ACDB-LOADER: ACDB -> ACDB_CMD_GET_AFE_INSTANCE_COMMON_TABLE_SIZE
02-24 23:08:25.884  1114  4024 D ACDB-LOADER: ACDB -> ACDB_CMD_GET_AFE_INSTANCE_COMMON_TABLE
02-24 23:08:25.884  1114  4024 D ACDB-LOADER: ACDB -> AUDIO_SET_AFE_CAL cal_type[17] acdb_id[102]
02-24 23:08:25.884  1114  4024 D ACDB-LOADER: ACDB -> send_hw_delay : acdb_id = 102 path = 1
02-24 23:08:25.884  1114  4024 D ACDB-LOADER: ACDB -> ACDB_AVSYNC_INFO: ACDB_CMD_GET_DEVICE_PROPERTY
02-24 23:08:25.884  1114  4024 D msm8974_platform: fluence nn disabled
02-24 23:08:25.885  1114  4024 D audio_hw_primary: enable_audio_route: apply mixer and update path: spkr-vi-record
02-24 23:08:25.885  1114  4024 D audio_route: Apply path: spkr-vi-record
02-24 23:08:25.886  1114  4024 D audio_amplifier: pcm_dev_tx_id = 32
02-24 23:08:25.888  1928  4234 I ActivityManager: Background started FGS: Allowed [callingPackage: com.digimon.glyph; callingUid: 10654; uidState: FGS ; uidBFSL: [BFSL]; intent: Intent { act=com.digimon.glyph.START_WIDGET cmp=com.digimon.glyph/.DigimonGlyphToyService }; code:ACTIVITY_STARTER; tempAllowListReason:<null>; targetSdkVersion:35; callerTargetSdkVersion:35; startForegroundCount:1; bindFromPackage:null: isBindService:false]
02-24 23:08:25.890 16494 16494 D DigimonGlyphToy: Timing mode set to EXACT (userExact=true boostActive=false battleLock=true stepGate=false stepSliceMs=10 correctionOverride=1.0)
02-24 23:08:25.891 16494 16494 D DigimonGlyphToy: Process command id=677 type=button_press arg=11
02-24 23:08:25.891 16494 16494 D DigimonGlyphToy: Battle local B down assistEnabled=true
02-24 23:08:25.892 16494 16494 D DigimonGlyphToy: Battle pin edge tx P2=14 seq=2 src=1951416 reason=assist_b_down sent=true
02-24 23:08:25.892 16494 16494 D DigimonGlyphToy: Battle assist tx P2=14 (b_down, sent=true)
02-24 23:08:25.892 16494 16494 D DigimonGlyphToy: Command 677 result: button pressed
02-24 23:08:25.892 16494 16664 D DigimonGlyphToy: Battle io W addr=0xf14 v=0 changed
02-24 23:08:25.892 16494 16664 D DigimonGlyphToy: Battle io W addr=0xf14 v=0 count=1
02-24 23:08:25.893  3405  5509 I NearbyConnections: Client 198644749 is sending payload -7472716990563796582 of type BYTES to endpoints [D2EG].
02-24 23:08:25.894  1114  4024 D soundtrigger: audio_extn_sound_trigger_update_stream_status: uc_info->id 1 of type 0 for Event 3, with Raise=0
02-24 23:08:25.894  1114  4024 D audio_hw_utils: audio_extn_utils_send_app_type_cfg: usecase->out_snd_device speaker
02-24 23:08:25.894  3405 16732 I NearbyMediums: Create a BlockingPayloadChunkQueue with size 10.
02-24 23:08:25.894  1114  4024 I audio_hw_utils: send_app_type_cfg_for_device PLAYBACK app_type 69937, acdb_dev_id 15, sample_rate 48000, snd_device_be_idx 45
02-24 23:08:25.896  1114  4024 D ACDB-LOADER: ACDB -> send_audio_cal, acdb_id = 15, path = 0, app id = 0x11131, sample rate = 48000, use_case = 0,buffer_idx_w_path =0, afe_sample_rate = 48000, cal_mode = 1, offset_index = 0
02-24 23:08:25.896  1114  4024 D ACDB-LOADER: ACDB -> send_asm_topology
02-24 23:08:25.896  1114  4024 D ACDB-LOADER: ACDB -> ACDB_CMD_GET_AUDPROC_STREAM_TOPOLOGY_ID
02-24 23:08:25.896  1114  4024 D ACDB-LOADER: ACDB -> send_adm_topology
02-24 23:08:25.896  1114  4024 D ACDB-LOADER: ACDB -> ACDB_CMD_GET_AUDPROC_COMMON_TOPOLOGY_ID
02-24 23:08:25.896  1114  4024 D ACDB-LOADER: ACDB -> send_audtable
02-24 23:08:25.896  1114  4024 D ACDB-LOADER: ACDB -> ACDB_CMD_GET_AUDPROC_INSTANCE_COMMON_TABLE_SIZE
02-24 23:08:25.896  1114  4024 D ACDB-LOADER: ACDB -> ACDB_CMD_GET_AUDPROC_INSTANCE_COMMON_TABLE
02-24 23:08:25.896  1114  4024 D ACDB-LOADER: ACDB -> AUDIO_SET_AUDPROC_CAL cal_type[11] acdb_id[15] app_type[69937]
02-24 23:08:25.896  1114  4024 D ACDB-LOADER: ACDB -> send_audvoltable
02-24 23:08:25.896  1114  4024 D ACDB-LOADER: ACDB -> ACDB_CMD_GET_AUDPROC_INSTANCE_GAIN_DEP_STEP_TABLE_SIZE
02-24 23:08:25.896  1114  4024 D ACDB-LOADER: ACDB -> ACDB_CMD_GET_AUDPROC_INSTANCE_GAIN_DEP_STEP_TABLE, vol index 0
02-24 23:08:25.896  1114  4024 D ACDB-LOADER: ACDB -> AUDIO_SET_VOL_CAL cal type = 12
02-24 23:08:25.896  1114  4024 D ACDB-LOADER: ACDB -> ACDB_CMD_GET_AUDPROC_INSTANCE_STREAM_TABLE_SIZE
02-24 23:08:25.896  1114  4024 D ACDB-LOADER: ACDB -> send_audstrmtable
02-24 23:08:25.896  1114  4024 D ACDB-LOADER: ACDB -> ACDB_CMD_GET_AUDPROC_INSTANCE_STREAM_TABLE
02-24 23:08:25.896  1114  4024 D ACDB-LOADER: ACDB -> audstrm_cal->cal_type.cal_data.cal_size = 20
02-24 23:08:25.896  1114  4024 D ACDB-LOADER: ACDB -> send_afe_topology
02-24 23:08:25.896  1114  4024 D ACDB-LOADER: ACDB -> ACDB_CMD_GET_AFE_TOPOLOGY_ID
02-24 23:08:25.896  1114  4024 D ACDB-LOADER: ACDB -> GET_AFE_TOPOLOGY_ID for adcd_id 15, Topology Id 1000b910
02-24 23:08:25.896  1114  4024 D ACDB-LOADER: ACDB -> send_afe_cal
02-24 23:08:25.896  1114  4024 D ACDB-LOADER: ACDB -> ACDB_CMD_GET_AFE_INSTANCE_COMMON_TABLE_SIZE
02-24 23:08:25.896  1114  4024 D ACDB-LOADER: ACDB -> ACDB_CMD_GET_AFE_INSTANCE_COMMON_TABLE
02-24 23:08:25.896  1114  4024 D ACDB-LOADER: ACDB -> AUDIO_SET_AFE_CAL cal_type[16] acdb_id[15]
02-24 23:08:25.896  1114  4024 D ACDB-LOADER: ACDB -> send_hw_delay : acdb_id = 15 path = 0
02-24 23:08:25.896  1114  4024 D ACDB-LOADER: ACDB -> ACDB_AVSYNC_INFO: ACDB_CMD_GET_DEVICE_PROPERTY
02-24 23:08:25.896  1114  4024 D audio_hw_primary: enable_audio_route: apply mixer and update path: low-latency-playback
02-24 23:08:25.896  1114  4024 D audio_route: Apply path: low-latency-playback
02-24 23:08:25.897  3405 16732 I Nearby  : (REDACTED) Successfully shutdown executor %s.
02-24 23:08:25.897  3405 16732 I Nearby  : (REDACTED) Successfully shutdown executor %s.
02-24 23:08:25.897  1114  4024 D audio_hw_primary: select_devices: done
02-24 23:08:25.897  1114  4024 D msm8974_platform: platform_set_channel_map mixer_ctl_name:Playback Channel Map9
02-24 23:08:25.897  3405 16690 I NearbyConnections: ClientProxy(com.digimon.glyph) reporting onPayloadTransferUpdate(D2EG, -7472716990563796582, SUCCESS, 100%) processed(payloadListener:non-null isClientAlive:true)
02-24 23:08:25.897  3405 16690 I NearbyConnections: [AutoResume] numSuccessfulAutoResume = 0, numFailedAutoResume = 0.
02-24 23:08:25.897  1114  4024 D msm8974_platform: platform_set_channel_map: set mapping(1 2 0 0 0 0 0 0) for channel:2
02-24 23:08:25.897  3405 16732 I NearbyConnections: [AutoResumeManager] clearPendingPayloadInfo for payloadId = -7472716990563796582, remaining number of payloadIds = 0.
02-24 23:08:25.951  1124  1124 I android.hardware.power-service-qti: Boost 3Not Supported
02-24 23:08:25.951  1114  4024 D audio_hw_primary: start_output_stream: exit
02-24 23:08:26.012 16494 16494 D DigimonGlyphToy: Battle local B up assistEnabled=true
02-24 23:08:26.014 16494 16494 D DigimonGlyphToy: Battle pin edge tx P2=15 seq=3 src=1951537 reason=assist_b_up sent=true
02-24 23:08:26.014 16494 16494 D DigimonGlyphToy: Battle assist tx P2=15 (b_up, sent=true)
02-24 23:08:26.016  3405  5509 I NearbyConnections: Client 198644749 is sending payload -5155785390510830162 of type BYTES to endpoints [D2EG].
02-24 23:08:26.017  3405 16732 I NearbyMediums: Create a BlockingPayloadChunkQueue with size 10.
02-24 23:08:26.018 16494 16664 D DigimonGlyphToy: Battle io W addr=0xf14 v=0 count=2
02-24 23:08:26.023  3405 16732 I Nearby  : (REDACTED) Successfully shutdown executor %s.
02-24 23:08:26.023  3405 16734 I NearbyConnections: ClientProxy(com.digimon.glyph) reporting onPayloadTransferUpdate(D2EG, -5155785390510830162, SUCCESS, 100%) processed(payloadListener:non-null isClientAlive:true)
02-24 23:08:26.023  3405 16732 I Nearby  : (REDACTED) Successfully shutdown executor %s.
02-24 23:08:26.023  3405 16734 I NearbyConnections: [AutoResume] numSuccessfulAutoResume = 0, numFailedAutoResume = 0.
02-24 23:08:26.024  3405 16732 I NearbyConnections: [AutoResumeManager] clearPendingPayloadInfo for payloadId = -5155785390510830162, remaining number of payloadIds = 0.
02-24 23:08:26.070  3405 16734 I NearbyConnections: ClientProxy(com.digimon.glyph) reporting onPayloadReceived(D2EG, -7756579889666883854), with result: DETAIL_SUCCESS
02-24 23:08:26.074  3405 16706 I Nearby  : (REDACTED) Successfully shutdown executor %s.
02-24 23:08:26.074  3405 16734 I NearbyConnections: ClientProxy(com.digimon.glyph) reporting onPayloadTransferUpdate(D2EG, -7756579889666883854, SUCCESS, 100%) processed(payloadListener:non-null isClientAlive:true)
02-24 23:08:26.075  3405 16734 I NearbyConnections: [AutoResume] numSuccessfulAutoResume = 0, numFailedAutoResume = 0.
02-24 23:08:26.075  3405 16732 I NearbyConnections: [AutoResumeManager] clearPendingPayloadInfo for payloadId = -7756579889666883854, remaining number of payloadIds = 0.
02-24 23:08:26.076  3405  5509 I NearbyConnections: Client 198644749 is sending payload -6455240359492638033 of type BYTES to endpoints [D2EG].
02-24 23:08:26.077  3405 16732 I NearbyMediums: Create a BlockingPayloadChunkQueue with size 10.
02-24 23:08:26.082  3405 16732 I Nearby  : (REDACTED) Successfully shutdown executor %s.
02-24 23:08:26.082  3405 16732 I Nearby  : (REDACTED) Successfully shutdown executor %s.
02-24 23:08:26.082  3405 16690 I NearbyConnections: ClientProxy(com.digimon.glyph) reporting onPayloadTransferUpdate(D2EG, -6455240359492638033, SUCCESS, 100%) processed(payloadListener:non-null isClientAlive:true)
02-24 23:08:26.082  3405 16690 I NearbyConnections: [AutoResume] numSuccessfulAutoResume = 0, numFailedAutoResume = 0.
02-24 23:08:26.083  3405 16732 I NearbyConnections: [AutoResumeManager] clearPendingPayloadInfo for payloadId = -6455240359492638033, remaining number of payloadIds = 0.
02-24 23:08:26.129  1264  2320 D audioserver: logFgsApiEnd: FGS Logger Transaction failed, -129
02-24 23:08:26.170  3405  5509 I NearbyConnections: Client 198644749 is sending payload -7130975838526349022 of type BYTES to endpoints [D2EG].
02-24 23:08:26.172  3405 16732 I NearbyMediums: Create a BlockingPayloadChunkQueue with size 10.
02-24 23:08:26.177  3405 16732 I Nearby  : (REDACTED) Successfully shutdown executor %s.
02-24 23:08:26.178  3405 16732 I Nearby  : (REDACTED) Successfully shutdown executor %s.
02-24 23:08:26.178  3405 16690 I NearbyConnections: ClientProxy(com.digimon.glyph) reporting onPayloadTransferUpdate(D2EG, -7130975838526349022, SUCCESS, 100%) processed(payloadListener:non-null isClientAlive:true)
02-24 23:08:26.178  3405 16690 I NearbyConnections: [AutoResume] numSuccessfulAutoResume = 0, numFailedAutoResume = 0.
02-24 23:08:26.179  3405 16732 I NearbyConnections: [AutoResumeManager] clearPendingPayloadInfo for payloadId = -7130975838526349022, remaining number of payloadIds = 0.
02-24 23:08:26.198  3405 16690 I NearbyConnections: ClientProxy(com.digimon.glyph) reporting onPayloadReceived(D2EG, -7254585064712303434), with result: DETAIL_SUCCESS
02-24 23:08:26.202  3405 16706 I Nearby  : (REDACTED) Successfully shutdown executor %s.
02-24 23:08:26.202  3405 16690 I NearbyConnections: ClientProxy(com.digimon.glyph) reporting onPayloadTransferUpdate(D2EG, -7254585064712303434, SUCCESS, 100%) processed(payloadListener:non-null isClientAlive:true)
02-24 23:08:26.203  3405 16690 I NearbyConnections: [AutoResume] numSuccessfulAutoResume = 0, numFailedAutoResume = 0.
02-24 23:08:26.203  3405 16732 I NearbyConnections: [AutoResumeManager] clearPendingPayloadInfo for payloadId = -7254585064712303434, remaining number of payloadIds = 0.
02-24 23:08:26.214  1116  3510 I vendor.qti.bluetooth@1.0-ibs_handler: ProcessIbsCmd: Received IBS_WAKE_IND: 0xFD
02-24 23:08:26.215  1116  3510 D vendor.qti.bluetooth@1.0-ibs_handler: SerialClockVote: vote for UART CLK ON
02-24 23:08:26.216  1116  3510 D vendor.qti.bluetooth@1.0-wake_lock: Acquire wakelock is acquired 
02-24 23:08:26.216  1116  3510 I vendor.qti.bluetooth@1.0-ibs_handler: ProcessIbsCmd: Writing IBS_WAKE_ACK
02-24 23:08:26.256  1116  3510 I vendor.qti.bluetooth@1.0-ibs_handler: ProcessIbsCmd: Received IBS_SLEEP_IND: 0xFE
02-24 23:08:26.257  1116  3510 D vendor.qti.bluetooth@1.0-ibs_handler: SerialClockVote: vote for UART CLK OFF
02-24 23:08:26.259  3405 16690 I FusedLocation: (REDACTED) location delivery to %s blocked - too close
02-24 23:08:26.261  3405 16690 I FusedLocation: (REDACTED) location delivery to %s blocked - too fast
02-24 23:08:26.262  3405 16690 I FusedLocation: (REDACTED) location delivery to %s blocked - too fast
02-24 23:08:26.264  3405 16690 I FusedLocation: (REDACTED) location delivery to %s blocked - too close
02-24 23:08:26.357  3405 16673 I TFLite-in-PlayServices: Created interpreter.
02-24 23:08:26.366  3405 16673 I SemanticLocation: (REDACTED) [Inferrer] %s%s
02-24 23:08:26.407  1116  3163 D vendor.qti.bluetooth@1.0-wake_lock: Release wakelock is released 
02-24 23:08:26.512  1928  2501 D AppWidgetServiceImpl: Trying to notify widget update for package com.digimon.glyph with widget id: 8
02-24 23:08:26.546  1928  2287 E WifiStaIfaceAidlImpl: getCachedScanData failed with service-specific exception: android.os.ServiceSpecificException:  (code 4)
02-24 23:08:26.824  3405 16734 I NearbyConnections: ClientProxy(com.digimon.glyph) reporting onPayloadReceived(D2EG, -5607430372249410002), with result: DETAIL_SUCCESS
02-24 23:08:26.828  3405 16706 I Nearby  : (REDACTED) Successfully shutdown executor %s.
02-24 23:08:26.828  3405 16690 I NearbyConnections: ClientProxy(com.digimon.glyph) reporting onPayloadTransferUpdate(D2EG, -5607430372249410002, SUCCESS, 100%) processed(payloadListener:non-null isClientAlive:true)
02-24 23:08:26.829  3405 16734 I NearbyConnections: [AutoResumeManager] clearPendingPayloadInfo for payloadId = -5607430372249410002, remaining number of payloadIds = 0.
02-24 23:08:26.830  3405 16690 I NearbyConnections: [AutoResume] numSuccessfulAutoResume = 0, numFailedAutoResume = 0.
02-24 23:08:26.832  3405  7599 I NearbyConnections: Client 198644749 is sending payload -6265905265544189513 of type BYTES to endpoints [D2EG].
02-24 23:08:26.833  3405 16734 I NearbyMediums: Create a BlockingPayloadChunkQueue with size 10.
02-24 23:08:26.838  3405 16734 I Nearby  : (REDACTED) Successfully shutdown executor %s.
02-24 23:08:26.838  3405 16734 I Nearby  : (REDACTED) Successfully shutdown executor %s.
02-24 23:08:26.838  3405 16732 I NearbyConnections: ClientProxy(com.digimon.glyph) reporting onPayloadTransferUpdate(D2EG, -6265905265544189513, SUCCESS, 100%) processed(payloadListener:non-null isClientAlive:true)
02-24 23:08:26.838  3405 16732 I NearbyConnections: [AutoResume] numSuccessfulAutoResume = 0, numFailedAutoResume = 0.
02-24 23:08:26.839  3405 16734 I NearbyConnections: [AutoResumeManager] clearPendingPayloadInfo for payloadId = -6265905265544189513, remaining number of payloadIds = 0.
02-24 23:08:26.921  3405  7599 I NearbyConnections: Client 198644749 is sending payload -5179950609815509244 of type BYTES to endpoints [D2EG].
02-24 23:08:26.922  3405 16734 I NearbyMediums: Create a BlockingPayloadChunkQueue with size 10.
02-24 23:08:26.926  3405 16734 I Nearby  : (REDACTED) Successfully shutdown executor %s.
02-24 23:08:26.927  3405 16690 I NearbyConnections: ClientProxy(com.digimon.glyph) reporting onPayloadTransferUpdate(D2EG, -5179950609815509244, SUCCESS, 100%) processed(payloadListener:non-null isClientAlive:true)
02-24 23:08:26.927  3405 16734 I Nearby  : (REDACTED) Successfully shutdown executor %s.
02-24 23:08:26.927  3405 16690 I NearbyConnections: [AutoResume] numSuccessfulAutoResume = 0, numFailedAutoResume = 0.
02-24 23:08:26.928  3405 16734 I NearbyConnections: [AutoResumeManager] clearPendingPayloadInfo for payloadId = -5179950609815509244, remaining number of payloadIds = 0.
02-24 23:08:26.966  3405 16690 I NearbyConnections: ClientProxy(com.digimon.glyph) reporting onPayloadReceived(D2EG, -5717878762630314467), with result: DETAIL_SUCCESS
02-24 23:08:27.005  3405 16706 I Nearby  : (REDACTED) Successfully shutdown executor %s.
02-24 23:08:27.005  3405 16690 I NearbyConnections: ClientProxy(com.digimon.glyph) reporting onPayloadTransferUpdate(D2EG, -5717878762630314467, SUCCESS, 100%) processed(payloadListener:non-null isClientAlive:true)
02-24 23:08:27.006  3405 16690 I NearbyConnections: [AutoResume] numSuccessfulAutoResume = 0, numFailedAutoResume = 0.
02-24 23:08:27.006  3405 16734 I NearbyConnections: [AutoResumeManager] clearPendingPayloadInfo for payloadId = -5717878762630314467, remaining number of payloadIds = 0.
02-24 23:08:27.280  1124  1124 E QTI PowerHAL: Failed to acquire lock.
02-24 23:08:27.280  1124  1124 E QTI PowerHAL: Failed process_boost for boost_handle
02-24 23:08:27.281  3405  3405 D BoundBrokerSvc: onRebind: Intent { act=com.google.android.gms.libs.gmscorelogger.service.START dat=chimera-action:/... cmp=com.google.android.gms/.chimera.PersistentDirectBootAwareApiService }
02-24 23:08:27.377  1928  2554 D BackgroundInstallControlService: Package event received: 0
