02-24 23:08:21.191  1928  3253 W AS.PlaybackActivityMon: No piid assigned for invalid/internal port id 29
02-24 23:08:21.191  1189  1189 D vendor.qti.vibrator: Vibrator perform effect 0
02-24 23:08:21.193  1114  4024 D audio_hw_primary: start_output_stream: enter: stream(0xef0464c0)usecase(1: low-latency-playback) devices(0x2) is_haptic_usecase(0)
02-24 23:08:21.193  1124  1124 I android.hardware.power-service-qti: Boost 3Not Supported
02-24 23:08:21.193  1114  4024 D audio_hw_primary: select_devices for use case (low-latency-playback)
02-24 23:08:21.193  1114  4024 I msm8974_platform: platform_check_and_set_codec_backend_cfg:becf: afe: bitwidth 24, samplerate 48000 channels 2, backend_idx 0 usecase = 1 device (speaker)
02-24 23:08:21.193  1114  4024 I msm8974_platform: platform_check_and_set_codec_backend_cfg: new_snd_devices[0] is 2
02-24 23:08:21.193  1114  4024 I msm8974_platform: platform_check_codec_backend_cfg:becf: afe: bitwidth 24, samplerate 48000 channels 2, backend_idx 0 usecase = 1 device (speaker)
02-24 23:08:21.196  1114  4024 D msm8974_platform: platform_check_codec_backend_cfg:becf: updated afe: bitwidth 24, samplerate 48000 channels 2,backend_idx 0 usecase = 1 device (speaker)
02-24 23:08:21.196  1114  4024 I msm8974_platform: platform_check_codec_backend_cfg:becf: afe: Codec selected backend: 0 updated bit width: 24 and sample rate: 48000
02-24 23:08:21.196  1114  4024 D audio_hw_primary: check_usecases_codec_backend:becf: force routing 0
02-24 23:08:21.196  1114  4024 D audio_hw_primary: check_usecases_codec_backend:becf: (93) check_usecases curr device: speaker, usecase device: backends match 0
02-24 23:08:21.196  1114  4024 D audio_hw_primary: check_usecases_codec_backend:becf: check_usecases num.of Usecases to switch 0
02-24 23:08:21.196  1114  4024 D hardware_info: hw_info_append_hw_type : device_name = speaker
02-24 23:08:21.196  1114  4024 D audio_hw_primary: enable_snd_device: snd_device(2: speaker)
02-24 23:08:21.196  1114  4024 D msm8974_platform: platform_get_island_cfg_on_device:island cfg status on snd_device = (speaker 0)
02-24 23:08:21.196  1114  4024 I soundtrigger: audio_extn_sound_trigger_update_device_status: device 0x2 of type 0 for Event 1, with Raise=0
02-24 23:08:21.196  1114  4024 D audio_route: Apply path: speaker
02-24 23:08:21.198  1114  4024 D hardware_info: hw_info_append_hw_type : device_name = vi-feedback
02-24 23:08:21.198  1114  4024 D audio_hw_primary: enable_snd_device: snd_device(209: vi-feedback)
02-24 23:08:21.198  1114  4024 D msm8974_platform: platform_get_island_cfg_on_device:island cfg status on snd_device = (vi-feedback 0)
02-24 23:08:21.198  1114  4024 I soundtrigger: audio_extn_sound_trigger_update_device_status: device 0xd1 of type 1 for Event 1, with Raise=0
02-24 23:08:21.198  1114  4024 D audio_route: Apply path: vi-feedback
02-24 23:08:21.198  1114  4024 D msm8974_platform: fluence nn disabled
02-24 23:08:21.198  1114  4024 D soundtrigger: audio_extn_sound_trigger_update_stream_status: uc_info->id 56 of type 1 for Event 3, with Raise=0
02-24 23:08:21.198  1114  4024 D audio_hw_utils: audio_extn_utils_send_app_type_cfg: usecase->in_snd_device vi-feedback
02-24 23:08:21.198  1114  4024 E audio_hw_utils: send_app_type_cfg_for_device: Could not get ctl for mixer cmd - Audio Stream Capture 32 App Type Cfg
02-24 23:08:21.198  1114  4024 D ACDB-LOADER: ACDB -> send_audio_cal, acdb_id = 102, path = 1, app id = 0x11132, sample rate = 48000, use_case = 0,buffer_idx_w_path =1, afe_sample_rate = 48000, cal_mode = 1, offset_index = 0
02-24 23:08:21.198  1114  4024 D ACDB-LOADER: ACDB -> send_asm_topology
02-24 23:08:21.198  1114  4024 D ACDB-LOADER: ACDB -> ACDB_CMD_GET_AUDPROC_STREAM_TOPOLOGY_ID
02-24 23:08:21.198  1114  4024 D ACDB-LOADER: ACDB -> send_adm_topology
02-24 23:08:21.198  1114  4024 D ACDB-LOADER: ACDB -> ACDB_CMD_GET_AUDPROC_COMMON_TOPOLOGY_ID
02-24 23:08:21.198  1114  4024 D ACDB-LOADER: ACDB -> send_audtable
02-24 23:08:21.198  1114  4024 D ACDB-LOADER: ACDB -> ACDB_CMD_GET_AUDPROC_INSTANCE_COMMON_TABLE_SIZE
02-24 23:08:21.199  1114  4024 D ACDB-LOADER: ACDB -> ACDB_CMD_GET_AUDPROC_INSTANCE_COMMON_TABLE
02-24 23:08:21.199  1114  4024 D ACDB-LOADER: ACDB -> AUDIO_SET_AUDPROC_CAL cal_type[11] acdb_id[102] app_type[69938]
02-24 23:08:21.199  1114  4024 D ACDB-LOADER: check_fnn_usecase_status: fnn usecase active 0
02-24 23:08:21.199  1114  4024 D ACDB-LOADER: ACDB -> ACDB_CMD_GET_PERSISTENT_AUDPROC_INSTANCE_COMMON_TABLE_SIZE
02-24 23:08:21.199  1114  4024 D android.hardware.audio.service: [Data Manager]-> No data found
02-24 23:08:21.199  1114  4024 D ACDB-LOADER: Error: ACDB_CMD_GET_PERSISTENT_AUDPROC_INSTANCE_COMMON_TABLE_SIZE returned -18
02-24 23:08:21.199  1114  4024 D ACDB-LOADER: ACDB -> send_audproc_persist_table -18 
02-24 23:08:21.199  1114  4024 D ACDB-LOADER: Error: Invalid Audproc persist size = -18
02-24 23:08:21.199  1114  4024 D ACDB-LOADER: ACDB -> ACDB_CMD_GET_AUDPROC_INSTANCE_STREAM_TABLE_SIZE
02-24 23:08:21.199  1114  4024 D ACDB-LOADER: ACDB -> send_audstrmtable
02-24 23:08:21.199  1114  4024 D ACDB-LOADER: ACDB -> ACDB_CMD_GET_AUDPROC_INSTANCE_STREAM_TABLE
02-24 23:08:21.199  1114  4024 D ACDB-LOADER: ACDB -> audstrm_cal->cal_type.cal_data.cal_size = 20
02-24 23:08:21.199  1114  4024 D ACDB-LOADER: ACDB -> send_afe_topology
02-24 23:08:21.199  1114  4024 D ACDB-LOADER: ACDB -> ACDB_CMD_GET_AFE_TOPOLOGY_ID
02-24 23:08:21.199  1114  4024 D ACDB-LOADER: ACDB -> GET_AFE_TOPOLOGY_ID for adcd_id 102, Topology Id 1000b909
02-24 23:08:21.199  1114  4024 D ACDB-LOADER: ACDB -> send_afe_cal
02-24 23:08:21.199  1114  4024 D ACDB-LOADER: ACDB -> ACDB_CMD_GET_AFE_INSTANCE_COMMON_TABLE_SIZE
02-24 23:08:21.199  1114  4024 D ACDB-LOADER: ACDB -> ACDB_CMD_GET_AFE_INSTANCE_COMMON_TABLE
02-24 23:08:21.199  1114  4024 D ACDB-LOADER: ACDB -> AUDIO_SET_AFE_CAL cal_type[17] acdb_id[102]
02-24 23:08:21.199  1114  4024 D ACDB-LOADER: ACDB -> send_hw_delay : acdb_id = 102 path = 1
02-24 23:08:21.199  1114  4024 D ACDB-LOADER: ACDB -> ACDB_AVSYNC_INFO: ACDB_CMD_GET_DEVICE_PROPERTY
02-24 23:08:21.199  1114  4024 D msm8974_platform: fluence nn disabled
02-24 23:08:21.199  1114  4024 D audio_hw_primary: enable_audio_route: apply mixer and update path: spkr-vi-record
02-24 23:08:21.199  1114  4024 D audio_route: Apply path: spkr-vi-record
02-24 23:08:21.200  1114  4024 D audio_amplifier: pcm_dev_tx_id = 32
02-24 23:08:21.207  1928  2066 W ActivityTaskManager: callingPackage for (uid=-1, pid=0) has no WPC
02-24 23:08:21.210  1928  2066 W ActivityStartInterceptor: The home Intent is not correctly formatted
02-24 23:08:21.210  1928  2066 D ActivityStartInterceptor: Purge home intent component, ComponentInfo{com.android.launcher3/com.android.launcher3.uioverrides.QuickstepLauncher}
02-24 23:08:21.210  1114  4024 D soundtrigger: audio_extn_sound_trigger_update_stream_status: uc_info->id 1 of type 0 for Event 3, with Raise=0
02-24 23:08:21.210  1114  4024 D audio_hw_utils: audio_extn_utils_send_app_type_cfg: usecase->out_snd_device speaker
02-24 23:08:21.210  1114  4024 I audio_hw_utils: send_app_type_cfg_for_device PLAYBACK app_type 69937, acdb_dev_id 15, sample_rate 48000, snd_device_be_idx 45
02-24 23:08:21.212  1114  4024 D ACDB-LOADER: ACDB -> send_audio_cal, acdb_id = 15, path = 0, app id = 0x11131, sample rate = 48000, use_case = 0,buffer_idx_w_path =0, afe_sample_rate = 48000, cal_mode = 1, offset_index = 0
02-24 23:08:21.212  1114  4024 D ACDB-LOADER: ACDB -> send_asm_topology
02-24 23:08:21.212  1114  4024 D ACDB-LOADER: ACDB -> ACDB_CMD_GET_AUDPROC_STREAM_TOPOLOGY_ID
02-24 23:08:21.212  1114  4024 D ACDB-LOADER: ACDB -> send_adm_topology
02-24 23:08:21.212  1114  4024 D ACDB-LOADER: ACDB -> ACDB_CMD_GET_AUDPROC_COMMON_TOPOLOGY_ID
02-24 23:08:21.212  1114  4024 D ACDB-LOADER: ACDB -> send_audtable
02-24 23:08:21.212  1114  4024 D ACDB-LOADER: ACDB -> ACDB_CMD_GET_AUDPROC_INSTANCE_COMMON_TABLE_SIZE
02-24 23:08:21.212  1114  4024 D ACDB-LOADER: ACDB -> ACDB_CMD_GET_AUDPROC_INSTANCE_COMMON_TABLE
02-24 23:08:21.212  1114  4024 D ACDB-LOADER: ACDB -> AUDIO_SET_AUDPROC_CAL cal_type[11] acdb_id[15] app_type[69937]
02-24 23:08:21.212  1114  4024 D ACDB-LOADER: ACDB -> send_audvoltable
02-24 23:08:21.212  1114  4024 D ACDB-LOADER: ACDB -> ACDB_CMD_GET_AUDPROC_INSTANCE_GAIN_DEP_STEP_TABLE_SIZE
02-24 23:08:21.212  1114  4024 D ACDB-LOADER: ACDB -> ACDB_CMD_GET_AUDPROC_INSTANCE_GAIN_DEP_STEP_TABLE, vol index 0
02-24 23:08:21.212  1114  4024 D ACDB-LOADER: ACDB -> AUDIO_SET_VOL_CAL cal type = 12
02-24 23:08:21.212  1114  4024 D ACDB-LOADER: ACDB -> ACDB_CMD_GET_AUDPROC_INSTANCE_STREAM_TABLE_SIZE
02-24 23:08:21.212  1114  4024 D ACDB-LOADER: ACDB -> send_audstrmtable
02-24 23:08:21.212  1114  4024 D ACDB-LOADER: ACDB -> ACDB_CMD_GET_AUDPROC_INSTANCE_STREAM_TABLE
02-24 23:08:21.212  1114  4024 D ACDB-LOADER: ACDB -> audstrm_cal->cal_type.cal_data.cal_size = 20
02-24 23:08:21.212  1114  4024 D ACDB-LOADER: ACDB -> send_afe_topology
02-24 23:08:21.212  1114  4024 D ACDB-LOADER: ACDB -> ACDB_CMD_GET_AFE_TOPOLOGY_ID
02-24 23:08:21.212  1114  4024 D ACDB-LOADER: ACDB -> GET_AFE_TOPOLOGY_ID for adcd_id 15, Topology Id 1000b910
02-24 23:08:21.212  1114  4024 D ACDB-LOADER: ACDB -> send_afe_cal
02-24 23:08:21.212  1114  4024 D ACDB-LOADER: ACDB -> ACDB_CMD_GET_AFE_INSTANCE_COMMON_TABLE_SIZE
02-24 23:08:21.212  1114  4024 D ACDB-LOADER: ACDB -> ACDB_CMD_GET_AFE_INSTANCE_COMMON_TABLE
02-24 23:08:21.212  1114  4024 D ACDB-LOADER: ACDB -> AUDIO_SET_AFE_CAL cal_type[16] acdb_id[15]
02-24 23:08:21.212  1114  4024 D ACDB-LOADER: ACDB -> send_hw_delay : acdb_id = 15 path = 0
02-24 23:08:21.212  1114  4024 D ACDB-LOADER: ACDB -> ACDB_AVSYNC_INFO: ACDB_CMD_GET_DEVICE_PROPERTY
02-24 23:08:21.212  1114  4024 D audio_hw_primary: enable_audio_route: apply mixer and update path: low-latency-playback
02-24 23:08:21.212  1114  4024 D audio_route: Apply path: low-latency-playback
02-24 23:08:21.213  1928  2066 V GrammaticalInflectionUtils: AttributionSource: android.content.AttributionSource@9aeff412 does not have READ_SYSTEM_GRAMMATICAL_GENDER permission.
02-24 23:08:21.213  1114  4024 D audio_hw_primary: select_devices: done
02-24 23:08:21.213  1114  4024 D msm8974_platform: platform_set_channel_map mixer_ctl_name:Playback Channel Map9
02-24 23:08:21.213  1928  2066 W OptProp : Cannot read opt property android.window.PROPERTY_COMPAT_ALLOW_RESIZEABLE_ACTIVITY_OVERRIDES
02-24 23:08:21.213  1114  4024 D msm8974_platform: platform_set_channel_map: set mapping(1 2 0 0 0 0 0 0) for channel:2
02-24 23:08:21.214  1928  2066 W OptProp : Cannot read opt property android.window.PROPERTY_COMPAT_ALLOW_MIN_ASPECT_RATIO_OVERRIDE
02-24 23:08:21.216  1124  1124 I android.hardware.power-service-qti: Power setMode: 5 to: 1
02-24 23:08:21.219  1124  1124 E QTI PowerHAL: Failed to acquire lock.
02-24 23:08:21.219  1124  1124 E QTI PowerHAL: Failed process_boost for boost_handle
02-24 23:08:21.219  1124  1124 E QTI PowerHAL: Failed to perform launch boost
02-24 23:08:21.222  4880  4880 D VRI[QuickstepLauncher]: visibilityChanged oldVisibility=false newVisibility=true
02-24 23:08:21.227  1189 16737 D vendor.qti.vibrator: Starting perform on another thread
02-24 23:08:21.229  2763  2876 V WindowManagerShell: Transition requested (#63): android.os.BinderProxy@ac54d34 TransitionRequestInfo { type = OPEN, triggerTask = TaskInfo{userId=0 taskId=950 effectiveUid=10440 displayId=0 isRunning=true baseIntent=Intent { act=android.intent.action.MAIN cat=[android.intent.category.HOME] flg=0x10000100 cmp=com.android.launcher3/.uioverrides.QuickstepLauncher } baseActivity=ComponentInfo{com.android.launcher3/com.android.launcher3.uioverrides.QuickstepLauncher} topActivity=ComponentInfo{com.android.launcher3/com.android.launcher3.uioverrides.QuickstepLauncher} origActivity=null realActivity=ComponentInfo{com.android.launcher3/com.android.launcher3.uioverrides.QuickstepLauncher} numActivities=1 lastActiveTime=1946747 supportsMultiWindow=true resizeMode=2 isResizeable=true minWidth=-1 minHeight=-1 defaultMinSize=220 token=WCT{android.window.IWindowContainerToken$Stub$Proxy@dbfe75d} topActivityType=2 pictureInPictureParams=null shouldDockBigOverlays=false launchIntoPipHostTaskId=-1 lastParentTaskIdBeforePip=-1 displayCutoutSafeInsets=Rect(0, 0 - 0, 0) topActivityInfo=ActivityInfo{22208d2 com.android.launcher3.uioverrides.QuickstepLauncher} launchCookies=[] positionInParent=Point(0, 0) parentTaskId=-1 isFocused=true isVisible=false isVisibleRequested=true isTopActivityNoDisplay=false isSleeping=false locusId=LocusId[17_chars] displayAreaFeatureId=1 isTopActivityTransparent=false isActivityStackTransparent=false lastNonFullscreenBounds=Rect(284, 721 - 796, 1801) capturedLink=null capturedLinkTimestamp=0 requestedVisibleTypes=-9 topActivityRequestOpenInBrowserEducationTimestamp=0 appCompatTaskInfo=AppCompatTaskInfo { topActivityInSizeCompat=false eligibleForLetterboxEducation= false isLetterboxEducationEnabled= false isLetterboxDoubleTapEnabled= false eligibleForUserAspectRatioButton= false topActivityBoundsLetterboxed= false isFromLetterboxDoubleTap= false topActivityLetterboxVerticalPosition= -1 topActivityLetterboxHorizontalPosition= -1 topActivityLetterboxWidth=-1 topActivityLetterboxHeight=-1 topActivityLetterboxAppWidth=-1 topActivityLetterboxAppHeight=-1 isUserFullscreenOverrideEnabled=false isSystemFullscreenOverrideEnabled=false hasMinAspectRatioOverride=false topActivityLetterboxBounds=null cameraCompatTaskInfo=CameraCompatTaskInfo { freeformCameraCompatMode=inactive}} topActivityMainWindowFrame=null}, pipChange = null, remoteTransition = null, displayChange = null, flags = 0, debugId = 63 }
02-24 23:08:21.229  2763  2876 D ShellSplitScreen: logExit: no-op, mLoggerSessionId is null
02-24 23:08:21.230  3269  3269 D ViewRootImpl: Skipping stats log for color mode
02-24 23:08:21.230  1928  2066 I ActivityTaskManager: START u0 {act=android.intent.action.MAIN cat=[android.intent.category.HOME] flg=0x10000100 cmp=com.android.launcher3/.uioverrides.QuickstepLauncher (has extras)} with LAUNCH_SINGLE_TASK from uid 0 (BAL_ALLOW_ALLOWLISTED_UID) result code=2
02-24 23:08:21.234  3405 16706 I Nearby  : (REDACTED) Successfully shutdown executor %s.
02-24 23:08:21.235  3405 16690 I NearbyConnections: ClientProxy(com.digimon.glyph) reporting onPayloadReceived(D2EG, -5042684461432519905), with result: DETAIL_SUCCESS
02-24 23:08:21.235  1928  2554 D BackgroundInstallControlService: Package event received: 0
02-24 23:08:21.237  3269  3269 D OverviewCommandHelper: clearing pending commands: []
02-24 23:08:21.238  4156  8672 D ForegroundUtils: Foreground UID status:
02-24 23:08:21.238  4156  8672 D ForegroundUtils: UID: 10369 is in foreground: false
02-24 23:08:21.239  4156  8672 D ForegroundUtils: UID: 10395 is in foreground: false
02-24 23:08:21.239  4156  8672 D ForegroundUtils: UID: 10440 is in foreground: true
02-24 23:08:21.239  4156  8672 D ForegroundUtils: UID: 10447 is in foreground: true
02-24 23:08:21.239  4156  8672 D ForegroundUtils: UID: 10469 is in foreground: true
02-24 23:08:21.239  4156  8672 D ForegroundUtils: UID: 10654 is in foreground: true
02-24 23:08:21.240  2763  2876 D WindowManagerShell: onActivityRestartAttempt: topActivity=ComponentInfo{com.android.launcher3/com.android.launcher3.uioverrides.QuickstepLauncher}, wasVisible=false
02-24 23:08:21.241  1275  1275 I BpBinder: onLastStrongRef automatically unlinking death recipients: 
02-24 23:08:21.242  1928  2554 D BackgroundInstallControlService: Package event received: 0
02-24 23:08:21.244  1928  2554 D BackgroundInstallControlService: Package event received: 0
02-24 23:08:21.244  1928  2554 D BackgroundInstallControlService: Package event received: 0
02-24 23:08:21.245  2763  2876 D WindowManagerShell: setLauncherKeepClearAreaHeight: visible=true, height=517
02-24 23:08:21.245  3405 16690 I NearbyConnections: ClientProxy(com.digimon.glyph) reporting onPayloadTransferUpdate(D2EG, -5042684461432519905, SUCCESS, 100%) processed(payloadListener:non-null isClientAlive:true)
02-24 23:08:21.245  3405 16690 I NearbyConnections: [AutoResume] numSuccessfulAutoResume = 0, numFailedAutoResume = 0.
02-24 23:08:21.247  3405 16732 I NearbyConnections: [AutoResumeManager] clearPendingPayloadInfo for payloadId = -5042684461432519905, remaining number of payloadIds = 0.
02-24 23:08:21.254  4880  4880 I bvwt    : onStart
02-24 23:08:21.255  1114  4024 D audio_hw_primary: start_output_stream: exit
02-24 23:08:21.256  3269  3269 D BaseDepthController: setSurface:
02-24 23:08:21.256  3269  3269 D BaseDepthController: 	mWaitingOnSurfaceValidity: false
02-24 23:08:21.256  3269  3269 D BaseDepthController: 	mSurface: Surface(name=com.android.launcher3/com.android.launcher3.uioverrides.QuickstepLauncher)/@0xb87b2d
02-24 23:08:21.258  4880  4880 I btvd    : (REDACTED) [%s] onStart()
02-24 23:08:21.259  4880  4880 I btxm    : Reloading theme data
02-24 23:08:21.259  1124  1124 I android.hardware.power-service-qti: Boost 3Not Supported
02-24 23:08:21.261  3269  3269 D StatsLog: LAUNCHER_ONRESUME
02-24 23:08:21.262  4880  4880 I bvwt    : onResume
02-24 23:08:21.269  4880  5336 I edhr    : #onAvailable
02-24 23:08:21.269  2763  3634 V WindowManagerShell: onTransitionReady(transaction=8280696951392)
02-24 23:08:21.270  3269  3319 D QuickstepModelDelegate: notifyAppTargetEvent action=1 launchLocation=workspace/1/[-1,-1]/[1,1]
02-24 23:08:21.270  2763  2876 V WindowManagerShell: onTransitionReady (#63) android.os.BinderProxy@ac54d34: {id=63 t=OPEN f=0x0 trk=0 r=[0@Point(0, 0)] c=[
02-24 23:08:21.270  2763  2876 V WindowManagerShell:         {m=TO_FRONT f=SHOW_WALLPAPER|MOVE_TO_TOP leash=Surface(name=Task=1)/@0xb99eda3 sb=Rect(0, 0 - 1080, 2400) eb=Rect(0, 0 - 1080, 2400) epz=Point(1080, 2400) d=0 taskParent=-1},
02-24 23:08:21.270  2763  2876 V WindowManagerShell:         {m=TO_BACK f=NONE leash=Surface(name=Task=958)/@0x60408a0 sb=Rect(0, 0 - 1080, 2400) eb=Rect(0, 0 - 1080, 2400) epz=Point(1080, 2400) d=0 taskParent=-1},
02-24 23:08:21.270  2763  2876 V WindowManagerShell:         {m=TO_FRONT f=IS_WALLPAPER leash=Surface(name=WallpaperWindowToken{dccac9f token=android.os.Binder@194b63e})/@0x6189c59 sb=Rect(0, 0 - 1080, 2400) eb=Rect(0, 0 - 1080, 2400) epz=Point(1080, 2400) d=0}
02-24 23:08:21.270  2763  2876 V WindowManagerShell:     ]}
02-24 23:08:21.271  2763  2876 V WindowManagerShell: Playing animation for (#63) android.os.BinderProxy@ac54d34@0
02-24 23:08:21.271  2763  2876 V ShellRecents: RecentsTransitionHandler.startAnimation: no controller found
02-24 23:08:21.271  2763  2876 V WindowManagerShell: Transition doesn't have explicit remote, search filters for match for {id=63 t=OPEN f=0x0 trk=0 r=[0@Point(0, 0)] c=[{m=TO_FRONT f=SHOW_WALLPAPER|MOVE_TO_TOP leash=Surface(name=Task=1)/@0xb99eda3 sb=Rect(0, 0 - 1080, 2400) eb=Rect(0, 0 - 1080, 2400) epz=Point(1080, 2400) d=0 taskParent=-1},{m=TO_BACK f=NONE leash=Surface(name=Task=958)/@0x60408a0 sb=Rect(0, 0 - 1080, 2400) eb=Rect(0, 0 - 1080, 2400) epz=Point(1080, 2400) d=0 taskParent=-1},{m=TO_FRONT f=IS_WALLPAPER leash=Surface(name=WallpaperWindowToken{dccac9f token=android.os.Binder@194b63e})/@0x6189c59 sb=Rect(0, 0 - 1080, 2400) eb=Rect(0, 0 - 1080, 2400) epz=Point(1080, 2400) d=0}]}
02-24 23:08:21.271  2763  2876 V WindowManagerShell:  Checking filter Pair{{types=[] flags=0x0] notFlags=0x100 checks=[{atype=home independent=true modes=[OPEN,TO_FRONT] flags=NONE mustBeTask=false order=TOP topActivity=ComponentInfo{com.android.launcher3/com.android.launcher3.uioverrides.QuickstepLauncher} launchCookie=null windowingMode=undefined},{atype=standard independent=true modes=[CLOSE,TO_BACK] flags=NONE mustBeTask=false order=ANY topActivity=null launchCookie=null windowingMode=undefined},{NOT atype=undefined independent=true modes=[] flags=NONE mustBeTask=true order=ANY topActivity=null launchCookie=null customAnim=true windowingMode=undefined}]} RemoteTransition { remoteTransition = android.window.IRemoteTransition$Stub$Proxy@ef9f0f3, appThread = android.app.IApplicationThread$Stub$Proxy@6c7d1b0, debugName = QuickstepLaunchHome }}
02-24 23:08:21.271  2763  2876 D RemoteTransitionHandler: Found filterPair{{types=[] flags=0x0] notFlags=0x100 checks=[{atype=home independent=true modes=[OPEN,TO_FRONT] flags=NONE mustBeTask=false order=TOP topActivity=ComponentInfo{com.android.launcher3/com.android.launcher3.uioverrides.QuickstepLauncher} launchCookie=null windowingMode=undefined},{atype=standard independent=true modes=[CLOSE,TO_BACK] flags=NONE mustBeTask=false order=ANY topActivity=null launchCookie=null windowingMode=undefined},{NOT atype=undefined independent=true modes=[] flags=NONE mustBeTask=true order=ANY topActivity=null launchCookie=null customAnim=true windowingMode=undefined}]} RemoteTransition { remoteTransition = android.window.IRemoteTransition$Stub$Proxy@ef9f0f3, appThread = android.app.IApplicationThread$Stub$Proxy@6c7d1b0, debugName = QuickstepLaunchHome }}
02-24 23:08:21.271  2763  2876 V WindowManagerShell:  Delegate animation for (#63) to RemoteTransition { remoteTransition = android.window.IRemoteTransition$Stub$Proxy@ef9f0f3, appThread = android.app.IApplicationThread$Stub$Proxy@6c7d1b0, debugName = QuickstepLaunchHome }
02-24 23:08:21.276  3702  3702 D BoundBrokerSvc: onRebind: Intent { act=com.google.android.gms.inappreach.service.START dat=chimera-action:/... cmp=com.google.android.gms/.chimera.GmsApiService }
02-24 23:08:21.276  1928  2299 D ConnectivityService: NetReassign [no changes] [c 7] [a 1] [i 8]
02-24 23:08:21.279  1928  2554 D BackgroundInstallControlService: Package event received: 0
02-24 23:08:21.280  1124  1124 I android.hardware.power-service-qti: Power setMode: 5 to: 0
02-24 23:08:21.280  2763  2876 V WindowManagerShell:  animated by com.android.wm.shell.transition.RemoteTransitionHandler@ea9bc24
02-24 23:08:21.282  1928  4247 W UserManagerService: Requested status bar icon for non-badged user 0
02-24 23:08:21.283  3269  3269 D StateManager: createAtomicAnimation - fromState: Background, toState: Normal, partial trace:
02-24 23:08:21.283  3269  3269 D StateManager: 	at com.android.quickstep.util.ScalingWorkspaceRevealAnim.<init>(ScalingWorkspaceRevealAnim.kt:89)
02-24 23:08:21.283  3269  3269 D StateManager: 	at com.android.launcher3.QuickstepTransitionManager.createWallpaperOpenAnimations(QuickstepTransitionManager.java:1719)
02-24 23:08:21.283  3269  3269 D StateManager: 	at com.android.launcher3.QuickstepTransitionManager$WallpaperOpenLauncherAnimationRunner.onAnimationStart(QuickstepTransitionManager.java:1852)
02-24 23:08:21.283  3269  3269 D b/311077782: LauncherAnimationRunner.setAnimation
02-24 23:08:21.285  1928  2065 V WindowManager: Sent Transition (#63) createdAt=02-24 23:08:21.214 via request=TransitionRequestInfo { type = OPEN, triggerTask = TaskInfo{userId=0 taskId=950 effectiveUid=10440 displayId=0 isRunning=true baseIntent=Intent { act=android.intent.action.MAIN cat=[android.intent.category.HOME] flg=0x10000100 cmp=com.android.launcher3/.uioverrides.QuickstepLauncher } baseActivity=ComponentInfo{com.android.launcher3/com.android.launcher3.uioverrides.QuickstepLauncher} topActivity=ComponentInfo{com.android.launcher3/com.android.launcher3.uioverrides.QuickstepLauncher} origActivity=null realActivity=ComponentInfo{com.android.launcher3/com.android.launcher3.uioverrides.QuickstepLauncher} numActivities=1 lastActiveTime=1946747 supportsMultiWindow=true resizeMode=2 isResizeable=true minWidth=-1 minHeight=-1 defaultMinSize=220 token=WCT{RemoteToken{461f2d6 Task{bc94fd6 #950 type=home I=com.android.launcher3/.uioverrides.QuickstepLauncher}}} topActivityType=2 pictureInPictureParams=null shouldDockBigOverlays=false launchIntoPipHostTaskId=-1 lastParentTaskIdBeforePip=-1 displayCutoutSafeInsets=Rect(0, 0 - 0, 0) topActivityInfo=ActivityInfo{3bfc614 com.android.launcher3.uioverrides.QuickstepLauncher} launchCookies=[] positionInParent=Point(0, 0) parentTaskId=-1 isFocused=true isVisible=false isVisibleRequested=true isTopActivityNoDisplay=false isSleeping=false locusId=LocusId[17_chars] displayAreaFeatureId=1 isTopActivityTransparent=false isActivityStackTransparent=false lastNonFullscreenBounds=Rect(284, 721 - 796, 1801) capturedLink=null capturedLinkTimestamp=0 requestedVisibleTypes=-9 topActivityRequestOpenInBrowserEducationTimestamp=0 appCompatTaskInfo=AppCompatTaskInfo { topActivityInSizeCompat=false eligibleForLetterboxEducation= false isLetterboxEducationEnabled= false isLetterboxDoubleTapEnabled= false eligibleForUserAspectRatioButton= false topActivityBoundsLetterboxed= false isFromLetterboxDoubleTap= false topActivityLetterboxVerticalPosition= -1 topActivityLetterboxHorizontalPosition= -1 topActivityLetterboxWidth=-1 topActivityLetterboxHeight=-1 topActivityLetterboxAppWidth=-1 topActivityLetterboxAppHeight=-1 isUserFullscreenOverrideEnabled=false isSystemFullscreenOverrideEnabled=false hasMinAspectRatioOverride=false topActivityLetterboxBounds=null cameraCompatTaskInfo=CameraCompatTaskInfo { freeformCameraCompatMode=inactive}} topActivityMainWindowFrame=null}, pipChange = null, remoteTransition = null, displayChange = null, flags = 0, debugId = 63 }
02-24 23:08:21.285  1928  2065 V WindowManager:     startWCT=WindowContainerTransaction { changes= {} hops= [] errorCallbackToken=null taskFragmentOrganizer=null }
02-24 23:08:21.285  1928  2065 V WindowManager:     info={id=63 t=OPEN f=0x0 trk=0 r=[0@Point(0, 0)] c=[
02-24 23:08:21.285  1928  2065 V WindowManager:         {WCT{RemoteToken{bf5d705 Task{a4698ab #1 type=home}}} m=TO_FRONT f=SHOW_WALLPAPER|MOVE_TO_TOP leash=Surface(name=Task=1)/@0x1e7df52 sb=Rect(0, 0 - 1080, 2400) eb=Rect(0, 0 - 1080, 2400) epz=Point(1080, 2400) d=0 taskParent=-1},
02-24 23:08:21.285  1928  2065 V WindowManager:         {WCT{RemoteToken{a10579d Task{9fdc92d #958 type=standard A=10654:com.digimon.glyph}}} m=TO_BACK f=NONE leash=Surface(name=Task=958)/@0x9463e47 sb=Rect(0, 0 - 1080, 2400) eb=Rect(0, 0 - 1080, 2400) epz=Point(1080, 2400) d=0 taskParent=-1},
02-24 23:08:21.285  1928  2065 V WindowManager:         {m=TO_FRONT f=IS_WALLPAPER leash=Surface(name=WallpaperWindowToken{dccac9f token=android.os.Binder@194b63e})/@0x7d6c56f sb=Rect(0, 0 - 1080, 2400) eb=Rect(0, 0 - 1080, 2400) epz=Point(1080, 2400) d=0}
02-24 23:08:21.285  1928  2065 V WindowManager:     ]}
02-24 23:08:21.286  1928  4247 D ConnectivityService: requestNetwork for uid/pid:10447/2763 asUid: 10440 activeRequest: null callbackRequest: 738 [NetworkRequest [ REQUEST id=739, [ Capabilities: INTERNET&NOT_RESTRICTED&TRUSTED&NOT_VCN_MANAGED&NOT_BANDWIDTH_CONSTRAINED Uid: 10440 RequestorUid: 10447 RequestorPkg: com.android.systemui UnderlyingNetworks: Null] ]] callback flags: 0 order: 2147483647 isUidTracked: false declaredMethods: ALL
02-24 23:08:21.288  3269  3319 I droid.launcher3: AssetManager2(0xb400007c07645258) locale list changing from [] to [es-ES]
02-24 23:08:21.290  1928  2299 D ConnectivityService: NetReassign [739 : null → 100] [c 1] [a 1] [i 0]
02-24 23:08:21.291  1928  2287 D WifiNetworkFactory: got request NetworkRequest [ REQUEST id=739, [ Capabilities: INTERNET&NOT_RESTRICTED&TRUSTED&NOT_VCN_MANAGED&NOT_BANDWIDTH_CONSTRAINED Uid: 10440 RequestorUid: 10447 RequestorPkg: com.android.systemui UnderlyingNetworks: Null] ]
02-24 23:08:21.291  1928  2287 D UntrustedWifiNetworkFactory: got request NetworkRequest [ REQUEST id=739, [ Capabilities: INTERNET&NOT_RESTRICTED&TRUSTED&NOT_VCN_MANAGED&NOT_BANDWIDTH_CONSTRAINED Uid: 10440 RequestorUid: 10447 RequestorPkg: com.android.systemui UnderlyingNetworks: Null] ]
02-24 23:08:21.291  1928  2287 D OemPaidWifiNetworkFactory: got request NetworkRequest [ REQUEST id=739, [ Capabilities: INTERNET&NOT_RESTRICTED&TRUSTED&NOT_VCN_MANAGED&NOT_BANDWIDTH_CONSTRAINED Uid: 10440 RequestorUid: 10447 RequestorPkg: com.android.systemui UnderlyingNetworks: Null] ]
02-24 23:08:21.291  1928  2287 D MultiInternetWifiNetworkFactory: got request NetworkRequest [ REQUEST id=739, [ Capabilities: INTERNET&NOT_RESTRICTED&TRUSTED&NOT_VCN_MANAGED&NOT_BANDWIDTH_CONSTRAINED Uid: 10440 RequestorUid: 10447 RequestorPkg: com.android.systemui UnderlyingNetworks: Null] ]
02-24 23:08:21.310  1928  2271 I ImeTracker: com.android.launcher3:b92cd7a5: onRequestHide at ORIGIN_SERVER reason HIDE_UNSPECIFIED_WINDOW fromUser false
02-24 23:08:21.312  3269  3269 D InsetsController: hide(ime(), fromIme=false)
02-24 23:08:21.312  3269  3269 I ImeTracker: com.android.launcher3:b92cd7a5: onCancelled at PHASE_CLIENT_ALREADY_HIDDEN
02-24 23:08:21.323  6142  6142 W z       : onStartInput event aborted
02-24 23:08:21.323  6142  6142 W z       : sb0.x: could not obtain extracted text
02-24 23:08:21.323  6142  6142 W z       : 	at sb0.o0.G(Unknown Source:329)
02-24 23:08:21.323  6142  6142 W z       : 	at t60.z.h(Unknown Source:282)
02-24 23:08:21.323  6142  6142 W z       : 	at t60.v2.h(Unknown Source:2)
02-24 23:08:21.323  6142  6142 W z       : 	at com.touchtype.KeyboardService.onStartInput(Unknown Source:11)
02-24 23:08:21.323  6142  6142 W z       : 	at android.inputmethodservice.InputMethodService.doStartInput(InputMethodService.java:3504)
02-24 23:08:21.323  6142  6142 W z       : 	at android.inputmethodservice.InputMethodService$InputMethodImpl.startInput(InputMethodService.java:883)
02-24 23:08:21.323  6142  6142 W z       : 	at android.inputmethodservice.InputMethodService$InputMethodImpl.dispatchStartInput(InputMethodService.java:912)
02-24 23:08:21.323  6142  6142 W z       : 	at android.inputmethodservice.IInputMethodWrapper.executeMessage(IInputMethodWrapper.java:201)
02-24 23:08:21.323  6142  6142 W z       : 	at com.android.internal.os.HandlerCaller$MyHandler.handleMessage(HandlerCaller.java:44)
02-24 23:08:21.323  6142  6142 W z       : 	at android.os.Handler.dispatchMessage(Handler.java:109)
02-24 23:08:21.323  6142  6142 W z       : 	at android.os.Looper.loopOnce(Looper.java:232)
02-24 23:08:21.323  6142  6142 W z       : 	at android.os.Looper.loop(Looper.java:317)
02-24 23:08:21.323  6142  6142 W z       : 	at android.app.ActivityThread.main(ActivityThread.java:8935)
02-24 23:08:21.323  6142  6142 W z       : 	at java.lang.reflect.Method.invoke(Native Method)
02-24 23:08:21.323  6142  6142 W z       : 	at com.android.internal.os.RuntimeInit$MethodAndArgsCaller.run(RuntimeInit.java:594)
02-24 23:08:21.323  6142  6142 W z       : 	at com.android.internal.os.ZygoteInit.main(ZygoteInit.java:911)
02-24 23:08:21.340  1116  3514 I vendor.qti.bluetooth@1.0-ibs_handler: DeviceSleep: TX Awake, Sending SLEEP_IND
02-24 23:08:21.340  1116  3514 D vendor.qti.bluetooth@1.0-ibs_handler: SerialClockVote: vote for UART CLK OFF
02-24 23:08:21.378  1189 16737 D vendor.qti.vibrator: Notifying perform complete
02-24 23:08:21.379  1189  1189 D vendor.qti.vibrator: QTI Vibrator off
02-24 23:08:21.434  1124  1124 E QTI PowerHAL: Failed to acquire lock.
02-24 23:08:21.434  1124  1124 E QTI PowerHAL: Failed process_boost for boost_handle
02-24 23:08:21.441  1264  2320 D audioserver: logFgsApiEnd: FGS Logger Transaction failed, -129
02-24 23:08:21.491  1116  3163 D vendor.qti.bluetooth@1.0-wake_lock: Release wakelock is released 
02-24 23:08:21.499  3269  3269 D StatsLog: LAUNCHER_TASKBAR_OVERVIEW_BUTTON_TAP
02-24 23:08:21.499  3269  3269 D OverviewCommandHelper: command added: CommandInfo(type=TOGGLE, status=IDLE, createTime=1947024, animationCallbacks=null)
02-24 23:08:21.499  3269  3269 D OverviewCommandHelper: execute: CommandInfo(type=TOGGLE, status=IDLE, createTime=1947024, animationCallbacks=null) - queue size: 1
02-24 23:08:21.500  3269  3269 D OverviewCommandHelper: executing command: CommandInfo(type=TOGGLE, status=PROCESSING, createTime=1947024, animationCallbacks=null)
02-24 23:08:21.500  3269  3269 D OverviewCommandHelper: executeCommand: CommandInfo(type=TOGGLE, status=PROCESSING, createTime=1947024, animationCallbacks=null) - visibleRecentsView: null
02-24 23:08:21.501  3269  3269 D StateManager: goToState - fromState: Normal, toState: Overview, partial trace:
02-24 23:08:21.501  3269  3269 D StateManager: 	at com.android.quickstep.LauncherActivityInterface.switchToRecentsIfVisible(LauncherActivityInterface.java:222)
02-24 23:08:21.501  3269  3269 D StateManager: 	at com.android.quickstep.OverviewCommandHelper.executeWhenRecentsIsNotVisible(OverviewCommandHelper.kt:340)
02-24 23:08:21.501  3269  3269 D StateManager: 	at com.android.quickstep.OverviewCommandHelper.executeCommand(OverviewCommandHelper.kt:175)
02-24 23:08:21.502  3269  3269 D StateManager: cancelAnimation - with ongoing animation, partial trace:
02-24 23:08:21.502  3269  3269 D StateManager: 	at com.android.launcher3.statemanager.StateManager.goToState(StateManager.java:277)
02-24 23:08:21.502  3269  3269 D StateManager: 	at com.android.launcher3.statemanager.StateManager.goToState(StateManager.java:187)
02-24 23:08:21.502  3269  3269 D StateManager: 	at com.android.quickstep.LauncherActivityInterface.switchToRecentsIfVisible(LauncherActivityInterface.java:222)
02-24 23:08:21.502  3269  3269 D ScalingWorkspaceRevealAnim: onAnimationCancel
02-24 23:08:21.502  3269  3269 D ScalingWorkspaceRevealAnim: alpha of workspace at the end of animation: 1.0
02-24 23:08:21.503  3269  3269 D OverviewCommandHelper: switching to Overview state - waiting: CommandInfo(type=TOGGLE, status=PROCESSING, createTime=1947024, animationCallbacks=null)
02-24 23:08:21.503  3269  3269 D OverviewCommandHelper: command executed: CommandInfo(type=TOGGLE, status=PROCESSING, createTime=1947024, animationCallbacks=null) with result: false
02-24 23:08:21.503  3269  3269 D OverviewCommandHelper: waiting for command callback: CommandInfo(type=TOGGLE, status=PROCESSING, createTime=1947024, animationCallbacks=null)
02-24 23:08:21.508  1189  1189 D vendor.qti.vibrator: Vibrator perform effect 0
02-24 23:08:21.508  3269  3269 D StateManager: onStateTransitionStart - state: Overview
02-24 23:08:21.508  3269  3269 D RecentsView: updateTaskStackListenerState: true
02-24 23:08:21.508  3269  3269 D RecentsView: reloadIfNeeded - getTasks: 110
02-24 23:08:21.509  3269  3269 D OverviewCommandHelper: switching to Overview state - onAnimationStart: CommandInfo(type=TOGGLE, status=PROCESSING, createTime=1947024, animationCallbacks=null)
02-24 23:08:21.510  3269  3269 D StatsLog: LAUNCHER_OVERVIEW_SHOW_OVERVIEW_FROM_3_BUTTON
02-24 23:08:21.510  1264  2429 D audioserver: logFgsApiBegin: FGS Logger Transaction failed, -129
02-24 23:08:21.510  1928  4219 W AS.PlaybackActivityMon: No piid assigned for invalid/internal port id 29
02-24 23:08:21.513  2763  2876 V WindowManagerShell: Transition animation finished (aborted=false), notifying core (#63) android.os.BinderProxy@ac54d34@0
02-24 23:08:21.519  1928  2065 V WindowManager: Finish Transition (#63): created at 02-24 23:08:21.214 collect-started=0.112ms request-sent=11.608ms started=18.551ms ready=18.501ms sent=52.334ms finished=303.865ms
02-24 23:08:21.523 16494 16494 D VRI[RomLoaderActivity]: visibilityChanged oldVisibility=true newVisibility=false
02-24 23:08:21.524  2763  2876 V WindowManagerShell: Track 0 became idle
02-24 23:08:21.524  2763  2876 V WindowManagerShell: All active transition animations finished
02-24 23:08:21.526  1928  3253 W UserManagerService: Requested status bar icon for non-badged user 0
02-24 23:08:21.527  1928  4234 W UserManagerService: Requested status bar icon for non-badged user 0
02-24 23:08:21.528  4156  8672 D ForegroundUtils: Foreground UID status:
02-24 23:08:21.528  4156  8672 D ForegroundUtils: UID: 10369 is in foreground: false
02-24 23:08:21.528  4156  8672 D ForegroundUtils: UID: 10395 is in foreground: false
02-24 23:08:21.528  4156  8672 D ForegroundUtils: UID: 10440 is in foreground: true
02-24 23:08:21.528  4156  8672 D ForegroundUtils: UID: 10447 is in foreground: true
02-24 23:08:21.528  4156  8672 D ForegroundUtils: UID: 10469 is in foreground: true
02-24 23:08:21.528  4156  8672 D ForegroundUtils: UID: 10654 is in foreground: false
02-24 23:08:21.540  3269  3269 D RecentsView: applyLoadPlan - taskGroups: [type=SINGLE task1=[id=945 windowingMode=0 user=0 lastActiveTime=26604] null task2=null, type=SINGLE task1=[id=947 windowingMode=0 user=0 lastActiveTime=26605] null task2=null, type=SINGLE task1=[id=951 windowingMode=1 user=0 lastActiveTime=725387] null task2=null, type=SINGLE task1=[id=955 windowingMode=1 user=0 lastActiveTime=1576027] null task2=null, type=SINGLE task1=[id=958 windowingMode=1 user=0 lastActiveTime=1946743] null task2=null]
02-24 23:08:21.557  1189 16741 D vendor.qti.vibrator: Starting perform on another thread
02-24 23:08:21.560  1928  2554 D BackgroundInstallControlService: Package event received: 0
02-24 23:08:21.569  1928  2554 D BackgroundInstallControlService: Package event received: 0
02-24 23:08:21.611  1928  2501 D AppWidgetServiceImpl: Trying to notify widget update for package com.digimon.glyph with widget id: 8
02-24 23:08:21.616  3405 16734 I NearbyConnections: ClientProxy(com.digimon.glyph) reporting onPayloadReceived(D2EG, -4749708867735547257), with result: DETAIL_SUCCESS
02-24 23:08:21.619  3405  8278 I NearbyConnections: Client 198644749 is sending payload -7924385654280457758 of type BYTES to endpoints [D2EG].
02-24 23:08:21.620  3405 16732 I NearbyMediums: Create a BlockingPayloadChunkQueue with size 10.
02-24 23:08:21.625  3405 16732 I Nearby  : (REDACTED) Successfully shutdown executor %s.
02-24 23:08:21.626  3405 16734 I NearbyConnections: ClientProxy(com.digimon.glyph) reporting onPayloadTransferUpdate(D2EG, -7924385654280457758, SUCCESS, 100%) processed(payloadListener:non-null isClientAlive:true)
02-24 23:08:21.626  3405 16732 I Nearby  : (REDACTED) Successfully shutdown executor %s.
02-24 23:08:21.628  3405 16734 I NearbyConnections: [AutoResume] numSuccessfulAutoResume = 0, numFailedAutoResume = 0.
02-24 23:08:21.628  3405 16732 I NearbyConnections: [AutoResumeManager] clearPendingPayloadInfo for payloadId = -7924385654280457758, remaining number of payloadIds = 0.
02-24 23:08:21.653  3405 16706 I Nearby  : (REDACTED) Successfully shutdown executor %s.
02-24 23:08:21.654  3405 16734 I NearbyConnections: ClientProxy(com.digimon.glyph) reporting onPayloadTransferUpdate(D2EG, -4749708867735547257, SUCCESS, 100%) processed(payloadListener:non-null isClientAlive:true)
02-24 23:08:21.655  3405 16734 I NearbyConnections: [AutoResume] numSuccessfulAutoResume = 0, numFailedAutoResume = 0.
02-24 23:08:21.656  3405 16732 I NearbyConnections: [AutoResumeManager] clearPendingPayloadInfo for payloadId = -4749708867735547257, remaining number of payloadIds = 0.
02-24 23:08:21.660  3405  8278 I NearbyConnections: Client 198644749 is sending payload -7961955194772527764 of type BYTES to endpoints [D2EG].
02-24 23:08:21.661  3405 16734 I NearbyMediums: Create a BlockingPayloadChunkQueue with size 10.
02-24 23:08:21.667  3405 16734 I Nearby  : (REDACTED) Successfully shutdown executor %s.
02-24 23:08:21.667  3405 16734 I Nearby  : (REDACTED) Successfully shutdown executor %s.
02-24 23:08:21.669  3405 16690 I NearbyConnections: ClientProxy(com.digimon.glyph) reporting onPayloadTransferUpdate(D2EG, -7961955194772527764, SUCCESS, 100%) processed(payloadListener:non-null isClientAlive:true)
02-24 23:08:21.669  3405 16690 I NearbyConnections: [AutoResume] numSuccessfulAutoResume = 0, numFailedAutoResume = 0.
02-24 23:08:21.670  3405 16734 I NearbyConnections: [AutoResumeManager] clearPendingPayloadInfo for payloadId = -7961955194772527764, remaining number of payloadIds = 0.
02-24 23:08:21.681  1264  2320 D audioserver: logFgsApiEnd: FGS Logger Transaction failed, -129
02-24 23:08:21.708  1189 16741 D vendor.qti.vibrator: Notifying perform complete
02-24 23:08:21.709  1189  1189 D vendor.qti.vibrator: QTI Vibrator off
02-24 23:08:21.735  3405 16734 I NearbyConnections: ClientProxy(com.digimon.glyph) reporting onPayloadReceived(D2EG, -5849264668133458608), with result: DETAIL_SUCCESS
02-24 23:08:21.741  3405 16734 I NearbyConnections: ClientProxy(com.digimon.glyph) reporting onPayloadTransferUpdate(D2EG, -5849264668133458608, SUCCESS, 100%) processed(payloadListener:non-null isClientAlive:true)
02-24 23:08:21.742  3405 16706 I Nearby  : (REDACTED) Successfully shutdown executor %s.
02-24 23:08:21.742  3405 16734 I NearbyConnections: [AutoResume] numSuccessfulAutoResume = 0, numFailedAutoResume = 0.
02-24 23:08:21.742  3405 16690 I NearbyConnections: [AutoResumeManager] clearPendingPayloadInfo for payloadId = -5849264668133458608, remaining number of payloadIds = 0.
02-24 23:08:21.767  3269  3269 D StateManager: onStateTransitionEnd - state: Overview
02-24 23:08:21.767  3269  3269 D OverviewCommandHelper: switching to Overview state - onAnimationEnd: CommandInfo(type=TOGGLE, status=PROCESSING, createTime=1947024, animationCallbacks=null)
02-24 23:08:21.767  3269  3269 D OverviewCommandHelper: command executed: CommandInfo(type=TOGGLE, status=PROCESSING, createTime=1947024, animationCallbacks=null) with result: true
02-24 23:08:21.772  3269  3269 D OverviewCommandHelper: command executed successfully! CommandInfo(type=TOGGLE, status=COMPLETED, createTime=1947024, animationCallbacks=null)
02-24 23:08:21.772  3269  3269 D OverviewCommandHelper: no pending commands to be executed.
02-24 23:08:21.914  1116  3510 I vendor.qti.bluetooth@1.0-ibs_handler: ProcessIbsCmd: Received IBS_WAKE_IND: 0xFD
02-24 23:08:21.914  1116  3510 D vendor.qti.bluetooth@1.0-ibs_handler: SerialClockVote: vote for UART CLK ON
02-24 23:08:21.915  1116  3510 D vendor.qti.bluetooth@1.0-wake_lock: Acquire wakelock is acquired 
02-24 23:08:21.915  1116  3510 I vendor.qti.bluetooth@1.0-ibs_handler: ProcessIbsCmd: Writing IBS_WAKE_ACK
02-24 23:08:21.956  1116  3510 I vendor.qti.bluetooth@1.0-ibs_handler: ProcessIbsCmd: Received IBS_SLEEP_IND: 0xFE
02-24 23:08:21.956  1116  3510 D vendor.qti.bluetooth@1.0-ibs_handler: SerialClockVote: vote for UART CLK OFF
02-24 23:08:22.017  3405  4493 I Nearby  : (REDACTED) is blocked device type %s, isAuto=%s, isIot=%s, isLatchsky=%s, isChinaWearable=%s, isTv=%s, isWearable=%s (supportWearOs=%s), isChromeOsDevice=%s (supportChromeOs=%s)
02-24 23:08:22.019  3405  4493 I NearbyDiscovery: (REDACTED) DiscoveryController, showNotification, itemSize=%s
02-24 23:08:22.019  3405  4493 I NearbyDiscovery: (REDACTED) Show notifications: %d total, no changes since last shown, no-op.
02-24 23:08:22.106  1116  3163 D vendor.qti.bluetooth@1.0-wake_lock: Release wakelock is released 
02-24 23:08:22.317  3405 16734 I NearbyConnections: ClientProxy(com.digimon.glyph) reporting onPayloadReceived(D2EG, -8120290798762877476), with result: DETAIL_SUCCESS
02-24 23:08:22.324  3405  8278 I NearbyConnections: Client 198644749 is sending payload -6499395370630485283 of type BYTES to endpoints [D2EG].
02-24 23:08:22.326  3405 16734 I NearbyMediums: Create a BlockingPayloadChunkQueue with size 10.
02-24 23:08:22.331  3405 16706 I Nearby  : (REDACTED) Successfully shutdown executor %s.
02-24 23:08:22.331  3405 16734 I Nearby  : (REDACTED) Successfully shutdown executor %s.
02-24 23:08:22.331  3405 16734 I Nearby  : (REDACTED) Successfully shutdown executor %s.
02-24 23:08:22.332  3405 16690 I NearbyConnections: ClientProxy(com.digimon.glyph) reporting onPayloadTransferUpdate(D2EG, -8120290798762877476, SUCCESS, 100%) processed(payloadListener:non-null isClientAlive:true)
02-24 23:08:22.333  3405 16690 I NearbyConnections: [AutoResume] numSuccessfulAutoResume = 0, numFailedAutoResume = 0.
02-24 23:08:22.334  3405 16734 I NearbyConnections: [AutoResumeManager] clearPendingPayloadInfo for payloadId = -8120290798762877476, remaining number of payloadIds = 0.
02-24 23:08:22.334  3405 16690 I NearbyConnections: ClientProxy(com.digimon.glyph) reporting onPayloadTransferUpdate(D2EG, -6499395370630485283, SUCCESS, 100%) processed(payloadListener:non-null isClientAlive:true)
02-24 23:08:22.334  3405 16690 I NearbyConnections: [AutoResume] numSuccessfulAutoResume = 0, numFailedAutoResume = 0.
02-24 23:08:22.335  3405 16734 I NearbyConnections: [AutoResumeManager] clearPendingPayloadInfo for payloadId = -6499395370630485283, remaining number of payloadIds = 0.
02-24 23:08:22.412  3405  8278 I NearbyConnections: Client 198644749 is sending payload -8416093242395031950 of type BYTES to endpoints [D2EG].
02-24 23:08:22.413  3405 16734 I NearbyMediums: Create a BlockingPayloadChunkQueue with size 10.
02-24 23:08:22.418  3405 16734 I Nearby  : (REDACTED) Successfully shutdown executor %s.
02-24 23:08:22.418  3405 16734 I Nearby  : (REDACTED) Successfully shutdown executor %s.
02-24 23:08:22.418  3405 16732 I NearbyConnections: ClientProxy(com.digimon.glyph) reporting onPayloadTransferUpdate(D2EG, -8416093242395031950, SUCCESS, 100%) processed(payloadListener:non-null isClientAlive:true)
02-24 23:08:22.418  3405 16732 I NearbyConnections: [AutoResume] numSuccessfulAutoResume = 0, numFailedAutoResume = 0.
02-24 23:08:22.419  3405 16734 I NearbyConnections: [AutoResumeManager] clearPendingPayloadInfo for payloadId = -8416093242395031950, remaining number of payloadIds = 0.
02-24 23:08:22.433  3405 16732 I NearbyConnections: ClientProxy(com.digimon.glyph) reporting onPayloadReceived(D2EG, -7355071263703562352), with result: DETAIL_SUCCESS
02-24 23:08:22.473  3405 16706 I Nearby  : (REDACTED) Successfully shutdown executor %s.
02-24 23:08:22.474  3405 16732 I NearbyConnections: ClientProxy(com.digimon.glyph) reporting onPayloadTransferUpdate(D2EG, -7355071263703562352, SUCCESS, 100%) processed(payloadListener:non-null isClientAlive:true)
02-24 23:08:22.474  3405 16734 I NearbyConnections: [AutoResumeManager] clearPendingPayloadInfo for payloadId = -7355071263703562352, remaining number of payloadIds = 0.
02-24 23:08:22.474  3405 16732 I NearbyConnections: [AutoResume] numSuccessfulAutoResume = 0, numFailedAutoResume = 0.
02-24 23:08:22.478  1124  1124 E QTI PowerHAL: Failed to acquire lock.
02-24 23:08:22.478  1124  1124 E QTI PowerHAL: Failed process_boost for boost_handle
02-24 23:08:22.533  3269  3269 D StatsLog: LAUNCHER_TASKBAR_HOME_BUTTON_TAP
02-24 23:08:22.536  1264  2429 D audioserver: logFgsApiBegin: FGS Logger Transaction failed, -129
02-24 23:08:22.536  1189  1189 D vendor.qti.vibrator: Vibrator perform effect 0
02-24 23:08:22.538  1928  4219 W AS.PlaybackActivityMon: No piid assigned for invalid/internal port id 29
02-24 23:08:22.548  1928  2066 W ActivityTaskManager: callingPackage for (uid=-1, pid=0) has no WPC
02-24 23:08:22.551  1928  2066 W ActivityStartInterceptor: The home Intent is not correctly formatted
02-24 23:08:22.552  1928  2066 D ActivityStartInterceptor: Purge home intent component, ComponentInfo{com.android.launcher3/com.android.launcher3.uioverrides.QuickstepLauncher}
02-24 23:08:22.554  1928  2066 V GrammaticalInflectionUtils: AttributionSource: android.content.AttributionSource@9aeff412 does not have READ_SYSTEM_GRAMMATICAL_GENDER permission.
02-24 23:08:22.554  1928  2066 W OptProp : Cannot read opt property android.window.PROPERTY_COMPAT_ALLOW_RESIZEABLE_ACTIVITY_OVERRIDES
02-24 23:08:22.555  1928  2066 W OptProp : Cannot read opt property android.window.PROPERTY_COMPAT_ALLOW_MIN_ASPECT_RATIO_OVERRIDE
02-24 23:08:22.560  2763  3634 D KeyguardService: setOccluded(false)
02-24 23:08:22.560  2763  3634 D KeyguardViewMediator: setOccluded(false)
02-24 23:08:22.560  2763  2763 D KeyguardViewMediator: handleSetOccluded(false)
02-24 23:08:22.560  1928  2066 I ActivityTaskManager: START u0 {act=android.intent.action.MAIN cat=[android.intent.category.HOME] flg=0x10000100 cmp=com.android.launcher3/.uioverrides.QuickstepLauncher (has extras)} with LAUNCH_SINGLE_TASK from uid 0 (BAL_ALLOW_ALLOWLISTED_UID) result code=3
02-24 23:08:22.560  2763  2763 D KeyguardViewMediator: KeyguardViewMediator queue processing message: SET_OCCLUDED
02-24 23:08:22.561  3269  3269 W SplitSelectStateCtor: Missing session instanceIds
02-24 23:08:22.561  3269  3269 D StatsLog: LAUNCHER_SPLIT_SELECTION_EXIT_INTERRUPTED
02-24 23:08:22.561  2763  2876 D WindowManagerShell: onActivityRestartAttempt: topActivity=ComponentInfo{com.android.launcher3/com.android.launcher3.uioverrides.QuickstepLauncher}, wasVisible=true
02-24 23:08:22.562  3269  3269 D StateManager: goToState - fromState: Overview, toState: Normal, partial trace:
02-24 23:08:22.562  3269  3269 D StateManager: 	at com.android.launcher3.Launcher.onNewIntent(Launcher.java:1687)
02-24 23:08:22.562  3269  3269 D StateManager: 	at com.android.launcher3.uioverrides.QuickstepLauncher.onNewIntent(QuickstepLauncher.java:901)
02-24 23:08:22.562  3269  3269 D StateManager: 	at android.app.Activity.onNewIntent(Activity.java:2472)
02-24 23:08:22.562  3269  3269 D RecentsView: finishRecentsAnimation - mRecentsAnimationController: null
02-24 23:08:22.562  3269  3269 D RecentsView: cleanupRemoteTargets - mRemoteTargetHandles: null
02-24 23:08:22.563  3269  3269 D OverviewCommandHelper: clearing pending commands: []
02-24 23:08:22.563  3269  3269 D TaskRestartedDuringLaunchListener: Detected activity restart during launch for task=950
02-24 23:08:22.563  3269  3269 D TaskRestartedDuringLaunchListener: Detected activity restart during launch for task=950
02-24 23:08:22.563  3269  3269 D TaskRestartedDuringLaunchListener: Detected activity restart during launch for task=950
02-24 23:08:22.563  3269  3269 D TaskRestartedDuringLaunchListener: Detected activity restart during launch for task=950
02-24 23:08:22.563  3269  3269 D TaskRestartedDuringLaunchListener: Detected activity restart during launch for task=950
02-24 23:08:22.563  3269  3269 D TaskRestartedDuringLaunchListener: Detected activity restart during launch for task=950
02-24 23:08:22.563  3269  3269 D TaskRestartedDuringLaunchListener: Detected activity restart during launch for task=950
02-24 23:08:22.563  3269  3269 D TaskRestartedDuringLaunchListener: Detected activity restart during launch for task=950
02-24 23:08:22.563  3269  3269 D StatsLog: LAUNCHER_ONRESUME
