02-24 23:08:27.379  1264  2429 D audioserver: logFgsApiBegin: FGS Logger Transaction failed, -129
02-24 23:08:27.380  1928  4247 W AS.PlaybackActivityMon: No piid assigned for invalid/internal port id 29
02-24 23:08:27.387 16494 16494 D DigimonGlyphToy: Starting in standalone widget mode
02-24 23:08:27.394 16494 16494 D DigimonGlyphToy: Timing mode set to EXACT (userExact=true boostActive=false battleLock=true stepGate=false stepSliceMs=10 correctionOverride=1.0)
02-24 23:08:27.394 16494 16494 D DigimonGlyphToy: Process command id=678 type=button_press arg=11
02-24 23:08:27.395 16494 16494 D DigimonGlyphToy: Battle local B down assistEnabled=true
02-24 23:08:27.395 16494 16494 D DigimonGlyphToy: Battle pin edge tx P2=14 seq=4 src=1952919 reason=assist_b_down sent=true
02-24 23:08:27.396 16494 16494 D DigimonGlyphToy: Battle assist tx P2=14 (b_down, sent=true)
02-24 23:08:27.396 16494 16494 D DigimonGlyphToy: Command 678 result: button pressed
02-24 23:08:27.397  3405  5509 I NearbyConnections: Client 198644749 is sending payload -8787039240207273750 of type BYTES to endpoints [D2EG].
02-24 23:08:27.398  3405 16734 I NearbyMediums: Create a BlockingPayloadChunkQueue with size 10.
02-24 23:08:27.400 16494 16664 D DigimonGlyphToy: Battle io W addr=0xf14 v=0 count=3
02-24 23:08:27.400  3405 16734 I Nearby  : (REDACTED) Successfully shutdown executor %s.
02-24 23:08:27.400  3405 16734 I Nearby  : (REDACTED) Successfully shutdown executor %s.
02-24 23:08:27.400  3405 16732 I NearbyConnections: ClientProxy(com.digimon.glyph) reporting onPayloadTransferUpdate(D2EG, -8787039240207273750, SUCCESS, 100%) processed(payloadListener:non-null isClientAlive:true)
02-24 23:08:27.401  3405 16732 I NearbyConnections: [AutoResume] numSuccessfulAutoResume = 0, numFailedAutoResume = 0.
02-24 23:08:27.401  3405 16734 I NearbyConnections: [AutoResumeManager] clearPendingPayloadInfo for payloadId = -8787039240207273750, remaining number of payloadIds = 0.
02-24 23:08:27.442  1264  2429 E ServiceUtilities: Request requires android.permission.MODIFY_PHONE_STATE or android.permission.WRITE_SECURE_SETTINGS
02-24 23:08:27.443  1264  2429 D AudioFlinger: Client defaulted notificationFrames to 964 for frameCount 1928
02-24 23:08:27.450  1264  2429 W Permission: The package name(android) provided does not correspond to the uid 1041
02-24 23:08:27.452  3405 16732 I NearbyDiscovery: (REDACTED) ActiveMediaSessionManager: Find a trigger event! %s
02-24 23:08:27.452  3405 16732 I NearbyDiscovery: ConnectionSwitchManager: enableOnSightRunnable no need to enable onSight callback because not an outgoing call [CONTEXT service_id=265 ]
02-24 23:08:27.452  3405 16732 I NearbyFastPair: (REDACTED) NearbyDeviceManager: setOnSightCallback to %s
02-24 23:08:27.452  3405 16732 I NearbyDiscovery: (REDACTED) [trigger-id=Plco43055A9D, feature-id=Sass] ConnectionSwitchManager: Received %s, try to switch
02-24 23:08:27.453  3405 16734 I NearbyDiscovery: (REDACTED) [trigger-id=Tcae0845993D, feature-id=Tcsw] FastPair: ConnectionSwitchManager not trigger triangle with %s
02-24 23:08:27.453  3405 16734 I NearbyFastPair: (REDACTED) SassLogger_endSassSession: shouldUploadCurrent=%s
02-24 23:08:27.455  1114  1114 I EffectsFactory: EffectCreate() create_effect
02-24 23:08:27.457  3405 16734 I NearbyFastPair: (REDACTED) SassLogger: [%s] Switch to %s ended
02-24 23:08:27.457  1264  2429 W AudioFlinger: moveEffectChain_ll: effect chain for session 0 not on source thread 0xb400007d1bc62fe8
02-24 23:08:27.457  3405 16734 I NearbyDiscovery: (REDACTED) [trigger-id=SaeB0DEE8D0, feature-id=Sass] ConnectionSwitchManager: [%s] Switch request received because of an audio event
02-24 23:08:27.458  3405 16734 I NearbyDiscovery: [trigger-id=SaeB0DEE8D0, feature-id=Sass] ConnectionSwitchManager: Sass will not be triggered because no sass candidate is available, but it may get triggered if a device is available soon [CONTEXT service_id=265 ]
02-24 23:08:27.458  3405  4547 I NearbyFastPair: (REDACTED) SassLogger_startSassSession: %s, %s, %s
02-24 23:08:27.458  3405 16734 I NearbyDiscovery: ConnectionSwitchManager: enableOnSightRunnable no need to enable onSight callback because not an outgoing call [CONTEXT service_id=265 ]
02-24 23:08:27.458  3405  4547 I NearbyFastPair: (REDACTED) SassLogSession_initSession: %s, %s, %s, isNewUser=%s, fromApi=%s
02-24 23:08:27.460  1264  2429 D audioserver: logFgsApiBegin: FGS Logger Transaction failed, -129
02-24 23:08:27.461  1114  2391 D ACDB-LOADER: ACDB -> send_audvoltable
02-24 23:08:27.461  1114  2391 D ACDB-LOADER: ACDB -> ACDB_CMD_GET_AUDPROC_INSTANCE_GAIN_DEP_STEP_TABLE_SIZE
02-24 23:08:27.461  1114  2391 D ACDB-LOADER: ACDB -> ACDB_CMD_GET_AUDPROC_INSTANCE_GAIN_DEP_STEP_TABLE, vol index 5
02-24 23:08:27.461  1114  2391 D ACDB-LOADER: ACDB -> AUDIO_SET_VOL_CAL cal type = 40
02-24 23:08:27.462  1114  2391 W msm8974_platform: platform_send_gain_dep_cal: Usecase list is empty
02-24 23:08:27.462  1114 16687 D audio_hw_primary: start_output_stream: enter: stream(0xef04eb00)usecase(0: deep-buffer-playback) devices(0x2) is_haptic_usecase(0)
02-24 23:08:27.462  1124  1124 I android.hardware.power-service-qti: Boost 3Not Supported
02-24 23:08:27.462  1114 16687 D audio_hw_primary: select_devices for use case (deep-buffer-playback)
02-24 23:08:27.463  1114 16687 I msm8974_platform: platform_check_and_set_codec_backend_cfg:becf: afe: bitwidth 24, samplerate 48000 channels 2, backend_idx 0 usecase = 0 device (speaker)
02-24 23:08:27.463  1114 16687 I msm8974_platform: platform_check_and_set_codec_backend_cfg: new_snd_devices[0] is 2
02-24 23:08:27.463  1114 16687 I msm8974_platform: platform_check_codec_backend_cfg:becf: afe: bitwidth 24, samplerate 48000 channels 2, backend_idx 0 usecase = 0 device (speaker)
02-24 23:08:27.463  1114 16687 D msm8974_platform: platform_check_codec_backend_cfg:napb: (0) - (low-latency-playback)id (1) sr 48000 bw (16) ch (2) device speaker
02-24 23:08:27.465  1114 16687 D msm8974_platform: platform_check_codec_backend_cfg:becf: updated afe: bitwidth 24, samplerate 48000 channels 2,backend_idx 0 usecase = 0 device (speaker)
02-24 23:08:27.465  1114 16687 I msm8974_platform: platform_check_codec_backend_cfg:becf: afe: Codec selected backend: 0 updated bit width: 24 and sample rate: 48000
02-24 23:08:27.465  1114 16687 D audio_hw_primary: check_usecases_codec_backend:becf: force routing 0
02-24 23:08:27.465  1114 16687 D audio_hw_primary: check_usecases_codec_backend:becf: (93) check_usecases curr device: speaker, usecase device:speaker backends match 1
02-24 23:08:27.465  1114 16687 D audio_hw_primary: check_usecases_codec_backend:becf: (93) check_usecases curr device: speaker, usecase device: backends match 0
02-24 23:08:27.465  1114 16687 D audio_hw_primary: check_usecases_codec_backend:becf: (93) check_usecases curr device: speaker, usecase device: backends match 0
02-24 23:08:27.465  1114 16687 D audio_hw_primary: check_usecases_codec_backend:becf: check_usecases num.of Usecases to switch 0
02-24 23:08:27.465  1114 16687 D hardware_info: hw_info_append_hw_type : device_name = speaker
02-24 23:08:27.465  1114 16687 D soundtrigger: audio_extn_sound_trigger_update_stream_status: uc_info->id 0 of type 0 for Event 3, with Raise=1
02-24 23:08:27.465  1114 16687 I sound_trigger_platform: platform_stdev_check_and_update_concurrency: Received PLAYBACK_STREAM event, event type 3, usecase type 0
02-24 23:08:27.465  1114 16687 D sound_trigger_platform: platform_stdev_get_capture_device: Device = 0x80000004
02-24 23:08:27.465  1114 16687 D sound_trigger_platform: platform_stdev_get_capture_device: Available device = 0x80000004
02-24 23:08:27.465  1114 16687 D sound_trigger_platform: platform_stdev_check_and_update_concurrency: dedicated path 0, reset backend 1, tx 0, rx 1, concurrency session allowed
02-24 23:08:27.465  1114 16687 D audio_hw_utils: audio_extn_utils_send_app_type_cfg: usecase->out_snd_device speaker
02-24 23:08:27.465  1114 16687 I audio_hw_utils: send_app_type_cfg_for_device PLAYBACK app_type 69936, acdb_dev_id 15, sample_rate 48000, snd_device_be_idx 45
02-24 23:08:27.465  1114 16687 D ACDB-LOADER: ACDB -> send_audio_cal, acdb_id = 15, path = 0, app id = 0x11130, sample rate = 48000, use_case = 0,buffer_idx_w_path =0, afe_sample_rate = 48000, cal_mode = 1, offset_index = 0
02-24 23:08:27.465  1114 16687 D ACDB-LOADER: ACDB -> send_asm_topology
02-24 23:08:27.465  1114 16687 D ACDB-LOADER: ACDB -> ACDB_CMD_GET_AUDPROC_STREAM_TOPOLOGY_ID
02-24 23:08:27.465  1114 16687 D ACDB-LOADER: ACDB -> send_adm_topology
02-24 23:08:27.465  1114 16687 D ACDB-LOADER: ACDB -> ACDB_CMD_GET_AUDPROC_COMMON_TOPOLOGY_ID
02-24 23:08:27.465  1114 16687 D ACDB-LOADER: ACDB -> send_audtable
02-24 23:08:27.465  1114 16687 D ACDB-LOADER: ACDB -> ACDB_CMD_GET_AUDPROC_INSTANCE_COMMON_TABLE_SIZE
02-24 23:08:27.466  1114 16687 D ACDB-LOADER: ACDB -> ACDB_CMD_GET_AUDPROC_INSTANCE_COMMON_TABLE
02-24 23:08:27.466  1114 16687 D ACDB-LOADER: ACDB -> AUDIO_SET_AUDPROC_CAL cal_type[11] acdb_id[15] app_type[69936]
02-24 23:08:27.466  1114 16687 D ACDB-LOADER: ACDB -> send_audvoltable
02-24 23:08:27.466  1114 16687 D ACDB-LOADER: ACDB -> ACDB_CMD_GET_AUDPROC_INSTANCE_GAIN_DEP_STEP_TABLE_SIZE
02-24 23:08:27.466  1114 16687 D ACDB-LOADER: ACDB -> ACDB_CMD_GET_AUDPROC_INSTANCE_GAIN_DEP_STEP_TABLE, vol index 0
02-24 23:08:27.466  1114 16687 D ACDB-LOADER: ACDB -> AUDIO_SET_VOL_CAL cal type = 12
02-24 23:08:27.466  1114 16687 D ACDB-LOADER: ACDB -> ACDB_CMD_GET_AUDPROC_INSTANCE_STREAM_TABLE_SIZE
02-24 23:08:27.466  1114 16687 D ACDB-LOADER: ACDB -> send_audstrmtable
02-24 23:08:27.466  1114 16687 D ACDB-LOADER: ACDB -> ACDB_CMD_GET_AUDPROC_INSTANCE_STREAM_TABLE
02-24 23:08:27.466  1114 16687 D ACDB-LOADER: ACDB -> audstrm_cal->cal_type.cal_data.cal_size = 536
02-24 23:08:27.466  1114 16687 D ACDB-LOADER: ACDB -> send_afe_topology
02-24 23:08:27.466  1114 16687 D ACDB-LOADER: ACDB -> ACDB_CMD_GET_AFE_TOPOLOGY_ID
02-24 23:08:27.466  1114 16687 D ACDB-LOADER: ACDB -> GET_AFE_TOPOLOGY_ID for adcd_id 15, Topology Id 1000b910
02-24 23:08:27.466  1114 16687 D ACDB-LOADER: ACDB -> send_afe_cal
02-24 23:08:27.466  1114 16687 D ACDB-LOADER: ACDB -> ACDB_CMD_GET_AFE_INSTANCE_COMMON_TABLE_SIZE
02-24 23:08:27.466  1114 16687 D ACDB-LOADER: ACDB -> ACDB_CMD_GET_AFE_INSTANCE_COMMON_TABLE
02-24 23:08:27.466  1114 16687 D ACDB-LOADER: ACDB -> AUDIO_SET_AFE_CAL cal_type[16] acdb_id[15]
02-24 23:08:27.466  1114 16687 D ACDB-LOADER: ACDB -> send_hw_delay : acdb_id = 15 path = 0
02-24 23:08:27.466  1114 16687 D ACDB-LOADER: ACDB -> ACDB_AVSYNC_INFO: ACDB_CMD_GET_DEVICE_PROPERTY
02-24 23:08:27.466  1114 16687 D audio_hw_primary: enable_audio_route: apply mixer and update path: deep-buffer-playback
02-24 23:08:27.466  1114 16687 D audio_route: Apply path: deep-buffer-playback
02-24 23:08:27.468  1114 16687 D audio_hw_primary: select_devices: done
02-24 23:08:27.468  1114 16687 D msm8974_platform: platform_set_channel_map mixer_ctl_name:Playback Channel Map0
02-24 23:08:27.468  1114 16687 D msm8974_platform: platform_set_channel_map: set mapping(1 2 0 0 0 0 0 0) for channel:2
02-24 23:08:27.486  1124  1124 I android.hardware.power-service-qti: Boost 3Not Supported
02-24 23:08:27.486  1114 16687 D audio_hw_primary: start_output_stream: exit
02-24 23:08:27.486  1114 16687 D audio_hw_primary: out_write: retry previous failed cal level set
02-24 23:08:27.486  1114 16687 W msm8974_platform: platform_send_gain_dep_cal: Usecase list is empty
02-24 23:08:27.486  1114 16687 D ACDB-LOADER: ACDB -> send_audvoltable
02-24 23:08:27.486  1114 16687 D ACDB-LOADER: ACDB -> ACDB_CMD_GET_AUDPROC_INSTANCE_GAIN_DEP_STEP_TABLE_SIZE
02-24 23:08:27.486  1114 16687 D ACDB-LOADER: ACDB -> ACDB_CMD_GET_AUDPROC_INSTANCE_GAIN_DEP_STEP_TABLE, vol index 5
02-24 23:08:27.486  1114 16687 D ACDB-LOADER: ACDB -> AUDIO_SET_VOL_CAL cal type = 40
02-24 23:08:27.508  1114 16687 W audio_hw_primary: out_get_presentation_position: avail:3840 > kernel_buffer_size:3840 clamping!
02-24 23:08:27.508  1114 16687 W audio_hw_primary: out_write: underrun(4) frames_by_time(144) > out->last_fifo_frames_remaining(0)
02-24 23:08:27.539  1928  2501 D AppWidgetServiceImpl: Trying to notify widget update for package com.digimon.glyph with widget id: 8
02-24 23:08:27.540 16494 16494 D DigimonGlyphToy: Battle local B up assistEnabled=true
02-24 23:08:27.541 16494 16494 D DigimonGlyphToy: Battle pin edge tx P2=15 seq=5 src=1953065 reason=assist_b_up sent=true
02-24 23:08:27.541 16494 16494 D DigimonGlyphToy: Battle assist tx P2=15 (b_up, sent=true)
02-24 23:08:27.542  3405  5509 I NearbyConnections: Client 198644749 is sending payload -5609217826376205530 of type BYTES to endpoints [D2EG].
02-24 23:08:27.543  3405 16734 I NearbyMediums: Create a BlockingPayloadChunkQueue with size 10.
02-24 23:08:27.547  3405 16690 I NearbyConnections: ClientProxy(com.digimon.glyph) reporting onPayloadTransferUpdate(D2EG, -5609217826376205530, SUCCESS, 100%) processed(payloadListener:non-null isClientAlive:true)
02-24 23:08:27.547  3405 16734 I Nearby  : (REDACTED) Successfully shutdown executor %s.
02-24 23:08:27.548  3405 16690 I NearbyConnections: [AutoResume] numSuccessfulAutoResume = 0, numFailedAutoResume = 0.
02-24 23:08:27.548  3405 16734 I Nearby  : (REDACTED) Successfully shutdown executor %s.
02-24 23:08:27.548  3405 16734 I NearbyConnections: [AutoResumeManager] clearPendingPayloadInfo for payloadId = -5609217826376205530, remaining number of payloadIds = 0.
02-24 23:08:27.551  1264  2326 D audioserver: logFgsApiEnd: FGS Logger Transaction failed, -129
02-24 23:08:27.552  1114  2391 D ACDB-LOADER: ACDB -> send_audvoltable
02-24 23:08:27.552  1114  2391 D ACDB-LOADER: ACDB -> ACDB_CMD_GET_AUDPROC_INSTANCE_GAIN_DEP_STEP_TABLE_SIZE
02-24 23:08:27.552  1114  2391 D ACDB-LOADER: ACDB -> ACDB_CMD_GET_AUDPROC_INSTANCE_GAIN_DEP_STEP_TABLE, vol index 0
02-24 23:08:27.552  1114  2391 D ACDB-LOADER: ACDB -> AUDIO_SET_VOL_CAL cal type = 40
02-24 23:08:27.553  1114  2391 W msm8974_platform: platform_send_gain_dep_cal: Usecase list is empty
02-24 23:08:27.553  1114  2391 D ACDB-LOADER: ACDB -> send_audvoltable
02-24 23:08:27.553  1114  2391 D ACDB-LOADER: ACDB -> ACDB_CMD_GET_AUDPROC_INSTANCE_GAIN_DEP_STEP_TABLE_SIZE
02-24 23:08:27.553  1114  2391 D ACDB-LOADER: ACDB -> ACDB_CMD_GET_AUDPROC_INSTANCE_GAIN_DEP_STEP_TABLE, vol index 0
02-24 23:08:27.553  1114  2391 D ACDB-LOADER: ACDB -> AUDIO_SET_VOL_CAL cal type = 40
02-24 23:08:27.554  1114  1114 W msm8974_platform: platform_send_gain_dep_cal: Usecase list is empty
02-24 23:08:27.554  1264  1721 W audioserver: Binder 0xb400007c76e201a0 destroyed after setInheritRt before being parceled.
02-24 23:08:27.554  1264  1721 W audioserver: Binder 0xb400007c76e201a0 destroyed after setMinSchedulerPolicy before being parceled.
02-24 23:08:27.561  1264  1721 W AudioFlinger: moveEffectChain_ll: effect chain for session 0 not on source thread 0xb400007d1b85bfe8
02-24 23:08:27.568  3405 16690 I NearbyConnections: ClientProxy(com.digimon.glyph) reporting onPayloadReceived(D2EG, -5006188879421531717), with result: DETAIL_SUCCESS
02-24 23:08:27.568  1264  2320 D audioserver: logFgsApiEnd: FGS Logger Transaction failed, -129
02-24 23:08:27.571  3405 16706 I Nearby  : (REDACTED) Successfully shutdown executor %s.
02-24 23:08:27.571  3405 16690 I NearbyConnections: ClientProxy(com.digimon.glyph) reporting onPayloadTransferUpdate(D2EG, -5006188879421531717, SUCCESS, 100%) processed(payloadListener:non-null isClientAlive:true)
02-24 23:08:27.572  3405  5509 I NearbyConnections: Client 198644749 is sending payload -5621703333824411593 of type BYTES to endpoints [D2EG].
02-24 23:08:27.572  3405 16690 I NearbyConnections: [AutoResume] numSuccessfulAutoResume = 0, numFailedAutoResume = 0.
02-24 23:08:27.572  3405 16711 I NearbyConnections: [AutoResumeManager] clearPendingPayloadInfo for payloadId = -5006188879421531717, remaining number of payloadIds = 0.
02-24 23:08:27.572  3405 16732 I NearbyMediums: Create a BlockingPayloadChunkQueue with size 10.
02-24 23:08:27.575  3405 16732 I Nearby  : (REDACTED) Successfully shutdown executor %s.
02-24 23:08:27.575  3405 16690 I NearbyConnections: ClientProxy(com.digimon.glyph) reporting onPayloadTransferUpdate(D2EG, -5621703333824411593, SUCCESS, 100%) processed(payloadListener:non-null isClientAlive:true)
02-24 23:08:27.575  3405 16732 I Nearby  : (REDACTED) Successfully shutdown executor %s.
02-24 23:08:27.575  3405 16690 I NearbyConnections: [AutoResume] numSuccessfulAutoResume = 0, numFailedAutoResume = 0.
02-24 23:08:27.575  3405 16732 I NearbyConnections: [AutoResumeManager] clearPendingPayloadInfo for payloadId = -5621703333824411593, remaining number of payloadIds = 0.
02-24 23:08:27.601  1116  3510 I vendor.qti.bluetooth@1.0-ibs_handler: ProcessIbsCmd: Received IBS_WAKE_IND: 0xFD
02-24 23:08:27.601  1116  3510 D vendor.qti.bluetooth@1.0-ibs_handler: SerialClockVote: vote for UART CLK ON
02-24 23:08:27.602  1116  3510 D vendor.qti.bluetooth@1.0-wake_lock: Acquire wakelock is acquired 
02-24 23:08:27.602  1116  3510 I vendor.qti.bluetooth@1.0-ibs_handler: ProcessIbsCmd: Writing IBS_WAKE_ACK
02-24 23:08:27.608  3405 16732 I NearbyConnections: Found BleAdvertisement [ 0x23 0x54 0x34 0x45 0x39 0x11 0x34 0xe2 0x30 0xa5 0x86 0x8f 0x9f 0x7a 0xab 0xea 0x7e 0x8a 0xa9 0x27 0x51 0x94 0x12 ] (with EndpointId T4E9 and EndpointInfo [ 0x34 0xe2 0x30 0xa5 0x86 0x8f 0x9f 0x7a 0xab 0xea 0x7e 0x8a 0xa9 0x27 0x51 0x94 0x12 ])
02-24 23:08:27.609  3405 16732 I NearbyConnections: ClientProxy(165071264 0p:com.google.android.gms.nearby.sharing) reporting onEndpointFound(T4E9)
02-24 23:08:27.610  3405 16732 I NearbyConnections: ClientProxy(165071264) reporting onEndpointDistanceChanged(T4E9, UNKNOWN)
02-24 23:08:27.610  3405 16711 I NearbySharing: NearbySharing Internal event EndpointDiscovered(endpointId=T4E9)
02-24 23:08:27.673  3405  5509 I NearbyConnections: Client 198644749 is sending payload -9034824913838329192 of type BYTES to endpoints [D2EG].
02-24 23:08:27.675  3405 16690 I NearbyMediums: Create a BlockingPayloadChunkQueue with size 10.
02-24 23:08:27.681  3405 16690 I Nearby  : (REDACTED) Successfully shutdown executor %s.
02-24 23:08:27.681  3405 16736 I NearbyConnections: ClientProxy(com.digimon.glyph) reporting onPayloadTransferUpdate(D2EG, -9034824913838329192, SUCCESS, 100%) processed(payloadListener:non-null isClientAlive:true)
02-24 23:08:27.682  3405 16690 I Nearby  : (REDACTED) Successfully shutdown executor %s.
02-24 23:08:27.682  3405 16736 I NearbyConnections: [AutoResume] numSuccessfulAutoResume = 0, numFailedAutoResume = 0.
02-24 23:08:27.683  3405 16690 I NearbyConnections: [AutoResumeManager] clearPendingPayloadInfo for payloadId = -9034824913838329192, remaining number of payloadIds = 0.
02-24 23:08:27.692  1116  3510 I vendor.qti.bluetooth@1.0-ibs_handler: ProcessIbsCmd: Received IBS_SLEEP_IND: 0xFE
02-24 23:08:27.692  1116  3510 D vendor.qti.bluetooth@1.0-ibs_handler: SerialClockVote: vote for UART CLK OFF
02-24 23:08:27.700  3405 16690 I NearbyConnections: ClientProxy(com.digimon.glyph) reporting onPayloadReceived(D2EG, -5484121233332131795), with result: DETAIL_SUCCESS
02-24 23:08:27.705  3405 16706 I Nearby  : (REDACTED) Successfully shutdown executor %s.
02-24 23:08:27.705  3405 16690 I NearbyConnections: ClientProxy(com.digimon.glyph) reporting onPayloadTransferUpdate(D2EG, -5484121233332131795, SUCCESS, 100%) processed(payloadListener:non-null isClientAlive:true)
02-24 23:08:27.706  3405 16690 I NearbyConnections: [AutoResume] numSuccessfulAutoResume = 0, numFailedAutoResume = 0.
02-24 23:08:27.706  3405 16736 I NearbyConnections: [AutoResumeManager] clearPendingPayloadInfo for payloadId = -5484121233332131795, remaining number of payloadIds = 0.
02-24 23:08:27.819  1928  2501 D AppWidgetServiceImpl: Trying to notify widget update for package com.digimon.glyph with widget id: 8
02-24 23:08:27.842  1116  3163 D vendor.qti.bluetooth@1.0-wake_lock: Release wakelock is released 
02-24 23:08:28.034  2865  3156 I bluetooth: system/gd/hci/le_advertising_manager.cc:835 set_advertising_set_random_address_on_timer: Scheduling address rotation for advertiser_id=0
02-24 23:08:28.034  2865  3156 I bluetooth: system/gd/hci/le_address_manager.cc:593 GetNextPrivateAddressIntervalRange: client=advertising_set_0, nonwake=7m13s, wake=13m11s
02-24 23:08:28.035  1116  1116 D vendor.qti.bluetooth@1.0-ibs_handler: SerialClockVote: vote for UART CLK ON
02-24 23:08:28.036  1116  1116 D vendor.qti.bluetooth@1.0-wake_lock: Acquire wakelock is acquired 
02-24 23:08:28.036  1116  1116 I vendor.qti.bluetooth@1.0-ibs_handler: DeviceWakeUp: Writing IBS_WAKE_IND
02-24 23:08:28.042  1116  3510 I vendor.qti.bluetooth@1.0-ibs_handler: ProcessIbsCmd: Received IBS_WAKE_ACK: 0xFC
02-24 23:08:28.042  1116  3510 I vendor.qti.bluetooth@1.0-ibs_handler: ProcessIbsCmd: Signal wack_cond_ = 154
02-24 23:08:28.042  1116  3510 I vendor.qti.bluetooth@1.0-ibs_handler: ProcessIbsCmd: Signal done wack_cond_ = 158
02-24 23:08:28.042  1116  1116 D vendor.qti.bluetooth@1.0-ibs_handler: DeviceWakeUp: Unblocked from waiting for FC, pthread_cond_timedwait ret = 0
02-24 23:08:28.045  1116  3510 I vendor.qti.bluetooth@1.0-ibs_handler: ProcessIbsCmd: Received IBS_WAKE_IND: 0xFD
02-24 23:08:28.045  1116  3510 I vendor.qti.bluetooth@1.0-ibs_handler: ProcessIbsCmd: Writing IBS_WAKE_ACK
02-24 23:08:28.048  2865  3156 I bluetooth: system/gd/hci/le_advertising_manager.cc:1709 on_set_advertising_set_random_address_complete: update random address for advertising set 0 : xx:xx:xx:xx:66:da
02-24 23:08:28.089  1116  3510 I vendor.qti.bluetooth@1.0-ibs_handler: ProcessIbsCmd: Received IBS_SLEEP_IND: 0xFE
02-24 23:08:28.098  1928  2501 D AppWidgetServiceImpl: Trying to notify widget update for package com.digimon.glyph with widget id: 8
02-24 23:08:28.327  3405 16690 I NearbyConnections: ClientProxy(com.digimon.glyph) reporting onPayloadReceived(D2EG, -8149528136587845744), with result: DETAIL_SUCCESS
02-24 23:08:28.330  3405 16690 I NearbyConnections: ClientProxy(com.digimon.glyph) reporting onPayloadTransferUpdate(D2EG, -8149528136587845744, SUCCESS, 100%) processed(payloadListener:non-null isClientAlive:true)
02-24 23:08:28.330  3405 16706 I Nearby  : (REDACTED) Successfully shutdown executor %s.
02-24 23:08:28.331  3405 16736 I NearbyConnections: [AutoResumeManager] clearPendingPayloadInfo for payloadId = -8149528136587845744, remaining number of payloadIds = 0.
02-24 23:08:28.331  3405 16690 I NearbyConnections: [AutoResume] numSuccessfulAutoResume = 0, numFailedAutoResume = 0.
02-24 23:08:28.333  3405  5509 I NearbyConnections: Client 198644749 is sending payload -5932355671438208439 of type BYTES to endpoints [D2EG].
02-24 23:08:28.334  3405 16736 I NearbyMediums: Create a BlockingPayloadChunkQueue with size 10.
02-24 23:08:28.338  3405 16736 I Nearby  : (REDACTED) Successfully shutdown executor %s.
02-24 23:08:28.339  3405 16736 I Nearby  : (REDACTED) Successfully shutdown executor %s.
02-24 23:08:28.339  3405 16711 I NearbyConnections: ClientProxy(com.digimon.glyph) reporting onPayloadTransferUpdate(D2EG, -5932355671438208439, SUCCESS, 100%) processed(payloadListener:non-null isClientAlive:true)
02-24 23:08:28.339  3405 16711 I NearbyConnections: [AutoResume] numSuccessfulAutoResume = 0, numFailedAutoResume = 0.
02-24 23:08:28.340  3405 16736 I NearbyConnections: [AutoResumeManager] clearPendingPayloadInfo for payloadId = -5932355671438208439, remaining number of payloadIds = 0.
02-24 23:08:28.367  1928  2501 D AppWidgetServiceImpl: Trying to notify widget update for package com.digimon.glyph with widget id: 8
02-24 23:08:28.375  1116  3510 I vendor.qti.bluetooth@1.0-ibs_handler: ProcessIbsCmd: Received IBS_WAKE_IND: 0xFD
02-24 23:08:28.375  1116  3510 I vendor.qti.bluetooth@1.0-ibs_handler: ProcessIbsCmd: Writing IBS_WAKE_ACK
02-24 23:08:28.415  1116  3510 I vendor.qti.bluetooth@1.0-ibs_handler: ProcessIbsCmd: Received IBS_SLEEP_IND: 0xFE
02-24 23:08:28.425  3405  5509 I NearbyConnections: Client 198644749 is sending payload -6199991464030924660 of type BYTES to endpoints [D2EG].
02-24 23:08:28.426  3405 16736 I NearbyMediums: Create a BlockingPayloadChunkQueue with size 10.
02-24 23:08:28.431 16494 16664 D E0C6200-Emulator: Timing: wall=70,0s emu=70,0s drift=-0,00s (-0,00%) resyncs=1 avgRender=0,3ms frames=1050 correction=1,00x
02-24 23:08:28.431  3405 16736 I Nearby  : (REDACTED) Successfully shutdown executor %s.
02-24 23:08:28.431  3405 16690 I NearbyConnections: ClientProxy(com.digimon.glyph) reporting onPayloadTransferUpdate(D2EG, -6199991464030924660, SUCCESS, 100%) processed(payloadListener:non-null isClientAlive:true)
02-24 23:08:28.431 16494 16664 D E0C6200-Emulator: CPU: osc1=32768,0/s(32768) timer=256,0/s(256) sw=100,0/s(100) halt=294847 TM=143 CTRL_OSC=D CTRL_SW=0 SWL=0 SWH=0
02-24 23:08:28.431  3405 16736 I Nearby  : (REDACTED) Successfully shutdown executor %s.
02-24 23:08:28.431  3405 16690 I NearbyConnections: [AutoResume] numSuccessfulAutoResume = 0, numFailedAutoResume = 0.
02-24 23:08:28.432  3405 16736 I NearbyConnections: [AutoResumeManager] clearPendingPayloadInfo for payloadId = -6199991464030924660, remaining number of payloadIds = 0.
02-24 23:08:28.452  3405 16736 I NearbyConnections: ClientProxy(com.digimon.glyph) reporting onPayloadReceived(D2EG, -6482208629523302769), with result: DETAIL_SUCCESS
02-24 23:08:28.456  3405 16706 I Nearby  : (REDACTED) Successfully shutdown executor %s.
02-24 23:08:28.456  3405 16736 I NearbyConnections: ClientProxy(com.digimon.glyph) reporting onPayloadTransferUpdate(D2EG, -6482208629523302769, SUCCESS, 100%) processed(payloadListener:non-null isClientAlive:true)
02-24 23:08:28.457  3405 16736 I NearbyConnections: [AutoResume] numSuccessfulAutoResume = 0, numFailedAutoResume = 0.
02-24 23:08:28.457  3405 16690 I NearbyConnections: [AutoResumeManager] clearPendingPayloadInfo for payloadId = -6482208629523302769, remaining number of payloadIds = 0.
02-24 23:08:28.646  1928  2501 D AppWidgetServiceImpl: Trying to notify widget update for package com.digimon.glyph with widget id: 8
02-24 23:08:29.045  1116  3510 I vendor.qti.bluetooth@1.0-ibs_handler: ProcessIbsCmd: Received IBS_WAKE_IND: 0xFD
02-24 23:08:29.045  1116  3510 I vendor.qti.bluetooth@1.0-ibs_handler: ProcessIbsCmd: Writing IBS_WAKE_ACK
02-24 23:08:29.048  1116  3514 I vendor.qti.bluetooth@1.0-ibs_handler: DeviceSleep: TX Awake, Sending SLEEP_IND
02-24 23:08:29.077  3405 16736 I NearbyConnections: ClientProxy(com.digimon.glyph) reporting onPayloadReceived(D2EG, -6884533549034034734), with result: DETAIL_SUCCESS
02-24 23:08:29.081  3405 16706 I Nearby  : (REDACTED) Successfully shutdown executor %s.
02-24 23:08:29.081  3405 16736 I NearbyConnections: ClientProxy(com.digimon.glyph) reporting onPayloadTransferUpdate(D2EG, -6884533549034034734, SUCCESS, 100%) processed(payloadListener:non-null isClientAlive:true)
02-24 23:08:29.082  3405 16736 I NearbyConnections: [AutoResume] numSuccessfulAutoResume = 0, numFailedAutoResume = 0.
02-24 23:08:29.082  3405 16690 I NearbyConnections: [AutoResumeManager] clearPendingPayloadInfo for payloadId = -6884533549034034734, remaining number of payloadIds = 0.
02-24 23:08:29.084  3405  5509 I NearbyConnections: Client 198644749 is sending payload -5745888034848362300 of type BYTES to endpoints [D2EG].
02-24 23:08:29.086  3405 16690 I NearbyMediums: Create a BlockingPayloadChunkQueue with size 10.
02-24 23:08:29.086  1116  3510 I vendor.qti.bluetooth@1.0-ibs_handler: ProcessIbsCmd: Received IBS_SLEEP_IND: 0xFE
02-24 23:08:29.086  1116  3510 D vendor.qti.bluetooth@1.0-ibs_handler: SerialClockVote: vote for UART CLK OFF
02-24 23:08:29.086  1116  3510 I vendor.qti.bluetooth@1.0-ibs_handler: ProcessIbsCmd: Received IBS_WAKE_IND: 0xFD
02-24 23:08:29.087  1116  3510 D vendor.qti.bluetooth@1.0-ibs_handler: SerialClockVote: vote for UART CLK ON
02-24 23:08:29.087  1116  3510 I vendor.qti.bluetooth@1.0-ibs_handler: ProcessIbsCmd: Writing IBS_WAKE_ACK
02-24 23:08:29.092  3405 16690 I Nearby  : (REDACTED) Successfully shutdown executor %s.
02-24 23:08:29.092  3405 16736 I NearbyConnections: ClientProxy(com.digimon.glyph) reporting onPayloadTransferUpdate(D2EG, -5745888034848362300, SUCCESS, 100%) processed(payloadListener:non-null isClientAlive:true)
02-24 23:08:29.092  3405 16690 I Nearby  : (REDACTED) Successfully shutdown executor %s.
02-24 23:08:29.092  3405 16736 I NearbyConnections: [AutoResume] numSuccessfulAutoResume = 0, numFailedAutoResume = 0.
02-24 23:08:29.093  3405 16690 I NearbyConnections: [AutoResumeManager] clearPendingPayloadInfo for payloadId = -5745888034848362300, remaining number of payloadIds = 0.
02-24 23:08:29.127  1116  3510 I vendor.qti.bluetooth@1.0-ibs_handler: ProcessIbsCmd: Received IBS_SLEEP_IND: 0xFE
02-24 23:08:29.127  1116  3510 D vendor.qti.bluetooth@1.0-ibs_handler: SerialClockVote: vote for UART CLK OFF
02-24 23:08:29.174  1928  2501 D AppWidgetServiceImpl: Trying to notify widget update for package com.digimon.glyph with widget id: 8
02-24 23:08:29.177  3405  5509 I NearbyConnections: Client 198644749 is sending payload -8348680676398218640 of type BYTES to endpoints [D2EG].
02-24 23:08:29.178  3405 16690 I NearbyMediums: Create a BlockingPayloadChunkQueue with size 10.
02-24 23:08:29.182  3405 16690 I Nearby  : (REDACTED) Successfully shutdown executor %s.
02-24 23:08:29.182  3405 16690 I Nearby  : (REDACTED) Successfully shutdown executor %s.
02-24 23:08:29.182  3405 16711 I NearbyConnections: ClientProxy(com.digimon.glyph) reporting onPayloadTransferUpdate(D2EG, -8348680676398218640, SUCCESS, 100%) processed(payloadListener:non-null isClientAlive:true)
02-24 23:08:29.182  3405 16711 I NearbyConnections: [AutoResume] numSuccessfulAutoResume = 0, numFailedAutoResume = 0.
02-24 23:08:29.182  3405 16690 I NearbyConnections: [AutoResumeManager] clearPendingPayloadInfo for payloadId = -8348680676398218640, remaining number of payloadIds = 0.
02-24 23:08:29.194  3405 16733 I NearbyConnections: EndpointManager send a KEEP_ALIVE frame (seqNum:1) and sleep 5000 for endpoint D2EG.
02-24 23:08:29.203  3405 16690 I NearbyConnections: ClientProxy(com.digimon.glyph) reporting onPayloadReceived(D2EG, -7611663448867072280), with result: DETAIL_SUCCESS
02-24 23:08:29.243  3405 16706 I Nearby  : (REDACTED) Successfully shutdown executor %s.
02-24 23:08:29.244  3405 16690 I NearbyConnections: ClientProxy(com.digimon.glyph) reporting onPayloadTransferUpdate(D2EG, -7611663448867072280, SUCCESS, 100%) processed(payloadListener:non-null isClientAlive:true)
02-24 23:08:29.245  3405 16711 I NearbyConnections: [AutoResumeManager] clearPendingPayloadInfo for payloadId = -7611663448867072280, remaining number of payloadIds = 0.
02-24 23:08:29.245  3405 16690 I NearbyConnections: [AutoResume] numSuccessfulAutoResume = 0, numFailedAutoResume = 0.
02-24 23:08:29.246  3405 16706 I NearbyConnections: EndpointManager received a KEEP_ALIVE frame (seqNum:1) with ACK from endpoint D2EG on channel ENCRYPTED_WIFI_LAN.
02-24 23:08:29.263  3405 16706 I NearbyConnections: EndpointManager received a KEEP_ALIVE frame (seqNum:1) and reply a KEEP_ALIVE frame with ack from endpoint D2EG on channel ENCRYPTED_WIFI_LAN.
02-24 23:08:29.278  1116  3163 D vendor.qti.bluetooth@1.0-wake_lock: Release wakelock is released 
02-24 23:08:29.408  3405 16690 I NearbyMediums: Found Fast Ble Advertisements :
02-24 23:08:29.408  3405 16690 I NearbyMediums: BleAdvertisement { version=2, socketVersion=2, isFast=true, serviceIdHash=null, data=[ 0x23 0x54 0x34 0x45 0x39 0x11 0x34 0xe2 0x30 0xa5 0x86 0x8f 0x9f 0x7a 0xab 0xea 0x7e 0x8a 0xa9 0x27 0x51 0x94 0x12 ], deviceToken=[ 0x12 0xaa ], rxAdvertisement=null } : 1 times.
02-24 23:08:29.408  3405 16690 I NearbyMediums: BleAdvertisement { version=2, socketVersion=2, isFast=true, serviceIdHash=null, data=[ 0x23 0x47 0x31 0x41 0x4e 0x11 0x32 0x70 0xef 0x4e 0xfc 0xe2 0xb1 0x13 0xd9 0xfb 0xea 0x0a 0x62 0x4f 0xcd 0xe4 0xb5 ], deviceToken=[ 0x0d 0x3d ], rxAdvertisement=null } : 2 times.
02-24 23:08:29.408  3405 16690 I NearbyMediums: BleAdvertisement { version=2, socketVersion=2, isFast=true, serviceIdHash=null, data=[ 0x23 0x49 0x55 0x51 0x57 0x11 0x32 0x33 0x10 0x0f 0x95 0xd4 0x86 0x5c 0x5d 0x06 0xe8 0x05 0x0d 0x69 0xf0 0x8c 0x29 ], deviceToken=[ 0x31 0x43 ], rxAdvertisement=null } : 6 times.
02-24 23:08:29.408  3405 16690 I NearbyMediums: Total 9 fast advertisements from 3 unique advertisers.
02-24 23:08:29.408  3405 16690 I NearbyMediums: Found BLE GATT Advertisements :
02-24 23:08:29.408  3405 16690 I NearbyMediums: BleAdvertisement { version=2, socketVersion=2, isFast=false, serviceIdHash=[ 0x62 0xa3 0x86 ], data=[ 0x23 0x62 0xa3 0x86 0x44 0x32 0x45 0x47 0x09 0x41 0x30 0x32 0x34 0x2d 0x39 0x33 0x32 0x33 0x3c 0xb0 0xed 0xdc 0x8e 0xc6 0x00 0x00 ], deviceToken=[ 0x31 0x43 ], rxAdvertisement=null } : 1 times.
02-24 23:08:29.408  3405 16690 I NearbyMediums: Total 1 GATT advertisements from 1 unique advertisers.
02-24 23:08:29.409  3405 16690 I NearbyMediums: Current Tracked Scanning Clients are : {NearbyConnections.EnvironmentMonitor, NearbySharing}
02-24 23:08:29.563  1928  2287 E WifiStaIfaceAidlImpl: getCachedScanData failed with service-specific exception: android.os.ServiceSpecificException:  (code 4)
02-24 23:08:29.703  1928  2501 D AppWidgetServiceImpl: Trying to notify widget update for package com.digimon.glyph with widget id: 8
02-24 23:08:29.767  1124  1124 E QTI PowerHAL: Failed to acquire lock.
02-24 23:08:29.767  1124  1124 E QTI PowerHAL: Failed process_boost for boost_handle
02-24 23:08:29.830  3405 16690 I NearbyConnections: ClientProxy(com.digimon.glyph) reporting onPayloadReceived(D2EG, -8755812674460242007), with result: DETAIL_SUCCESS
02-24 23:08:29.833  3405 16690 I NearbyConnections: ClientProxy(com.digimon.glyph) reporting onPayloadTransferUpdate(D2EG, -8755812674460242007, SUCCESS, 100%) processed(payloadListener:non-null isClientAlive:true)
02-24 23:08:29.834  3405 16706 I Nearby  : (REDACTED) Successfully shutdown executor %s.
02-24 23:08:29.834  3405 16711 I NearbyConnections: [AutoResumeManager] clearPendingPayloadInfo for payloadId = -8755812674460242007, remaining number of payloadIds = 0.
02-24 23:08:29.834  3405  5509 I NearbyConnections: Client 198644749 is sending payload -4844854236935978255 of type BYTES to endpoints [D2EG].
02-24 23:08:29.835  3405 16690 I NearbyConnections: [AutoResume] numSuccessfulAutoResume = 0, numFailedAutoResume = 0.
02-24 23:08:29.835  3405 16736 I NearbyMediums: Create a BlockingPayloadChunkQueue with size 10.
02-24 23:08:29.840  1928  2554 D BackgroundInstallControlService: Package event received: 0
02-24 23:08:29.841  3405 16711 I NearbyConnections: ClientProxy(com.digimon.glyph) reporting onPayloadTransferUpdate(D2EG, -4844854236935978255, SUCCESS, 100%) processed(payloadListener:non-null isClientAlive:true)
02-24 23:08:29.841  3405 16711 I NearbyConnections: [AutoResume] numSuccessfulAutoResume = 0, numFailedAutoResume = 0.
02-24 23:08:29.842  3405 16690 I NearbyConnections: [AutoResumeManager] clearPendingPayloadInfo for payloadId = -4844854236935978255, remaining number of payloadIds = 0.
02-24 23:08:29.842  1264  3072 D audioserver: logFgsApiBegin: FGS Logger Transaction failed, -129
02-24 23:08:29.842  1928  4240 W AS.PlaybackActivityMon: No piid assigned for invalid/internal port id 29
02-24 23:08:29.842  3405 16736 I Nearby  : (REDACTED) Successfully shutdown executor %s.
02-24 23:08:29.842  3405 16736 I Nearby  : (REDACTED) Successfully shutdown executor %s.
02-24 23:08:29.848 16494 16494 D DigimonGlyphToy: Starting in standalone widget mode
02-24 23:08:29.854 16494 16494 D DigimonGlyphToy: Timing mode set to EXACT (userExact=true boostActive=false battleLock=true stepGate=false stepSliceMs=10 correctionOverride=1.0)
02-24 23:08:29.855 16494 16494 D DigimonGlyphToy: Process command id=679 type=button_press arg=10
02-24 23:08:29.855 16494 16494 D DigimonGlyphToy: Command 679 result: button pressed
02-24 23:08:29.858 16494 16664 D DigimonGlyphToy: Battle io W addr=0xf14 v=0 count=4
02-24 23:08:29.904  1264  3072 W Permission: The package name(android) provided does not correspond to the uid 1041
02-24 23:08:29.912  1114  1154 I EffectsFactory: EffectCreate() create_effect
02-24 23:08:29.914  1264  3072 W AudioFlinger: moveEffectChain_ll: effect chain for session 0 not on source thread 0xb400007d1bc62fe8
02-24 23:08:29.918  1264  3072 D audioserver: logFgsApiBegin: FGS Logger Transaction failed, -129
02-24 23:08:29.921  1116  3510 I vendor.qti.bluetooth@1.0-ibs_handler: ProcessIbsCmd: Received IBS_WAKE_IND: 0xFD
02-24 23:08:29.921  1116  3510 D vendor.qti.bluetooth@1.0-ibs_handler: SerialClockVote: vote for UART CLK ON
02-24 23:08:29.922  1116  3510 D vendor.qti.bluetooth@1.0-wake_lock: Acquire wakelock is acquired 
02-24 23:08:29.922  1116  3510 I vendor.qti.bluetooth@1.0-ibs_handler: ProcessIbsCmd: Writing IBS_WAKE_ACK
02-24 23:08:29.928  3405  5509 I NearbyConnections: Client 198644749 is sending payload -5486176149050398553 of type BYTES to endpoints [D2EG].
02-24 23:08:29.928  3405 16736 I NearbyMediums: Create a BlockingPayloadChunkQueue with size 10.
02-24 23:08:29.932  3405 16736 I Nearby  : (REDACTED) Successfully shutdown executor %s.
02-24 23:08:29.932  3405 16690 I NearbyConnections: ClientProxy(com.digimon.glyph) reporting onPayloadTransferUpdate(D2EG, -5486176149050398553, SUCCESS, 100%) processed(payloadListener:non-null isClientAlive:true)
02-24 23:08:29.932  3405 16736 I Nearby  : (REDACTED) Successfully shutdown executor %s.
02-24 23:08:29.933  3405 16690 I NearbyConnections: [AutoResume] numSuccessfulAutoResume = 0, numFailedAutoResume = 0.
02-24 23:08:29.934  3405 16736 I NearbyConnections: [AutoResumeManager] clearPendingPayloadInfo for payloadId = -5486176149050398553, remaining number of payloadIds = 0.
02-24 23:08:29.945 16494 16664 D DigimonGlyphToy: Battle io W addr=0xf14 v=0 count=5
02-24 23:08:29.948  1114  1114 D ACDB-LOADER: ACDB -> send_audvoltable
02-24 23:08:29.948  1114  1114 D ACDB-LOADER: ACDB -> ACDB_CMD_GET_AUDPROC_INSTANCE_GAIN_DEP_STEP_TABLE_SIZE
02-24 23:08:29.948  1114  1114 D ACDB-LOADER: ACDB -> ACDB_CMD_GET_AUDPROC_INSTANCE_GAIN_DEP_STEP_TABLE, vol index 5
02-24 23:08:29.948  1114  1114 D ACDB-LOADER: ACDB -> AUDIO_SET_VOL_CAL cal type = 40
02-24 23:08:29.949  1114  1114 W msm8974_platform: platform_send_gain_dep_cal: Usecase list is empty
02-24 23:08:29.949  1114  1114 D ACDB-LOADER: ACDB -> send_audvoltable
02-24 23:08:29.949  1114  1114 D ACDB-LOADER: ACDB -> ACDB_CMD_GET_AUDPROC_INSTANCE_GAIN_DEP_STEP_TABLE_SIZE
02-24 23:08:29.949  1114  1114 D ACDB-LOADER: ACDB -> ACDB_CMD_GET_AUDPROC_INSTANCE_GAIN_DEP_STEP_TABLE, vol index 5
02-24 23:08:29.949  1114  1114 D ACDB-LOADER: ACDB -> AUDIO_SET_VOL_CAL cal type = 40
02-24 23:08:29.950  1114  1154 D ACDB-LOADER: ACDB -> send_audvoltable
02-24 23:08:29.950  1114  1154 D ACDB-LOADER: ACDB -> ACDB_CMD_GET_AUDPROC_INSTANCE_GAIN_DEP_STEP_TABLE_SIZE
02-24 23:08:29.950  1114  1154 D ACDB-LOADER: ACDB -> ACDB_CMD_GET_AUDPROC_INSTANCE_GAIN_DEP_STEP_TABLE, vol index 4
02-24 23:08:29.950  1114  1154 D ACDB-LOADER: ACDB -> AUDIO_SET_VOL_CAL cal type = 40
02-24 23:08:29.950  1114  1154 W msm8974_platform: platform_send_gain_dep_cal: Usecase list is empty
02-24 23:08:29.950  1114  1154 D ACDB-LOADER: ACDB -> send_audvoltable
02-24 23:08:29.951  1114  1154 D ACDB-LOADER: ACDB -> ACDB_CMD_GET_AUDPROC_INSTANCE_GAIN_DEP_STEP_TABLE_SIZE
02-24 23:08:29.951  1114  1154 D ACDB-LOADER: ACDB -> ACDB_CMD_GET_AUDPROC_INSTANCE_GAIN_DEP_STEP_TABLE, vol index 4
02-24 23:08:29.951  1114  1154 D ACDB-LOADER: ACDB -> AUDIO_SET_VOL_CAL cal type = 40
02-24 23:08:29.952  3405 16690 I NearbyConnections: ClientProxy(com.digimon.glyph) reporting onPayloadReceived(D2EG, -5211860227989837411), with result: DETAIL_SUCCESS
02-24 23:08:29.957  3405 16690 I NearbyConnections: ClientProxy(com.digimon.glyph) reporting onPayloadTransferUpdate(D2EG, -5211860227989837411, SUCCESS, 100%) processed(payloadListener:non-null isClientAlive:true)
02-24 23:08:29.957  3405 16706 I Nearby  : (REDACTED) Successfully shutdown executor %s.
02-24 23:08:29.958  3405 16690 I NearbyConnections: [AutoResume] numSuccessfulAutoResume = 0, numFailedAutoResume = 0.
02-24 23:08:29.959  3405 16711 I NearbyConnections: [AutoResumeManager] clearPendingPayloadInfo for payloadId = -5211860227989837411, remaining number of payloadIds = 0.
02-24 23:08:29.962  1116  3510 I vendor.qti.bluetooth@1.0-ibs_handler: ProcessIbsCmd: Received IBS_SLEEP_IND: 0xFE
02-24 23:08:29.963  1116  3510 D vendor.qti.bluetooth@1.0-ibs_handler: SerialClockVote: vote for UART CLK OFF
02-24 23:08:29.977  1928  2501 D AppWidgetServiceImpl: Trying to notify widget update for package com.digimon.glyph with widget id: 8
02-24 23:08:29.988  3269  3269 W Choreographer: Frame time is 0.260572 ms in the future!  Check that graphics HAL is generating vsync timestamps using the correct timebase.
02-24 23:08:29.988  2763  2763 W Choreographer: Frame time is 0.128176 ms in the future!  Check that graphics HAL is generating vsync timestamps using the correct timebase.
02-24 23:08:30.029  1264  2320 D audioserver: logFgsApiEnd: FGS Logger Transaction failed, -129
02-24 23:08:30.113  1116  3163 D vendor.qti.bluetooth@1.0-wake_lock: Release wakelock is released 
02-24 23:08:30.147  1264  2326 D audioserver: logFgsApiEnd: FGS Logger Transaction failed, -129
02-24 23:08:30.149  1114  1154 D ACDB-LOADER: ACDB -> send_audvoltable
02-24 23:08:30.149  1114  1154 D ACDB-LOADER: ACDB -> ACDB_CMD_GET_AUDPROC_INSTANCE_GAIN_DEP_STEP_TABLE_SIZE
02-24 23:08:30.149  1114  1154 D ACDB-LOADER: ACDB -> ACDB_CMD_GET_AUDPROC_INSTANCE_GAIN_DEP_STEP_TABLE, vol index 0
02-24 23:08:30.149  1114  1154 D ACDB-LOADER: ACDB -> AUDIO_SET_VOL_CAL cal type = 40
02-24 23:08:30.150  1114  1154 W msm8974_platform: platform_send_gain_dep_cal: Usecase list is empty
02-24 23:08:30.150  1114  1154 D ACDB-LOADER: ACDB -> send_audvoltable
02-24 23:08:30.150  1114  1154 D ACDB-LOADER: ACDB -> ACDB_CMD_GET_AUDPROC_INSTANCE_GAIN_DEP_STEP_TABLE_SIZE
02-24 23:08:30.150  1114  1154 D ACDB-LOADER: ACDB -> ACDB_CMD_GET_AUDPROC_INSTANCE_GAIN_DEP_STEP_TABLE, vol index 0
02-24 23:08:30.150  1114  1154 D ACDB-LOADER: ACDB -> AUDIO_SET_VOL_CAL cal type = 40
02-24 23:08:30.151  1114  1154 W msm8974_platform: platform_send_gain_dep_cal: Usecase list is empty
02-24 23:08:30.152  1264  1721 W audioserver: Binder 0xb400007c76e201a0 destroyed after setInheritRt before being parceled.
02-24 23:08:30.152  1264  1721 W audioserver: Binder 0xb400007c76e201a0 destroyed after setMinSchedulerPolicy before being parceled.
02-24 23:08:30.159  1264  1721 W AudioFlinger: moveEffectChain_ll: effect chain for session 0 not on source thread 0xb400007d1b85bfe8
02-24 23:08:30.474  1116  3510 I vendor.qti.bluetooth@1.0-ibs_handler: ProcessIbsCmd: Received IBS_WAKE_IND: 0xFD
02-24 23:08:30.474  1116  3510 D vendor.qti.bluetooth@1.0-ibs_handler: SerialClockVote: vote for UART CLK ON
02-24 23:08:30.475  1116  3510 D vendor.qti.bluetooth@1.0-wake_lock: Acquire wakelock is acquired 
02-24 23:08:30.475  1116  3510 I vendor.qti.bluetooth@1.0-ibs_handler: ProcessIbsCmd: Writing IBS_WAKE_ACK
02-24 23:08:30.504  1928  2501 D AppWidgetServiceImpl: Trying to notify widget update for package com.digimon.glyph with widget id: 8
02-24 23:08:30.552  1116  3510 I vendor.qti.bluetooth@1.0-ibs_handler: ProcessIbsCmd: Received IBS_SLEEP_IND: 0xFE
02-24 23:08:30.552  1116  3510 D vendor.qti.bluetooth@1.0-ibs_handler: SerialClockVote: vote for UART CLK OFF
02-24 23:08:30.580  3405 16711 I NearbyConnections: ClientProxy(com.digimon.glyph) reporting onPayloadReceived(D2EG, -6528463602290848588), with result: DETAIL_SUCCESS
02-24 23:08:30.583  3405 16706 I Nearby  : (REDACTED) Successfully shutdown executor %s.
02-24 23:08:30.583  3405 16711 I NearbyConnections: ClientProxy(com.digimon.glyph) reporting onPayloadTransferUpdate(D2EG, -6528463602290848588, SUCCESS, 100%) processed(payloadListener:non-null isClientAlive:true)
02-24 23:08:30.584  3405 16711 I NearbyConnections: [AutoResume] numSuccessfulAutoResume = 0, numFailedAutoResume = 0.
02-24 23:08:30.584  3405 16732 I NearbyConnections: [AutoResumeManager] clearPendingPayloadInfo for payloadId = -6528463602290848588, remaining number of payloadIds = 0.
02-24 23:08:30.585  3405  5509 I NearbyConnections: Client 198644749 is sending payload -7780185926383860716 of type BYTES to endpoints [D2EG].
02-24 23:08:30.586  3405 16732 I NearbyMediums: Create a BlockingPayloadChunkQueue with size 10.
02-24 23:08:30.589  3405 16732 I Nearby  : (REDACTED) Successfully shutdown executor %s.
02-24 23:08:30.589  3405 16690 I NearbyConnections: ClientProxy(com.digimon.glyph) reporting onPayloadTransferUpdate(D2EG, -7780185926383860716, SUCCESS, 100%) processed(payloadListener:non-null isClientAlive:true)
02-24 23:08:30.590  3405 16732 I Nearby  : (REDACTED) Successfully shutdown executor %s.
02-24 23:08:30.590  3405 16690 I NearbyConnections: [AutoResume] numSuccessfulAutoResume = 0, numFailedAutoResume = 0.
02-24 23:08:30.590  3405 16732 I NearbyConnections: [AutoResumeManager] clearPendingPayloadInfo for payloadId = -7780185926383860716, remaining number of payloadIds = 0.
02-24 23:08:30.679  3405  5509 I NearbyConnections: Client 198644749 is sending payload -4681970173648324180 of type BYTES to endpoints [D2EG].
02-24 23:08:30.680  3405 16732 I NearbyMediums: Create a BlockingPayloadChunkQueue with size 10.
02-24 23:08:30.684  3405 16732 I Nearby  : (REDACTED) Successfully shutdown executor %s.
02-24 23:08:30.685  3405 16711 I NearbyConnections: ClientProxy(com.digimon.glyph) reporting onPayloadTransferUpdate(D2EG, -4681970173648324180, SUCCESS, 100%) processed(payloadListener:non-null isClientAlive:true)
02-24 23:08:30.685  3405 16732 I Nearby  : (REDACTED) Successfully shutdown executor %s.
02-24 23:08:30.686  3405 16711 I NearbyConnections: [AutoResume] numSuccessfulAutoResume = 0, numFailedAutoResume = 0.
02-24 23:08:30.687  3405 16732 I NearbyConnections: [AutoResumeManager] clearPendingPayloadInfo for payloadId = -4681970173648324180, remaining number of payloadIds = 0.
02-24 23:08:30.703  1116  3163 D vendor.qti.bluetooth@1.0-wake_lock: Release wakelock is released 
02-24 23:08:30.723  3405 16711 I NearbyConnections: ClientProxy(com.digimon.glyph) reporting onPayloadReceived(D2EG, -8056327058871908508), with result: DETAIL_SUCCESS
02-24 23:08:30.764  3405 16706 I Nearby  : (REDACTED) Successfully shutdown executor %s.
02-24 23:08:30.764  3405 16711 I NearbyConnections: ClientProxy(com.digimon.glyph) reporting onPayloadTransferUpdate(D2EG, -8056327058871908508, SUCCESS, 100%) processed(payloadListener:non-null isClientAlive:true)
02-24 23:08:30.765  3405 16732 I NearbyConnections: [AutoResumeManager] clearPendingPayloadInfo for payloadId = -8056327058871908508, remaining number of payloadIds = 0.
02-24 23:08:30.765  3405 16711 I NearbyConnections: [AutoResume] numSuccessfulAutoResume = 0, numFailedAutoResume = 0.
02-24 23:08:31.036  1928  2501 D AppWidgetServiceImpl: Trying to notify widget update for package com.digimon.glyph with widget id: 8
02-24 23:08:31.333  3405 16711 I NearbyConnections: ClientProxy(com.digimon.glyph) reporting onPayloadReceived(D2EG, -5115833717596161689), with result: DETAIL_SUCCESS
02-24 23:08:31.337  3405 16706 I Nearby  : (REDACTED) Successfully shutdown executor %s.
02-24 23:08:31.337  3405 16732 I NearbyConnections: ClientProxy(com.digimon.glyph) reporting onPayloadTransferUpdate(D2EG, -5115833717596161689, SUCCESS, 100%) processed(payloadListener:non-null isClientAlive:true)
02-24 23:08:31.338  3405 16732 I NearbyConnections: [AutoResume] numSuccessfulAutoResume = 0, numFailedAutoResume = 0.
02-24 23:08:31.338  3405 16711 I NearbyConnections: [AutoResumeManager] clearPendingPayloadInfo for payloadId = -5115833717596161689, remaining number of payloadIds = 0.
02-24 23:08:31.339  3405  5509 I NearbyConnections: Client 198644749 is sending payload -6708459127384891647 of type BYTES to endpoints [D2EG].
02-24 23:08:31.340  3405 16711 I NearbyMediums: Create a BlockingPayloadChunkQueue with size 10.
02-24 23:08:31.345  3405 16711 I Nearby  : (REDACTED) Successfully shutdown executor %s.
02-24 23:08:31.345  3405 16711 I Nearby  : (REDACTED) Successfully shutdown executor %s.
02-24 23:08:31.345  3405 16690 I NearbyConnections: ClientProxy(com.digimon.glyph) reporting onPayloadTransferUpdate(D2EG, -6708459127384891647, SUCCESS, 100%) processed(payloadListener:non-null isClientAlive:true)
02-24 23:08:31.346  3405 16690 I NearbyConnections: [AutoResume] numSuccessfulAutoResume = 0, numFailedAutoResume = 0.
02-24 23:08:31.346  3405 16711 I NearbyConnections: [AutoResumeManager] clearPendingPayloadInfo for payloadId = -6708459127384891647, remaining number of payloadIds = 0.
02-24 23:08:31.429  3405  5509 I NearbyConnections: Client 198644749 is sending payload -7714113330135569337 of type BYTES to endpoints [D2EG].
02-24 23:08:31.430  3405 16711 I NearbyMediums: Create a BlockingPayloadChunkQueue with size 10.
02-24 23:08:31.433  3405 16711 I Nearby  : (REDACTED) Successfully shutdown executor %s.
02-24 23:08:31.433  3405 16711 I Nearby  : (REDACTED) Successfully shutdown executor %s.
02-24 23:08:31.434  3405 16732 I NearbyConnections: ClientProxy(com.digimon.glyph) reporting onPayloadTransferUpdate(D2EG, -7714113330135569337, SUCCESS, 100%) processed(payloadListener:non-null isClientAlive:true)
02-24 23:08:31.434  3405 16732 I NearbyConnections: [AutoResume] numSuccessfulAutoResume = 0, numFailedAutoResume = 0.
02-24 23:08:31.434  3405 16711 I NearbyConnections: [AutoResumeManager] clearPendingPayloadInfo for payloadId = -7714113330135569337, remaining number of payloadIds = 0.
02-24 23:08:31.463  3405 16711 I NearbyConnections: ClientProxy(com.digimon.glyph) reporting onPayloadReceived(D2EG, -8177093888251028956), with result: DETAIL_SUCCESS
