02-25 00:12:36.671 25145 25145 I tfa98xx_hw_params(): tfa98xx: mixer profile:container profile = [0:0]
02-25 00:12:36.680 25145 25145 I tfa98xx_mute(): tfa98xx_mute[0x34]: state: 0, stream : 1
02-25 00:12:36.681 25145 25145 I tfa98xx Active_profile: speaker, next_profile:speaker
02-25 00:12:36.681 25145 25145 I         : tfa98xx Current HW manager state:
02-25 00:12:36.681 25145 25145 I         : tfa98xx power_down_state
02-25 00:12:36.682 25145 25145 I         : tfa98xx Startup of device [P] is a warmstart
02-25 00:12:36.684 25145 25145 I         : tfa98xx Current HW manager state:
02-25 00:12:36.684 25145 25145 I         : tfa98xx operating_state
02-25 00:12:36.686 25145 25145 I         : tfa98xx Current HW manager state:
02-25 00:12:36.686 25145 25145 I         : tfa98xx operating_state
02-25 00:12:36.687 25145 25145 I tfa98xx 5-0034: tfa_dev_start success (0)
02-25 00:12:36.687 25145 25145 I tfa98xx_mute(): tfa98xx_mute[0x35]: state: 0, stream : 1
02-25 00:12:36.687 25145 25145 I tfa98xx Active_profile: speaker, next_profile:speaker
02-25 00:12:36.687 25145 25145 I         : tfa98xx Current HW manager state:
02-25 00:12:36.687 25145 25145 I         : tfa98xx power_down_state
02-25 00:12:36.687 25145 25145 I         : tfa98xx Startup of device [S] is a warmstart
02-25 00:12:36.690 25145 25145 I         : tfa98xx Current HW manager state:
02-25 00:12:36.690 25145 25145 I         : tfa98xx operating_state
02-25 00:12:36.694 25145 25145 I         : tfa98xx Current HW manager state:
02-25 00:12:36.694 25145 25145 I         : tfa98xx operating_state
02-25 00:12:36.694 25145 25145 I tfa98xx 5-0035: tfa_dev_start success (0)
02-25 00:12:36.704  2642  2642 I tfa98xx_mute(): tfa98xx_mute[0x34]: state: 0, stream : 0
02-25 00:12:36.704  2642  2642 I tfa98xx_mute(): tfa98xx: send_calib_values from HAL
02-25 00:12:36.714  2642  2642 I tfa98xx_dsp_init(): tfa98xx: Stream already started, skipping DSP power-on
02-25 00:12:36.714  2642  2642 I tfa98xx_mute(): tfa98xx_mute[0x35]: state: 0, stream : 0
02-25 00:12:36.714  2642  2642 I tfa98xx_mute(): tfa98xx: send_calib_values from HAL
02-25 00:12:36.724  2642  2642 I tfa98xx_dsp_init(): tfa98xx: Stream already started, skipping DSP power-on
02-25 00:12:36.866  1599  1599 E healthd : battery l=56 v=3895 t=30.0 h=2 st=3 c=-586000 fc=5167000 cc=132 chg=
02-25 00:12:36.887  1599  1599 W HealthLoop: debug.tracing.screen_brightness:1.814392
02-25 00:12:36.981  1212  1212 D [FTS_TS]fts_input_report_b: [B]P0(866, 2091)[p:63,tm:3] DOWN!
02-25 00:12:37.096  1212  1212 D [FTS_TS]fts_input_report_b: [B]P0 UP!
02-25 00:12:37.096  1212  1212 D [FTS_TS]fts_input_report_b: [B]Points All Up!
02-25 00:12:37.271  1212  1212 D [FTS_TS]fts_input_report_b: [B]P0(1009, 1787)[p:63,tm:5] DOWN!
02-25 00:12:37.483  1212  1212 D [FTS_TS]fts_input_report_b: [B]P0 UP!
02-25 00:12:37.483  1212  1212 D [FTS_TS]fts_input_report_b: [B]Points All Up!
02-25 00:12:38.125  1805  1805 I rmt_storage: INFO:rmt_storage_rw_iovec_cb: Write iovec request (req_h 0x23d wr_count 567) received for /boot/modem_fs1
02-25 00:12:38.126  2644  2644 I rmt_storage: INFO:rmt_storage_client_thread: Calling Write
02-25 00:12:38.126  2644  2644 I rmt_storage: INFO:rmt_storage_client_thread: offset=0
02-25 00:12:38.126  2644  2644 I rmt_storage: INFO:rmt_storage_client_thread: size=4194304
02-25 00:12:38.126  2644  2644 I rmt_storage: INFO:rmt_storage_client_thread: req_h 0x23d
02-25 00:12:38.126  2644  2644 I rmt_storage: INFO:rmt_storage_client_thread: wr_count 567
02-25 00:12:38.126  2644  2644 I rmt_storage: INFO:rmt_storage_client_thread: for /boot/modem_fs1!
02-25 00:12:38.148  2644  2644 I rmt_storage: INFO:rmt_storage_client_thread: Done Write (bytes = 4194304, req_h 0x23d, wr_count 567) for /boot/modem_fs1!
02-25 00:12:38.739  1212  1212 D [FTS_TS]fts_input_report_b: [B]P0(1005, 2008)[p:63,tm:4] DOWN!
02-25 00:12:38.821  1212  1212 D [FTS_TS]fts_input_report_b: [B]P0 UP!
02-25 00:12:38.821  1212  1212 D [FTS_TS]fts_input_report_b: [B]Points All Up!
02-25 00:12:38.941  1212  1212 D [FTS_TS]fts_input_report_b: [B]P0(1156, 1698)[p:63,tm:5] DOWN!
02-25 00:12:39.185  1212  1212 D [FTS_TS]fts_input_report_b: [B]P0 UP!
02-25 00:12:39.185  1212  1212 D [FTS_TS]fts_input_report_b: [B]Points All Up!
02-25 00:12:39.298   936   936 I servicemanager: Caller(pid=11513,uid=10418,sid=u:r:untrusted_app:s0:c162,c257,c512,c768) Found android.hardware.media.c2.IComponentStore/default in device VINTF manifest.
02-25 00:12:39.324   936   936 E servicemanager: VINTF HALs require names in the format type/instance (e.g. some.package.foo.IFoo/default) but got: media_quality
02-25 00:12:39.329   910   910 I msm_vidc: fw: <VFW_E:HostDr:264d:64902fc0:01> VenusHostDriver_ParseC2SysPacket(897): QC_IMAGE_VERSION_STRING=video-firmware.3.4-75ad4eb9657cf50ee663b05f78c01d6ceccd5632
02-25 00:12:39.329   910   910 I msm_vidc: fw: <VFW_E:HostDr:264d:64902fc0:01> VenusHostDriver_ParseC2SysPacket(898): IMAGE_VARIANT_STRING=PROD_IRIS3_2P
02-25 00:12:39.329   910   910 I msm_vidc: fw: <VFW_E:HostDr:264d:64902fc0:01> VenusHostDriver_ParseC2SysPacket(899): OEM_IMAGE_VERSION_STRING=hyd-lablnx446
02-25 00:12:39.329   910   910 I msm_vidc: fw: <VFW_E:HostDr:264d:64902fc0:01> VenusHostDriver_ParseC2SysPacket(900): BUILD_TIME: Jan 29 2025 13:08:56
02-25 00:12:39.498   936   936 I servicemanager: Caller(pid=11513,uid=10418,sid=u:r:untrusted_app:s0:c162,c257,c512,c768) Found android.hardware.media.c2.IComponentStore/default in device VINTF manifest.
02-25 00:12:39.516   936   936 E servicemanager: VINTF HALs require names in the format type/instance (e.g. some.package.foo.IFoo/default) but got: media_quality
02-25 00:12:39.853  1212  1212 D [FTS_TS]fts_input_report_b: [B]P0(945, 1991)[p:63,tm:2] DOWN!
02-25 00:12:39.947  1212  1212 D [FTS_TS]fts_input_report_b: [B]P0 UP!
02-25 00:12:39.947  1212  1212 D [FTS_TS]fts_input_report_b: [B]Points All Up!
02-25 00:12:40.084  1212  1212 D [FTS_TS]fts_input_report_b: [B]P0(1104, 1724)[p:63,tm:8] DOWN!
02-25 00:12:44.007  1212  1212 D [FTS_TS]fts_input_report_b: [B]P0 UP!
02-25 00:12:44.007  1212  1212 D [FTS_TS]fts_input_report_b: [B]Points All Up!
02-25 00:12:45.296  1212  1212 D [FTS_TS]fts_input_report_b: [B]P0(854, 2103)[p:63,tm:6] DOWN!
02-25 00:12:45.387  1212  1212 D [FTS_TS]fts_input_report_b: [B]P0 UP!
02-25 00:12:45.387  1212  1212 D [FTS_TS]fts_input_report_b: [B]Points All Up!
02-25 00:12:45.503  1212  1212 D [FTS_TS]fts_input_report_b: [B]P0(1041, 1744)[p:63,tm:12] DOWN!
02-25 00:12:45.710  1212  1212 D [FTS_TS]fts_input_report_b: [B]P0 UP!
02-25 00:12:45.710  1212  1212 D [FTS_TS]fts_input_report_b: [B]Points All Up!
02-25 00:12:45.748   936   936 I servicemanager: Caller(pid=11513,uid=10418,sid=u:r:untrusted_app:s0:c162,c257,c512,c768) Found android.hardware.media.c2.IComponentStore/default in device VINTF manifest.
02-25 00:12:45.769   936   936 E servicemanager: VINTF HALs require names in the format type/instance (e.g. some.package.foo.IFoo/default) but got: media_quality
02-25 00:12:45.774   910   910 I msm_vidc: fw: <VFW_E:HostDr:264d:6491afc0:00> VenusHostDriver_ParseC2SysPacket(897): QC_IMAGE_VERSION_STRING=video-firmware.3.4-75ad4eb9657cf50ee663b05f78c01d6ceccd5632
02-25 00:12:45.774   910   910 I msm_vidc: fw: <VFW_E:HostDr:264d:6491afc0:00> VenusHostDriver_ParseC2SysPacket(898): IMAGE_VARIANT_STRING=PROD_IRIS3_2P
02-25 00:12:45.774   910   910 I msm_vidc: fw: <VFW_E:HostDr:264d:6491afc0:00> VenusHostDriver_ParseC2SysPacket(899): OEM_IMAGE_VERSION_STRING=hyd-lablnx446
02-25 00:12:45.774   910   910 I msm_vidc: fw: <VFW_E:HostDr:264d:6491afc0:00> VenusHostDriver_ParseC2SysPacket(900): BUILD_TIME: Jan 29 2025 13:08:56
02-25 00:12:45.850   936   936 I servicemanager: Caller(pid=11513,uid=10418,sid=u:r:untrusted_app:s0:c162,c257,c512,c768) Found android.hardware.media.c2.IComponentStore/default in device VINTF manifest.
02-25 00:12:45.865   936   936 E servicemanager: VINTF HALs require names in the format type/instance (e.g. some.package.foo.IFoo/default) but got: media_quality
02-25 00:12:47.259  1212  1212 D [FTS_TS]fts_input_report_b: [B]P0(940, 1934)[p:63,tm:3] DOWN!
02-25 00:12:47.409  1212  1212 D [FTS_TS]fts_input_report_b: [B]P0 UP!
02-25 00:12:47.409  1212  1212 D [FTS_TS]fts_input_report_b: [B]Points All Up!
02-25 00:12:47.902  1212  1212 D [FTS_TS]fts_input_report_b: [B]P0(927, 1972)[p:63,tm:7] DOWN!
02-25 00:12:47.997  1212  1212 D [FTS_TS]fts_input_report_b: [B]P0 UP!
02-25 00:12:47.997  1212  1212 D [FTS_TS]fts_input_report_b: [B]Points All Up!
02-25 00:12:48.168  1212  1212 D [FTS_TS]fts_input_report_b: [B]P0(1022, 1746)[p:63,tm:6] DOWN!
02-25 00:12:48.352  1212  1212 D [FTS_TS]fts_input_report_b: [B]P0 UP!
02-25 00:12:48.352  1212  1212 D [FTS_TS]fts_input_report_b: [B]Points All Up!
02-25 00:12:48.422   936   936 I servicemanager: Caller(pid=11513,uid=10418,sid=u:r:untrusted_app:s0:c162,c257,c512,c768) Found android.hardware.media.c2.IComponentStore/default in device VINTF manifest.
02-25 00:12:48.446   936   936 E servicemanager: VINTF HALs require names in the format type/instance (e.g. some.package.foo.IFoo/default) but got: media_quality
02-25 00:12:48.452   910   910 I msm_vidc: fw: <VFW_E:HostDr:264d:6491afc0:00> VenusHostDriver_ParseC2SysPacket(897): QC_IMAGE_VERSION_STRING=video-firmware.3.4-75ad4eb9657cf50ee663b05f78c01d6ceccd5632
02-25 00:12:48.452   910   910 I msm_vidc: fw: <VFW_E:HostDr:264d:6491afc0:00> VenusHostDriver_ParseC2SysPacket(898): IMAGE_VARIANT_STRING=PROD_IRIS3_2P
02-25 00:12:48.452   910   910 I msm_vidc: fw: <VFW_E:HostDr:264d:6491afc0:00> VenusHostDriver_ParseC2SysPacket(899): OEM_IMAGE_VERSION_STRING=hyd-lablnx446
02-25 00:12:48.452   910   910 I msm_vidc: fw: <VFW_E:HostDr:264d:6491afc0:00> VenusHostDriver_ParseC2SysPacket(900): BUILD_TIME: Jan 29 2025 13:08:56
02-25 00:12:49.012  4726  4726 I nothing_virtual_ntc: attr_store trigger! virtual_ntc[3]: prev_low_trip = 33000, prev_high_trip = 39000
02-25 00:12:49.012  4726  4726 I nothing_virtual_ntc: attr_store virtual_ntc[3]: trip_low = -2147483647, trip_high = 39000, temp = 32978
02-25 00:12:50.268   740   740 I pm8941-pwrkey c42d000.qcom,spmi: qcom,pmk8550@0:pon_hlos@1300:pwrkey: Key event reported: code=116, status=128
02-25 00:12:50.341  2642  2642 I adsp_sleepmon: Audio: num_sessions=0,num_lpi_sessions=0,timer_pending=1
02-25 00:12:50.348  2642  2642 I tfa98xx_mute(): tfa98xx_mute[0x34]: state: 1, stream : 1
02-25 00:12:50.348  2642  2642 I tfa98xx_mute(): tfa98xx_mute[0x35]: state: 1, stream : 1
02-25 00:12:50.352  2642  2642 I tfa98xx_mute(): tfa98xx_mute[0x34]: state: 1, stream : 0
02-25 00:12:50.354  2642  2642 I tfa98xx_mute(): tfa98xx_mute[0x35]: state: 1, stream : 0
02-25 00:12:50.395   740   740 I pm8941-pwrkey c42d000.qcom,spmi: qcom,pmk8550@0:pon_hlos@1300:pwrkey: Key event reported: code=116, status=0
02-25 00:12:50.417     1     1 I init    : processing action (sys.touch.pocket_mode=*) from (/vendor/etc/init/hw/init.nt_product.rc:357)
02-25 00:12:50.417   310   310 E [FTS_TS/E]fts_proc_pocket_mode_write: Pre-pocket_mode = 0, Exit pocket mode
02-25 00:12:50.434  2592  2592 I [FTS_TS/I]fts_fod_enable: Fod enable,fod_mode = 1
02-25 00:12:50.435     1     1 I init    : processing action (sys.touch.keyguard.state=*) from (/vendor/etc/init/hw/init.nt_product.rc:403)
02-25 00:12:50.438  2592  2592 I [FTS_TS/I]fts_fod_set_reg: set fod mode to 2 successfully
02-25 00:12:50.438   310   310 I [FTS_TS/I]fts_ex_mode_switch: PalmToSleep Mode Disable
02-25 00:12:50.442  2592  2592 I si-mo   : mo_shm_bridge_release: mem-object-00000000f4b09375 unmapped.
02-25 00:12:50.512  2592  2592 I [FTS_TS/I]fts_fod_enable: disable fod but not power off,fod_mode = 3
02-25 00:12:50.517  2592  2592 I [FTS_TS/I]fts_fod_set_reg: set fod mode to 0 successfully
02-25 00:12:51.061  1181  1181 D [FTS_TS]fts_panel_notifier_callback: Notification type:3, early_trigger:1
02-25 00:12:51.061  1181  1181 D [FTS_TS]fts_panel_notifier_callback: received lp event
02-25 00:12:51.061  1181  1181 I goodix_fp: [info] goodix_panel_state_chg_callback go to the goodix_fb_state_chg_callback type = 3
02-25 00:12:51.062  1181  1181 I send message: 12
02-25 00:12:51.062 19279 19279 D [FTS_TS]fts_ts_suspend: Enter
02-25 00:12:51.062  1181  1181 I [drm:dsi_panel_set_lp1 [msm_drm]] [msm-dsi-info]: mode in
02-25 00:12:51.066 19279 19279 I [FTS_TS/I]fts_fod_suspend: fts_fod_suspend set gesture to ENABLE successfully
02-25 00:12:51.066 19279 19279 D [FTS_TS]fts_gesture_suspend: Enter
02-25 00:12:51.068  1181  1181 I [drm:dsi_panel_set_lp1 [msm_drm]] [msm-dsi-info]: enter aod, brightness  743, rc=0
02-25 00:12:51.070  1181  1181 D [FTS_TS]fts_panel_notifier_callback: Notification type:3, early_trigger:0
02-25 00:12:51.070  1181  1181 D [FTS_TS]fts_panel_notifier_callback: received lp event
02-25 00:12:51.070 19279 19279 I [FTS_TS/I]fts_gesture_suspend: Enter into gesture(suspend) successfully
02-25 00:12:51.070 19279 19279 D [FTS_TS]fts_gesture_suspend: Exit(456)
02-25 00:12:51.070 19279 19279 D [FTS_TS]fts_ts_suspend: Exit(2026)
02-25 00:12:51.070 19279 19279 D [FTS_TS]fts_ts_suspend: Enter
02-25 00:12:51.070 19279 19279 I [FTS_TS/I]fts_ts_suspend: Already in suspend state
02-25 00:12:51.098  1599  1599 E healthd : battery l=56 v=3896 t=30.0 h=2 st=3 c=-752000 fc=5167000 cc=132 chg=
02-25 00:12:51.106 20168 20168 I [drm:dsi_panel_set_backlight [msm_drm]] [msm-dsi-info]: recovery brightness  275 to aod_level 16
02-25 00:12:51.284  2592  2592 I [FTS_TS/I]fts_fod_enable: Fod enable,fod_mode = 1
02-25 00:12:51.285     1     1 I init    : processing action (sys.touch.pocket_mode=*) from (/vendor/etc/init/hw/init.nt_product.rc:357)
02-25 00:12:51.286  2592  2592 I [FTS_TS/I]fts_fod_set_reg: set fod mode to 2 successfully
02-25 00:12:51.286   310   310 E [FTS_TS/E]fts_proc_pocket_mode_write: Pre-pocket_mode = 0, Enter pocket mode
02-25 00:12:51.571     1     1 I init    : processing action (sys.touch.keyguard.state=*) from (/vendor/etc/init/hw/init.nt_product.rc:403)
02-25 00:12:51.571   310   310 I [FTS_TS/I]fts_ex_mode_switch: PalmToSleep Mode Enable
02-25 00:12:51.575   310   310 I [FTS_TS/I]fts_ex_mode_set_reg: set mode(9a) to 1 successfully
02-25 00:12:51.631   910   910 I msm_vidc: fw: <VFW_E:CmdDec:264d:64902fc0:01> vDec_QBuf(4387): FTB RO+REL received when buffer is reference, DPB list or Driver might be at fault
02-25 00:12:51.649 25220 25220 I msm_vidc: high: 6491afc0:  avcD_222: flush ro buf: OUTPUT: idx -1 fd  62 off 0 daddr 0xddc00000 inode   382796 ref  2 size        0 filled        0 flags 0x0 ts        0 attr 0x0 dbuf_get 1 attach 0 map 0 counts(etb ebd ftb fbd)   88   88   92   92
02-25 00:12:51.656 25248 25248 I msm_vidc: high: 64902fc0:  avcD_223: flush ro buf: OUTPUT: idx -1 fd 462 off 0 daddr 0xdc680000 inode   382889 ref  2 size        0 filled        0 flags 0x0 ts        0 attr 0x0 dbuf_get 1 attach 0 map 0 counts(etb ebd ftb fbd)  214  214  216  216
02-25 00:12:55.570  1104  1104 I adsp_sleepmon: timer_event = 1,suspend_event = 0
02-25 00:12:56.309 15586 15586 I [drm:dsi_panel_set_backlight [msm_drm]] [msm-dsi-info]: recovery brightness  0 to aod_level 16
02-25 00:12:56.317  1181  1181 D [FTS_TS]fts_panel_notifier_callback: Notification type:1, early_trigger:1
02-25 00:12:56.317  1181  1181 I goodix_fp: [info] goodix_panel_state_chg_callback go to the goodix_fb_state_chg_callback type = 1
02-25 00:12:56.317  1181  1181 I send message: 2
02-25 00:12:56.318 19279 19279 D [FTS_TS]fts_ts_suspend: Enter
02-25 00:12:56.318 19279 19279 I [FTS_TS/I]fts_ts_suspend: Already in suspend state
02-25 00:12:56.318  1181  1181 I [drm:dsi_panel_disable [msm_drm]] [msm-dsi-info]: in
02-25 00:12:56.320  2579  2579 I si-mo   : mo_shm_bridge_release: mem-object-00000000f4b09375 unmapped.
02-25 00:12:56.517  1181  1181 D [FTS_TS]fts_panel_notifier_callback: Notification type:1, early_trigger:0
02-25 00:12:56.517  1181  1181 D [FTS_TS]fts_panel_notifier_callback: suspend notification post commit
02-25 00:12:56.532  1663  1663 W nt_vote : FCC_MAIN: FCC_TEMPERATURE_CONTROL_VOTER,1 voting on of val=20000
02-25 00:12:56.532  1663  1663 W nt_vote : FCC_MAIN: effective vote is now 9000 voted by FCC_NT_CHG_VOTER,0
02-25 00:12:56.532  1663  1663 E BATTERY_CHG: scenario_fcc_write: scenario_fcc_write,val:9000
02-25 00:12:56.619  1599  1599 E healthd : battery l=56 v=3891 t=31.0 h=2 st=3 c=-886000 fc=5167000 cc=132 chg=
02-25 00:12:56.656  1599  1599 W HealthLoop: debug.tracing.screen_brightness:0.000000
02-25 00:12:56.816  1599  1599 E healthd : battery l=56 v=3891 t=31.0 h=2 st=3 c=-872000 fc=5167000 cc=132 chg=
02-25 00:12:56.845  1599  1599 W HealthLoop: debug.tracing.screen_brightness:0.000000
02-25 00:12:57.023  1599  1599 E healthd : battery l=56 v=3891 t=31.0 h=2 st=3 c=-874000 fc=5167000 cc=132 chg=
02-25 00:12:57.047  1599  1599 W HealthLoop: debug.tracing.screen_brightness:0.000000
02-25 00:12:57.249  1599  1599 E healthd : battery l=56 v=3891 t=31.0 h=2 st=3 c=-832000 fc=5167000 cc=132 chg=
02-25 00:12:57.276  1599  1599 W HealthLoop: debug.tracing.screen_brightness:0.000000
02-25 00:12:57.443  1599  1599 E healthd : battery l=56 v=3888 t=31.0 h=2 st=3 c=-798000 fc=5167000 cc=132 chg=
02-25 00:12:57.470  1599  1599 W HealthLoop: debug.tracing.screen_brightness:0.000000
02-25 00:12:57.675  1599  1599 E healthd : battery l=56 v=3888 t=31.0 h=2 st=3 c=-747000 fc=5167000 cc=132 chg=
02-25 00:12:57.701  1599  1599 W HealthLoop: debug.tracing.screen_brightness:0.000000
02-25 00:12:57.887  1599  1599 E healthd : battery l=56 v=3888 t=31.0 h=2 st=3 c=-682000 fc=5167000 cc=132 chg=
02-25 00:12:57.913  1599  1599 W HealthLoop: debug.tracing.screen_brightness:0.000000
02-25 00:12:58.108  1599  1599 E healthd : battery l=56 v=3888 t=31.0 h=2 st=3 c=-682000 fc=5167000 cc=132 chg=
02-25 00:12:58.135  1599  1599 W HealthLoop: debug.tracing.screen_brightness:0.000000
02-25 00:12:58.324  1599  1599 E healthd : battery l=56 v=3888 t=31.0 h=2 st=3 c=-657000 fc=5167000 cc=132 chg=
02-25 00:12:58.348  1599  1599 W HealthLoop: debug.tracing.screen_brightness:0.000000
02-25 00:12:58.561  1599  1599 E healthd : battery l=56 v=3895 t=31.0 h=2 st=3 c=-616000 fc=5167000 cc=132 chg=
02-25 00:12:58.583  1599  1599 W HealthLoop: debug.tracing.screen_brightness:0.000000
02-25 00:12:58.763  1599  1599 E healthd : battery l=56 v=3895 t=31.0 h=2 st=3 c=-662000 fc=5167000 cc=132 chg=
02-25 00:12:58.787  1599  1599 W HealthLoop: debug.tracing.screen_brightness:0.000000
02-25 00:12:58.982  1599  1599 E healthd : battery l=56 v=3895 t=31.0 h=2 st=3 c=-679000 fc=5167000 cc=132 chg=
02-25 00:12:59.004  1599  1599 W HealthLoop: debug.tracing.screen_brightness:0.000000
02-25 00:12:59.211  1599  1599 E healthd : battery l=56 v=3895 t=31.0 h=2 st=3 c=-714000 fc=5167000 cc=132 chg=
02-25 00:12:59.234  1599  1599 W HealthLoop: debug.tracing.screen_brightness:0.000000
02-25 00:12:59.416  1599  1599 E healthd : battery l=56 v=3894 t=31.0 h=2 st=3 c=-758000 fc=5167000 cc=132 chg=
02-25 00:12:59.443  1599  1599 W HealthLoop: debug.tracing.screen_brightness:0.000000
02-25 00:12:59.637  1599  1599 E healthd : battery l=56 v=3894 t=31.0 h=2 st=3 c=-747000 fc=5167000 cc=132 chg=
02-25 00:12:59.659  1599  1599 W HealthLoop: debug.tracing.screen_brightness:0.000000
02-25 00:12:59.840  1599  1599 E healthd : battery l=56 v=3894 t=31.0 h=2 st=3 c=-747000 fc=5167000 cc=132 chg=
02-25 00:12:59.864  1599  1599 W HealthLoop: debug.tracing.screen_brightness:0.000000
02-25 00:13:00.064  1599  1599 E healthd : battery l=56 v=3894 t=31.0 h=2 st=3 c=-743000 fc=5167000 cc=132 chg=
02-25 00:13:00.087  1599  1599 W HealthLoop: debug.tracing.screen_brightness:0.000000
02-25 00:13:00.289  1599  1599 E healthd : battery l=56 v=3894 t=31.0 h=2 st=3 c=-738000 fc=5167000 cc=132 chg=
02-25 00:13:00.313  1599  1599 W HealthLoop: debug.tracing.screen_brightness:0.000000
02-25 00:13:22.461     1     1 I init    : processing action (sys.touch.pocket_mode=*) from (/vendor/etc/init/hw/init.nt_product.rc:357)
02-25 00:13:22.461   310   310 E [FTS_TS/E]fts_proc_pocket_mode_write: Pre-pocket_mode = 1, Exit pocket mode
02-25 00:13:22.852  1181  1181 D [FTS_TS]fts_panel_notifier_callback: Notification type:3, early_trigger:1
02-25 00:13:22.852  1181  1181 D [FTS_TS]fts_panel_notifier_callback: received lp event
02-25 00:13:22.852  1181  1181 I goodix_fp: [info] goodix_panel_state_chg_callback go to the goodix_fb_state_chg_callback type = 3
02-25 00:13:22.852  1181  1181 I send message: 12
02-25 00:13:22.852  1181  1181 I [drm:dsi_display_set_mode [msm_drm]] [msm-dsi-info]: mdp_transfer_time=6485, hactive=1260, vactive=2800, fps=120, clk_rate=1100000000
02-25 00:13:22.853  1181  1181 I [drm:dsi_ctrl_isr_configure [msm_drm]] [msm-dsi-info]: dsi-ctrl-0: IRQ 363 registered
02-25 00:13:22.854 19279 19279 D [FTS_TS]fts_ts_suspend: Enter
02-25 00:13:22.854 19279 19279 I [FTS_TS/I]fts_ts_suspend: Already in suspend state
02-25 00:13:22.903  1181  1181 I [drm:dsi_panel_enable [msm_drm]] [msm-dsi-info]: in
02-25 00:13:23.007  1181  1181 I [drm:dsi_panel_set_lp1 [msm_drm]] [msm-dsi-info]: mode in
02-25 00:13:23.008  1181  1181 I [drm:dsi_panel_set_lp1 [msm_drm]] [msm-dsi-info]: enter aod, brightness  0, rc=0
02-25 00:13:23.009 15586 15586 I [drm:dsi_panel_set_backlight [msm_drm]] [msm-dsi-info]: recovery brightness  0 to aod_level 16
02-25 00:13:23.011  1181  1181 D [FTS_TS]fts_panel_notifier_callback: Notification type:3, early_trigger:0
02-25 00:13:23.011  1181  1181 D [FTS_TS]fts_panel_notifier_callback: received lp event
02-25 00:13:23.011 19279 19279 D [FTS_TS]fts_ts_suspend: Enter
02-25 00:13:23.011 19279 19279 I [FTS_TS/I]fts_ts_suspend: Already in suspend state
02-25 00:13:23.036 13477 13477 I [drm:dsi_panel_set_backlight [msm_drm]] [msm-dsi-info]: recovery brightness  275 to aod_level 16
02-25 00:13:23.271   740   740 I pm8941-pwrkey c42d000.qcom,spmi: qcom,pmk8550@0:pon_hlos@1300:pwrkey: Key event reported: code=116, status=128
02-25 00:13:23.284     1     1 I init    : processing action (sys.touch.pocket_mode=*) from (/vendor/etc/init/hw/init.nt_product.rc:357)
02-25 00:13:23.285   310   310 E [FTS_TS/E]fts_proc_pocket_mode_write: Pre-pocket_mode = 0, Exit pocket mode
02-25 00:13:23.306  1181  1181 D [FTS_TS]fts_panel_notifier_callback: Notification type:2, early_trigger:1
02-25 00:13:23.306  1181  1181 D [FTS_TS]fts_panel_notifier_callback: resume notification pre commit
02-25 00:13:23.306  1181  1181 I goodix_fp: [info] goodix_panel_state_chg_callback go to the goodix_fb_state_chg_callback type = 2
02-25 00:13:23.306  1181  1181 I send message: 3
02-25 00:13:23.310  1181  1181 I [drm:dsi_panel_set_nolp [msm_drm]] [msm-dsi-info]: in
02-25 00:13:23.310  1181  1181 I [drm:dsi_panel_set_nolp [msm_drm]] [msm-dsi-info]: [rm692j0 amoled fhd+ 120hz cmd mode dsi boe panel with DSC] recovery aod_level to normal 275, rc=0
02-25 00:13:23.311  2579  2579 I si-mo   : mo_shm_bridge_release: mem-object-00000000f4b09375 unmapped.
02-25 00:13:23.313     1     1 I init    : processing action (sys.touch.pocket_mode=*) from (/vendor/etc/init/hw/init.nt_product.rc:357)
02-25 00:13:23.314   310   310 E [FTS_TS/E]fts_proc_pocket_mode_write: Pre-pocket_mode = 0, Exit pocket mode
02-25 00:13:23.326  4253  4253 E st21nfc_dev_write: i2c_master_send returned -107
02-25 00:13:23.333  1181  1181 D [FTS_TS]fts_panel_notifier_callback: Notification type:2, early_trigger:0
02-25 00:13:23.333 16098 16098 D [FTS_TS]fts_ts_resume: Enter
02-25 00:13:23.333 16098 16098 I [FTS_TS/I]fts_set_reset: set reset to 0
02-25 00:13:23.333 16098 16098 D [FTS_TS]fts_reset_pre: write regb6
02-25 00:13:23.349     1     1 I init    : processing action (sys.touch.keyguard.state=*) from (/vendor/etc/init/hw/init.nt_product.rc:403)
02-25 00:13:23.349   310   310 I [FTS_TS/I]fts_ex_mode_switch: PalmToSleep Mode Enable
02-25 00:13:23.350  1599  1599 E healthd : battery l=56 v=3908 t=31.0 h=2 st=3 c=-282000 fc=5167000 cc=132 chg=
02-25 00:13:23.360 16098 16098 I [FTS_TS/I]fts_set_reset: set reset to 1
02-25 00:13:23.370   310   310 E [FTS_TS/E]fts_read: data read(addr:9a) crc abnormal,status:0,ret:-5
02-25 00:13:23.394   310   310 E [FTS_TS/E]fts_ex_mode_set_reg: set mode(9a) to 1 failed,read val:0
02-25 00:13:23.394   310   310 E [FTS_TS/E]fts_ex_mode_switch: Set PalmToSleep Mode to 1 failed
02-25 00:13:23.417  1212  1212 I [FTS_TS/I]fts_read_parse_touchdata: touch buff is 0xff, FW initialized
02-25 00:13:23.418  1212  1212 I [FTS_TS/I]fts_wait_tp_to_valid: TP Ready,Device ID:0x56
02-25 00:13:23.418  1212  1212 I [FTS_TS/I]fts_ex_mode_switch: PalmToSleep Mode Enable
02-25 00:13:23.419 16098 16098 I [FTS_TS/I]fts_wait_tp_to_valid: TP Ready,Device ID:0x56
02-25 00:13:23.419 16098 16098 D [FTS_TS]fts_gesture_resume: Enter
02-25 00:13:23.422 16098 16098 I [FTS_TS/I]fts_gesture_resume: resume from gesture successfully
02-25 00:13:23.422 16098 16098 D [FTS_TS]fts_gesture_resume: Exit(479)
02-25 00:13:23.427 16098 16098 I [FTS_TS/I]fts_fod_resume: fts_fod_resume set gesture to DISABLE successfully
02-25 00:13:23.427 16098 16098 I [FTS_TS/I]fts_ex_mode_switch: PalmToSleep Mode Enable
02-25 00:13:23.432   740   740 I pm8941-pwrkey c42d000.qcom,spmi: qcom,pmk8550@0:pon_hlos@1300:pwrkey: Key event reported: code=116, status=0
02-25 00:13:23.437  1212  1212 I [FTS_TS/I]fts_fod_set_reg: set fod mode to 2 successfully
02-25 00:13:23.442 16098 16098 D [FTS_TS]fts_ts_resume: Exit(2092)
02-25 00:13:24.011  4726  4726 I nothing_virtual_ntc: attr_store trigger! virtual_ntc[3]: prev_low_trip = 33000, prev_high_trip = 39000
02-25 00:13:24.011  4726  4726 I nothing_virtual_ntc: attr_store virtual_ntc[3]: trip_low = -2147483647, trip_high = 39000, temp = 32939
02-25 00:13:24.704  1212  1212 D [FTS_TS]fts_fod_report_key: KEY_GESTURE_FOD, 1. x:646, y:2518
02-25 00:13:24.704  1212  1212 I goodix_fp: [nt_tp_notifier_callback] : TOUCHPANEL_FPEVENT_DOWN,event=0,x=646,y=2518
02-25 00:13:24.704  1212  1212 I send message: 7
02-25 00:13:24.705  1212  1212 D [FTS_TS]fts_input_report_b: [B]P0(646, 2518)[p:63,tm:11] DOWN!
02-25 00:13:24.721  2579  2579 I si-mo   : mo_shm_bridge_release: mem-object-00000000f4b09375 unmapped.
02-25 00:13:24.748  1181  1181 I [drm:dsi_panel_set_lhbm_state [msm_drm]] [msm-dsi-info]: open local hbm
02-25 00:13:24.749  1181  1181 I goodix_fp: [nt_dsi_notifier_callback] :FP_NOTIFIER_EVENT_UI hbm_status=1,ui_status=1
02-25 00:13:24.749  1181  1181 I send message: 9
02-25 00:13:24.749  1181  1181 I goodix_fp: [nt_dsi_notifier_callback]:FP_NOTIFIER_EVENT_UI FP_UI_READY #^_^#
02-25 00:13:24.835  2579  2579 I si-mo   : mo_shm_bridge_release: mem-object-00000000f4b09375 unmapped.
02-25 00:13:24.865  2579  2579 I si-mo   : mo_shm_bridge_release: mem-object-00000000f4b09375 unmapped.
02-25 00:13:24.866  2579  2579 I [drm:dsi_panel_set_lhbm_state [msm_drm]] [msm-dsi-info]: close local hbm
02-25 00:13:24.866  2579  2579 I goodix_fp: [nt_dsi_notifier_callback] :FP_NOTIFIER_EVENT_UI hbm_status=0,ui_status=1
02-25 00:13:24.866  2579  2579 I send message: 10
02-25 00:13:24.866  2579  2579 I goodix_fp: [nt_dsi_notifier_callback]:FP_NOTIFIER_EVENT_UI FP_UI_DISAPPEAR #@_@#
02-25 00:13:24.868  2579  2579 I si-mo   : mo_shm_bridge_release: mem-object-00000000f4b09375 unmapped.
02-25 00:13:24.870  2579  2579 I si-mo   : mo_shm_bridge_release: mem-object-00000000f4b09375 unmapped.
02-25 00:13:24.871  2579  2579 I [FTS_TS/I]fts_fod_enable: Fod unlock
02-25 00:13:24.890  1708  1708 I [haptic_hv][2810]gain_store: value=0x80
02-25 00:13:24.892  1708  1708 I [haptic_hv][0649]aw8693x_stop: enter
02-25 00:13:24.898  1708  1708 I [haptic_hv][0486]aw8693x_wait_enter_standby: entered standby!
02-25 00:13:24.912  1708  1708 I [haptic_hv][1415]aw8693x_get_lra_resistance: r0=8407
02-25 00:13:24.912  1708  1708 I richtap_file_unlocked_ioctl: cmd=0x5203, arg=0x7fccd17824
02-25 00:13:24.912  1708  1708 I richtap_file_unlocked_ioctl: cmd=0x5204, arg=0x2
02-25 00:13:24.912  1708  1708 E haptic_hv 15-005a: richtap_file_unlocked_ioctl, unknown cmd
02-25 00:13:24.913  4738  4738 I richtap_file_unlocked_ioctl: cmd=0x5205, arg=0x7f
02-25 00:13:24.913  4738  4738 I         : richtap_file_unlocked_ioctl richtap set gain:128 arg:128,nt_pre_arg:128,min arg:128
02-25 00:13:24.914  4738  4738 I richtap_file_unlocked_ioctl: cmd=0x520a, arg=0x0
02-25 00:13:24.914  4738  4738 I [haptic_hv][0649]aw8693x_stop: enter
02-25 00:13:24.919  4738  4738 I [haptic_hv][0486]aw8693x_wait_enter_standby: entered standby!
02-25 00:13:24.919  4738  4738 I [haptic_hv][0678]aw8693x_upload_lra: write osc_cali_data to trim_lra = 0x00
02-25 00:13:24.920  4738  4738 I [haptic_hv][0360]aw8693x_set_bst_vol: set bst vol = 9000 mV, reg_val = 0x11
02-25 00:13:24.921 16098 16098 I         : richtap_rtp_work rtp 1837 tm_len = 504
02-25 00:13:24.921 16098 16098 I [haptic_hv][0593]aw8693x_play_mode: enter rtp mode
02-25 00:13:24.921 16098 16098 I [haptic_hv][0501]aw8693x_bst_mode_config: haptic bst mode = bst
02-25 00:13:24.922 16098 16098 I [haptic_hv][0463]aw8693x_play_go: enter, flag = 1
02-25 00:13:24.923 16098 16098 I richtap_rtp_start: wait for RTP_GO, glb_state=0x01
02-25 00:13:24.927 16098 16098 I richtap_rtp_start: RTP_GO! glb_state=0x08
02-25 00:13:24.927 16098 16098 I         : richtap_rtp_work start richtap play
02-25 00:13:24.948   936   936 I servicemanager: Caller(pid=11513,uid=10418,sid=u:r:untrusted_app:s0:c162,c257,c512,c768) Found android.hardware.media.c2.IComponentStore/default in device VINTF manifest.
02-25 00:13:24.955  2579  2579 I si-mo   : mo_shm_bridge_release: mem-object-00000000f4b09375 unmapped.
02-25 00:13:24.968   936   936 E servicemanager: VINTF HALs require names in the format type/instance (e.g. some.package.foo.IFoo/default) but got: media_quality
02-25 00:13:24.971  2579  2579 I si-mo   : mo_shm_bridge_release: mem-object-00000000f4b09375 unmapped.
02-25 00:13:24.975  2579  2579 I si-mo   : mo_shm_bridge_release: mem-object-00000000f4b09375 unmapped.
02-25 00:13:24.977  2579  2579 I si-mo   : mo_shm_bridge_release: mem-object-00000000f4b09375 unmapped.
02-25 00:13:24.978   910   910 I msm_vidc: fw: <VFW_E:HostDr:264d:64902fc0:01> VenusHostDriver_ParseC2SysPacket(897): QC_IMAGE_VERSION_STRING=video-firmware.3.4-75ad4eb9657cf50ee663b05f78c01d6ceccd5632
02-25 00:13:24.978   910   910 I msm_vidc: fw: <VFW_E:HostDr:264d:64902fc0:01> VenusHostDriver_ParseC2SysPacket(898): IMAGE_VARIANT_STRING=PROD_IRIS3_2P
02-25 00:13:24.978   910   910 I msm_vidc: fw: <VFW_E:HostDr:264d:64902fc0:01> VenusHostDriver_ParseC2SysPacket(899): OEM_IMAGE_VERSION_STRING=hyd-lablnx446
02-25 00:13:24.978   910   910 I msm_vidc: fw: <VFW_E:HostDr:264d:64902fc0:01> VenusHostDriver_ParseC2SysPacket(900): BUILD_TIME: Jan 29 2025 13:08:56
02-25 00:13:25.055  1212  1212 D [FTS_TS]fts_fod_report_key: KEY_GESTURE_FOD, 0. x:646, y:2518
02-25 00:13:25.055  1212  1212 I goodix_fp: [nt_tp_notifier_callback] : TOUCHPANEL_FPEVENT_UP,event=1,x=646,y=2518
02-25 00:13:25.055  1212  1212 I send message: 8
02-25 00:13:25.058  1212  1212 I [FTS_TS/I]fts_fod_set_reg: set fod mode to 0 successfully
02-25 00:13:25.058  1212  1212 D [FTS_TS]fts_input_report_b: [B]P0 UP!
02-25 00:13:25.058  1212  1212 D [FTS_TS]fts_input_report_b: [B]Points All Up!
02-25 00:13:25.293     1     1 I init    : processing action (sys.touch.pocket_mode=*) from (/vendor/etc/init/hw/init.nt_product.rc:357)
02-25 00:13:25.293   310   310 E [FTS_TS/E]fts_proc_pocket_mode_write: Pre-pocket_mode = 0, Exit pocket mode
02-25 00:13:25.311     1     1 I init    : processing action (sys.touch.pocket_mode=*) from (/vendor/etc/init/hw/init.nt_product.rc:357)
02-25 00:13:25.311   310   310 E [FTS_TS/E]fts_proc_pocket_mode_write: Pre-pocket_mode = 0, Exit pocket mode
02-25 00:13:25.328     1     1 I init    : processing action (sys.touch.keyguard.state=*) from (/vendor/etc/init/hw/init.nt_product.rc:403)
02-25 00:13:25.329   310   310 I [FTS_TS/I]fts_ex_mode_switch: PalmToSleep Mode Disable
02-25 00:13:25.332   310   310 I [FTS_TS/I]fts_ex_mode_set_reg: set mode(9a) to 0 successfully
02-25 00:13:25.739  1212  1212 D [FTS_TS]fts_input_report_b: [B]P0(856, 2300)[p:63,tm:10] DOWN!
02-25 00:13:25.806  1212  1212 D [FTS_TS]fts_input_report_b: [B]P0 UP!
02-25 00:13:25.806  1212  1212 D [FTS_TS]fts_input_report_b: [B]Points All Up!
02-25 00:13:25.969  1212  1212 D [FTS_TS]fts_input_report_b: [B]P0(934, 2094)[p:63,tm:10] DOWN!
02-25 00:13:26.229  1212  1212 D [FTS_TS]fts_input_report_b: [B]P0 UP!
02-25 00:13:26.229  1212  1212 D [FTS_TS]fts_input_report_b: [B]Points All Up!
02-25 00:13:28.325   740   740 I pm8941-pwrkey c42d000.qcom,spmi: qcom,pmk8550@0:pon_hlos@1300:pwrkey: Key event reported: code=116, status=128
02-25 00:13:28.501   740   740 I pm8941-pwrkey c42d000.qcom,spmi: qcom,pmk8550@0:pon_hlos@1300:pwrkey: Key event reported: code=116, status=0
02-25 00:13:28.516     1     1 I init    : processing action (sys.touch.pocket_mode=*) from (/vendor/etc/init/hw/init.nt_product.rc:357)
02-25 00:13:28.516  2592  2592 I [FTS_TS/I]fts_fod_enable: Fod enable,fod_mode = 1
02-25 00:13:28.521  2592  2592 I [FTS_TS/I]fts_fod_set_reg: set fod mode to 2 successfully
02-25 00:13:28.523   310   310 E [FTS_TS/E]fts_proc_pocket_mode_write: Pre-pocket_mode = 0, Exit pocket mode
02-25 00:13:28.525  2592  2592 I si-mo   : mo_shm_bridge_release: mem-object-00000000f4b09375 unmapped.
02-25 00:13:28.543     1     1 I init    : processing action (sys.touch.keyguard.state=*) from (/vendor/etc/init/hw/init.nt_product.rc:403)
02-25 00:13:28.544   310   310 I [FTS_TS/I]fts_ex_mode_switch: PalmToSleep Mode Disable
02-25 00:13:28.618  2592  2592 I [FTS_TS/I]fts_fod_enable: disable fod but not power off,fod_mode = 3
02-25 00:13:28.621  2592  2592 I [FTS_TS/I]fts_fod_set_reg: set fod mode to 0 successfully
02-25 00:13:29.171  1181  1181 D [FTS_TS]fts_panel_notifier_callback: Notification type:3, early_trigger:1
02-25 00:13:29.171  1181  1181 D [FTS_TS]fts_panel_notifier_callback: received lp event
02-25 00:13:29.171  1181  1181 I goodix_fp: [info] goodix_panel_state_chg_callback go to the goodix_fb_state_chg_callback type = 3
02-25 00:13:29.171  1181  1181 I send message: 12
02-25 00:13:29.171 16098 16098 D [FTS_TS]fts_ts_suspend: Enter
02-25 00:13:29.172  1181  1181 I [drm:dsi_panel_set_lp1 [msm_drm]] [msm-dsi-info]: mode in
02-25 00:13:29.177  1181  1181 I [drm:dsi_panel_set_lp1 [msm_drm]] [msm-dsi-info]: enter aod, brightness  648, rc=0
02-25 00:13:29.178 16098 16098 I [FTS_TS/I]fts_fod_suspend: fts_fod_suspend set gesture to ENABLE successfully
02-25 00:13:29.178 16098 16098 D [FTS_TS]fts_gesture_suspend: Enter
02-25 00:13:29.178  1181  1181 D [FTS_TS]fts_panel_notifier_callback: Notification type:3, early_trigger:0
02-25 00:13:29.178  1181  1181 D [FTS_TS]fts_panel_notifier_callback: received lp event
02-25 00:13:29.183 16098 16098 I [FTS_TS/I]fts_gesture_suspend: Enter into gesture(suspend) successfully
02-25 00:13:29.183 16098 16098 D [FTS_TS]fts_gesture_suspend: Exit(456)
02-25 00:13:29.183 16098 16098 D [FTS_TS]fts_ts_suspend: Exit(2026)
02-25 00:13:29.183 16098 16098 D [FTS_TS]fts_ts_suspend: Enter
02-25 00:13:29.183 16098 16098 I [FTS_TS/I]fts_ts_suspend: Already in suspend state
02-25 00:13:29.200  1599  1599 E healthd : battery l=56 v=3900 t=31.0 h=2 st=3 c=-731000 fc=5167000 cc=132 chg=
02-25 00:13:29.215 20168 20168 I [drm:dsi_panel_set_backlight [msm_drm]] [msm-dsi-info]: recovery brightness  275 to aod_level 16
02-25 00:13:29.330  1663  1663 W nt_vote : FCC_MAIN: FCC_TEMPERATURE_CONTROL_VOTER,1 voting on of val=2500
02-25 00:13:29.330  1663  1663 W nt_vote : FCC_MAIN: effective vote is now 2500 voted by FCC_TEMPERATURE_CONTROL_VOTER,1
02-25 00:13:29.330  1663  1663 E BATTERY_CHG: scenario_fcc_write: scenario_fcc_write,val:2500
02-25 00:13:29.385  2592  2592 I [FTS_TS/I]fts_fod_enable: Fod enable,fod_mode = 1
02-25 00:13:29.389  2592  2592 I [FTS_TS/I]fts_fod_set_reg: set fod mode to 2 successfully
02-25 00:13:29.409  1599  1599 E healthd : battery l=56 v=3878 t=31.0 h=2 st=3 c=-782000 fc=5167000 cc=132 chg=
02-25 00:13:29.434  1599  1599 W HealthLoop: debug.tracing.screen_brightness:0.669291
02-25 00:13:29.603  1599  1599 E healthd : battery l=56 v=3878 t=31.0 h=2 st=3 c=-767000 fc=5167000 cc=132 chg=
02-25 00:13:29.628  1599  1599 W HealthLoop: debug.tracing.screen_brightness:0.669291
02-25 00:13:29.683     1     1 I init    : processing action (sys.touch.keyguard.state=*) from (/vendor/etc/init/hw/init.nt_product.rc:403)
02-25 00:13:29.683   310   310 I [FTS_TS/I]fts_ex_mode_switch: PalmToSleep Mode Enable
02-25 00:13:29.686   310   310 I [FTS_TS/I]fts_ex_mode_set_reg: set mode(9a) to 1 successfully
02-25 00:13:29.703     1     1 I init    : processing action (sys.touch.keyguard.state=*) from (/vendor/etc/init/hw/init.nt_product.rc:403)
02-25 00:13:29.704   310   310 I [FTS_TS/I]fts_ex_mode_switch: PalmToSleep Mode Enable
02-25 00:13:29.785 25378 25378 I msm_vidc: high: 6491afc0:  avcD_224: flush ro buf: OUTPUT: idx -1 fd  54 off 0 daddr 0xde080000 inode   383059 ref  2 size        0 filled        0 flags 0x0 ts        0 attr 0x0 dbuf_get 1 attach 0 map 0 counts(etb ebd ftb fbd)  314  314  312  312
02-25 00:13:29.825  1599  1599 E healthd : battery l=56 v=3878 t=31.0 h=2 st=3 c=-644000 fc=5167000 cc=132 chg=
02-25 00:13:29.850  1599  1599 W HealthLoop: debug.tracing.screen_brightness:0.669291
02-25 00:13:30.044     1     1 I init    : processing action (sys.touch.pocket_mode=*) from (/vendor/etc/init/hw/init.nt_product.rc:357)
02-25 00:13:30.044   310   310 E [FTS_TS/E]fts_proc_pocket_mode_write: Pre-pocket_mode = 0, Exit pocket mode
02-25 00:13:30.051  1599  1599 E healthd : battery l=56 v=3878 t=31.0 h=2 st=3 c=-622000 fc=5167000 cc=132 chg=
02-25 00:13:30.070 22553 22553 I [schedu][0xa4fefa92acd][23:13:34.844907] wcn7750: [22553:I:OSIF] scan start scan id 42098
02-25 00:13:30.079  1599  1599 W HealthLoop: debug.tracing.screen_brightness:1.580504
02-25 00:13:30.082     1     1 I init    : processing action (sys.touch.pocket_mode=*) from (/vendor/etc/init/hw/init.nt_product.rc:357)
02-25 00:13:30.083   310   310 E [FTS_TS/E]fts_proc_pocket_mode_write: Pre-pocket_mode = 0, Exit pocket mode
02-25 00:13:30.104  1599  1599 E healthd : battery l=56 v=3878 t=31.0 h=2 st=3 c=-622000 fc=5167000 cc=132 chg=
02-25 00:13:30.108 15586 15586 I [drm:dsi_panel_set_backlight [msm_drm]] [msm-dsi-info]: recovery brightness  283 to aod_level 16
02-25 00:13:30.173  1181  1181 D [FTS_TS]fts_panel_notifier_callback: Notification type:2, early_trigger:1
02-25 00:13:30.173  1181  1181 D [FTS_TS]fts_panel_notifier_callback: resume notification pre commit
02-25 00:13:30.173  1181  1181 I goodix_fp: [info] goodix_panel_state_chg_callback go to the goodix_fb_state_chg_callback type = 2
02-25 00:13:30.173  1181  1181 I send message: 3
02-25 00:13:30.173  1181  1181 I [drm:dsi_panel_set_nolp [msm_drm]] [msm-dsi-info]: in
02-25 00:13:30.174  1181  1181 I [drm:dsi_panel_set_nolp [msm_drm]] [msm-dsi-info]: [rm692j0 amoled fhd+ 120hz cmd mode dsi boe panel with DSC] recovery aod_level to normal 283, rc=0
02-25 00:13:30.177  2579  2579 I si-mo   : mo_shm_bridge_release: mem-object-00000000f4b09375 unmapped.
02-25 00:13:30.206  1181  1181 D [FTS_TS]fts_panel_notifier_callback: Notification type:2, early_trigger:0
02-25 00:13:30.206 25116 25116 D [FTS_TS]fts_ts_resume: Enter
02-25 00:13:30.206 25116 25116 I [FTS_TS/I]fts_set_reset: set reset to 0
02-25 00:13:30.206 25116 25116 D [FTS_TS]fts_reset_pre: write regb6
02-25 00:13:30.230 25116 25116 I [FTS_TS/I]fts_set_reset: set reset to 1
02-25 00:13:30.232     1     1 I init    : processing action (sys.touch.keyguard.state=*) from (/vendor/etc/init/hw/init.nt_product.rc:403)
02-25 00:13:30.232   310   310 I [FTS_TS/I]fts_ex_mode_switch: PalmToSleep Mode Enable
02-25 00:13:30.238   310   310 E [FTS_TS/E]fts_read: data read(addr:9a) crc abnormal,status:0,ret:-5
02-25 00:13:30.244  1599  1599 E healthd : battery l=56 v=3878 t=31.0 h=2 st=3 c=-622000 fc=5167000 cc=132 chg=
02-25 00:13:30.252   310   310 E [FTS_TS/E]fts_ex_mode_set_reg: set mode(9a) to 1 failed,read val:ef
02-25 00:13:30.252   310   310 E [FTS_TS/E]fts_ex_mode_switch: Set PalmToSleep Mode to 1 failed
02-25 00:13:30.270  1599  1599 W HealthLoop: debug.tracing.screen_brightness:1.580504
02-25 00:13:30.270   310   310 I [FTS_TS/I]fts_ex_mode_set_reg: set mode(9a) to 1 successfully
02-25 00:13:30.286 25116 25116 I [FTS_TS/I]fts_wait_tp_to_valid: TP Ready,Device ID:0x56
02-25 00:13:30.286 25116 25116 D [FTS_TS]fts_gesture_resume: Enter
02-25 00:13:30.287  1212  1212 I [FTS_TS/I]fts_read_parse_touchdata: touch buff is 0xff, FW initialized
02-25 00:13:30.287  1212  1212 I [FTS_TS/I]fts_wait_tp_to_valid: TP Ready,Device ID:0x56
02-25 00:13:30.287  1212  1212 I [FTS_TS/I]fts_ex_mode_switch: PalmToSleep Mode Enable
02-25 00:13:30.288 25116 25116 I [FTS_TS/I]fts_gesture_resume: resume from gesture successfully
02-25 00:13:30.288 25116 25116 D [FTS_TS]fts_gesture_resume: Exit(479)
02-25 00:13:30.290 25116 25116 I [FTS_TS/I]fts_fod_resume: fts_fod_resume set gesture to DISABLE successfully
02-25 00:13:30.290 25116 25116 I [FTS_TS/I]fts_ex_mode_switch: PalmToSleep Mode Enable
02-25 00:13:30.306  1212  1212 I [FTS_TS/I]fts_fod_set_reg: set fod mode to 2 successfully
02-25 00:13:30.308 25116 25116 D [FTS_TS]fts_ts_resume: Exit(2092)
02-25 00:13:30.467  1599  1599 E healthd : battery l=56 v=3898 t=31.0 h=2 st=3 c=-699000 fc=5167000 cc=132 chg=
02-25 00:13:30.496  1599  1599 W HealthLoop: debug.tracing.screen_brightness:1.580504
02-25 00:13:30.685  1599  1599 E healthd : battery l=56 v=3898 t=31.0 h=2 st=3 c=-785000 fc=5167000 cc=132 chg=
02-25 00:13:30.715  1599  1599 W HealthLoop: debug.tracing.screen_brightness:1.580504
02-25 00:13:30.919  1599  1599 E healthd : battery l=56 v=3898 t=31.0 h=2 st=3 c=-805000 fc=5167000 cc=132 chg=
02-25 00:13:30.942  1599  1599 W HealthLoop: debug.tracing.screen_brightness:1.580504
02-25 00:13:31.125  1599  1599 E healthd : battery l=56 v=3898 t=31.0 h=2 st=3 c=-857000 fc=5167000 cc=132 chg=
02-25 00:13:31.148  1599  1599 W HealthLoop: debug.tracing.screen_brightness:1.580504
02-25 00:13:31.347  1599  1599 E healthd : battery l=56 v=3903 t=31.0 h=2 st=3 c=-724000 fc=5167000 cc=132 chg=
02-25 00:13:31.375  1599  1599 W HealthLoop: debug.tracing.screen_brightness:1.580504
02-25 00:13:31.556  1599  1599 E healthd : battery l=56 v=3903 t=31.0 h=2 st=3 c=-659000 fc=5167000 cc=132 chg=
02-25 00:13:31.584  1599  1599 W HealthLoop: debug.tracing.screen_brightness:1.580504
02-25 00:13:31.772  1599  1599 E healthd : battery l=56 v=3903 t=31.0 h=2 st=3 c=-659000 fc=5167000 cc=132 chg=
02-25 00:13:31.796  1599  1599 W HealthLoop: debug.tracing.screen_brightness:1.580504
02-25 00:13:31.977  1599  1599 E healthd : battery l=56 v=3903 t=31.0 h=2 st=3 c=-570000 fc=5167000 cc=132 chg=
02-25 00:13:32.008  1599  1599 W HealthLoop: debug.tracing.screen_brightness:1.580504
02-25 00:13:32.208  1599  1599 E healthd : battery l=56 v=3903 t=31.0 h=2 st=3 c=-507000 fc=5167000 cc=132 chg=
02-25 00:13:32.233  1599  1599 W HealthLoop: debug.tracing.screen_brightness:1.580504
02-25 00:13:32.275  1212  1212 D [FTS_TS]fts_input_report_b: [B]P0(643, 2584)[p:63,tm:3] DOWN!
02-25 00:13:32.277  1212  1212 D [FTS_TS]fts_fod_report_key: KEY_GESTURE_FOD, 1. x:643, y:2584
02-25 00:13:32.277  1212  1212 I goodix_fp: [nt_tp_notifier_callback] : TOUCHPANEL_FPEVENT_DOWN,event=0,x=643,y=2584
02-25 00:13:32.277  1212  1212 I send message: 7
02-25 00:13:32.294  2579  2579 I si-mo   : mo_shm_bridge_release: mem-object-00000000f4b09375 unmapped.
02-25 00:13:32.305  1181  1181 I [drm:dsi_panel_set_lhbm_state [msm_drm]] [msm-dsi-info]: open local hbm
02-25 00:13:32.306  1181  1181 I goodix_fp: [nt_dsi_notifier_callback] :FP_NOTIFIER_EVENT_UI hbm_status=1,ui_status=1
02-25 00:13:32.306  1181  1181 I send message: 9
02-25 00:13:32.306  1181  1181 I goodix_fp: [nt_dsi_notifier_callback]:FP_NOTIFIER_EVENT_UI FP_UI_READY #^_^#
02-25 00:13:32.389  2579  2579 I si-mo   : mo_shm_bridge_release: mem-object-00000000f4b09375 unmapped.
02-25 00:13:32.415  2579  2579 I si-mo   : mo_shm_bridge_release: mem-object-00000000f4b09375 unmapped.
02-25 00:13:32.419  2579  2579 I [drm:dsi_panel_set_lhbm_state [msm_drm]] [msm-dsi-info]: close local hbm
02-25 00:13:32.419  2579  2579 I goodix_fp: [nt_dsi_notifier_callback] :FP_NOTIFIER_EVENT_UI hbm_status=0,ui_status=1
02-25 00:13:32.419  2579  2579 I send message: 10
02-25 00:13:32.419  2579  2579 I goodix_fp: [nt_dsi_notifier_callback]:FP_NOTIFIER_EVENT_UI FP_UI_DISAPPEAR #@_@#
02-25 00:13:32.421  2579  2579 I si-mo   : mo_shm_bridge_release: mem-object-00000000f4b09375 unmapped.
02-25 00:13:32.423  2579  2579 I si-mo   : mo_shm_bridge_release: mem-object-00000000f4b09375 unmapped.
02-25 00:13:32.424  2579  2579 I [FTS_TS/I]fts_fod_enable: Fod unlock
02-25 00:13:32.435  1777  1777 I [haptic_hv][2810]gain_store: value=0x80
02-25 00:13:32.436  1599  1599 E healthd : battery l=56 v=3902 t=31.0 h=2 st=3 c=-488000 fc=5167000 cc=132 chg=
02-25 00:13:32.436  1777  1777 I [haptic_hv][0649]aw8693x_stop: enter
02-25 00:13:32.443  1777  1777 I [haptic_hv][0486]aw8693x_wait_enter_standby: entered standby!
02-25 00:13:32.456  1777  1777 I [haptic_hv][1415]aw8693x_get_lra_resistance: r0=8467
02-25 00:13:32.456  1777  1777 I richtap_file_unlocked_ioctl: cmd=0x5203, arg=0x729fb071e4
02-25 00:13:32.456  1777  1777 I richtap_file_unlocked_ioctl: cmd=0x5204, arg=0x2
02-25 00:13:32.456  1777  1777 E haptic_hv 15-005a: richtap_file_unlocked_ioctl, unknown cmd
02-25 00:13:32.459  4738  4738 I richtap_file_unlocked_ioctl: cmd=0x5205, arg=0x7f
02-25 00:13:32.459  4738  4738 I         : richtap_file_unlocked_ioctl richtap set gain:128 arg:128,nt_pre_arg:128,min arg:128
02-25 00:13:32.459  4738  4738 I richtap_file_unlocked_ioctl: cmd=0x520a, arg=0x0
02-25 00:13:32.459  4738  4738 I [haptic_hv][0649]aw8693x_stop: enter
02-25 00:13:32.463  1599  1599 W HealthLoop: debug.tracing.screen_brightness:1.580504
02-25 00:13:32.465  4738  4738 I [haptic_hv][0486]aw8693x_wait_enter_standby: entered standby!
02-25 00:13:32.465  4738  4738 I [haptic_hv][0678]aw8693x_upload_lra: write osc_cali_data to trim_lra = 0x00
02-25 00:13:32.466  4738  4738 I [haptic_hv][0360]aw8693x_set_bst_vol: set bst vol = 9000 mV, reg_val = 0x11
02-25 00:13:32.474 23569 23569 I         : richtap_rtp_work rtp 1837 tm_len = 504
02-25 00:13:32.474 23569 23569 I [haptic_hv][0593]aw8693x_play_mode: enter rtp mode
02-25 00:13:32.475 23569 23569 I [haptic_hv][0501]aw8693x_bst_mode_config: haptic bst mode = bst
02-25 00:13:32.478 23569 23569 I [haptic_hv][0463]aw8693x_play_go: enter, flag = 1
02-25 00:13:32.478 23569 23569 I richtap_rtp_start: wait for RTP_GO, glb_state=0x01
02-25 00:13:32.482 23569 23569 I richtap_rtp_start: RTP_GO! glb_state=0x08
02-25 00:13:32.482 23569 23569 I         : richtap_rtp_work start richtap play
02-25 00:13:32.491  2579  2579 I si-mo   : mo_shm_bridge_release: mem-object-00000000f4b09375 unmapped.
02-25 00:13:32.498   936   936 I servicemanager: Caller(pid=11513,uid=10418,sid=u:r:untrusted_app:s0:c162,c257,c512,c768) Found android.hardware.media.c2.IComponentStore/default in device VINTF manifest.
02-25 00:13:32.505  2579  2579 I si-mo   : mo_shm_bridge_release: mem-object-00000000f4b09375 unmapped.
02-25 00:13:32.510  2579  2579 I si-mo   : mo_shm_bridge_release: mem-object-00000000f4b09375 unmapped.
02-25 00:13:32.513  2579  2579 I si-mo   : mo_shm_bridge_release: mem-object-00000000f4b09375 unmapped.
02-25 00:13:32.518   936   936 E servicemanager: VINTF HALs require names in the format type/instance (e.g. some.package.foo.IFoo/default) but got: media_quality
02-25 00:13:32.529   910   910 I msm_vidc: fw: <VFW_E:HostDr:264d:6491afc0:00> VenusHostDriver_ParseC2SysPacket(897): QC_IMAGE_VERSION_STRING=video-firmware.3.4-75ad4eb9657cf50ee663b05f78c01d6ceccd5632
02-25 00:13:32.529   910   910 I msm_vidc: fw: <VFW_E:HostDr:264d:6491afc0:00> VenusHostDriver_ParseC2SysPacket(898): IMAGE_VARIANT_STRING=PROD_IRIS3_2P
02-25 00:13:32.529   910   910 I msm_vidc: fw: <VFW_E:HostDr:264d:6491afc0:00> VenusHostDriver_ParseC2SysPacket(899): OEM_IMAGE_VERSION_STRING=hyd-lablnx446
02-25 00:13:32.529   910   910 I msm_vidc: fw: <VFW_E:HostDr:264d:6491afc0:00> VenusHostDriver_ParseC2SysPacket(900): BUILD_TIME: Jan 29 2025 13:08:56
02-25 00:13:32.627  1212  1212 D [FTS_TS]fts_fod_report_key: KEY_GESTURE_FOD, 0. x:643, y:2584
02-25 00:13:32.627  1212  1212 I goodix_fp: [nt_tp_notifier_callback] : TOUCHPANEL_FPEVENT_UP,event=1,x=643,y=2584
02-25 00:13:32.627  1212  1212 I send message: 8
02-25 00:13:32.630  1212  1212 I [FTS_TS/I]fts_fod_set_reg: set fod mode to 0 successfully
02-25 00:13:32.630  1212  1212 D [FTS_TS]fts_input_report_b: [B]P0 UP!
02-25 00:13:32.630  1212  1212 D [FTS_TS]fts_input_report_b: [B]Points All Up!
02-25 00:13:32.633   910   910 I msm_vidc: fw: <VFW_E:CmdDec:264d:6491afc0:00> vDec_QBuf(4387): FTB RO+REL received when buffer is reference, DPB list or Driver might be at fault
02-25 00:13:32.633   910   910 I msm_vidc: fw: <VFW_E:CmdDec:264d:6491afc0:00> vDec_QBuf(4387): FTB RO+REL received when buffer is reference, DPB list or Driver might be at fault
02-25 00:13:32.648  1599  1599 E healthd : battery l=56 v=3902 t=31.0 h=2 st=3 c=-706000 fc=5167000 cc=132 chg=
02-25 00:13:32.679  1599  1599 W HealthLoop: debug.tracing.screen_brightness:1.580504
02-25 00:13:32.690   910   910 I msm_vidc: fw: <VFW_E:CmdDec:264d:6491afc0:00> vDec_QBuf(4387): FTB RO+REL received when buffer is reference, DPB list or Driver might be at fault
02-25 00:13:32.690   910   910 I msm_vidc: fw: <VFW_E:CmdDec:264d:6491afc0:00> vDec_QBuf(4387): FTB RO+REL received when buffer is reference, DPB list or Driver might be at fault
02-25 00:13:32.718   910   910 I msm_vidc: fw: <VFW_E:CmdDec:264d:6491afc0:00> vDec_QBuf(4387): FTB RO+REL received when buffer is reference, DPB list or Driver might be at fault
02-25 00:13:32.718   910   910 I msm_vidc: fw: <VFW_E:CmdDec:264d:6491afc0:00> vDec_QBuf(4387): FTB RO+REL received when buffer is reference, DPB list or Driver might be at fault
