02-25 00:10:32.935  1181  1181 D [FTS_TS]fts_panel_notifier_callback: shashank:Received fps change old fps:120 new fps:90
02-25 00:10:32.935  1181  1181 I goodix_fp: [info] goodix_panel_state_chg_callback go to the goodix_fb_state_chg_callback type = 4
02-25 00:10:32.935  1181  1181 I goodix_fp: goodix_panel_state_chg_callback defalut
02-25 00:10:32.936  1181  1181 I [drm:dsi_display_set_mode [msm_drm]] [msm-dsi-info]: mdp_transfer_time=6485, hactive=1260, vactive=2800, fps=90, clk_rate=1100000000
02-25 00:10:32.942  1181  1181 D [FTS_TS]fts_panel_notifier_callback: Notification type:4, early_trigger:0
02-25 00:10:32.942  1181  1181 D [FTS_TS]fts_panel_notifier_callback: shashank:Received fps change old fps:120 new fps:90
02-25 00:10:33.408  1212  1212 D [FTS_TS]fts_input_report_b: [B]P0(932, 2305)[p:63,tm:8] DOWN!
02-25 00:10:33.479  1212  1212 D [FTS_TS]fts_input_report_b: [B]P0 UP!
02-25 00:10:33.479  1212  1212 D [FTS_TS]fts_input_report_b: [B]Points All Up!
02-25 00:10:35.087   936   936 I servicemanager: Caller(pid=14144,uid=10384,sid=u:r:untrusted_app_30:s0:c128,c257,c512,c768) Found android.hardware.media.c2.IComponentStore/default in device VINTF manifest.
02-25 00:10:35.106   936   936 E servicemanager: VINTF HALs require names in the format type/instance (e.g. some.package.foo.IFoo/default) but got: media_quality
02-25 00:10:35.115   910   910 I msm_vidc: fw: <VFW_E:HostDr:264d:6491afc0:00> VenusHostDriver_ParseC2SysPacket(897): QC_IMAGE_VERSION_STRING=video-firmware.3.4-75ad4eb9657cf50ee663b05f78c01d6ceccd5632
02-25 00:10:35.115   910   910 I msm_vidc: fw: <VFW_E:HostDr:264d:6491afc0:00> VenusHostDriver_ParseC2SysPacket(898): IMAGE_VARIANT_STRING=PROD_IRIS3_2P
02-25 00:10:35.115   910   910 I msm_vidc: fw: <VFW_E:HostDr:264d:6491afc0:00> VenusHostDriver_ParseC2SysPacket(899): OEM_IMAGE_VERSION_STRING=hyd-lablnx446
02-25 00:10:35.115   910   910 I msm_vidc: fw: <VFW_E:HostDr:264d:6491afc0:00> VenusHostDriver_ParseC2SysPacket(900): BUILD_TIME: Jan 29 2025 13:08:56
02-25 00:10:36.112  1181  1181 D [FTS_TS]fts_panel_notifier_callback: Notification type:4, early_trigger:1
02-25 00:10:36.112  1181  1181 D [FTS_TS]fts_panel_notifier_callback: shashank:Received fps change old fps:90 new fps:60
02-25 00:10:36.112  1181  1181 I goodix_fp: [info] goodix_panel_state_chg_callback go to the goodix_fb_state_chg_callback type = 4
02-25 00:10:36.112  1181  1181 I goodix_fp: goodix_panel_state_chg_callback defalut
02-25 00:10:36.113  1181  1181 I [drm:dsi_display_set_mode [msm_drm]] [msm-dsi-info]: mdp_transfer_time=6485, hactive=1260, vactive=2800, fps=60, clk_rate=1100000000
02-25 00:10:36.123  1181  1181 D [FTS_TS]fts_panel_notifier_callback: Notification type:4, early_trigger:0
02-25 00:10:36.123  1181  1181 D [FTS_TS]fts_panel_notifier_callback: shashank:Received fps change old fps:90 new fps:60
02-25 00:10:36.597  1181  1181 D [FTS_TS]fts_panel_notifier_callback: Notification type:4, early_trigger:1
02-25 00:10:36.597  1181  1181 D [FTS_TS]fts_panel_notifier_callback: shashank:Received fps change old fps:60 new fps:90
02-25 00:10:36.597  1181  1181 I goodix_fp: [info] goodix_panel_state_chg_callback go to the goodix_fb_state_chg_callback type = 4
02-25 00:10:36.597  1181  1181 I goodix_fp: goodix_panel_state_chg_callback defalut
02-25 00:10:36.598  1181  1181 I [drm:dsi_display_set_mode [msm_drm]] [msm-dsi-info]: mdp_transfer_time=6485, hactive=1260, vactive=2800, fps=90, clk_rate=1100000000
02-25 00:10:36.604  1181  1181 D [FTS_TS]fts_panel_notifier_callback: Notification type:4, early_trigger:0
02-25 00:10:36.604  1181  1181 D [FTS_TS]fts_panel_notifier_callback: shashank:Received fps change old fps:60 new fps:90
02-25 00:10:36.744  1663  1663 W nt_vote : FCC_MAIN: FCC_TEMPERATURE_CONTROL_VOTER,1 voting on of val=2500
02-25 00:10:36.745  1663  1663 W nt_vote : FCC_MAIN: effective vote is now 2500 voted by FCC_TEMPERATURE_CONTROL_VOTER,1
02-25 00:10:36.745  1663  1663 E BATTERY_CHG: scenario_fcc_write: scenario_fcc_write,val:2500
02-25 00:10:36.823  1599  1599 E healthd : battery l=57 v=3888 t=30.0 h=2 st=3 c=-1495000 fc=5167000 cc=132 chg=
02-25 00:10:36.847  1599  1599 W HealthLoop: debug.tracing.screen_brightness:1.814392
02-25 00:10:37.014  1599  1599 E healthd : battery l=57 v=3888 t=30.0 h=2 st=3 c=-1317000 fc=5167000 cc=132 chg=
02-25 00:10:37.043  1599  1599 W HealthLoop: debug.tracing.screen_brightness:1.814392
02-25 00:10:37.223  1599  1599 E healthd : battery l=57 v=3888 t=30.0 h=2 st=3 c=-1156000 fc=5167000 cc=132 chg=
02-25 00:10:37.248  1599  1599 W HealthLoop: debug.tracing.screen_brightness:1.814392
02-25 00:10:37.450  1599  1599 E healthd : battery l=57 v=3888 t=30.0 h=2 st=3 c=-988000 fc=5167000 cc=132 chg=
02-25 00:10:37.464  1599  1599 W HealthLoop: debug.tracing.screen_brightness:1.814392
02-25 00:10:37.629  1181  1181 D [FTS_TS]fts_panel_notifier_callback: Notification type:4, early_trigger:1
02-25 00:10:37.629  1181  1181 D [FTS_TS]fts_panel_notifier_callback: shashank:Received fps change old fps:90 new fps:60
02-25 00:10:37.629  1181  1181 I goodix_fp: [info] goodix_panel_state_chg_callback go to the goodix_fb_state_chg_callback type = 4
02-25 00:10:37.629  1181  1181 I goodix_fp: goodix_panel_state_chg_callback defalut
02-25 00:10:37.633  1181  1181 I [drm:dsi_display_set_mode [msm_drm]] [msm-dsi-info]: mdp_transfer_time=6485, hactive=1260, vactive=2800, fps=60, clk_rate=1100000000
02-25 00:10:37.638  1181  1181 D [FTS_TS]fts_panel_notifier_callback: Notification type:4, early_trigger:0
02-25 00:10:37.638  1181  1181 D [FTS_TS]fts_panel_notifier_callback: shashank:Received fps change old fps:90 new fps:60
02-25 00:10:37.661  1599  1599 E healthd : battery l=57 v=3888 t=30.0 h=2 st=3 c=-988000 fc=5167000 cc=132 chg=
02-25 00:10:37.684  1599  1599 W HealthLoop: debug.tracing.screen_brightness:1.814392
02-25 00:10:37.878  1599  1599 E healthd : battery l=57 v=3890 t=30.0 h=2 st=3 c=-944000 fc=5167000 cc=132 chg=
02-25 00:10:37.905  1599  1599 W HealthLoop: debug.tracing.screen_brightness:1.814392
02-25 00:10:38.093  1599  1599 E healthd : battery l=57 v=3890 t=30.0 h=2 st=3 c=-915000 fc=5167000 cc=132 chg=
02-25 00:10:38.121  1599  1599 W HealthLoop: debug.tracing.screen_brightness:1.814392
02-25 00:10:38.255  1181  1181 D [FTS_TS]fts_panel_notifier_callback: Notification type:4, early_trigger:1
02-25 00:10:38.255  1181  1181 D [FTS_TS]fts_panel_notifier_callback: shashank:Received fps change old fps:60 new fps:90
02-25 00:10:38.255  1181  1181 I goodix_fp: [info] goodix_panel_state_chg_callback go to the goodix_fb_state_chg_callback type = 4
02-25 00:10:38.255  1181  1181 I goodix_fp: goodix_panel_state_chg_callback defalut
02-25 00:10:38.256  1181  1181 I [drm:dsi_display_set_mode [msm_drm]] [msm-dsi-info]: mdp_transfer_time=6485, hactive=1260, vactive=2800, fps=90, clk_rate=1100000000
02-25 00:10:38.262  1181  1181 D [FTS_TS]fts_panel_notifier_callback: Notification type:4, early_trigger:0
02-25 00:10:38.262  1181  1181 D [FTS_TS]fts_panel_notifier_callback: shashank:Received fps change old fps:60 new fps:90
02-25 00:10:38.302  1599  1599 E healthd : battery l=57 v=3890 t=30.0 h=2 st=3 c=-831000 fc=5167000 cc=132 chg=
02-25 00:10:38.330  1599  1599 W HealthLoop: debug.tracing.screen_brightness:1.814392
02-25 00:10:38.545  1599  1599 E healthd : battery l=57 v=3890 t=30.0 h=2 st=3 c=-828000 fc=5167000 cc=132 chg=
02-25 00:10:38.568  1599  1599 W HealthLoop: debug.tracing.screen_brightness:1.814392
02-25 00:10:38.666  1181  1181 D [FTS_TS]fts_panel_notifier_callback: Notification type:4, early_trigger:1
02-25 00:10:38.666  1181  1181 D [FTS_TS]fts_panel_notifier_callback: shashank:Received fps change old fps:90 new fps:60
02-25 00:10:38.666  1181  1181 I goodix_fp: [info] goodix_panel_state_chg_callback go to the goodix_fb_state_chg_callback type = 4
02-25 00:10:38.666  1181  1181 I goodix_fp: goodix_panel_state_chg_callback defalut
02-25 00:10:38.668  1181  1181 I [drm:dsi_display_set_mode [msm_drm]] [msm-dsi-info]: mdp_transfer_time=6485, hactive=1260, vactive=2800, fps=60, clk_rate=1100000000
02-25 00:10:38.677  1181  1181 D [FTS_TS]fts_panel_notifier_callback: Notification type:4, early_trigger:0
02-25 00:10:38.677  1181  1181 D [FTS_TS]fts_panel_notifier_callback: shashank:Received fps change old fps:90 new fps:60
02-25 00:10:38.753  1599  1599 E healthd : battery l=57 v=3889 t=30.0 h=2 st=3 c=-850000 fc=5167000 cc=132 chg=
02-25 00:10:38.777  1599  1599 W HealthLoop: debug.tracing.screen_brightness:1.814392
02-25 00:10:38.967  1599  1599 E healthd : battery l=57 v=3889 t=30.0 h=2 st=3 c=-878000 fc=5167000 cc=132 chg=
02-25 00:10:38.992  1599  1599 W HealthLoop: debug.tracing.screen_brightness:1.814392
02-25 00:10:39.182  1599  1599 E healthd : battery l=57 v=3889 t=30.0 h=2 st=3 c=-878000 fc=5167000 cc=132 chg=
02-25 00:10:39.199  1599  1599 W HealthLoop: debug.tracing.screen_brightness:1.814392
02-25 00:10:39.396  1599  1599 E healthd : battery l=57 v=3889 t=30.0 h=2 st=3 c=-902000 fc=5167000 cc=132 chg=
02-25 00:10:39.421  1599  1599 W HealthLoop: debug.tracing.screen_brightness:1.814392
02-25 00:10:39.618  1599  1599 E healthd : battery l=57 v=3889 t=30.0 h=2 st=3 c=-911000 fc=5167000 cc=132 chg=
02-25 00:10:39.637  1599  1599 W HealthLoop: debug.tracing.screen_brightness:1.814392
02-25 00:10:39.844  1599  1599 E healthd : battery l=57 v=3888 t=30.0 h=2 st=3 c=-915000 fc=5167000 cc=132 chg=
02-25 00:10:39.868  1599  1599 W HealthLoop: debug.tracing.screen_brightness:1.814392
02-25 00:10:40.060  1599  1599 E healthd : battery l=57 v=3888 t=30.0 h=2 st=3 c=-918000 fc=5167000 cc=132 chg=
02-25 00:10:40.084  1599  1599 W HealthLoop: debug.tracing.screen_brightness:1.814392
02-25 00:10:40.158  1212  1212 D [FTS_TS]fts_input_report_b: [B]P0(890, 2195)[p:63,tm:7] DOWN!
02-25 00:10:40.177  1181  1181 D [FTS_TS]fts_panel_notifier_callback: Notification type:4, early_trigger:1
02-25 00:10:40.177  1181  1181 D [FTS_TS]fts_panel_notifier_callback: shashank:Received fps change old fps:60 new fps:90
02-25 00:10:40.177  1181  1181 I goodix_fp: [info] goodix_panel_state_chg_callback go to the goodix_fb_state_chg_callback type = 4
02-25 00:10:40.177  1181  1181 I goodix_fp: goodix_panel_state_chg_callback defalut
02-25 00:10:40.178  1181  1181 I [drm:dsi_display_set_mode [msm_drm]] [msm-dsi-info]: mdp_transfer_time=6485, hactive=1260, vactive=2800, fps=90, clk_rate=1100000000
02-25 00:10:40.186  1181  1181 D [FTS_TS]fts_panel_notifier_callback: Notification type:4, early_trigger:0
02-25 00:10:40.186  1181  1181 D [FTS_TS]fts_panel_notifier_callback: shashank:Received fps change old fps:60 new fps:90
02-25 00:10:40.289  1599  1599 E healthd : battery l=57 v=3888 t=30.0 h=2 st=3 c=-915000 fc=5167000 cc=132 chg=
02-25 00:10:40.318  1599  1599 W HealthLoop: debug.tracing.screen_brightness:1.814392
02-25 00:10:40.493  1599  1599 E healthd : battery l=57 v=3888 t=30.0 h=2 st=3 c=-942000 fc=5167000 cc=132 chg=
02-25 00:10:40.519  1599  1599 W HealthLoop: debug.tracing.screen_brightness:1.814392
02-25 00:10:40.576  1212  1212 D [FTS_TS]fts_input_report_b: [B]P0 UP!
02-25 00:10:40.576  1212  1212 D [FTS_TS]fts_input_report_b: [B]Points All Up!
02-25 00:10:41.209 22553 22553 E [schedu][0xa4f2e6a0832][23:10:45.983432] wcn7750: [22553:E:WMA] wma_tbttoffset_update_event_handler: Update beacon template for vdev 2 due to TBTT offset update
02-25 00:10:41.250  3288  3288 W audit   : audit_lost=593487 audit_rate_limit=5 audit_backlog_limit=64
02-25 00:10:41.250  3288  3288 E audit   : rate limit exceeded
02-25 00:10:41.675  1181  1181 D [FTS_TS]fts_panel_notifier_callback: Notification type:4, early_trigger:1
02-25 00:10:41.675  1181  1181 D [FTS_TS]fts_panel_notifier_callback: shashank:Received fps change old fps:90 new fps:60
02-25 00:10:41.675  1181  1181 I goodix_fp: [info] goodix_panel_state_chg_callback go to the goodix_fb_state_chg_callback type = 4
02-25 00:10:41.675  1181  1181 I goodix_fp: goodix_panel_state_chg_callback defalut
02-25 00:10:41.676  1181  1181 I [drm:dsi_display_set_mode [msm_drm]] [msm-dsi-info]: mdp_transfer_time=6485, hactive=1260, vactive=2800, fps=60, clk_rate=1100000000
02-25 00:10:41.684  1181  1181 D [FTS_TS]fts_panel_notifier_callback: Notification type:4, early_trigger:0
02-25 00:10:41.684  1181  1181 D [FTS_TS]fts_panel_notifier_callback: shashank:Received fps change old fps:90 new fps:60
02-25 00:10:42.092  1212  1212 D [FTS_TS]fts_input_report_b: [B]P0(688, 2013)[p:63,tm:11] DOWN!
02-25 00:10:42.100  1181  1181 D [FTS_TS]fts_panel_notifier_callback: Notification type:4, early_trigger:1
02-25 00:10:42.100  1181  1181 D [FTS_TS]fts_panel_notifier_callback: shashank:Received fps change old fps:60 new fps:90
02-25 00:10:42.100  1181  1181 I goodix_fp: [info] goodix_panel_state_chg_callback go to the goodix_fb_state_chg_callback type = 4
02-25 00:10:42.100  1181  1181 I goodix_fp: goodix_panel_state_chg_callback defalut
02-25 00:10:42.101  1181  1181 I [drm:dsi_display_set_mode [msm_drm]] [msm-dsi-info]: mdp_transfer_time=6485, hactive=1260, vactive=2800, fps=90, clk_rate=1100000000
02-25 00:10:42.109  1181  1181 D [FTS_TS]fts_panel_notifier_callback: Notification type:4, early_trigger:0
02-25 00:10:42.109  1181  1181 D [FTS_TS]fts_panel_notifier_callback: shashank:Received fps change old fps:60 new fps:90
02-25 00:10:42.201  1212  1212 D [FTS_TS]fts_input_report_b: [B]P0 UP!
02-25 00:10:42.201  1212  1212 D [FTS_TS]fts_input_report_b: [B]Points All Up!
02-25 00:10:42.271 12926 12926 E gsi soc : qcom,msm_gsi: gsi_stop_channel:3679 chan=1 busy try again
02-25 00:10:42.273 12926 12926 E gsi soc : qcom,msm_gsi: gsi_stop_channel:3679 chan=14 busy try again
02-25 00:10:42.397  3288  3288 W audit   : audit_lost=593530 audit_rate_limit=5 audit_backlog_limit=64
02-25 00:10:42.397  3288  3288 E audit   : rate limit exceeded
02-25 00:10:43.074 12926 12926 E gsi soc : qcom,msm_gsi: gsi_stop_channel:3679 chan=1 busy try again
02-25 00:10:43.076 12926 12926 E gsi soc : qcom,msm_gsi: gsi_stop_channel:3679 chan=14 busy try again
02-25 00:10:43.080 23658 23658 E ipa_pm_handle_suspend: 1280 Client IPA_CLIENT_TEST_CONS woke up the system
02-25 00:10:43.280 12926 12926 E gsi soc : qcom,msm_gsi: gsi_stop_channel:3679 chan=1 busy try again
02-25 00:10:43.282 12926 12926 E gsi soc : qcom,msm_gsi: gsi_stop_channel:3679 chan=14 busy try again
02-25 00:10:43.482   884   884 I aw9380x_cap 8-0012: [aw9380x_rc_irqscr:3734] i2c read reg: 0xf080, val= 2
02-25 00:10:43.482   884   884 I aw9380x_cap 8-0012: [aw9380x_cap_default_irq_handle:4115] gpio_low_count 0
02-25 00:10:43.483   884   884 I aw9380x_cap 8-0012: [aw9380x_irq_handle_func:4071] IRQSEN = 0x0001006F
02-25 00:10:43.483   884   884 I aw9380x_cap 8-0012: [aw9380x_irq_handle_func:4073] IRQSRC = 0x00000002
02-25 00:10:43.484   884   884 I aw9380x_cap 8-0012: [aw9380x_approch_status_check:4037] ch0 state not change
02-25 00:10:43.484   884   884 I aw9380x_cap 8-0012: [aw9380x_approch_status_check:4048] ch1 prox0 near
02-25 00:10:43.484   884   884 I aw9380x_cap 8-0012: [aw9380x_approch_status_check:4037] ch2 state not change
02-25 00:10:43.484   884   884 I aw9380x_cap 8-0012: [aw9380x_approch_status_check:4037] ch3 state not change
02-25 00:10:43.484   884   884 I aw9380x_cap 8-0012: [aw9380x_approch_status_check:4037] ch4 state not change
02-25 00:10:43.484   884   884 I aw9380x_cap 8-0012: [aw9380x_approch_status_check:4037] ch5 state not change
02-25 00:10:43.484   884   884 I aw9380x_cap 8-0012: [aw9380x_approch_status_check:4037] ch6 state not change
02-25 00:10:43.484   884   884 I aw9380x_cap 8-0012: [aw9380x_approch_status_check:4037] ch7 state not change
02-25 00:10:43.484   884   884 I aw9380x_cap 8-0012: [aw9380x_approch_status_check:4037] ch8 state not change
02-25 00:10:43.484   884   884 I aw9380x_cap 8-0012: [aw9380x_approch_status_check:4037] ch9 state not change
02-25 00:10:43.484   884   884 I aw9380x_cap 8-0012: [aw9380x_approch_status_check:4037] ch10 state not change
02-25 00:10:43.484   884   884 I aw9380x_cap 8-0012: [aw9380x_approch_status_check:4037] ch11 state not change
02-25 00:10:43.484   884   884 I aw9380x_cap 8-0012: [aw9380x_noth_button_key_report:3861] touch0_state Cap 0 Force 0 currentBtn 0
02-25 00:10:43.686   884   884 I aw9380x_cap 8-0012: [aw9380x_rc_irqscr:3734] i2c read reg: 0xf080, val= 32
02-25 00:10:43.686   884   884 I aw9380x_cap 8-0012: [aw9380x_cap_default_irq_handle:4115] gpio_low_count 0
02-25 00:10:43.687   884   884 I aw9380x_cap 8-0012: [aw9380x_irq_handle_func:4071] IRQSEN = 0x0001006F
02-25 00:10:43.687   884   884 I aw9380x_cap 8-0012: [aw9380x_irq_handle_func:4073] IRQSRC = 0x00000020
02-25 00:10:43.687   884   884 I aw9380x_cap 8-0012: [aw9380x_sldx_handle_button_state:3828] handle_button reg:0x38001005
02-25 00:10:43.687   884   884 I aw9380x_cap 8-0012: [aw9380x_sldx_handle_button_state:3832] SLD0 touch0
02-25 00:10:43.688   884   884 I aw9380x_cap 8-0012: [aw9380x_sldx_parse:3896] sld 0, reg = 0x00000000
02-25 00:10:43.688   884   884 I aw9380x_cap 8-0012: [aw9380x_sldx_parse:3904] prs_event = 0x0
02-25 00:10:43.688   884   884 I aw9380x_cap 8-0012: [aw9380x_sldx_parse:3905] btn_event = 0x0
02-25 00:10:43.688   884   884 I aw9380x_cap 8-0012: [aw9380x_sldx_parse:3906] sld_event = 0x0
02-25 00:10:43.688   884   884 I aw9380x_cap 8-0012: [aw9380x_noth_button_key_report:3861] touch0_state Cap 1 Force 0 currentBtn 0
02-25 00:10:43.942  1212  1212 D [FTS_TS]fts_input_report_b: [B]P0(919, 518)[p:63,tm:4] DOWN!
02-25 00:10:43.991   884   884 I aw9380x_cap 8-0012: [aw9380x_rc_irqscr:3734] i2c read reg: 0xf080, val= 36
02-25 00:10:43.991   884   884 I aw9380x_cap 8-0012: [aw9380x_cap_default_irq_handle:4115] gpio_low_count 0
02-25 00:10:43.991   884   884 I aw9380x_cap 8-0012: [aw9380x_irq_handle_func:4071] IRQSEN = 0x0001006F
02-25 00:10:43.991   884   884 I aw9380x_cap 8-0012: [aw9380x_irq_handle_func:4073] IRQSRC = 0x00000024
02-25 00:10:43.992   884   884 I aw9380x_cap 8-0012: [aw9380x_approch_status_check:4037] ch0 state not change
02-25 00:10:43.992   884   884 I aw9380x_cap 8-0012: [aw9380x_approch_status_check:4044] ch1 far
02-25 00:10:43.992   884   884 I aw9380x_cap 8-0012: [aw9380x_approch_status_check:4037] ch2 state not change
02-25 00:10:43.992   884   884 I aw9380x_cap 8-0012: [aw9380x_approch_status_check:4037] ch3 state not change
02-25 00:10:43.992   884   884 I aw9380x_cap 8-0012: [aw9380x_approch_status_check:4037] ch4 state not change
02-25 00:10:43.992   884   884 I aw9380x_cap 8-0012: [aw9380x_approch_status_check:4037] ch5 state not change
02-25 00:10:43.992   884   884 I aw9380x_cap 8-0012: [aw9380x_approch_status_check:4037] ch6 state not change
02-25 00:10:43.992   884   884 I aw9380x_cap 8-0012: [aw9380x_approch_status_check:4037] ch7 state not change
02-25 00:10:43.992   884   884 I aw9380x_cap 8-0012: [aw9380x_approch_status_check:4037] ch8 state not change
02-25 00:10:43.992   884   884 I aw9380x_cap 8-0012: [aw9380x_approch_status_check:4037] ch9 state not change
02-25 00:10:43.992   884   884 I aw9380x_cap 8-0012: [aw9380x_approch_status_check:4037] ch10 state not change
02-25 00:10:43.992   884   884 I aw9380x_cap 8-0012: [aw9380x_approch_status_check:4037] ch11 state not change
02-25 00:10:43.993   884   884 I aw9380x_cap 8-0012: [aw9380x_sldx_handle_button_state:3828] handle_button reg:0x00001024
02-25 00:10:43.993   884   884 I aw9380x_cap 8-0012: [aw9380x_sldx_handle_button_state:3836] SLD0 untouch0
02-25 00:10:43.993   884   884 I aw9380x_cap 8-0012: [aw9380x_sldx_parse:3896] sld 0, reg = 0x00000000
02-25 00:10:43.993   884   884 I aw9380x_cap 8-0012: [aw9380x_sldx_parse:3904] prs_event = 0x0
02-25 00:10:43.993   884   884 I aw9380x_cap 8-0012: [aw9380x_sldx_parse:3905] btn_event = 0x0
02-25 00:10:43.993   884   884 I aw9380x_cap 8-0012: [aw9380x_sldx_parse:3906] sld_event = 0x0
02-25 00:10:43.993   884   884 I aw9380x_cap 8-0012: [aw9380x_noth_button_key_report:3861] touch0_state Cap 0 Force 0 currentBtn 0
02-25 00:10:44.040  1212  1212 D [FTS_TS]fts_input_report_b: [B]P0 UP!
02-25 00:10:44.040  1212  1212 D [FTS_TS]fts_input_report_b: [B]Points All Up!
02-25 00:10:44.195   884   884 I aw9380x_cap 8-0012: [aw9380x_rc_irqscr:3734] i2c read reg: 0xf080, val= 2
02-25 00:10:44.195   884   884 I aw9380x_cap 8-0012: [aw9380x_cap_default_irq_handle:4115] gpio_low_count 0
02-25 00:10:44.195   884   884 I aw9380x_cap 8-0012: [aw9380x_irq_handle_func:4071] IRQSEN = 0x0001006F
02-25 00:10:44.195   884   884 I aw9380x_cap 8-0012: [aw9380x_irq_handle_func:4073] IRQSRC = 0x00000002
02-25 00:10:44.196   884   884 I aw9380x_cap 8-0012: [aw9380x_approch_status_check:4037] ch0 state not change
02-25 00:10:44.196   884   884 I aw9380x_cap 8-0012: [aw9380x_approch_status_check:4048] ch1 prox0 near
02-25 00:10:44.196   884   884 I aw9380x_cap 8-0012: [aw9380x_approch_status_check:4037] ch2 state not change
02-25 00:10:44.196   884   884 I aw9380x_cap 8-0012: [aw9380x_approch_status_check:4037] ch3 state not change
02-25 00:10:44.196   884   884 I aw9380x_cap 8-0012: [aw9380x_approch_status_check:4037] ch4 state not change
02-25 00:10:44.196   884   884 I aw9380x_cap 8-0012: [aw9380x_approch_status_check:4037] ch5 state not change
02-25 00:10:44.196   884   884 I aw9380x_cap 8-0012: [aw9380x_approch_status_check:4037] ch6 state not change
02-25 00:10:44.196   884   884 I aw9380x_cap 8-0012: [aw9380x_approch_status_check:4037] ch7 state not change
02-25 00:10:44.196   884   884 I aw9380x_cap 8-0012: [aw9380x_approch_status_check:4037] ch8 state not change
02-25 00:10:44.196   884   884 I aw9380x_cap 8-0012: [aw9380x_approch_status_check:4037] ch9 state not change
02-25 00:10:44.196   884   884 I aw9380x_cap 8-0012: [aw9380x_approch_status_check:4037] ch10 state not change
02-25 00:10:44.196   884   884 I aw9380x_cap 8-0012: [aw9380x_approch_status_check:4037] ch11 state not change
02-25 00:10:44.196   884   884 I aw9380x_cap 8-0012: [aw9380x_noth_button_key_report:3861] touch0_state Cap 0 Force 0 currentBtn 0
02-25 00:10:44.398   884   884 I aw9380x_cap 8-0012: [aw9380x_rc_irqscr:3734] i2c read reg: 0xf080, val= 32
02-25 00:10:44.398   884   884 I aw9380x_cap 8-0012: [aw9380x_cap_default_irq_handle:4115] gpio_low_count 0
02-25 00:10:44.399   884   884 I aw9380x_cap 8-0012: [aw9380x_irq_handle_func:4071] IRQSEN = 0x0001006F
02-25 00:10:44.399   884   884 I aw9380x_cap 8-0012: [aw9380x_irq_handle_func:4073] IRQSRC = 0x00000020
02-25 00:10:44.399   884   884 I aw9380x_cap 8-0012: [aw9380x_sldx_handle_button_state:3828] handle_button reg:0x38001029
02-25 00:10:44.399   884   884 I aw9380x_cap 8-0012: [aw9380x_sldx_handle_button_state:3832] SLD0 touch0
02-25 00:10:44.400   884   884 I aw9380x_cap 8-0012: [aw9380x_sldx_parse:3896] sld 0, reg = 0x00000000
02-25 00:10:44.400   884   884 I aw9380x_cap 8-0012: [aw9380x_sldx_parse:3904] prs_event = 0x0
02-25 00:10:44.400   884   884 I aw9380x_cap 8-0012: [aw9380x_sldx_parse:3905] btn_event = 0x0
02-25 00:10:44.400   884   884 I aw9380x_cap 8-0012: [aw9380x_sldx_parse:3906] sld_event = 0x0
02-25 00:10:44.400   884   884 I aw9380x_cap 8-0012: [aw9380x_noth_button_key_report:3861] touch0_state Cap 1 Force 0 currentBtn 0
02-25 00:10:44.414 23569 23569 E gsi soc : qcom,msm_gsi: gsi_stop_channel:3679 chan=1 busy try again
02-25 00:10:44.416 23569 23569 E gsi soc : qcom,msm_gsi: gsi_stop_channel:3679 chan=14 busy try again
02-25 00:10:44.704   884   884 I aw9380x_cap 8-0012: [aw9380x_rc_irqscr:3734] i2c read reg: 0xf080, val= 36
02-25 00:10:44.704   884   884 I aw9380x_cap 8-0012: [aw9380x_cap_default_irq_handle:4115] gpio_low_count 0
02-25 00:10:44.705   884   884 I aw9380x_cap 8-0012: [aw9380x_irq_handle_func:4071] IRQSEN = 0x0001006F
02-25 00:10:44.705   884   884 I aw9380x_cap 8-0012: [aw9380x_irq_handle_func:4073] IRQSRC = 0x00000024
02-25 00:10:44.706   884   884 I aw9380x_cap 8-0012: [aw9380x_approch_status_check:4037] ch0 state not change
02-25 00:10:44.706   884   884 I aw9380x_cap 8-0012: [aw9380x_approch_status_check:4044] ch1 far
02-25 00:10:44.706   884   884 I aw9380x_cap 8-0012: [aw9380x_approch_status_check:4037] ch2 state not change
02-25 00:10:44.706   884   884 I aw9380x_cap 8-0012: [aw9380x_approch_status_check:4037] ch3 state not change
02-25 00:10:44.706   884   884 I aw9380x_cap 8-0012: [aw9380x_approch_status_check:4037] ch4 state not change
02-25 00:10:44.706   884   884 I aw9380x_cap 8-0012: [aw9380x_approch_status_check:4037] ch5 state not change
02-25 00:10:44.706   884   884 I aw9380x_cap 8-0012: [aw9380x_approch_status_check:4037] ch6 state not change
02-25 00:10:44.706   884   884 I aw9380x_cap 8-0012: [aw9380x_approch_status_check:4037] ch7 state not change
02-25 00:10:44.706   884   884 I aw9380x_cap 8-0012: [aw9380x_approch_status_check:4037] ch8 state not change
02-25 00:10:44.706   884   884 I aw9380x_cap 8-0012: [aw9380x_approch_status_check:4037] ch9 state not change
02-25 00:10:44.706   884   884 I aw9380x_cap 8-0012: [aw9380x_approch_status_check:4037] ch10 state not change
02-25 00:10:44.706   884   884 I aw9380x_cap 8-0012: [aw9380x_approch_status_check:4037] ch11 state not change
02-25 00:10:44.706   884   884 I aw9380x_cap 8-0012: [aw9380x_sldx_handle_button_state:3828] handle_button reg:0x00001048
02-25 00:10:44.706   884   884 I aw9380x_cap 8-0012: [aw9380x_sldx_handle_button_state:3836] SLD0 untouch0
02-25 00:10:44.707   884   884 I aw9380x_cap 8-0012: [aw9380x_sldx_parse:3896] sld 0, reg = 0x00000000
02-25 00:10:44.707   884   884 I aw9380x_cap 8-0012: [aw9380x_sldx_parse:3904] prs_event = 0x0
02-25 00:10:44.707   884   884 I aw9380x_cap 8-0012: [aw9380x_sldx_parse:3905] btn_event = 0x0
02-25 00:10:44.707   884   884 I aw9380x_cap 8-0012: [aw9380x_sldx_parse:3906] sld_event = 0x0
02-25 00:10:44.707   884   884 I aw9380x_cap 8-0012: [aw9380x_noth_button_key_report:3861] touch0_state Cap 0 Force 0 currentBtn 0
02-25 00:10:44.914  1181  1181 D [FTS_TS]fts_panel_notifier_callback: Notification type:4, early_trigger:1
02-25 00:10:44.914  1181  1181 D [FTS_TS]fts_panel_notifier_callback: shashank:Received fps change old fps:90 new fps:60
02-25 00:10:44.914  1181  1181 I goodix_fp: [info] goodix_panel_state_chg_callback go to the goodix_fb_state_chg_callback type = 4
02-25 00:10:44.914  1181  1181 I goodix_fp: goodix_panel_state_chg_callback defalut
02-25 00:10:44.915  1181  1181 I [drm:dsi_display_set_mode [msm_drm]] [msm-dsi-info]: mdp_transfer_time=6485, hactive=1260, vactive=2800, fps=60, clk_rate=1100000000
02-25 00:10:44.923  1181  1181 D [FTS_TS]fts_panel_notifier_callback: Notification type:4, early_trigger:0
02-25 00:10:44.923  1181  1181 D [FTS_TS]fts_panel_notifier_callback: shashank:Received fps change old fps:90 new fps:60
02-25 00:10:45.007 23569 23569 E gsi soc : qcom,msm_gsi: gsi_stop_channel:3679 chan=1 busy try again
02-25 00:10:45.008 23569 23569 E gsi soc : qcom,msm_gsi: gsi_stop_channel:3679 chan=14 busy try again
02-25 00:10:45.141  1181  1181 D [FTS_TS]fts_panel_notifier_callback: Notification type:4, early_trigger:1
02-25 00:10:45.141  1181  1181 D [FTS_TS]fts_panel_notifier_callback: shashank:Received fps change old fps:60 new fps:90
02-25 00:10:45.141  1181  1181 I goodix_fp: [info] goodix_panel_state_chg_callback go to the goodix_fb_state_chg_callback type = 4
02-25 00:10:45.141  1181  1181 I goodix_fp: goodix_panel_state_chg_callback defalut
02-25 00:10:45.142  1181  1181 I [drm:dsi_display_set_mode [msm_drm]] [msm-dsi-info]: mdp_transfer_time=6485, hactive=1260, vactive=2800, fps=90, clk_rate=1100000000
02-25 00:10:45.149  1181  1181 D [FTS_TS]fts_panel_notifier_callback: Notification type:4, early_trigger:0
02-25 00:10:45.149  1181  1181 D [FTS_TS]fts_panel_notifier_callback: shashank:Received fps change old fps:60 new fps:90
02-25 00:10:45.192 23890 23890 I msm_vidc: high: 6491afc0:  avcD_203: flush ro buf: OUTPUT: idx -1 fd 170 off 0 daddr 0xdde80000 inode   380890 ref  6 size        0 filled        0 flags 0x0 ts        0 attr 0x0 dbuf_get 1 attach 0 map 0 counts(etb ebd ftb fbd)  128  128  126  126
02-25 00:10:45.210 23658 23658 E ipa_pm_handle_suspend: 1280 Client IPA_CLIENT_TEST_CONS woke up the system
02-25 00:10:45.410 12926 12926 E gsi soc : qcom,msm_gsi: gsi_stop_channel:3679 chan=1 busy try again
02-25 00:10:45.412 12926 12926 E gsi soc : qcom,msm_gsi: gsi_stop_channel:3679 chan=14 busy try again
02-25 00:10:45.630 12926 12926 E gsi soc : qcom,msm_gsi: gsi_stop_channel:3679 chan=1 busy try again
02-25 00:10:45.632 12926 12926 E gsi soc : qcom,msm_gsi: gsi_stop_channel:3679 chan=14 busy try again
02-25 00:10:46.480  1212  1212 D [FTS_TS]fts_input_report_b: [B]P0(804, 2100)[p:63,tm:22] DOWN!
02-25 00:10:46.554  1212  1212 D [FTS_TS]fts_input_report_b: [B]P0 UP!
02-25 00:10:46.554  1212  1212 D [FTS_TS]fts_input_report_b: [B]Points All Up!
02-25 00:10:46.580 23658 23658 E ipa_pm_handle_suspend: 1280 Client IPA_CLIENT_APPS_WAN_CONS woke up the system
02-25 00:10:46.883 23569 23569 E gsi soc : qcom,msm_gsi: gsi_stop_channel:3679 chan=1 busy try again
02-25 00:10:46.884 23569 23569 E gsi soc : qcom,msm_gsi: gsi_stop_channel:3679 chan=14 busy try again
02-25 00:10:47.382 23658 23658 E ipa_pm_handle_suspend: 1280 Client IPA_CLIENT_TEST_CONS woke up the system
02-25 00:10:47.582 23569 23569 E gsi soc : qcom,msm_gsi: gsi_stop_channel:3679 chan=1 busy try again
02-25 00:10:47.584 23569 23569 E gsi soc : qcom,msm_gsi: gsi_stop_channel:3679 chan=14 busy try again
02-25 00:10:47.806  1212  1212 D [FTS_TS]fts_input_report_b: [B]P0(861, 773)[p:63,tm:7] DOWN!
02-25 00:10:47.901  1212  1212 D [FTS_TS]fts_input_report_b: [B]P0 UP!
02-25 00:10:47.901  1212  1212 D [FTS_TS]fts_input_report_b: [B]Points All Up!
02-25 00:10:47.966 12926 12926 E gsi soc : qcom,msm_gsi: gsi_stop_channel:3679 chan=1 busy try again
02-25 00:10:47.968 12926 12926 E gsi soc : qcom,msm_gsi: gsi_stop_channel:3679 chan=14 busy try again
02-25 00:10:49.190  1212  1212 D [FTS_TS]fts_input_report_b: [B]P0(1068, 2082)[p:63,tm:3] DOWN!
02-25 00:10:49.304  1212  1212 D [FTS_TS]fts_input_report_b: [B]P0 UP!
02-25 00:10:49.304  1212  1212 D [FTS_TS]fts_input_report_b: [B]Points All Up!
02-25 00:10:49.464  1212  1212 D [FTS_TS]fts_input_report_b: [B]P0(1111, 1819)[p:63,tm:9] DOWN!
02-25 00:10:49.691  1212  1212 D [FTS_TS]fts_input_report_b: [B]P0 UP!
02-25 00:10:49.691  1212  1212 D [FTS_TS]fts_input_report_b: [B]Points All Up!
02-25 00:10:51.386 23658 23658 E ipa_pm_handle_suspend: 1280 Client IPA_CLIENT_APPS_WAN_CONS woke up the system
02-25 00:10:51.688 19279 19279 E gsi soc : qcom,msm_gsi: gsi_stop_channel:3679 chan=1 busy try again
02-25 00:10:51.692 19279 19279 E gsi soc : qcom,msm_gsi: gsi_stop_channel:3679 chan=14 busy try again
02-25 00:10:51.720 23658 23658 E ipa_pm_handle_suspend: 1280 Client IPA_CLIENT_TEST_CONS woke up the system
02-25 00:10:52.011  1212  1212 D [FTS_TS]fts_input_report_b: [B]P0(1001, 2115)[p:63,tm:8] DOWN!
02-25 00:10:52.118 19279 19279 E gsi soc : qcom,msm_gsi: gsi_stop_channel:3679 chan=1 busy try again
02-25 00:10:52.121 19279 19279 E gsi soc : qcom,msm_gsi: gsi_stop_channel:3679 chan=14 busy try again
02-25 00:10:52.143 23658 23658 E ipa_pm_handle_suspend: 1280 Client IPA_CLIENT_TEST_CONS woke up the system
02-25 00:10:52.200  1212  1212 D [FTS_TS]fts_input_report_b: [B]P0 UP!
02-25 00:10:52.200  1212  1212 D [FTS_TS]fts_input_report_b: [B]Points All Up!
02-25 00:10:52.344 12926 12926 E gsi soc : qcom,msm_gsi: gsi_stop_channel:3679 chan=1 busy try again
02-25 00:10:52.345 12926 12926 E gsi soc : qcom,msm_gsi: gsi_stop_channel:3679 chan=14 busy try again
02-25 00:10:52.628  1212  1212 D [FTS_TS]fts_input_report_b: [B]P0(734, 2775)[p:63,tm:3] DOWN!
02-25 00:10:52.720  1181  1181 D [FTS_TS]fts_panel_notifier_callback: Notification type:4, early_trigger:1
02-25 00:10:52.720  1181  1181 D [FTS_TS]fts_panel_notifier_callback: shashank:Received fps change old fps:90 new fps:120
02-25 00:10:52.720  1181  1181 I goodix_fp: [info] goodix_panel_state_chg_callback go to the goodix_fb_state_chg_callback type = 4
02-25 00:10:52.720  1181  1181 I goodix_fp: goodix_panel_state_chg_callback defalut
02-25 00:10:52.721  1181  1181 I [drm:dsi_display_set_mode [msm_drm]] [msm-dsi-info]: mdp_transfer_time=6485, hactive=1260, vactive=2800, fps=120, clk_rate=1100000000
02-25 00:10:52.728  1181  1181 D [FTS_TS]fts_panel_notifier_callback: Notification type:4, early_trigger:0
02-25 00:10:52.728  1181  1181 D [FTS_TS]fts_panel_notifier_callback: shashank:Received fps change old fps:90 new fps:120
02-25 00:10:52.755  1212  1212 D [FTS_TS]fts_input_report_b: [B]P0 UP!
02-25 00:10:52.755  1212  1212 D [FTS_TS]fts_input_report_b: [B]Points All Up!
02-25 00:10:52.813   936   936 I servicemanager: Caller(pid=24170,uid=10155,sid=u:r:priv_app:s0:c512,c768) Found vendor.qti.hardware.perf2.IPerf/default in device VINTF manifest.
02-25 00:10:53.040   936   936 I servicemanager: Caller(pid=3480,uid=1000,sid=u:r:system_app:s0) Found vendor.noth.hardware.stability.IStability/default in device VINTF manifest.
02-25 00:10:53.118   936   936 I servicemanager: Caller(pid=3480,uid=1000,sid=u:r:system_app:s0) Found vendor.noth.hardware.charge.ICharge/default in device VINTF manifest.
02-25 00:10:53.216 23658 23658 E ipa_pm_handle_suspend: 1280 Client IPA_CLIENT_TEST_CONS woke up the system
02-25 00:10:53.306   936   936 I servicemanager: Caller(pid=3480,uid=1000,sid=u:r:system_app:s0) Could not find android.hardware.dumpstate.IDumpstateDevice/default in the VINTF manifest. No alternative instances declared in VINTF.
02-25 00:10:53.414 12926 12926 E gsi soc : qcom,msm_gsi: gsi_stop_channel:3679 chan=1 busy try again
02-25 00:10:53.416 12926 12926 E gsi soc : qcom,msm_gsi: gsi_stop_channel:3679 chan=14 busy try again
02-25 00:10:53.626 12926 12926 E gsi soc : qcom,msm_gsi: gsi_stop_channel:3679 chan=1 busy try again
02-25 00:10:53.629 12926 12926 E gsi soc : qcom,msm_gsi: gsi_stop_channel:3679 chan=14 busy try again
02-25 00:10:53.956  1212  1212 D [FTS_TS]fts_input_report_b: [B]P0(829, 1594)[p:63,tm:12] DOWN!
02-25 00:10:54.039  1212  1212 D [FTS_TS]fts_input_report_b: [B]P0 UP!
02-25 00:10:54.039  1212  1212 D [FTS_TS]fts_input_report_b: [B]Points All Up!
02-25 00:10:54.100   936   936 I servicemanager: Caller(pid=14144,uid=10384,sid=u:r:untrusted_app_30:s0:c128,c257,c512,c768) Found android.hardware.media.c2.IComponentStore/default in device VINTF manifest.
02-25 00:10:54.113   936   936 E servicemanager: VINTF HALs require names in the format type/instance (e.g. some.package.foo.IFoo/default) but got: media_quality
02-25 00:10:54.123   910   910 I msm_vidc: fw: <VFW_E:HostDr:264d:6491afc0:00> VenusHostDriver_ParseC2SysPacket(897): QC_IMAGE_VERSION_STRING=video-firmware.3.4-75ad4eb9657cf50ee663b05f78c01d6ceccd5632
02-25 00:10:54.123   910   910 I msm_vidc: fw: <VFW_E:HostDr:264d:6491afc0:00> VenusHostDriver_ParseC2SysPacket(898): IMAGE_VARIANT_STRING=PROD_IRIS3_2P
02-25 00:10:54.123   910   910 I msm_vidc: fw: <VFW_E:HostDr:264d:6491afc0:00> VenusHostDriver_ParseC2SysPacket(899): OEM_IMAGE_VERSION_STRING=hyd-lablnx446
02-25 00:10:54.123   910   910 I msm_vidc: fw: <VFW_E:HostDr:264d:6491afc0:00> VenusHostDriver_ParseC2SysPacket(900): BUILD_TIME: Jan 29 2025 13:08:56
02-25 00:10:54.631  1181  1181 D [FTS_TS]fts_panel_notifier_callback: Notification type:4, early_trigger:1
02-25 00:10:54.631  1181  1181 D [FTS_TS]fts_panel_notifier_callback: shashank:Received fps change old fps:120 new fps:90
02-25 00:10:54.631  1181  1181 I goodix_fp: [info] goodix_panel_state_chg_callback go to the goodix_fb_state_chg_callback type = 4
02-25 00:10:54.631  1181  1181 I goodix_fp: goodix_panel_state_chg_callback defalut
02-25 00:10:54.632  1181  1181 I [drm:dsi_display_set_mode [msm_drm]] [msm-dsi-info]: mdp_transfer_time=6485, hactive=1260, vactive=2800, fps=90, clk_rate=1100000000
02-25 00:10:54.638  1181  1181 D [FTS_TS]fts_panel_notifier_callback: Notification type:4, early_trigger:0
02-25 00:10:54.638  1181  1181 D [FTS_TS]fts_panel_notifier_callback: shashank:Received fps change old fps:120 new fps:90
02-25 00:10:55.238  1212  1212 D [FTS_TS]fts_input_report_b: [B]P0(699, 2635)[p:63,tm:5] DOWN!
02-25 00:10:55.366  1212  1212 D [FTS_TS]fts_input_report_b: [B]P0 UP!
02-25 00:10:55.366  1212  1212 D [FTS_TS]fts_input_report_b: [B]Points All Up!
02-25 00:10:56.393 23658 23658 E ipa_pm_handle_suspend: 1280 Client IPA_CLIENT_APPS_WAN_CONS woke up the system
02-25 00:10:56.799 16098 16098 E gsi soc : qcom,msm_gsi: gsi_stop_channel:3679 chan=1 busy try again
02-25 00:10:56.801 16098 16098 E gsi soc : qcom,msm_gsi: gsi_stop_channel:3679 chan=14 busy try again
02-25 00:10:56.877  1599  1599 E healthd : battery l=57 v=3891 t=30.0 h=2 st=3 c=-679000 fc=5167000 cc=132 chg=
02-25 00:10:56.904  1599  1599 W HealthLoop: debug.tracing.screen_brightness:1.814392
02-25 00:10:57.454  1212  1212 D [FTS_TS]fts_input_report_b: [B]P0(192, 2102)[p:63,tm:17] DOWN!
02-25 00:10:57.470  1708  1708 I [haptic_hv][2810]gain_store: value=0x80
02-25 00:10:57.474  1708  1708 I [haptic_hv][0649]aw8693x_stop: enter
02-25 00:10:57.477  1708  1708 I [haptic_hv][0486]aw8693x_wait_enter_standby: entered standby!
02-25 00:10:57.485  1708  1708 I [haptic_hv][1415]aw8693x_get_lra_resistance: r0=8347
02-25 00:10:57.485  1708  1708 I richtap_file_unlocked_ioctl: cmd=0x5203, arg=0x7fccd17824
02-25 00:10:57.485  1708  1708 I richtap_file_unlocked_ioctl: cmd=0x5204, arg=0x2
02-25 00:10:57.485  1708  1708 E haptic_hv 15-005a: richtap_file_unlocked_ioctl, unknown cmd
02-25 00:10:57.486  4742  4742 I richtap_file_unlocked_ioctl: cmd=0x5205, arg=0x7f
02-25 00:10:57.486  4742  4742 I         : richtap_file_unlocked_ioctl richtap set gain:128 arg:128,nt_pre_arg:128,min arg:128
02-25 00:10:57.486  4738  4738 I richtap_file_unlocked_ioctl: cmd=0x5205, arg=0x7f
02-25 00:10:57.486  4738  4738 I         : richtap_file_unlocked_ioctl richtap set gain:128 arg:128,nt_pre_arg:128,min arg:128
02-25 00:10:57.486  4738  4738 I richtap_file_unlocked_ioctl: cmd=0x520a, arg=0x0
02-25 00:10:57.486  4738  4738 I [haptic_hv][0649]aw8693x_stop: enter
02-25 00:10:57.490  4738  4738 I [haptic_hv][0486]aw8693x_wait_enter_standby: entered standby!
02-25 00:10:57.490  4738  4738 I [haptic_hv][0678]aw8693x_upload_lra: write osc_cali_data to trim_lra = 0x00
02-25 00:10:57.491  4738  4738 I [haptic_hv][0360]aw8693x_set_bst_vol: set bst vol = 9000 mV, reg_val = 0x11
02-25 00:10:57.498 16022 16022 I         : richtap_rtp_work rtp 1837 tm_len = 504
02-25 00:10:57.498 16022 16022 I [haptic_hv][0593]aw8693x_play_mode: enter rtp mode
02-25 00:10:57.498 16022 16022 I [haptic_hv][0501]aw8693x_bst_mode_config: haptic bst mode = bst
02-25 00:10:57.500 16022 16022 I [haptic_hv][0463]aw8693x_play_go: enter, flag = 1
02-25 00:10:57.501 16022 16022 I richtap_rtp_start: wait for RTP_GO, glb_state=0x01
02-25 00:10:57.503 16022 16022 I richtap_rtp_start: RTP_GO! glb_state=0x08
02-25 00:10:57.503 16022 16022 I         : richtap_rtp_work start richtap play
02-25 00:10:57.538  1212  1212 D [FTS_TS]fts_input_report_b: [B]P0 UP!
02-25 00:10:57.538  1212  1212 D [FTS_TS]fts_input_report_b: [B]Points All Up!
02-25 00:10:57.550  1212  1212 D [FTS_TS]fts_input_report_b: [B]P0(1098, 2095)[p:63,tm:3] DOWN!
02-25 00:10:57.559  1708  1708 I [haptic_hv][2668]activate_store: value=0
02-25 00:10:57.559  1708  1708 E [haptic_hv][2675]activate_store: activate_store: val : 0 ignore
02-25 00:10:57.560  1708  1708 I [haptic_hv][2668]activate_store: value=0
02-25 00:10:57.560  1708  1708 E [haptic_hv][2675]activate_store: activate_store: val : 0 ignore
02-25 00:10:57.562  1708  1708 I [haptic_hv][2810]gain_store: value=0x80
02-25 00:10:57.564  1708  1708 I richtap_file_unlocked_ioctl: cmd=0x5203, arg=0x7fccd17824
02-25 00:10:57.564  1708  1708 I richtap_file_unlocked_ioctl: cmd=0x5204, arg=0x2
02-25 00:10:57.564  1708  1708 E haptic_hv 15-005a: richtap_file_unlocked_ioctl, unknown cmd
02-25 00:10:57.564  4742  4742 I richtap_file_unlocked_ioctl: cmd=0x5205, arg=0x7f
02-25 00:10:57.564  4742  4742 I         : richtap_file_unlocked_ioctl richtap set gain:128 arg:128,nt_pre_arg:128,min arg:128
02-25 00:10:57.564  4738  4738 I richtap_file_unlocked_ioctl: cmd=0x5205, arg=0x7f
02-25 00:10:57.564  4738  4738 I         : richtap_file_unlocked_ioctl richtap set gain:128 arg:128,nt_pre_arg:128,min arg:128
02-25 00:10:57.564  4738  4738 I richtap_file_unlocked_ioctl: cmd=0x520a, arg=0x0
02-25 00:10:57.564  4738  4738 I [haptic_hv][0649]aw8693x_stop: enter
02-25 00:10:57.567  4738  4738 I [haptic_hv][0486]aw8693x_wait_enter_standby: entered standby!
02-25 00:10:57.567  4738  4738 I [haptic_hv][0678]aw8693x_upload_lra: write osc_cali_data to trim_lra = 0x00
02-25 00:10:57.567  4738  4738 I [haptic_hv][0360]aw8693x_set_bst_vol: set bst vol = 9000 mV, reg_val = 0x11
02-25 00:10:57.574 23569 23569 I         : richtap_rtp_work rtp 1837 tm_len = 504
02-25 00:10:57.574 23569 23569 I [haptic_hv][0593]aw8693x_play_mode: enter rtp mode
02-25 00:10:57.574 23569 23569 I [haptic_hv][0501]aw8693x_bst_mode_config: haptic bst mode = bst
02-25 00:10:57.575 23569 23569 I [haptic_hv][0463]aw8693x_play_go: enter, flag = 1
02-25 00:10:57.575 23569 23569 I richtap_rtp_start: wait for RTP_GO, glb_state=0x01
02-25 00:10:57.578 23569 23569 I richtap_rtp_start: RTP_GO! glb_state=0x08
02-25 00:10:57.578 23569 23569 I         : richtap_rtp_work start richtap play
02-25 00:10:57.600 16022 16022 E gsi soc : qcom,msm_gsi: gsi_stop_channel:3679 chan=1 busy try again
02-25 00:10:57.602 16022 16022 E gsi soc : qcom,msm_gsi: gsi_stop_channel:3679 chan=14 busy try again
02-25 00:10:57.637  1212  1212 D [FTS_TS]fts_input_report_b: [B]P0 UP!
02-25 00:10:57.637  1212  1212 D [FTS_TS]fts_input_report_b: [B]Points All Up!
02-25 00:10:57.692  1708  1708 I [haptic_hv][2668]activate_store: value=0
02-25 00:10:57.692  1708  1708 E [haptic_hv][2675]activate_store: activate_store: val : 0 ignore
02-25 00:10:57.694  1708  1708 I [haptic_hv][2668]activate_store: value=0
02-25 00:10:57.694  1708  1708 E [haptic_hv][2675]activate_store: activate_store: val : 0 ignore
02-25 00:10:57.777  1212  1212 D [FTS_TS]fts_input_report_b: [B]P0(851, 2109)[p:63,tm:4] DOWN!
02-25 00:10:57.787  1708  1708 I [haptic_hv][2810]gain_store: value=0x80
02-25 00:10:57.788  1708  1708 I richtap_file_unlocked_ioctl: cmd=0x5203, arg=0x7fccd17824
02-25 00:10:57.788  1708  1708 I richtap_file_unlocked_ioctl: cmd=0x5204, arg=0x2
02-25 00:10:57.788  1708  1708 E haptic_hv 15-005a: richtap_file_unlocked_ioctl, unknown cmd
02-25 00:10:57.788  4742  4742 I richtap_file_unlocked_ioctl: cmd=0x5205, arg=0x7f
02-25 00:10:57.788  4742  4742 I         : richtap_file_unlocked_ioctl richtap set gain:128 arg:128,nt_pre_arg:128,min arg:128
02-25 00:10:57.790  4738  4738 I richtap_file_unlocked_ioctl: cmd=0x5205, arg=0x7f
02-25 00:10:57.790  4738  4738 I         : richtap_file_unlocked_ioctl richtap set gain:128 arg:128,nt_pre_arg:128,min arg:128
02-25 00:10:57.791  4738  4738 I richtap_file_unlocked_ioctl: cmd=0x520a, arg=0x0
02-25 00:10:57.791  4738  4738 I [haptic_hv][0649]aw8693x_stop: enter
02-25 00:10:57.795  4738  4738 I [haptic_hv][0486]aw8693x_wait_enter_standby: entered standby!
02-25 00:10:57.795  4738  4738 I [haptic_hv][0678]aw8693x_upload_lra: write osc_cali_data to trim_lra = 0x00
02-25 00:10:57.795  4738  4738 I [haptic_hv][0360]aw8693x_set_bst_vol: set bst vol = 9000 mV, reg_val = 0x11
02-25 00:10:57.802 16022 16022 I         : richtap_rtp_work rtp 1837 tm_len = 504
02-25 00:10:57.802 16022 16022 I [haptic_hv][0593]aw8693x_play_mode: enter rtp mode
02-25 00:10:57.802 16022 16022 I [haptic_hv][0501]aw8693x_bst_mode_config: haptic bst mode = bst
02-25 00:10:57.803 16022 16022 I [haptic_hv][0463]aw8693x_play_go: enter, flag = 1
02-25 00:10:57.803 16022 16022 I richtap_rtp_start: wait for RTP_GO, glb_state=0x00
02-25 00:10:57.806 16022 16022 I richtap_rtp_start: RTP_GO! glb_state=0x08
02-25 00:10:57.806 16022 16022 I         : richtap_rtp_work start richtap play
02-25 00:10:57.880  1212  1212 D [FTS_TS]fts_input_report_b: [B]P0 UP!
02-25 00:10:57.880  1212  1212 D [FTS_TS]fts_input_report_b: [B]Points All Up!
02-25 00:10:57.920  1708  1708 I [haptic_hv][2668]activate_store: value=0
02-25 00:10:57.920  1708  1708 E [haptic_hv][2675]activate_store: activate_store: val : 0 ignore
02-25 00:10:57.921  1708  1708 I [haptic_hv][2668]activate_store: value=0
02-25 00:10:57.921  1708  1708 E [haptic_hv][2675]activate_store: activate_store: val : 0 ignore
02-25 00:10:57.980  1212  1212 D [FTS_TS]fts_input_report_b: [B]P0(1083, 2228)[p:63,tm:5] DOWN!
02-25 00:10:57.988  1708  1708 I [haptic_hv][2810]gain_store: value=0x80
02-25 00:10:57.990  1708  1708 I richtap_file_unlocked_ioctl: cmd=0x5203, arg=0x7fccd17824
02-25 00:10:57.990  1708  1708 I richtap_file_unlocked_ioctl: cmd=0x5204, arg=0x2
02-25 00:10:57.990  1708  1708 E haptic_hv 15-005a: richtap_file_unlocked_ioctl, unknown cmd
02-25 00:10:57.991  4742  4742 I richtap_file_unlocked_ioctl: cmd=0x5205, arg=0x7f
02-25 00:10:57.991  4742  4742 I         : richtap_file_unlocked_ioctl richtap set gain:128 arg:128,nt_pre_arg:128,min arg:128
02-25 00:10:57.991  4738  4738 I richtap_file_unlocked_ioctl: cmd=0x5205, arg=0x7f
02-25 00:10:57.991  4738  4738 I         : richtap_file_unlocked_ioctl richtap set gain:128 arg:128,nt_pre_arg:128,min arg:128
02-25 00:10:57.992  4738  4738 I richtap_file_unlocked_ioctl: cmd=0x520a, arg=0x0
02-25 00:10:57.992  4738  4738 I [haptic_hv][0649]aw8693x_stop: enter
02-25 00:10:57.993  4738  4738 I [haptic_hv][0486]aw8693x_wait_enter_standby: entered standby!
02-25 00:10:57.993  4738  4738 I [haptic_hv][0678]aw8693x_upload_lra: write osc_cali_data to trim_lra = 0x00
02-25 00:10:57.993  4738  4738 I [haptic_hv][0360]aw8693x_set_bst_vol: set bst vol = 9000 mV, reg_val = 0x11
02-25 00:10:57.998 23569 23569 I         : richtap_rtp_work rtp 1837 tm_len = 504
02-25 00:10:57.998 23569 23569 I [haptic_hv][0593]aw8693x_play_mode: enter rtp mode
02-25 00:10:57.998 23569 23569 I [haptic_hv][0501]aw8693x_bst_mode_config: haptic bst mode = bst
02-25 00:10:57.999 23569 23569 I [haptic_hv][0463]aw8693x_play_go: enter, flag = 1
02-25 00:10:57.999 23569 23569 I richtap_rtp_start: wait for RTP_GO, glb_state=0x00
02-25 00:10:58.001 23569 23569 I richtap_rtp_start: RTP_GO! glb_state=0x08
02-25 00:10:58.001 23569 23569 I         : richtap_rtp_work start richtap play
02-25 00:10:58.084  1212  1212 D [FTS_TS]fts_input_report_b: [B]P0 UP!
02-25 00:10:58.084  1212  1212 D [FTS_TS]fts_input_report_b: [B]Points All Up!
02-25 00:10:58.095  1212  1212 D [FTS_TS]fts_input_report_b: [B]P0(420, 2225)[p:63,tm:4] DOWN!
02-25 00:10:58.103  1708  1708 I [haptic_hv][2668]activate_store: value=0
02-25 00:10:58.103  1708  1708 E [haptic_hv][2675]activate_store: activate_store: val : 0 ignore
02-25 00:10:58.105  1708  1708 I [haptic_hv][2668]activate_store: value=0
02-25 00:10:58.105  1708  1708 E [haptic_hv][2675]activate_store: activate_store: val : 0 ignore
02-25 00:10:58.106  1708  1708 I [haptic_hv][2810]gain_store: value=0x80
02-25 00:10:58.108  1708  1708 I richtap_file_unlocked_ioctl: cmd=0x5203, arg=0x7fccd17824
02-25 00:10:58.108  1708  1708 I richtap_file_unlocked_ioctl: cmd=0x5204, arg=0x2
02-25 00:10:58.108  1708  1708 E haptic_hv 15-005a: richtap_file_unlocked_ioctl, unknown cmd
02-25 00:10:58.108  4742  4742 I richtap_file_unlocked_ioctl: cmd=0x5205, arg=0x7f
02-25 00:10:58.108  4742  4742 I         : richtap_file_unlocked_ioctl richtap set gain:128 arg:128,nt_pre_arg:128,min arg:128
02-25 00:10:58.109  4738  4738 I richtap_file_unlocked_ioctl: cmd=0x5205, arg=0x7f
02-25 00:10:58.109  4738  4738 I         : richtap_file_unlocked_ioctl richtap set gain:128 arg:128,nt_pre_arg:128,min arg:128
02-25 00:10:58.109  4738  4738 I richtap_file_unlocked_ioctl: cmd=0x520a, arg=0x0
02-25 00:10:58.109  4738  4738 I [haptic_hv][0649]aw8693x_stop: enter
02-25 00:10:58.112  4738  4738 I [haptic_hv][0486]aw8693x_wait_enter_standby: entered standby!
02-25 00:10:58.112  4738  4738 I [haptic_hv][0678]aw8693x_upload_lra: write osc_cali_data to trim_lra = 0x00
02-25 00:10:58.112  4738  4738 I [haptic_hv][0360]aw8693x_set_bst_vol: set bst vol = 9000 mV, reg_val = 0x11
02-25 00:10:58.118 23569 23569 I         : richtap_rtp_work rtp 1837 tm_len = 504
02-25 00:10:58.118 23569 23569 I [haptic_hv][0593]aw8693x_play_mode: enter rtp mode
02-25 00:10:58.119 23569 23569 I [haptic_hv][0501]aw8693x_bst_mode_config: haptic bst mode = bst
02-25 00:10:58.119 23569 23569 I [haptic_hv][0463]aw8693x_play_go: enter, flag = 1
02-25 00:10:58.120 23569 23569 I richtap_rtp_start: wait for RTP_GO, glb_state=0x01
02-25 00:10:58.123 23569 23569 I richtap_rtp_start: RTP_GO! glb_state=0x08
02-25 00:10:58.123 23569 23569 I         : richtap_rtp_work start richtap play
02-25 00:10:58.187  1212  1212 D [FTS_TS]fts_input_report_b: [B]P0 UP!
02-25 00:10:58.187  1212  1212 D [FTS_TS]fts_input_report_b: [B]Points All Up!
02-25 00:10:58.236  1708  1708 I [haptic_hv][2668]activate_store: value=0
02-25 00:10:58.236  1708  1708 E [haptic_hv][2675]activate_store: activate_store: val : 0 ignore
02-25 00:10:58.239  1708  1708 I [haptic_hv][2668]activate_store: value=0
02-25 00:10:58.239  1708  1708 E [haptic_hv][2675]activate_store: activate_store: val : 0 ignore
02-25 00:10:58.295  1212  1212 D [FTS_TS]fts_input_report_b: [B]P0(765, 1961)[p:63,tm:18] DOWN!
02-25 00:10:58.386  1212  1212 D [FTS_TS]fts_input_report_b: [B]P0 UP!
02-25 00:10:58.386  1212  1212 D [FTS_TS]fts_input_report_b: [B]Points All Up!
02-25 00:10:58.393  1708  1708 I [haptic_hv][2810]gain_store: value=0x80
02-25 00:10:58.395  1708  1708 I richtap_file_unlocked_ioctl: cmd=0x5203, arg=0x7fccd17824
02-25 00:10:58.395  1708  1708 I richtap_file_unlocked_ioctl: cmd=0x5204, arg=0x2
02-25 00:10:58.395  1708  1708 E haptic_hv 15-005a: richtap_file_unlocked_ioctl, unknown cmd
02-25 00:10:58.396  4742  4742 I richtap_file_unlocked_ioctl: cmd=0x5205, arg=0x7f
02-25 00:10:58.396  4742  4742 I         : richtap_file_unlocked_ioctl richtap set gain:128 arg:128,nt_pre_arg:128,min arg:128
