02-25 00:01:29.241  1212  1212 D [FTS_TS]fts_input_report_b: [B]Points All Up!
02-25 00:01:29.268  1708  1708 I [haptic_hv][2668]activate_store: value=0
02-25 00:01:29.268  1708  1708 E [haptic_hv][2675]activate_store: activate_store: val : 0 ignore
02-25 00:01:29.269  1708  1708 I [haptic_hv][2668]activate_store: value=0
02-25 00:01:29.269  1708  1708 E [haptic_hv][2675]activate_store: activate_store: val : 0 ignore
02-25 00:01:29.318  1212  1212 D [FTS_TS]fts_input_report_b: [B]P0(944, 2096)[p:63,tm:4] DOWN!
02-25 00:01:29.330  1708  1708 I [haptic_hv][2810]gain_store: value=0x80
02-25 00:01:29.333  1708  1708 I richtap_file_unlocked_ioctl: cmd=0x5203, arg=0x7fccd17824
02-25 00:01:29.333  1708  1708 I richtap_file_unlocked_ioctl: cmd=0x5204, arg=0x2
02-25 00:01:29.333  1708  1708 E haptic_hv 15-005a: richtap_file_unlocked_ioctl, unknown cmd
02-25 00:01:29.334  4742  4742 I richtap_file_unlocked_ioctl: cmd=0x5205, arg=0x7f
02-25 00:01:29.334  4742  4742 I         : richtap_file_unlocked_ioctl richtap set gain:128 arg:128,nt_pre_arg:128,min arg:128
02-25 00:01:29.336  4738  4738 I richtap_file_unlocked_ioctl: cmd=0x5205, arg=0x7f
02-25 00:01:29.336  4738  4738 I         : richtap_file_unlocked_ioctl richtap set gain:128 arg:128,nt_pre_arg:128,min arg:128
02-25 00:01:29.336  4738  4738 I richtap_file_unlocked_ioctl: cmd=0x520a, arg=0x0
02-25 00:01:29.336  4738  4738 I [haptic_hv][0649]aw8693x_stop: enter
02-25 00:01:29.339  4738  4738 I [haptic_hv][0486]aw8693x_wait_enter_standby: entered standby!
02-25 00:01:29.339  4738  4738 I [haptic_hv][0678]aw8693x_upload_lra: write osc_cali_data to trim_lra = 0x00
02-25 00:01:29.339  4738  4738 I [haptic_hv][0360]aw8693x_set_bst_vol: set bst vol = 9000 mV, reg_val = 0x11
02-25 00:01:29.346 16098 16098 I         : richtap_rtp_work rtp 1837 tm_len = 504
02-25 00:01:29.346 16098 16098 I [haptic_hv][0593]aw8693x_play_mode: enter rtp mode
02-25 00:01:29.347 16098 16098 I [haptic_hv][0501]aw8693x_bst_mode_config: haptic bst mode = bst
02-25 00:01:29.348 16098 16098 I [haptic_hv][0463]aw8693x_play_go: enter, flag = 1
02-25 00:01:29.348 16098 16098 I richtap_rtp_start: wait for RTP_GO, glb_state=0x01
02-25 00:01:29.351 16098 16098 I richtap_rtp_start: RTP_GO! glb_state=0x08
02-25 00:01:29.351 16098 16098 I         : richtap_rtp_work start richtap play
02-25 00:01:29.425  1212  1212 D [FTS_TS]fts_input_report_b: [B]P0 UP!
02-25 00:01:29.425  1212  1212 D [FTS_TS]fts_input_report_b: [B]Points All Up!
02-25 00:01:29.440  1212  1212 D [FTS_TS]fts_input_report_b: [B]P0(244, 2247)[p:63,tm:5] DOWN!
02-25 00:01:29.445  1708  1708 I [haptic_hv][2668]activate_store: value=0
02-25 00:01:29.445  1708  1708 E [haptic_hv][2675]activate_store: activate_store: val : 0 ignore
02-25 00:01:29.446  1708  1708 I [haptic_hv][2668]activate_store: value=0
02-25 00:01:29.446  1708  1708 E [haptic_hv][2675]activate_store: activate_store: val : 0 ignore
02-25 00:01:29.447  1708  1708 I [haptic_hv][2810]gain_store: value=0x80
02-25 00:01:29.448  1708  1708 I richtap_file_unlocked_ioctl: cmd=0x5203, arg=0x7fccd17824
02-25 00:01:29.449  1708  1708 I richtap_file_unlocked_ioctl: cmd=0x5204, arg=0x2
02-25 00:01:29.449  1708  1708 E haptic_hv 15-005a: richtap_file_unlocked_ioctl, unknown cmd
02-25 00:01:29.449  4742  4742 I richtap_file_unlocked_ioctl: cmd=0x5205, arg=0x7f
02-25 00:01:29.449  4742  4742 I         : richtap_file_unlocked_ioctl richtap set gain:128 arg:128,nt_pre_arg:128,min arg:128
02-25 00:01:29.450  4738  4738 I richtap_file_unlocked_ioctl: cmd=0x5205, arg=0x7f
02-25 00:01:29.450  4738  4738 I         : richtap_file_unlocked_ioctl richtap set gain:128 arg:128,nt_pre_arg:128,min arg:128
02-25 00:01:29.450  4738  4738 I richtap_file_unlocked_ioctl: cmd=0x520a, arg=0x0
02-25 00:01:29.450  4738  4738 I [haptic_hv][0649]aw8693x_stop: enter
02-25 00:01:29.452  4738  4738 I [haptic_hv][0486]aw8693x_wait_enter_standby: entered standby!
02-25 00:01:29.452  4738  4738 I [haptic_hv][0678]aw8693x_upload_lra: write osc_cali_data to trim_lra = 0x00
02-25 00:01:29.452  4738  4738 I [haptic_hv][0360]aw8693x_set_bst_vol: set bst vol = 9000 mV, reg_val = 0x11
02-25 00:01:29.458 12926 12926 I         : richtap_rtp_work rtp 1837 tm_len = 504
02-25 00:01:29.458 12926 12926 I [haptic_hv][0593]aw8693x_play_mode: enter rtp mode
02-25 00:01:29.459 12926 12926 I [haptic_hv][0501]aw8693x_bst_mode_config: haptic bst mode = bst
02-25 00:01:29.461 12926 12926 I [haptic_hv][0463]aw8693x_play_go: enter, flag = 1
02-25 00:01:29.461 12926 12926 I richtap_rtp_start: wait for RTP_GO, glb_state=0x01
02-25 00:01:29.464 12926 12926 I richtap_rtp_start: RTP_GO! glb_state=0x08
02-25 00:01:29.464 12926 12926 I         : richtap_rtp_work start richtap play
02-25 00:01:29.524  1212  1212 D [FTS_TS]fts_input_report_b: [B]P0 UP!
02-25 00:01:29.524  1212  1212 D [FTS_TS]fts_input_report_b: [B]Points All Up!
02-25 00:01:29.578  1708  1708 I [haptic_hv][2668]activate_store: value=0
02-25 00:01:29.578  1708  1708 E [haptic_hv][2675]activate_store: activate_store: val : 0 ignore
02-25 00:01:29.580  1708  1708 I [haptic_hv][2668]activate_store: value=0
02-25 00:01:29.580  1708  1708 E [haptic_hv][2675]activate_store: activate_store: val : 0 ignore
02-25 00:01:29.692  1212  1212 D [FTS_TS]fts_input_report_b: [B]P0(716, 1953)[p:63,tm:9] DOWN!
02-25 00:01:29.776  1212  1212 D [FTS_TS]fts_input_report_b: [B]P0 UP!
02-25 00:01:29.776  1212  1212 D [FTS_TS]fts_input_report_b: [B]Points All Up!
02-25 00:01:29.785  1708  1708 I [haptic_hv][2810]gain_store: value=0x80
02-25 00:01:29.789  1708  1708 I richtap_file_unlocked_ioctl: cmd=0x5203, arg=0x7fccd17824
02-25 00:01:29.789  1708  1708 I richtap_file_unlocked_ioctl: cmd=0x5204, arg=0x2
02-25 00:01:29.789  1708  1708 E haptic_hv 15-005a: richtap_file_unlocked_ioctl, unknown cmd
02-25 00:01:29.789  4742  4742 I richtap_file_unlocked_ioctl: cmd=0x5205, arg=0x7f
02-25 00:01:29.789  4742  4742 I         : richtap_file_unlocked_ioctl richtap set gain:128 arg:128,nt_pre_arg:128,min arg:128
02-25 00:01:29.791  4738  4738 I richtap_file_unlocked_ioctl: cmd=0x5205, arg=0x7f
02-25 00:01:29.791  4738  4738 I         : richtap_file_unlocked_ioctl richtap set gain:128 arg:128,nt_pre_arg:128,min arg:128
02-25 00:01:29.791  4738  4738 I richtap_file_unlocked_ioctl: cmd=0x520a, arg=0x0
02-25 00:01:29.791  4738  4738 I [haptic_hv][0649]aw8693x_stop: enter
02-25 00:01:29.793  4738  4738 I [haptic_hv][0486]aw8693x_wait_enter_standby: entered standby!
02-25 00:01:29.793  4738  4738 I [haptic_hv][0678]aw8693x_upload_lra: write osc_cali_data to trim_lra = 0x00
02-25 00:01:29.794  4738  4738 I [haptic_hv][0360]aw8693x_set_bst_vol: set bst vol = 9000 mV, reg_val = 0x11
02-25 00:01:29.802 19279 19279 I         : richtap_rtp_work rtp 1837 tm_len = 504
02-25 00:01:29.802 19279 19279 I [haptic_hv][0593]aw8693x_play_mode: enter rtp mode
02-25 00:01:29.802 19279 19279 I [haptic_hv][0501]aw8693x_bst_mode_config: haptic bst mode = bst
02-25 00:01:29.803 19279 19279 I [haptic_hv][0463]aw8693x_play_go: enter, flag = 1
02-25 00:01:29.803 19279 19279 I richtap_rtp_start: wait for RTP_GO, glb_state=0x01
02-25 00:01:29.805 19279 19279 I richtap_rtp_start: RTP_GO! glb_state=0x08
02-25 00:01:29.805 19279 19279 I         : richtap_rtp_work start richtap play
02-25 00:01:29.905  1212  1212 D [FTS_TS]fts_input_report_b: [B]P0(1173, 1807)[p:63,tm:6] DOWN!
02-25 00:01:29.917  1708  1708 I [haptic_hv][2668]activate_store: value=0
02-25 00:01:29.917  1708  1708 E [haptic_hv][2675]activate_store: activate_store: val : 0 ignore
02-25 00:01:29.918  1708  1708 I [haptic_hv][2668]activate_store: value=0
02-25 00:01:29.918  1708  1708 E [haptic_hv][2675]activate_store: activate_store: val : 0 ignore
02-25 00:01:29.989  1212  1212 D [FTS_TS]fts_input_report_b: [B]P0 UP!
02-25 00:01:29.989  1212  1212 D [FTS_TS]fts_input_report_b: [B]Points All Up!
02-25 00:01:30.420  1212  1212 D [FTS_TS]fts_input_report_b: [B]P0(802, 1577)[p:63,tm:14] DOWN!
02-25 00:01:30.515  1212  1212 D [FTS_TS]fts_input_report_b: [B]P0 UP!
02-25 00:01:30.515  1212  1212 D [FTS_TS]fts_input_report_b: [B]Points All Up!
02-25 00:01:31.305   740   740 I pm8941-pwrkey c42d000.qcom,spmi: qcom,pmk8550@0:pon_hlos@1300:pwrkey: Key event reported: code=116, status=128
02-25 00:01:31.483   740   740 I pm8941-pwrkey c42d000.qcom,spmi: qcom,pmk8550@0:pon_hlos@1300:pwrkey: Key event reported: code=116, status=0
02-25 00:01:31.502     1     1 I init    : processing action (sys.touch.pocket_mode=*) from (/vendor/etc/init/hw/init.nt_product.rc:357)
02-25 00:01:31.502   310   310 E [FTS_TS/E]fts_proc_pocket_mode_write: Pre-pocket_mode = 0, Exit pocket mode
02-25 00:01:31.518  2592  2592 I [FTS_TS/I]fts_fod_enable: Fod enable,fod_mode = 1
02-25 00:01:31.519     1     1 I init    : processing action (sys.touch.keyguard.state=*) from (/vendor/etc/init/hw/init.nt_product.rc:403)
02-25 00:01:31.522  2592  2592 I [FTS_TS/I]fts_fod_set_reg: set fod mode to 2 successfully
02-25 00:01:31.525   310   310 I [FTS_TS/I]fts_ex_mode_switch: PalmToSleep Mode Disable
02-25 00:01:31.526  2592  2592 I si-mo   : mo_shm_bridge_release: mem-object-00000000f4b09375 unmapped.
02-25 00:01:31.544  1181  1181 D [FTS_TS]fts_panel_notifier_callback: Notification type:4, early_trigger:1
02-25 00:01:31.544  1181  1181 D [FTS_TS]fts_panel_notifier_callback: shashank:Received fps change old fps:90 new fps:120
02-25 00:01:31.544  1181  1181 I goodix_fp: [info] goodix_panel_state_chg_callback go to the goodix_fb_state_chg_callback type = 4
02-25 00:01:31.544  1181  1181 I goodix_fp: goodix_panel_state_chg_callback defalut
02-25 00:01:31.545  1181  1181 I [drm:dsi_display_set_mode [msm_drm]] [msm-dsi-info]: mdp_transfer_time=6485, hactive=1260, vactive=2800, fps=120, clk_rate=1100000000
02-25 00:01:31.549  1181  1181 D [FTS_TS]fts_panel_notifier_callback: Notification type:4, early_trigger:0
02-25 00:01:31.549  1181  1181 D [FTS_TS]fts_panel_notifier_callback: shashank:Received fps change old fps:90 new fps:120
02-25 00:01:31.600  2592  2592 I [FTS_TS/I]fts_fod_enable: disable fod but not power off,fod_mode = 3
02-25 00:01:31.603  2592  2592 I [FTS_TS/I]fts_fod_set_reg: set fod mode to 0 successfully
02-25 00:01:32.150  1181  1181 D [FTS_TS]fts_panel_notifier_callback: Notification type:3, early_trigger:1
02-25 00:01:32.150  1181  1181 D [FTS_TS]fts_panel_notifier_callback: received lp event
02-25 00:01:32.150  1181  1181 I goodix_fp: [info] goodix_panel_state_chg_callback go to the goodix_fb_state_chg_callback type = 3
02-25 00:01:32.150  1181  1181 I send message: 12
02-25 00:01:32.150 19279 19279 D [FTS_TS]fts_ts_suspend: Enter
02-25 00:01:32.151  1181  1181 I [drm:dsi_panel_set_lp1 [msm_drm]] [msm-dsi-info]: mode in
02-25 00:01:32.155 19279 19279 I [FTS_TS/I]fts_fod_suspend: fts_fod_suspend set gesture to ENABLE successfully
02-25 00:01:32.155 19279 19279 D [FTS_TS]fts_gesture_suspend: Enter
02-25 00:01:32.156  1181  1181 I [drm:dsi_panel_set_lp1 [msm_drm]] [msm-dsi-info]: enter aod, brightness  904, rc=0
02-25 00:01:32.157  1181  1181 D [FTS_TS]fts_panel_notifier_callback: Notification type:3, early_trigger:0
02-25 00:01:32.157  1181  1181 D [FTS_TS]fts_panel_notifier_callback: received lp event
02-25 00:01:32.158 19279 19279 I [FTS_TS/I]fts_gesture_suspend: Enter into gesture(suspend) successfully
02-25 00:01:32.158 19279 19279 D [FTS_TS]fts_gesture_suspend: Exit(456)
02-25 00:01:32.159 19279 19279 D [FTS_TS]fts_ts_suspend: Exit(2026)
02-25 00:01:32.159 19279 19279 D [FTS_TS]fts_ts_suspend: Enter
02-25 00:01:32.159 19279 19279 I [FTS_TS/I]fts_ts_suspend: Already in suspend state
02-25 00:01:32.186  1599  1599 E healthd : battery l=58 v=3906 t=33.0 h=2 st=3 c=-719000 fc=5167000 cc=132 chg=
02-25 00:01:32.196 13477 13477 I [drm:dsi_panel_set_backlight [msm_drm]] [msm-dsi-info]: recovery brightness  275 to aod_level 16
02-25 00:01:32.365  2592  2592 I [FTS_TS/I]fts_fod_enable: Fod enable,fod_mode = 1
02-25 00:01:32.370  2592  2592 I [FTS_TS/I]fts_fod_set_reg: set fod mode to 2 successfully
02-25 00:01:32.670     1     1 I init    : processing action (sys.touch.keyguard.state=*) from (/vendor/etc/init/hw/init.nt_product.rc:403)
02-25 00:01:32.670   310   310 I [FTS_TS/I]fts_ex_mode_switch: PalmToSleep Mode Enable
02-25 00:01:32.675   310   310 I [FTS_TS/I]fts_ex_mode_set_reg: set mode(9a) to 1 successfully
02-25 00:01:33.137     1     1 I init    : processing action (sys.touch.pocket_mode=*) from (/vendor/etc/init/hw/init.nt_product.rc:357)
02-25 00:01:33.138   310   310 E [FTS_TS/E]fts_proc_pocket_mode_write: Pre-pocket_mode = 0, Enter pocket mode
02-25 00:01:37.645  1663  1663 W nt_vote : FCC_MAIN: FCC_TEMPERATURE_CONTROL_VOTER,1 voting on of val=20000
02-25 00:01:37.645  1663  1663 W nt_vote : FCC_MAIN: effective vote is now 9000 voted by FCC_NT_CHG_VOTER,0
02-25 00:01:37.645  1663  1663 E BATTERY_CHG: scenario_fcc_write: scenario_fcc_write,val:9000
02-25 00:01:37.698 19279 19279 E BATTERY_CHG: handle_message: adsp_to_kernel_log:key_info:pump:129,pump_en:0,ovp:0,wpc:0,fcc:2500,fv:4500,icl:100,ibus_ma:0,usb_sus:0,wls_sus:0,BattInit:1,chg_type:0,soc:5800,soc_time:9830,soc_pre:5800,real_cap:29540000,htemp_charge:4500,plug_in:0,plugGpio:1,usbTemp:23,battTemp:25,nt_cc_enable:0,2646:00,2654:07,2606:07,2708:00,2952:02,2658:b4,2707:00,2b09:01,f243:64,f245:00,f246:00,
02-25 00:01:37.762  1599  1599 E healthd : battery l=58 v=3918 t=33.0 h=2 st=3 c=-344000 fc=5167000 cc=132 chg=
02-25 00:01:37.797  1599  1599 W HealthLoop: debug.tracing.screen_brightness:0.669291
02-25 00:01:37.821  1599  1599 E healthd : battery l=58 v=3918 t=33.0 h=2 st=3 c=-279000 fc=5167000 cc=132 chg=
02-25 00:01:37.847  1599  1599 W HealthLoop: debug.tracing.screen_brightness:0.669291
02-25 00:01:37.918  1599  1599 E healthd : battery l=58 v=3918 t=33.0 h=2 st=3 c=-279000 fc=5167000 cc=132 chg=
02-25 00:01:37.947  1599  1599 W HealthLoop: debug.tracing.screen_brightness:0.669291
02-25 00:01:38.131  1599  1599 E healthd : battery l=58 v=3916 t=33.0 h=2 st=3 c=-288000 fc=5167000 cc=132 chg=
02-25 00:01:38.155 20168 20168 I [drm:dsi_panel_set_backlight [msm_drm]] [msm-dsi-info]: recovery brightness  0 to aod_level 16
02-25 00:01:38.161  1181  1181 D [FTS_TS]fts_panel_notifier_callback: Notification type:1, early_trigger:1
02-25 00:01:38.161 16098 16098 D [FTS_TS]fts_ts_suspend: Enter
02-25 00:01:38.161 16098 16098 I [FTS_TS/I]fts_ts_suspend: Already in suspend state
02-25 00:01:38.161  1181  1181 I goodix_fp: [info] goodix_panel_state_chg_callback go to the goodix_fb_state_chg_callback type = 1
02-25 00:01:38.161  1181  1181 I send message: 2
02-25 00:01:38.162  1181  1181 I [drm:dsi_panel_disable [msm_drm]] [msm-dsi-info]: in
02-25 00:01:38.166  2579  2579 I si-mo   : mo_shm_bridge_release: mem-object-00000000f4b09375 unmapped.
02-25 00:01:38.167  1599  1599 W HealthLoop: debug.tracing.screen_brightness:0.000000
02-25 00:01:38.353  1599  1599 E healthd : battery l=58 v=3916 t=33.0 h=2 st=3 c=-310000 fc=5167000 cc=132 chg=
02-25 00:01:38.363  1181  1181 D [FTS_TS]fts_panel_notifier_callback: Notification type:1, early_trigger:0
02-25 00:01:38.363  1181  1181 D [FTS_TS]fts_panel_notifier_callback: suspend notification post commit
02-25 00:01:38.391  1599  1599 W HealthLoop: debug.tracing.screen_brightness:0.000000
02-25 00:01:38.579  1599  1599 E healthd : battery l=58 v=3916 t=33.0 h=2 st=3 c=-323000 fc=5167000 cc=132 chg=
02-25 00:01:38.606  1599  1599 W HealthLoop: debug.tracing.screen_brightness:0.000000
02-25 00:01:38.796  1599  1599 E healthd : battery l=58 v=3916 t=33.0 h=2 st=3 c=-305000 fc=5167000 cc=132 chg=
02-25 00:01:38.823  1599  1599 W HealthLoop: debug.tracing.screen_brightness:0.000000
02-25 00:01:39.012  1599  1599 E healthd : battery l=58 v=3916 t=33.0 h=2 st=3 c=-305000 fc=5167000 cc=132 chg=
02-25 00:01:39.043  1599  1599 W HealthLoop: debug.tracing.screen_brightness:0.000000
02-25 00:01:39.233  1599  1599 E healthd : battery l=58 v=3917 t=33.0 h=2 st=3 c=-302000 fc=5167000 cc=132 chg=
02-25 00:01:39.260  1599  1599 W HealthLoop: debug.tracing.screen_brightness:0.000000
02-25 00:01:39.449  1599  1599 E healthd : battery l=58 v=3917 t=33.0 h=2 st=3 c=-264000 fc=5167000 cc=132 chg=
02-25 00:01:39.476  1599  1599 W HealthLoop: debug.tracing.screen_brightness:0.000000
02-25 00:01:39.673  1599  1599 E healthd : battery l=58 v=3917 t=33.0 h=2 st=3 c=-248000 fc=5167000 cc=132 chg=
02-25 00:01:39.700  1599  1599 W HealthLoop: debug.tracing.screen_brightness:0.000000
02-25 00:01:39.893  1599  1599 E healthd : battery l=58 v=3917 t=33.0 h=2 st=3 c=-264000 fc=5167000 cc=132 chg=
02-25 00:01:39.922  1599  1599 W HealthLoop: debug.tracing.screen_brightness:0.000000
02-25 00:01:40.101  1599  1599 E healthd : battery l=58 v=3919 t=33.0 h=2 st=3 c=-242000 fc=5167000 cc=132 chg=
02-25 00:01:40.131  1599  1599 W HealthLoop: debug.tracing.screen_brightness:0.000000
02-25 00:01:40.321  1599  1599 E healthd : battery l=58 v=3919 t=33.0 h=2 st=3 c=-241000 fc=5167000 cc=132 chg=
02-25 00:01:40.350  1599  1599 W HealthLoop: debug.tracing.screen_brightness:0.000000
02-25 00:01:40.544  1599  1599 E healthd : battery l=58 v=3919 t=33.0 h=2 st=3 c=-247000 fc=5167000 cc=132 chg=
02-25 00:01:40.570  1599  1599 W HealthLoop: debug.tracing.screen_brightness:0.000000
02-25 00:01:40.762  1599  1599 E healthd : battery l=58 v=3919 t=33.0 h=2 st=3 c=-241000 fc=5167000 cc=132 chg=
02-25 00:01:40.796  1599  1599 W HealthLoop: debug.tracing.screen_brightness:0.000000
02-25 00:01:40.983  1599  1599 E healthd : battery l=58 v=3919 t=33.0 h=2 st=3 c=-241000 fc=5167000 cc=132 chg=
02-25 00:01:41.008  1599  1599 W HealthLoop: debug.tracing.screen_brightness:0.000000
02-25 00:01:41.199  1599  1599 E healthd : battery l=58 v=3914 t=33.0 h=2 st=3 c=-261000 fc=5167000 cc=132 chg=
02-25 00:01:41.229  1599  1599 W HealthLoop: debug.tracing.screen_brightness:0.000000
02-25 00:01:41.415  1599  1599 E healthd : battery l=58 v=3914 t=33.0 h=2 st=3 c=-278000 fc=5167000 cc=132 chg=
02-25 00:01:41.444  1599  1599 W HealthLoop: debug.tracing.screen_brightness:0.000000
02-25 00:01:43.802 21245 21245 W binder_debug: 28 callbacks suppressed
02-25 00:01:43.802 21245 21245 I binder  : 21245:18067 dead process or thread
02-25 00:01:43.802 21245 21245 I binder  : 18067:21245 transaction call to 13529:0 failed 129948877/29202/0, code 21 size 456-8 line 3981
02-25 00:01:43.849 23115 23115 I binder  : undelivered transaction 129948635, process died.
02-25 00:01:43.851 23115 23115 I binder  : undelivered transaction 129942073, process died.
02-25 00:01:43.851 23115 23115 I binder  : undelivered transaction 129944400, process died.
02-25 00:01:53.971     1     1 I init    : processing action (sys.touch.pocket_mode=*) from (/vendor/etc/init/hw/init.nt_product.rc:357)
02-25 00:01:53.972   310   310 E [FTS_TS/E]fts_proc_pocket_mode_write: Pre-pocket_mode = 1, Exit pocket mode
02-25 00:01:56.636  1181  1181 D [FTS_TS]fts_panel_notifier_callback: Notification type:3, early_trigger:1
02-25 00:01:56.636  1181  1181 D [FTS_TS]fts_panel_notifier_callback: received lp event
02-25 00:01:56.636  1181  1181 I goodix_fp: [info] goodix_panel_state_chg_callback go to the goodix_fb_state_chg_callback type = 3
02-25 00:01:56.636  1181  1181 I send message: 12
02-25 00:01:56.636 16022 16022 D [FTS_TS]fts_ts_suspend: Enter
02-25 00:01:56.636 16022 16022 I [FTS_TS/I]fts_ts_suspend: Already in suspend state
02-25 00:01:56.636  1181  1181 I [drm:dsi_display_set_mode [msm_drm]] [msm-dsi-info]: mdp_transfer_time=6485, hactive=1260, vactive=2800, fps=120, clk_rate=1100000000
02-25 00:01:56.637  1181  1181 I [drm:dsi_ctrl_isr_configure [msm_drm]] [msm-dsi-info]: dsi-ctrl-0: IRQ 363 registered
02-25 00:01:56.688  1181  1181 I [drm:dsi_panel_enable [msm_drm]] [msm-dsi-info]: in
02-25 00:01:56.800  1181  1181 I [drm:dsi_panel_set_lp1 [msm_drm]] [msm-dsi-info]: mode in
02-25 00:01:56.801  1181  1181 I [drm:dsi_panel_set_lp1 [msm_drm]] [msm-dsi-info]: enter aod, brightness  0, rc=0
02-25 00:01:56.803  1181  1181 D [FTS_TS]fts_panel_notifier_callback: Notification type:3, early_trigger:0
02-25 00:01:56.803  1181  1181 D [FTS_TS]fts_panel_notifier_callback: received lp event
02-25 00:01:56.803 13477 13477 I [drm:dsi_panel_set_backlight [msm_drm]] [msm-dsi-info]: recovery brightness  0 to aod_level 16
02-25 00:01:56.805 16022 16022 D [FTS_TS]fts_ts_suspend: Enter
02-25 00:01:56.805 16022 16022 I [FTS_TS/I]fts_ts_suspend: Already in suspend state
02-25 00:01:56.817 20168 20168 I [drm:dsi_panel_set_backlight [msm_drm]] [msm-dsi-info]: recovery brightness  275 to aod_level 16
02-25 00:01:58.353     1     1 I init    : processing action (sys.touch.pocket_mode=*) from (/vendor/etc/init/hw/init.nt_product.rc:357)
02-25 00:01:58.354   310   310 E [FTS_TS/E]fts_proc_pocket_mode_write: Pre-pocket_mode = 0, Enter pocket mode
02-25 00:02:02.347 16098 16098 E gsi soc : qcom,msm_gsi: gsi_stop_channel:3679 chan=1 busy try again
02-25 00:02:02.349 16098 16098 E gsi soc : qcom,msm_gsi: gsi_stop_channel:3679 chan=14 busy try again
02-25 00:02:02.856 15586 15586 I [drm:dsi_panel_set_backlight [msm_drm]] [msm-dsi-info]: recovery brightness  0 to aod_level 16
02-25 00:02:02.859  1181  1181 D [FTS_TS]fts_panel_notifier_callback: Notification type:1, early_trigger:1
02-25 00:02:02.859 16022 16022 D [FTS_TS]fts_ts_suspend: Enter
02-25 00:02:02.859 16022 16022 I [FTS_TS/I]fts_ts_suspend: Already in suspend state
02-25 00:02:02.859  1181  1181 I goodix_fp: [info] goodix_panel_state_chg_callback go to the goodix_fb_state_chg_callback type = 1
02-25 00:02:02.859  1181  1181 I send message: 2
02-25 00:02:02.860  1181  1181 I [drm:dsi_panel_disable [msm_drm]] [msm-dsi-info]: in
02-25 00:02:02.862  2579  2579 I si-mo   : mo_shm_bridge_release: mem-object-00000000f4b09375 unmapped.
02-25 00:02:02.957 17934 17934 E ipa_pm_handle_suspend: 1280 Client IPA_CLIENT_TEST_CONS woke up the system
02-25 00:02:03.060  1181  1181 D [FTS_TS]fts_panel_notifier_callback: Notification type:1, early_trigger:0
02-25 00:02:03.060  1181  1181 D [FTS_TS]fts_panel_notifier_callback: suspend notification post commit
02-25 00:02:03.156 12926 12926 E gsi soc : qcom,msm_gsi: gsi_stop_channel:3679 chan=1 busy try again
02-25 00:02:03.161 12926 12926 E gsi soc : qcom,msm_gsi: gsi_stop_channel:3679 chan=14 busy try again
02-25 00:02:03.518 16022 16022 E gsi soc : qcom,msm_gsi: gsi_stop_channel:3679 chan=1 busy try again
02-25 00:02:03.521 16022 16022 E gsi soc : qcom,msm_gsi: gsi_stop_channel:3679 chan=14 busy try again
02-25 00:02:04.515 12926 12926 E gsi soc : qcom,msm_gsi: gsi_stop_channel:3679 chan=1 busy try again
02-25 00:02:04.517 12926 12926 E gsi soc : qcom,msm_gsi: gsi_stop_channel:3679 chan=14 busy try again
02-25 00:02:05.491 19279 19279 E gsi soc : qcom,msm_gsi: gsi_stop_channel:3679 chan=1 busy try again
02-25 00:02:05.493 19279 19279 E gsi soc : qcom,msm_gsi: gsi_stop_channel:3679 chan=14 busy try again
02-25 00:02:06.398 12926 12926 E gsi soc : qcom,msm_gsi: gsi_stop_channel:3679 chan=1 busy try again
02-25 00:02:06.401 12926 12926 E gsi soc : qcom,msm_gsi: gsi_stop_channel:3679 chan=14 busy try again
02-25 00:02:06.506 16097 16097 E ipa_pm_handle_suspend: 1280 Client IPA_CLIENT_APPS_WAN_CONS woke up the system
02-25 00:02:06.808 19279 19279 E gsi soc : qcom,msm_gsi: gsi_stop_channel:3679 chan=1 busy try again
02-25 00:02:06.810 19279 19279 E gsi soc : qcom,msm_gsi: gsi_stop_channel:3679 chan=14 busy try again
02-25 00:02:08.739 16098 16098 E gsi soc : qcom,msm_gsi: gsi_stop_channel:3679 chan=1 busy try again
02-25 00:02:08.741 16098 16098 E gsi soc : qcom,msm_gsi: gsi_stop_channel:3679 chan=14 busy try again
02-25 00:02:11.523 16097 16097 E ipa_pm_handle_suspend: 1280 Client IPA_CLIENT_APPS_WAN_CONS woke up the system
02-25 00:02:11.828 12926 12926 E gsi soc : qcom,msm_gsi: gsi_stop_channel:3679 chan=1 busy try again
02-25 00:02:11.830 12926 12926 E gsi soc : qcom,msm_gsi: gsi_stop_channel:3679 chan=14 busy try again
02-25 00:02:12.736 19279 19279 E gsi soc : qcom,msm_gsi: gsi_stop_channel:3679 chan=1 busy try again
02-25 00:02:12.737 19279 19279 E gsi soc : qcom,msm_gsi: gsi_stop_channel:3679 chan=14 busy try again
02-25 00:02:17.140 16097 16097 E ipa_pm_handle_suspend: 1280 Client IPA_CLIENT_APPS_WAN_CONS woke up the system
02-25 00:02:17.543 12926 12926 E gsi soc : qcom,msm_gsi: gsi_stop_channel:3679 chan=1 busy try again
02-25 00:02:17.545 12926 12926 E gsi soc : qcom,msm_gsi: gsi_stop_channel:3679 chan=14 busy try again
02-25 00:02:18.367 12926 12926 E gsi soc : qcom,msm_gsi: gsi_stop_channel:3679 chan=1 busy try again
02-25 00:02:18.369 12926 12926 E gsi soc : qcom,msm_gsi: gsi_stop_channel:3679 chan=14 busy try again
02-25 00:02:39.951 16097 16097 E ipa_pm_handle_suspend: 1280 Client IPA_CLIENT_APPS_WAN_CONS woke up the system
02-25 00:02:40.251 19279 19279 E gsi soc : qcom,msm_gsi: gsi_stop_channel:3679 chan=1 busy try again
02-25 00:02:40.252 19279 19279 E gsi soc : qcom,msm_gsi: gsi_stop_channel:3679 chan=14 busy try again
02-25 00:02:40.329 16097 16097 E ipa_pm_handle_suspend: 1280 Client IPA_CLIENT_TEST_CONS woke up the system
02-25 00:02:40.527 16098 16098 E gsi soc : qcom,msm_gsi: gsi_stop_channel:3679 chan=1 busy try again
02-25 00:02:40.528 16098 16098 E gsi soc : qcom,msm_gsi: gsi_stop_channel:3679 chan=14 busy try again
02-25 00:02:41.032 21147 21147 I binder  : undelivered transaction 129957481, process died.
02-25 00:02:41.032 21147 21147 I binder  : undelivered transaction 129957482, process died.
02-25 00:02:41.039 13255 13255 I binder  : undelivered transaction 129764493, process died.
02-25 00:02:41.039 13255 13255 I binder  : undelivered transaction 129804310, process died.
02-25 00:02:41.039 13255 13255 I binder  : undelivered transaction 129876119, process died.
02-25 00:02:41.039 13255 13255 I binder  : undelivered transaction 129895544, process died.
02-25 00:02:41.039 13255 13255 I binder  : undelivered transaction 129911514, process died.
02-25 00:02:41.039 13255 13255 I binder  : undelivered transaction 129942126, process died.
02-25 00:02:41.039 13255 13255 I binder  : undelivered transaction 129948656, process died.
02-25 00:02:41.047 13255 13255 I binder  : undelivered transaction 129602815, process died.
02-25 00:02:41.178 16098 16098 E gsi soc : qcom,msm_gsi: gsi_stop_channel:3679 chan=1 busy try again
02-25 00:02:41.180 16098 16098 E gsi soc : qcom,msm_gsi: gsi_stop_channel:3679 chan=14 busy try again
02-25 00:02:49.378 12926 12926 E BATTERY_CHG: handle_message: adsp_to_kernel_log:key_info:pump:129,pump_en:0,ovp:0,wpc:0,fcc:9000,fv:4500,icl:100,ibus_ma:0,usb_sus:0,wls_sus:0,BattInit:1,chg_type:0,soc:5800,soc_time:9830,soc_pre:5800,real_cap:29460000,htemp_charge:4500,plug_in:0,plugGpio:1,usbTemp:23,battTemp:25,nt_cc_enable:0,2646:00,2654:07,2606:07,2708:00,2952:02,2658:b4,2707:00,2b09:01,f243:64,f245:00,f246:00,
02-25 00:02:49.463  1599  1599 E healthd : battery l=58 v=3917 t=33.0 h=2 st=3 c=-236000 fc=5167000 cc=132 chg=
02-25 00:02:49.491  1599  1599 W HealthLoop: debug.tracing.screen_brightness:0.000000
02-25 00:02:58.355 22553 22553 E [schedu][0xa4d1cb85484][23:03:03.129625] wcn7750: [22553:E:WMA] wma_tbttoffset_update_event_handler: Update beacon template for vdev 2 due to TBTT offset update
02-25 00:03:25.207 22553 22553 E [schedu][0xa4d3b73259e][23:03:29.981692] wcn7750: [22553:E:CMN_MLME] target_if_find_active_rso_stop_rsp: RSO bit not set on any mlo vdev
02-25 00:03:25.208 22553 22553 E [schedu][0xa4d3b734fdd][23:03:29.982256] wcn7750: [22553:E:CMN_MLME] target_if_stop_rso_stop_timer: vdev response timer is null VDEV_0 PSOC_0
02-25 00:03:26.298 22553 22553 I [schedu][0xa4d3cb2ccea][23:03:31.072776] wcn7750: [22553:I:mlme] mlme_set_chan_switch_in_progress: Set chan_switch_in_progress: 1 vdev 2
02-25 00:03:26.299 22553 22553 I [schedu][0xa4d3cb2f41b][23:03:31.073298] wcn7750: [22553:I:WMI] send_vdev_start_cmd_tlv: vdev_id 2 freq 5745 chanmode 18 ch_info: 0x12 is_dfs 0 beacon interval 100 dtim 2 center_chan 5775 center_freq2 0 reg_info_1: 0xe00f6 reg_info_2: 0xe00, req->max_txpow: 0xe Tx SS 2, Rx SS 2, ldpc_rx: 0, cac 0, regd 2, HE ops: 922763248req->dis_hw_ack: 0 target_tsf_us_lo 0l target_tsf_us_hi 0l
02-25 00:03:26.299 22553 22553 I [schedu][0xa4d3cb2f5e8][23:03:31.073323] wcn7750: [22553:I:WMI] vdev_start_cmd_fill_11be: EHT ops: 0 puncture_bitmap 0 wmi cmd puncture bitmap ffffffff
02-25 00:03:26.339 22553 22553 I [schedu][0xa4d3cbeb41b][23:03:31.113405] wcn7750: [22553:I:mlme] mlme_set_chan_switch_in_progress: Set chan_switch_in_progress: 0 vdev 2
02-25 00:03:26.341 22553 22553 E [schedu][0xa4d3cbf3771][23:03:31.115156] wcn7750: [22553:E:CMN_MLME] mlme_sr_update: Spatial Reuse disabled for vdev_id: 2
02-25 00:03:26.341 22553 22553 W [schedu][0xa4d3cbf4944][23:03:31.115393] wcn7750: [22553:W:tdls] tdls_check_is_tdls_allowed: vdev:0 Concurrent sessions exist disable TDLS
02-25 00:03:26.342 22553 22553 I [schedu][0xa4d3cbf8643][23:03:31.116207] wcn7750: [22553:I:WMI] wmi_fill_rso_tlvs: RSO_CFG: vdev:0 pmk_len = 32 pmksa caching:1 OKC:1 sae_same_pmk:0 key_mgmt_offload:1
02-25 00:03:26.346 22553 22553 E [schedu][0xa4d3cc0d5f6][23:03:31.120683] wcn7750: [22553:E:WMA] wma_tbttoffset_update_event_handler: Update beacon template for vdev 2 due to TBTT offset update
02-25 00:03:26.349 17987 17987 W [wpa_su][0xa4d3cc1b38b][23:03:31.123637] wcn7750: [17987:W:DP] dp_txrx_set_vdev_param_be: invalid param 11
02-25 00:03:26.349 17987 17987 W [wpa_su][0xa4d3cc1bc9e][23:03:31.123758] wcn7750: [17987:W:SME] csr_save_to_channel_power2_g_5_g: Invalid Channel freq 5955 Present in Country IE
02-25 00:03:26.349 17987 17987 W [wpa_su][0xa4d3cc1c89f][23:03:31.123918] wcn7750: [17987:W:DP] dp_txrx_set_vdev_param_be: invalid param 8
02-25 00:03:26.362   948   948 I logd    : logdr: UID=1000 GID=1000 PID=23543 n tail=127 logMask=19 pid=0 start=0ns deadline=0ns
02-25 00:03:26.481   948   948 I logd    : logdr: UID=1000 GID=1000 PID=23546 n tail=127 logMask=80 pid=0 start=0ns deadline=0ns
02-25 00:03:27.375 22553 22553 E [schedu][0xa4d3dee5e5c][23:03:32.149915] wcn7750: [22553:E:WMI] extract_roam_trigger_stats_tlv: roam_result or idx error.0
02-25 00:03:27.375 22553 22553 E [schedu][0xa4d3dee61eb][23:03:32.149962] wcn7750: [22553:E:WMI] extract_roam_trigger_stats_tlv: roam_scan_info or idx error.0
02-25 00:03:27.376 22553 22553 I [schedu][0xa4d3dee6eda][23:03:32.150135] wcn7750: [22553:I:CMN_MLME] [23:03:32.119000] [ROAM MSG INFO]: VDEV[0] Roam RSSI TH Reset, Current rssi: 0 dbm, next_rssi_threshold: 0 dbm
02-25 00:03:27.551 22553 22553 I [schedu][0xa4d3e21c2be][23:03:32.325334] wcn7750: [22553:I:CMN_MLME] [23:03:32.180000] [ROAM_TRIGGER]: VDEV[0] Reason: "LOW RSSI" Cur_Rssi threshold:81 Current AP RSSI: 78
02-25 00:03:27.551 22553 22553 I [schedu][0xa4d3e21d42b][23:03:32.325566] wcn7750: [22553:I:CMN_MLME] [23:03:32.180000] [ROAM_SCAN]: VDEV[0] Scan_type: PARTIAL next_rssi_threshold: 81 dBm {5180 }
02-25 00:03:27.551 22553 22553 I [schedu][0xa4d3e21d5dd][23:03:32.325588] wcn7750: [22553:I:CMN_MLME] ============================================================================================================================
02-25 00:03:27.551 22553 22553 I [schedu][0xa4d3e21d85d][23:03:32.325622] wcn7750: [22553:I:CMN_MLME]      AP BSSID           TSTAMP       CH   TY  ETP  RSSI/SCR CU%/SCR TOT_SCR  BL_RSN BL_SRC    BL_TSTAMP       BL_TIMEOUT(ms)
02-25 00:03:27.551 22553 22553 I [schedu][0xa4d3e21d92b][23:03:32.325632] wcn7750: [22553:I:CMN_MLME] ============================================================================================================================
02-25 00:03:27.551 22553 22553 I [schedu][0xa4d3e21dab0][23:03:32.325652] wcn7750: [22553:I:CMN_MLME] 7c:13:1d:**:**:a1 [23:03:32.180000] 5180 P_AP    0  78/880   1/2000  2380       0       0 [00:00:00.000000]         0
02-25 00:03:27.551 22553 22553 I [schedu][0xa4d3e21e080][23:03:32.325730] wcn7750: [22553:I:CMN_MLME] [23:03:32.294000] [ROAM_RESULT]: VDEV[0] FAILED Reason: NO AP FOUND
02-25 00:03:27.554 22553 22553 I [schedu][0xa4d3e22d8fb][23:03:32.329044] wcn7750: [22553:I:CMN_MLME] [ROAM INIT INFO]: VDEV[0], roam_full_scan_count: 0, rssi_th: -81, cu_th: 0, fw_cancel_timer_bitmap: 0
02-25 00:03:39.181 22553 22553 I [schedu][0xa4d4b710fc7][23:03:43.955588] wcn7750: [22553:I:CMN_MLME] [23:03:32.295000] [ROAM_TRIGGER]: VDEV[0] Reason: "LOW RSSI" Cur_Rssi threshold:81 Current AP RSSI: 78
02-25 00:03:39.181 22553 22553 I [schedu][0xa4d4b711aef][23:03:43.955736] wcn7750: [22553:I:CMN_MLME] [23:03:32.295000] [ROAM_SCAN]: VDEV[0] Scan_type: FULL next_rssi_threshold: 81 dBm
02-25 00:03:39.181 22553 22553 I [schedu][0xa4d4b711c3c][23:03:43.955753] wcn7750: [22553:I:CMN_MLME] ============================================================================================================================
02-25 00:03:39.181 22553 22553 I [schedu][0xa4d4b711de9][23:03:43.955775] wcn7750: [22553:I:CMN_MLME]      AP BSSID           TSTAMP       CH   TY  ETP  RSSI/SCR CU%/SCR TOT_SCR  BL_RSN BL_SRC    BL_TSTAMP       BL_TIMEOUT(ms)
02-25 00:03:39.181 22553 22553 I [schedu][0xa4d4b711ed2][23:03:43.955788] wcn7750: [22553:I:CMN_MLME] ============================================================================================================================
02-25 00:03:39.181 22553 22553 I [schedu][0xa4d4b712091][23:03:43.955811] wcn7750: [22553:I:CMN_MLME] 7c:13:1d:**:**:a1 [23:03:32.295000] 5180 P_AP    0  78/880   1/2000  2380       0       0 [00:00:00.000000]         0
02-25 00:03:39.181 22553 22553 I [schedu][0xa4d4b712778][23:03:43.955903] wcn7750: [22553:I:CMN_MLME] [23:03:43.922000] [ROAM_RESULT]: VDEV[0] FAILED Reason: NO AP FOUND
02-25 00:03:39.182 22553 22553 I [schedu][0xa4d4b713fde][23:03:43.956228] wcn7750: [22553:I:CMN_MLME] [ROAM INIT INFO]: VDEV[0], roam_full_scan_count: 0, rssi_th: -81, cu_th: 0, fw_cancel_timer_bitmap: 0
02-25 00:03:55.311  1805  1805 I rmt_storage: INFO:rmt_storage_rw_iovec_cb: Write iovec request (req_h 0x23c wr_count 566) received for /boot/modem_fs2
02-25 00:03:55.313  2645  2645 I rmt_storage: INFO:rmt_storage_client_thread: Calling Write
02-25 00:03:55.313  2645  2645 I rmt_storage: INFO:rmt_storage_client_thread: offset=0
02-25 00:03:55.313  2645  2645 I rmt_storage: INFO:rmt_storage_client_thread: size=4194304
02-25 00:03:55.313  2645  2645 I rmt_storage: INFO:rmt_storage_client_thread: req_h 0x23c
02-25 00:03:55.313  2645  2645 I rmt_storage: INFO:rmt_storage_client_thread: wr_count 566
02-25 00:03:55.313  2645  2645 I rmt_storage: INFO:rmt_storage_client_thread: for /boot/modem_fs2!
02-25 00:03:55.333  2645  2645 I rmt_storage: INFO:rmt_storage_client_thread: Done Write (bytes = 4194304, req_h 0x23c, wr_count 566) for /boot/modem_fs2!
02-25 00:04:01.060 12926 12926 E BATTERY_CHG: handle_message: adsp_to_kernel_log:key_info:pump:129,pump_en:0,ovp:0,wpc:0,fcc:9000,fv:4500,icl:100,ibus_ma:0,usb_sus:0,wls_sus:0,BattInit:1,chg_type:0,soc:5800,soc_time:9831,soc_pre:5800,real_cap:29410000,htemp_charge:4500,plug_in:0,plugGpio:1,usbTemp:23,battTemp:25,nt_cc_enable:0,2646:00,2654:07,2606:07,2708:00,2952:02,2658:b4,2707:00,2b09:01,f243:64,f245:00,f246:00,
02-25 00:04:01.139  1599  1599 E healthd : soc_b:34, soc:57, soc_c:57, Vol:3921, Cur:-210,chg_s:0,t_l:287,b_s:3,OffTlast:149,lcd_off:1,Vu:3,Vw:0,pid:1599,brightness:0.000000,rmCap:2941
02-25 00:04:01.144  1599  1599 E healthd : battery l=57 v=3921 t=32.0 h=2 st=3 c=-210000 fc=5167000 cc=132 chg=
02-25 00:04:01.184  1599  1599 W HealthLoop: debug.tracing.screen_brightness:0.000000
02-25 00:04:11.293 13255 13255 E BATTERY_CHG: nt_update_status_function_work: capacity:57,Vbat:3921000
02-25 00:04:11.350  1599  1599 E healthd : battery l=57 v=3921 t=32.0 h=2 st=3 c=-206000 fc=5167000 cc=132 chg=
02-25 00:04:11.375  1599  1599 W HealthLoop: debug.tracing.screen_brightness:0.000000
02-25 00:04:55.502 22553 22553 E [schedu][0xa4da2c8b547][23:05:00.276514] wcn7750: [22553:E:WMA] wma_tbttoffset_update_event_handler: Update beacon template for vdev 2 due to TBTT offset update
02-25 00:05:12.734 19279 19279 E BATTERY_CHG: handle_message: adsp_to_kernel_log:key_info:pump:129,pump_en:0,ovp:0,wpc:0,fcc:9000,fv:4500,icl:100,ibus_ma:0,usb_sus:0,wls_sus:0,BattInit:1,chg_type:0,soc:5700,soc_time:9832,soc_pre:5700,real_cap:29360000,htemp_charge:4500,plug_in:0,plugGpio:1,usbTemp:23,battTemp:25,nt_cc_enable:0,2646:00,2654:07,2606:07,2708:00,2952:02,2658:b4,2707:00,2b09:01,f243:64,f245:00,f246:00,
02-25 00:05:12.811  1599  1599 E healthd : battery l=57 v=3921 t=31.0 h=2 st=3 c=-213000 fc=5167000 cc=132 chg=
02-25 00:05:12.846  1599  1599 W HealthLoop: debug.tracing.screen_brightness:0.000000
02-25 00:05:44.013  4726  4726 I nothing_virtual_ntc: attr_store trigger! virtual_ntc[3]: prev_low_trip = 33000, prev_high_trip = 39000
02-25 00:05:44.013  4726  4726 I nothing_virtual_ntc: attr_store virtual_ntc[3]: trip_low = -2147483647, trip_high = 39000, temp = 32996
02-25 00:06:23.159 22553 22553 E [schedu][0xa4e07198158][23:06:27.933635] wcn7750: [22553:E:WMA] wma_tbttoffset_update_event_handler: Update beacon template for vdev 2 due to TBTT offset update
02-25 00:06:24.413 12926 12926 E BATTERY_CHG: handle_message: adsp_to_kernel_log:key_info:pump:129,pump_en:0,ovp:0,wpc:0,fcc:9000,fv:4500,icl:100,ibus_ma:0,usb_sus:0,wls_sus:0,BattInit:1,chg_type:0,soc:5700,soc_time:9834,soc_pre:5700,real_cap:29300000,htemp_charge:4500,plug_in:0,plugGpio:1,usbTemp:23,battTemp:25,nt_cc_enable:0,2646:00,2654:07,2606:07,2708:00,2952:02,2658:b4,2707:00,2b09:01,f243:64,f245:00,f246:00,
02-25 00:06:24.496  1599  1599 E healthd : battery l=57 v=3920 t=31.0 h=2 st=3 c=-217000 fc=5167000 cc=132 chg=
02-25 00:06:24.523  1599  1599 W HealthLoop: debug.tracing.screen_brightness:0.000000
02-25 00:07:36.096 23569 23569 E BATTERY_CHG: handle_message: adsp_to_kernel_log:key_info:pump:129,pump_en:0,ovp:0,wpc:0,fcc:9000,fv:4500,icl:100,ibus_ma:0,usb_sus:0,wls_sus:0,BattInit:1,chg_type:0,soc:5700,soc_time:9835,soc_pre:5700,real_cap:29260000,htemp_charge:4500,plug_in:0,plugGpio:1,usbTemp:23,battTemp:25,nt_cc_enable:0,2646:00,2654:07,2606:07,2708:00,2952:02,2658:b4,2707:00,2b09:01,f243:64,f245:00,f246:00,
02-25 00:07:36.185  1599  1599 E healthd : battery l=57 v=3920 t=30.0 h=2 st=3 c=-216000 fc=5167000 cc=132 chg=
02-25 00:07:36.218  1599  1599 W HealthLoop: debug.tracing.screen_brightness:0.000000
02-25 00:07:49.687 22553 22553 E [schedu][0xa4e6a1f5907][23:07:54.461097] wcn7750: [22553:E:WMA] wma_tbttoffset_update_event_handler: Update beacon template for vdev 2 due to TBTT offset update
02-25 00:08:47.774 16098 16098 E BATTERY_CHG: handle_message: adsp_to_kernel_log:key_info:pump:129,pump_en:0,ovp:0,wpc:0,fcc:9000,fv:4500,icl:100,ibus_ma:0,usb_sus:0,wls_sus:0,BattInit:1,chg_type:0,soc:5700,soc_time:9836,soc_pre:5700,real_cap:29210000,htemp_charge:4500,plug_in:0,plugGpio:1,usbTemp:23,battTemp:25,nt_cc_enable:0,2646:00,2654:07,2606:07,2708:00,2952:02,2658:b4,2707:00,2b09:01,f243:64,f245:00,f246:00,
02-25 00:08:47.850  1599  1599 E healthd : battery l=57 v=3919 t=30.0 h=2 st=3 c=-213000 fc=5167000 cc=132 chg=
02-25 00:08:47.879  1599  1599 W HealthLoop: debug.tracing.screen_brightness:0.000000
02-25 00:09:15.806 22553 22553 E [schedu][0xa4eccad931d][23:09:20.580271] wcn7750: [22553:E:WMA] wma_tbttoffset_update_event_handler: Update beacon template for vdev 2 due to TBTT offset update
02-25 00:09:59.454 12926 12926 E BATTERY_CHG: handle_message: adsp_to_kernel_log:key_info:pump:129,pump_en:0,ovp:0,wpc:0,fcc:9000,fv:4500,icl:100,ibus_ma:0,usb_sus:0,wls_sus:0,BattInit:1,chg_type:0,soc:5700,soc_time:9837,soc_pre:5700,real_cap:29160000,htemp_charge:4500,plug_in:0,plugGpio:1,usbTemp:23,battTemp:25,nt_cc_enable:0,2646:00,2654:07,2606:07,2708:00,2952:02,2658:b4,2707:00,2b09:01,f243:64,f245:00,f246:00,
02-25 00:09:59.539  1599  1599 E healthd : battery l=57 v=3918 t=30.0 h=2 st=3 c=-218000 fc=5167000 cc=132 chg=
02-25 00:09:59.564  1599  1599 W HealthLoop: debug.tracing.screen_brightness:0.000000
02-25 00:10:30.358     1     1 I init    : processing action (sys.touch.pocket_mode=*) from (/vendor/etc/init/hw/init.nt_product.rc:357)
02-25 00:10:30.359   310   310 E [FTS_TS/E]fts_proc_pocket_mode_write: Pre-pocket_mode = 1, Exit pocket mode
02-25 00:10:30.642   740   740 I pm8941-pwrkey c42d000.qcom,spmi: qcom,pmk8550@0:pon_hlos@1300:pwrkey: Key event reported: code=116, status=128
02-25 00:10:30.658     1     1 I init    : processing action (sys.touch.pocket_mode=*) from (/vendor/etc/init/hw/init.nt_product.rc:357)
02-25 00:10:30.659   310   310 E [FTS_TS/E]fts_proc_pocket_mode_write: Pre-pocket_mode = 0, Exit pocket mode
02-25 00:10:30.696     1     1 I init    : processing action (sys.touch.pocket_mode=*) from (/vendor/etc/init/hw/init.nt_product.rc:357)
02-25 00:10:30.696   310   310 E [FTS_TS/E]fts_proc_pocket_mode_write: Pre-pocket_mode = 0, Exit pocket mode
02-25 00:10:30.702  1181  1181 D [FTS_TS]fts_panel_notifier_callback: Notification type:2, early_trigger:1
02-25 00:10:30.702  1181  1181 D [FTS_TS]fts_panel_notifier_callback: resume notification pre commit
02-25 00:10:30.702  1181  1181 I goodix_fp: [info] goodix_panel_state_chg_callback go to the goodix_fb_state_chg_callback type = 2
02-25 00:10:30.702  1181  1181 I send message: 3
02-25 00:10:30.702  1181  1181 I [drm:dsi_display_set_mode [msm_drm]] [msm-dsi-info]: mdp_transfer_time=6485, hactive=1260, vactive=2800, fps=120, clk_rate=1100000000
02-25 00:10:30.702  1181  1181 I [drm:dsi_ctrl_isr_configure [msm_drm]] [msm-dsi-info]: dsi-ctrl-0: IRQ 363 registered
02-25 00:10:30.705  2579  2579 I si-mo   : mo_shm_bridge_release: mem-object-00000000f4b09375 unmapped.
02-25 00:10:30.709  1599  1599 E healthd : battery l=57 v=3918 t=30.0 h=2 st=3 c=-228000 fc=5167000 cc=132 chg=
02-25 00:10:30.713  4253  4253 E st21nfc_dev_write: i2c_master_send returned -107
02-25 00:10:30.752  1181  1181 I [drm:dsi_panel_enable [msm_drm]] [msm-dsi-info]: in
02-25 00:10:30.819   740   740 I pm8941-pwrkey c42d000.qcom,spmi: qcom,pmk8550@0:pon_hlos@1300:pwrkey: Key event reported: code=116, status=0
02-25 00:10:30.861  1181  1181 D [FTS_TS]fts_panel_notifier_callback: Notification type:2, early_trigger:0
02-25 00:10:30.861 19279 19279 D [FTS_TS]fts_ts_resume: Enter
02-25 00:10:30.861 19279 19279 I [FTS_TS/I]fts_set_reset: set reset to 0
02-25 00:10:30.861 19279 19279 D [FTS_TS]fts_reset_pre: write regb6
02-25 00:10:30.887 19279 19279 I [FTS_TS/I]fts_set_reset: set reset to 1
02-25 00:10:30.897     1     1 I init    : processing action (sys.touch.keyguard.state=*) from (/vendor/etc/init/hw/init.nt_product.rc:403)
02-25 00:10:30.898   310   310 I [FTS_TS/I]fts_ex_mode_switch: PalmToSleep Mode Enable
02-25 00:10:30.912   310   310 E [FTS_TS/E]fts_ex_mode_set_reg: set mode(9a) to 1 failed,read val:ef
02-25 00:10:30.912   310   310 E [FTS_TS/E]fts_ex_mode_switch: Set PalmToSleep Mode to 1 failed
02-25 00:10:30.930   310   310 I [FTS_TS/I]fts_ex_mode_set_reg: set mode(9a) to 1 successfully
02-25 00:10:30.942 19279 19279 I [FTS_TS/I]fts_wait_tp_to_valid: TP Ready,Device ID:0x56
02-25 00:10:30.942 19279 19279 D [FTS_TS]fts_gesture_resume: Enter
02-25 00:10:30.944  1212  1212 I [FTS_TS/I]fts_read_parse_touchdata: touch buff is 0xff, FW initialized
02-25 00:10:30.945  1212  1212 I [FTS_TS/I]fts_wait_tp_to_valid: TP Ready,Device ID:0x56
02-25 00:10:30.945  1212  1212 I [FTS_TS/I]fts_ex_mode_switch: PalmToSleep Mode Enable
02-25 00:10:30.946 19279 19279 I [FTS_TS/I]fts_gesture_resume: resume from gesture successfully
02-25 00:10:30.946 19279 19279 D [FTS_TS]fts_gesture_resume: Exit(479)
02-25 00:10:30.950 19279 19279 I [FTS_TS/I]fts_fod_resume: fts_fod_resume set gesture to DISABLE successfully
02-25 00:10:30.950 19279 19279 I [FTS_TS/I]fts_ex_mode_switch: PalmToSleep Mode Enable
02-25 00:10:30.961  1212  1212 I [FTS_TS/I]fts_fod_set_reg: set fod mode to 2 successfully
02-25 00:10:30.966 19279 19279 D [FTS_TS]fts_ts_resume: Exit(2092)
02-25 00:10:31.274 22553 22553 E [schedu][0xa4f230b77cd][23:10:36.048707] wcn7750: [22553:E:WMI] extract_roam_trigger_stats_tlv: roam_result or idx error.0
02-25 00:10:31.274 22553 22553 E [schedu][0xa4f230b7927][23:10:36.048725] wcn7750: [22553:E:WMI] extract_roam_trigger_stats_tlv: roam_scan_info or idx error.0
02-25 00:10:31.274 22553 22553 I [schedu][0xa4f230b7a59][23:10:36.048741] wcn7750: [22553:I:CMN_MLME] [23:10:36.018000] [ROAM MSG INFO]: VDEV[0] Roam RSSI TH Reset, Current rssi: 71 dbm, next_rssi_threshold: 76 dbm
02-25 00:10:31.767  1212  1212 D [FTS_TS]fts_input_report_b: [B]P0(689, 2588)[p:63,tm:6] DOWN!
02-25 00:10:31.774  1212  1212 D [FTS_TS]fts_fod_report_key: KEY_GESTURE_FOD, 1. x:689, y:2588
02-25 00:10:31.774  1212  1212 I goodix_fp: [nt_tp_notifier_callback] : TOUCHPANEL_FPEVENT_DOWN,event=0,x=689,y=2588
02-25 00:10:31.774  1212  1212 I send message: 7
02-25 00:10:31.790  2579  2579 I si-mo   : mo_shm_bridge_release: mem-object-00000000f4b09375 unmapped.
02-25 00:10:31.800  1181  1181 I [drm:dsi_panel_set_lhbm_state [msm_drm]] [msm-dsi-info]: open local hbm
02-25 00:10:31.800  1181  1181 I goodix_fp: [nt_dsi_notifier_callback] :FP_NOTIFIER_EVENT_UI hbm_status=1,ui_status=1
02-25 00:10:31.800  1181  1181 I send message: 9
02-25 00:10:31.801  1181  1181 I goodix_fp: [nt_dsi_notifier_callback]:FP_NOTIFIER_EVENT_UI FP_UI_READY #^_^#
02-25 00:10:31.886  2579  2579 I si-mo   : mo_shm_bridge_release: mem-object-00000000f4b09375 unmapped.
02-25 00:10:31.913  2579  2579 I si-mo   : mo_shm_bridge_release: mem-object-00000000f4b09375 unmapped.
02-25 00:10:31.913  2579  2579 I [drm:dsi_panel_set_lhbm_state [msm_drm]] [msm-dsi-info]: close local hbm
02-25 00:10:31.913  2579  2579 I goodix_fp: [nt_dsi_notifier_callback] :FP_NOTIFIER_EVENT_UI hbm_status=0,ui_status=1
02-25 00:10:31.913  2579  2579 I send message: 10
02-25 00:10:31.914  2579  2579 I goodix_fp: [nt_dsi_notifier_callback]:FP_NOTIFIER_EVENT_UI FP_UI_DISAPPEAR #@_@#
02-25 00:10:31.916  2579  2579 I si-mo   : mo_shm_bridge_release: mem-object-00000000f4b09375 unmapped.
02-25 00:10:31.918  2579  2579 I si-mo   : mo_shm_bridge_release: mem-object-00000000f4b09375 unmapped.
02-25 00:10:31.919  2579  2579 I [FTS_TS/I]fts_fod_enable: Fod unlock
02-25 00:10:31.936  1708  1708 I [haptic_hv][2810]gain_store: value=0x80
02-25 00:10:31.939  1708  1708 I [haptic_hv][0649]aw8693x_stop: enter
02-25 00:10:31.946  1708  1708 I [haptic_hv][0486]aw8693x_wait_enter_standby: entered standby!
02-25 00:10:31.956  1708  1708 I [haptic_hv][1415]aw8693x_get_lra_resistance: r0=8347
02-25 00:10:31.957  1708  1708 I richtap_file_unlocked_ioctl: cmd=0x5203, arg=0x7fccd17824
02-25 00:10:31.957  1708  1708 I richtap_file_unlocked_ioctl: cmd=0x5204, arg=0x2
02-25 00:10:31.957  1708  1708 E haptic_hv 15-005a: richtap_file_unlocked_ioctl, unknown cmd
02-25 00:10:31.958  4738  4738 I richtap_file_unlocked_ioctl: cmd=0x5205, arg=0x7f
02-25 00:10:31.958  4738  4738 I         : richtap_file_unlocked_ioctl richtap set gain:128 arg:128,nt_pre_arg:128,min arg:128
02-25 00:10:31.958  4738  4738 I richtap_file_unlocked_ioctl: cmd=0x520a, arg=0x0
02-25 00:10:31.958  4738  4738 I [haptic_hv][0649]aw8693x_stop: enter
02-25 00:10:31.963  4738  4738 I [haptic_hv][0486]aw8693x_wait_enter_standby: entered standby!
02-25 00:10:31.963  4738  4738 I [haptic_hv][0678]aw8693x_upload_lra: write osc_cali_data to trim_lra = 0x00
02-25 00:10:31.965  4738  4738 I [haptic_hv][0360]aw8693x_set_bst_vol: set bst vol = 9000 mV, reg_val = 0x11
02-25 00:10:31.967 16098 16098 I         : richtap_rtp_work rtp 1837 tm_len = 504
02-25 00:10:31.967 16098 16098 I [haptic_hv][0593]aw8693x_play_mode: enter rtp mode
02-25 00:10:31.968 16098 16098 I [haptic_hv][0501]aw8693x_bst_mode_config: haptic bst mode = bst
02-25 00:10:31.972 16098 16098 I [haptic_hv][0463]aw8693x_play_go: enter, flag = 1
02-25 00:10:31.973 16098 16098 I richtap_rtp_start: wait for RTP_GO, glb_state=0x01
02-25 00:10:31.975  2579  2579 I si-mo   : mo_shm_bridge_release: mem-object-00000000f4b09375 unmapped.
02-25 00:10:31.976 16098 16098 I richtap_rtp_start: RTP_GO! glb_state=0x08
02-25 00:10:31.976 16098 16098 I         : richtap_rtp_work start richtap play
02-25 00:10:31.982  2579  2579 I si-mo   : mo_shm_bridge_release: mem-object-00000000f4b09375 unmapped.
02-25 00:10:31.996  2579  2579 I si-mo   : mo_shm_bridge_release: mem-object-00000000f4b09375 unmapped.
02-25 00:10:31.999  2579  2579 I si-mo   : mo_shm_bridge_release: mem-object-00000000f4b09375 unmapped.
02-25 00:10:32.200  1212  1212 D [FTS_TS]fts_fod_report_key: KEY_GESTURE_FOD, 0. x:689, y:2588
02-25 00:10:32.200  1212  1212 I goodix_fp: [nt_tp_notifier_callback] : TOUCHPANEL_FPEVENT_UP,event=1,x=689,y=2588
02-25 00:10:32.200  1212  1212 I send message: 8
02-25 00:10:32.202  1212  1212 I [FTS_TS/I]fts_fod_set_reg: set fod mode to 0 successfully
02-25 00:10:32.202  1212  1212 D [FTS_TS]fts_input_report_b: [B]P0 UP!
02-25 00:10:32.202  1212  1212 D [FTS_TS]fts_input_report_b: [B]Points All Up!
02-25 00:10:32.386     1     1 I init    : processing action (sys.touch.pocket_mode=*) from (/vendor/etc/init/hw/init.nt_product.rc:357)
02-25 00:10:32.386   310   310 E [FTS_TS/E]fts_proc_pocket_mode_write: Pre-pocket_mode = 0, Exit pocket mode
02-25 00:10:32.403     1     1 I init    : processing action (sys.touch.pocket_mode=*) from (/vendor/etc/init/hw/init.nt_product.rc:357)
02-25 00:10:32.403   310   310 E [FTS_TS/E]fts_proc_pocket_mode_write: Pre-pocket_mode = 0, Exit pocket mode
02-25 00:10:32.422     1     1 I init    : processing action (sys.touch.keyguard.state=*) from (/vendor/etc/init/hw/init.nt_product.rc:403)
02-25 00:10:32.423   310   310 I [FTS_TS/I]fts_ex_mode_switch: PalmToSleep Mode Disable
02-25 00:10:32.427   310   310 I [FTS_TS/I]fts_ex_mode_set_reg: set mode(9a) to 0 successfully
02-25 00:10:32.443     1     1 I init    : processing action (sys.touch.keyguard.state=*) from (/vendor/etc/init/hw/init.nt_product.rc:403)
02-25 00:10:32.443   310   310 I [FTS_TS/I]fts_ex_mode_switch: PalmToSleep Mode Disable
02-25 00:10:32.935  1181  1181 D [FTS_TS]fts_panel_notifier_callback: Notification type:4, early_trigger:1
