02-25 00:14:22.872  1117  1117 I msm_cvp : fw: <CFW_E:HostDr:--------:-> [11339453323483]: VenusHostDriver_SetSysProperty(635): QC_IMAGE_VERSION_STRING=EVA.FIRMWARE.4.1-23 | HFI_VERSION 4-5-0
02-25 00:14:22.872  1117  1117 I msm_cvp : fw: <CFW_E:HostDr:--------:-> [11339453324654]: VenusHostDriver_SetSysProperty(635): QC_IMAGE_VERSION_STRING=EVA.FIRMWARE.4.1-23 | HFI_VERSION 4-5-0
02-25 00:14:22.872  1117  1117 I msm_cvp : fw: <CFW_E:HostDr:--------:-> [11339453325827]: VenusHostDriver_SetSysProperty(635): QC_IMAGE_VERSION_STRING=EVA.FIRMWARE.4.1-23 | HFI_VERSION 4-5-0
02-25 00:14:22.873 25972 25972 I synx    : info: synx_internal_initialize: 2833: [sess :110] session created cvp-kernel-client
02-25 00:14:22.873 25950 25950 I synx    : info: synx_internal_initialize: 2833: [sess :111] session created cvp-kernel-client
02-25 00:14:22.873 25971 25971 I synx    : info: synx_internal_initialize: 2833: [sess :112] session created cvp-kernel-client
02-25 00:14:22.873 25969 25969 I synx    : info: synx_internal_initialize: 2833: [sess :113] session created cvp-kernel-client
02-25 00:14:22.874 25969 25969 W msm_cvp_session_process_hfi: 12 callbacks suppressed
02-25 00:14:22.874 25969 25969 I [25969,1667] msm_cvp: sess: inst 0000000000000000 config WARP
02-25 00:14:22.875 25972 25972 I [25972,1667] msm_cvp: sess: inst 0000000000000000 config WARP
02-25 00:14:22.875 25969 25969 I [25969,1667] msm_cvp: sess: inst 0000000000000000 config WARP_DS_PARAMS
02-25 00:14:22.876 25971 25971 I [25971,1667] msm_cvp: sess: inst 0000000000000000 config WARP
02-25 00:14:22.877 25972 25972 I [25972,1667] msm_cvp: sess: inst 0000000000000000 config WARP_DS_PARAMS
02-25 00:14:22.879 25950 25950 I [25950,1667] msm_cvp: sess: inst 0000000000000000 config DMM
02-25 00:14:22.879 25971 25971 I [25971,1667] msm_cvp: sess: inst 0000000000000000 config WARP_DS_PARAMS
02-25 00:14:22.879 25950 25950 I [25950,1667] msm_cvp: sess: inst 0000000000000000 config DMM_PARAMS
02-25 00:14:27.658  2697  3449 I SensorExtensionImpl-AIDL: execSyncIntInt 70001 0 0 0 0 0 0 0 0 0 0 0 0 0 0 
02-25 00:14:27.658  2697  3449 I NothSensorHelper: mNotifyBrightnessRunnable notify backlight 1590
02-25 00:14:22.883  2822  2822 I CAM_INFO: CAM-SENSOR-UTIL: msm_cam_sensor_handle_reg_gpio: 2064: Input Parameters are not proper
02-25 00:14:22.886 25950 25950 I [25950,1667] msm_cvp: sess: inst 0000000000000000 config SET_PERSIST
02-25 00:14:22.887  2822  2822 I CAM_INFO: CAM-SENSOR-UTIL: msm_cam_sensor_handle_reg_gpio: 2064: Input Parameters are not proper
02-25 00:14:22.887 25969 25969 I [25969,1667] msm_cvp: sess: session ffffff888a448000 (0x7fff0002) started
02-25 00:14:22.888 25971 25971 I [25971,1667] msm_cvp: sess: session ffffff8044b90000 (0x7fff0003) started
02-25 00:14:22.888 25950 25950 I [25950,1667] msm_cvp: sess: session ffffff804a278000 (0x7fff0001) started
02-25 00:14:22.891 25972 25972 I [25972,1667] msm_cvp: sess: session ffffff8044b28000 (0x7fff0000) started
02-25 00:14:22.892 25969 25969 I CAM_INFO: CAM-ISP: __cam_isp_ctx_acquire_dev_in_available: 8268: Acquire success: session_hdl 0xe40200 num_rsrces -16843010 ctx 2 link: 0xffffffff
02-25 00:14:22.893 25971 25971 I CAM_INFO: CAM-ISP: __cam_isp_ctx_acquire_dev_in_available: 8268: Acquire success: session_hdl 0xe40200 num_rsrces -16843010 ctx 3 link: 0xffffffff
02-25 00:14:22.899 25972 25972 I CAM_INFO: CAM-ISP: __cam_isp_ctx_acquire_dev_in_available: 8268: Acquire success: session_hdl 0xe40200 num_rsrces -16843010 ctx 6 link: 0xffffffff
02-25 00:14:22.905  2822  2822 I CAM_INFO: CAM-FLASH: cam_flash_driver_cmd: 95: CAM_ACQUIRE_DEV for dev_hdl: 0x5d0118
02-25 00:14:27.708  2697  4180 D CameraService_proxy: updateActivityCount addRefreshRateRangeForPackage 1:com.nothing.camera:60.0
02-25 00:14:22.913  2822  2822 I CAM_INFO: CAM-SENSOR: cam_sensor_handle_res_info: 245: Sensor[arbok_sunny_s5kjn5_tele-3] Feature: 0x0 updated for request id: 0, res index: 1, width: 4096, height: 3072, capability: NORMAL 2PD, fps: 30
02-25 00:14:22.944 25923 25923 I CAM_INFO: CAM-ISP: cam_ife_hw_mgr_print_acquire_info: 2148: 23:14:27.718 Acquired Single IFE[2] HW_CTXT [SRC:DST_MASK] [0:0x1] with [14 pix] [3 pd] [2 rdi] ports for ctx:3
02-25 00:14:22.944 25923 25923 I CAM_INFO: CAM-ISP: __cam_isp_ctx_acquire_hw_v2: 8795: Acquire success: session_hdl 0xe40200s ctx_type 3 ctx 3 link: 0x840319 hw_mgr_ctx: 3
02-25 00:14:22.945 25923 25923 I CAM_INFO: CAM-ISP: cam_isp_blob_csid_dynamic_switch_update: 10443: csid mup value=0, ctx_idx: 3 req id 0
02-25 00:14:22.960  2823  2823 I CAM_INFO: CAM-SENSOR: cam_sensor_handle_res_info: 245: Sensor[arbok_qtech_ov50h_main-0] Feature: 0x0 updated for request id: 1, res index: 1, width: 4096, height: 3072, capability: NORMAL 2PD, fps: 30
02-25 00:14:22.973 25923 25923 I CAM_ERR : CAM-ISP: cam_ife_csid_ver2_drv_config: 8409: CSID:2 Failed to update drv config, init config not done
02-25 00:14:22.973 25923 25923 I CAM_ERR : CAM-PERF: cam_isp_mgr_drv_config: 599: DRV config failed req_id:1 i:1 hw_idx=2 rc:-22 ctx_idx: 3
02-25 00:14:22.973 25923 25923 I CAM_ERR : CAM-ISP: cam_ife_mgr_config_hw: 7768: DRV config failed for req: 1 rc:-22 ctx_idx=3
02-25 00:14:22.975 25923 25923 I CAM_INFO: CAM-CSIPHY: cam_csiphy_update_lane_selection: 2056: lane_reg_addr: 0x1014, lane_assign: 0x210, lane_enable: 0x2a, delay: 0
02-25 00:14:22.980 25923 25923 I CAM_INFO: CAM-CSIPHY: cam_csiphy_core_cfg: 3189: CAM_START_PHYDEV: 0, CSID:2, Type: CPHY, dev_cnt: 1, slot: 0, combo: 0, cphy+dphy: 0, skew_en: 0, sec_mode: 0, Datarate: 5013933333, Settlecount: 32
02-25 00:14:22.980 25923 25923 I CAM_INFO: CAM-FLASH: cam_flash_driver_cmd: 169: CAM_START_DEV for dev_hdl: 0x5d0109
02-25 00:14:22.981 25923 25923 I CAM_INFO: CAM-SENSOR: cam_sensor_driver_cmd: 1659: 23:14:27.755 CAM_START_DEV Success for arbok_qtech_ov50h_main sensor_id:0x5046,sensor_slave_addr:0x6c num_batched_frames:1
02-25 00:14:22.983  1212  1212 D [FTS_TS]fts_input_report_b: [B]P0(586, 2537)[p:63,tm:6] DOWN!
02-25 00:14:27.768  2697  3449 I SensorExtensionImpl-AIDL: execSyncIntInt 70001 0 0 0 0 0 0 0 0 0 0 0 0 0 0 
02-25 00:14:27.768  2697  3449 I NothSensorHelper: mNotifyBrightnessRunnable notify backlight 1646
02-25 00:14:27.825  2697  4324 D Dragonite: release 46
02-25 00:14:23.036     0     0 I [    C0] CAM_INFO: CAM-ISP: __cam_isp_ctx_sof_in_epoch: 4045: First SOF in EPCR ctx:3 link: 0x840319 frame_id:1 next substate EPOCH
02-25 00:14:23.089     0     0 I [    C0] CAM_WARN: CAM-ISP: __cam_isp_ctx_reg_upd_in_sof: 3794: Received a unserved rup ctx:3 link: 0x840319, last_applied_default:1, unserved_rup:0
02-25 00:14:23.090 25116 25116 W cam_common_util_thread_switch_delay_detect: 1 callbacks suppressed
02-25 00:14:27.874  2697  3405 D AppWidgetServiceImpl: Trying to notify widget update for package com.digimon.glyph with widget id: 16
02-25 00:14:27.878  2697  3449 I SensorExtensionImpl-AIDL: execSyncIntInt 70001 0 0 0 0 0 0 0 0 0 0 0 0 0 0 
02-25 00:14:27.878  2697  3449 I NothSensorHelper: mNotifyBrightnessRunnable notify backlight 1693
02-25 00:14:27.881  2697  3405 D AppWidgetServiceImpl: Trying to notify widget update for package com.digimon.glyph with widget id: 15
02-25 00:14:23.090 25116 25116 I CAM_WARN: CAM-UTIL: cam_common_util_thread_switch_delay_detect: 166: crm_workq-icp_timer_queue cb: cam_icp_ctx_timer [camera] delay in schedule detected 369004:980385 cur 369004:988334
02-25 00:14:23.090 25116 25116 I diff 7  : threshold 5
02-25 00:14:23.126   936   936 E SELinux : avc:  denied  { find } for pid=1812 uid=1047 name=vendor.perfservice scontext=u:r:cameraserver:s0 tcontext=u:object_r:vendor_perf_service:s0 tclass=service_manager permissive=0
02-25 00:14:27.901  2697  3815 D NtMemoryManager: com.twitter.android last pss: 1109548
02-25 00:14:27.901  2697  3815 D NtMemoryManager: com.aliucord last pss: 3812536
02-25 00:14:27.901  2697  3815 D NtMemoryManager: don't raise adj due to remove task : org.telegram.messenger : -1
02-25 00:14:23.127   936   936 E SELinux : avc:  denied  { find } for pid=1812 uid=1047 name=vendor.perfservice scontext=u:r:cameraserver:s0 tcontext=u:object_r:vendor_perf_service:s0 tclass=service_manager permissive=0
02-25 00:14:27.910  3487  6232 D SceneManager: CAMERA scene: 2
02-25 00:14:27.916  3515  3515 D KeyguardService: Finish IRemoteAnimationRunner.
02-25 00:14:27.917  3515  3571 V WindowManagerShell: Transition animation finished (aborted=false), notifying core (#3721) android.os.BinderProxy@1fc43cc@0
02-25 00:14:27.918  2697  2767 V WindowManager: Finish Transition (#3721): created at 02-25 00:14:27.381 collect-started=0.165ms request-sent=0.289ms started=9.062ms ready=9.053ms sent=12.26ms commit=5.249ms finished=536.083ms
02-25 00:14:27.920  3515  3571 V WindowManagerShell: Track 0 became idle
02-25 00:14:27.920  3515  3571 V WindowManagerShell: All active transition animations finished
02-25 00:14:23.160     1     1 I init    : processing action (sys.touch.keyguard.state=*) from (/vendor/etc/init/hw/init.nt_product.rc:403)
02-25 00:14:23.161   310   310 I [FTS_TS/I]fts_ex_mode_switch: PalmToSleep Mode Disable
02-25 00:14:27.947  2697  3250 D CoreBackPreview: Window{92ec2b2 u0 NotificationShade}: Setting back callback null
02-25 00:14:27.961  2697  2771 D NtPerfTraceManagerImpl: packageName = com.nothing.camera, taskId = 8482
02-25 00:14:27.962  2697  6233 D Dragonite: acquire handle 45
02-25 00:14:27.962  2697  3283 D Dragonite: sceneId = 200, pid = 14157, packageName = com.nothing.camera, duration = 0, params = null
02-25 00:14:27.963 14157 14157 D NtViewRootImpl: mPopUpViewOffsets: offset=(0.0, 0.0), scale=(1.0, 1.0)
02-25 00:14:27.966  2697  2771 I DisplayDeviceRepository: Display device changed render timings: "Built-in Screen", renderFrameRate=60.000004, presentationDeadlineNanos=11333333, appVsyncOffsetNanos=1000000, frameRateOverrides=[]
02-25 00:14:27.967  2697  2768 D WindowManager: DeferredDisplayUpdater: partially applying DisplayInfo(1260 x 2800) immediately
02-25 00:14:27.969  2697  2771 I DisplayDeviceRepository: Display device changed render timings: "Built-in Screen", renderFrameRate=120.00001, presentationDeadlineNanos=11333333, appVsyncOffsetNanos=1000000, frameRateOverrides=[]
02-25 00:14:27.969  2697  2768 D WindowManager: DeferredDisplayUpdater: partially applying DisplayInfo(1260 x 2800) immediately
02-25 00:14:27.984  2697  6233 D Dragonite: acquire handle 48
02-25 00:14:27.984  2697  3283 D Dragonite: sceneId = 102, pid = 3515, packageName = com.android.systemui, duration = 5000, params = null
02-25 00:14:27.986  2697  6271 D CoreBackPreview: Window{92ec2b2 u0 NotificationShade}: Setting back callback OnBackInvokedCallbackInfo{mCallback=android.window.IOnBackInvokedCallback$Stub$Proxy@11cb202, mPriority=0, mIsAnimationCallback=false, mOverrideBehavior=0}
02-25 00:14:27.993  2697  3449 I SensorExtensionImpl-AIDL: execSyncIntInt 70001 0 0 0 0 0 0 0 0 0 0 0 0 0 0 
02-25 00:14:27.993  2697  3449 I NothSensorHelper: mNotifyBrightnessRunnable notify backlight 1757
02-25 00:14:23.223  1773  1773 I reserve_pool: inpool_pid_1_write
02-25 00:14:23.223  1773  1773 I reserve_pool: vendor.noth.har:1659 set inpool_pid binder:1659_3:1659
02-25 00:14:23.223  1773  1773 I reserve_pool: inpool_pid_2_write
02-25 00:14:23.223  1773  1773 I reserve_pool: vendor.noth.har:1659 set inpool_pid .nothing.camera:14157
02-25 00:14:23.223  1773  1773 I reserve_pool: inpool_pid_3_write
02-25 00:14:23.223  1773  1773 I reserve_pool: vendor.noth.har:1659 set inpool_pid era.ufs.service:25869
02-25 00:14:28.034  2697  6271 D SystemServerTiming: getUserSwitchability-0
02-25 00:14:28.034  2697  6233 D SystemServerTiming: getUserSwitchability-0
02-25 00:14:28.034  2697  6271 D SystemServerTiming: TM.isInCall
02-25 00:14:28.035  2697  6233 D SystemServerTiming: TM.isInCall
02-25 00:14:28.035  2697  6233 D SystemServerTiming: hasUserRestriction-DISALLOW_USER_SWITCH
02-25 00:14:28.035  2697  6233 D SystemServerTiming: getInt-ALLOW_USER_SWITCHING_WHEN_SYSTEM_USER_LOCKED
02-25 00:14:28.035  2697  6271 D SystemServerTiming: hasUserRestriction-DISALLOW_USER_SWITCH
02-25 00:14:28.035  2697  6271 D SystemServerTiming: getInt-ALLOW_USER_SWITCHING_WHEN_SYSTEM_USER_LOCKED
02-25 00:14:28.035  2697  6233 D SystemServerTiming: isUserUnlocked-USER_SYSTEM
02-25 00:14:28.035  2697  6271 D SystemServerTiming: isUserUnlocked-USER_SYSTEM
02-25 00:14:28.042  2697  2771 D NtPerfTraceManagerImpl: packageName = null, taskId = -1
02-25 00:14:28.049  3515  3515 D NtViewRootImpl: mPopUpViewOffsets: offset=(0.0, 0.0), scale=(1.0, 1.0)
02-25 00:14:28.066  2697  2771 D OomAdjuster: process : com.nothing.camera, pid = 14157, isTop = true, uid = 10209, hasActivity = true
02-25 00:14:28.066  2697  2771 D OomAdjuster: previous schedule group is top, not need limit!
02-25 00:14:28.066  2697  2771 D OomAdjuster: process : com.camera.ufs.service, pid = 25869, isTop = false, uid = 10209, hasActivity = false
02-25 00:14:28.067  2697  2771 D OomAdjuster: process : com.camera.ufs.service is not top!
02-25 00:14:28.067  2697  2857 D OomAdjuster: set group = -1
02-25 00:14:28.067  2697  6233 D OomAdjuster: process : com.android.settings, pid = 3480, isTop = true, uid = 1000, hasActivity = true
02-25 00:14:28.067  2697  6233 D OomAdjuster: system app not need limit!
02-25 00:14:28.067  2697  3427 D BackgroundInstallControlService: Package event received: 0
02-25 00:14:28.071  2697  6233 D ActivityManager: sync unfroze 3480 com.android.settings for 6
02-25 00:14:28.071  2697  6233 D OomAdjuster: process : com.google.android.apps.wellbeing, pid = 4551, isTop = false, uid = 10160, hasActivity = false
02-25 00:14:28.071  2697  6233 D OomAdjuster: process : com.google.android.apps.wellbeing is not top!
02-25 00:14:28.073  2697  6233 D ActivityManager: sync unfroze 4551 com.google.android.apps.wellbeing for 6
02-25 00:14:28.088  3480  3480 W ContextImpl: Calling a method in the system process without a qualified user: android.app.ContextImpl.bindService:2091 android.content.ContextWrapper.bindService:891 R6.v.e:25 com.nothing.settings.glyphs.timer.GlyphTimerTileService.onCreate:28 android.app.ActivityThread.handleCreateService:5357 
02-25 00:14:28.100  2697  3449 I SensorExtensionImpl-AIDL: execSyncIntInt 70001 0 0 0 0 0 0 0 0 0 0 0 0 0 0 
02-25 00:14:28.100  2697  3449 I NothSensorHelper: mNotifyBrightnessRunnable notify backlight 1817
02-25 00:14:23.374  1212  1212 D [FTS_TS]fts_input_report_b: [B]P0 UP!
02-25 00:14:23.374  1212  1212 D [FTS_TS]fts_input_report_b: [B]Points All Up!
02-25 00:14:28.152  3487  6232 D SceneManager: SCREEN State: 1
02-25 00:14:28.159  2697  3266 I NtCharge: NTStabilityGetBattHealthInfo:100mRealBatSoh:97
02-25 00:14:23.423  2826  2826 I reserve_pool: inpool_pid_0_write
02-25 00:14:23.423  2826  2826 I reserve_pool: binder:1667_2:1667 set inpool_pid binder:1667_2:1667
02-25 00:14:28.203  2697  3449 I SensorExtensionImpl-AIDL: execSyncIntInt 70001 0 0 0 0 0 0 0 0 0 0 0 0 0 0 
02-25 00:14:28.203  2697  3449 I NothSensorHelper: mNotifyBrightnessRunnable notify backlight 1873
02-25 00:14:28.214  2697  2906 D NtAppUsageManager: No need to write old record
02-25 00:14:28.306  2697  3449 I SensorExtensionImpl-AIDL: execSyncIntInt 70001 0 0 0 0 0 0 0 0 0 0 0 0 0 0 
02-25 00:14:28.306  2697  3449 I NothSensorHelper: mNotifyBrightnessRunnable notify backlight 1885
02-25 00:14:28.383  2697  3405 D AppWidgetServiceImpl: Trying to notify widget update for package com.digimon.glyph with widget id: 16
02-25 00:14:28.386  2697  3405 D AppWidgetServiceImpl: Trying to notify widget update for package com.digimon.glyph with widget id: 15
02-25 00:14:23.766  1212  1212 D [FTS_TS]fts_input_report_b: [B]P0(693, 2773)[p:63,tm:2] DOWN!
02-25 00:14:28.544  2697  4180 D Dragonite: update handle 48
02-25 00:14:28.545  2697  3283 D Dragonite: sceneId = 102, pid = 3515, packageName = com.android.systemui, duration = 5000, params = null
02-25 00:14:28.545  2697  4180 D Dragonite: acquire handle 42
02-25 00:14:28.546  2697  3283 D Dragonite: sceneId = 100, pid = 3515, packageName = com.android.systemui, duration = 0, params = null
02-25 00:14:23.838  1212  1212 D [FTS_TS]fts_input_report_b: [B]P0 UP!
02-25 00:14:23.838  1212  1212 D [FTS_TS]fts_input_report_b: [B]Points All Up!
02-25 00:14:28.785  3487  3611 D ISltntcService: onTransact
02-25 00:14:24.011  4726  4726 I nothing_virtual_ntc: attr_store trigger! virtual_ntc[3]: prev_low_trip = 33000, prev_high_trip = 39000
02-25 00:14:24.011  4726  4726 I nothing_virtual_ntc: attr_store virtual_ntc[3]: trip_low = -2147483647, trip_high = 39000, temp = 32983
02-25 00:14:28.891  2697  3405 D AppWidgetServiceImpl: Trying to notify widget update for package com.digimon.glyph with widget id: 16
02-25 00:14:28.895  2697  3405 D AppWidgetServiceImpl: Trying to notify widget update for package com.digimon.glyph with widget id: 15
02-25 00:14:28.956  2697  6271 D Dragonite: release 42
02-25 00:14:28.957  2697  3283 D Dragonite: sceneId = 102, pid = 3515, packageName = com.android.systemui, duration = 5000, params = null
02-25 00:14:28.962  2697  2857 D OomAdjuster: set group = 5
02-25 00:14:28.962  2697  2857 D OomAdjuster: set cpuset: 5
02-25 00:14:28.964  2697  6233 D CoreBackPreview: Window{92ec2b2 u0 NotificationShade}: Setting back callback null
02-25 00:14:28.965  2697  6271 D OomAdjuster: process : com.android.systemui, pid = 3515, isTop = false, uid = 10221, hasActivity = false
02-25 00:14:28.965  2697  6271 D OomAdjuster: system app not need limit!
02-25 00:14:28.965  2697  2857 D OomAdjuster: set group = -1
02-25 00:14:28.965  2697  2857 D OomAdjuster: set cpuset: -1
02-25 00:14:28.977  2697  2771 D NtPerfTraceManagerImpl: packageName = com.nothing.camera, taskId = 8482
02-25 00:14:28.981  2697  6271 D Dragonite: update handle 45
02-25 00:14:28.981  2697  3283 D Dragonite: sceneId = 200, pid = 14157, packageName = com.nothing.camera, duration = 0, params = null
02-25 00:14:28.982 14157 14157 D NtViewRootImpl: mPopUpViewOffsets: offset=(0.0, 0.0), scale=(1.0, 1.0)
02-25 00:14:28.983  2697  2771 I DisplayDeviceRepository: Display device changed render timings: "Built-in Screen", renderFrameRate=60.000004, presentationDeadlineNanos=11333333, appVsyncOffsetNanos=1000000, frameRateOverrides=[]
02-25 00:14:28.986  2697  2768 D WindowManager: DeferredDisplayUpdater: partially applying DisplayInfo(1260 x 2800) immediately
02-25 00:14:28.987  2697  2771 I DisplayDeviceRepository: Display device changed render timings: "Built-in Screen", renderFrameRate=120.00001, presentationDeadlineNanos=11333333, appVsyncOffsetNanos=1000000, frameRateOverrides=[]
02-25 00:14:28.987  2697  2768 D WindowManager: DeferredDisplayUpdater: partially applying DisplayInfo(1260 x 2800) immediately
02-25 00:14:29.040  2697  3282 D Dragonite: release 50
02-25 00:14:29.404  2697  3405 D AppWidgetServiceImpl: Trying to notify widget update for package com.digimon.glyph with widget id: 16
02-25 00:14:29.413  2697  3405 D AppWidgetServiceImpl: Trying to notify widget update for package com.digimon.glyph with widget id: 15
02-25 00:14:24.665  1212  1212 D [FTS_TS]fts_input_report_b: [B]P0(630, 2792)[p:63,tm:3] DOWN!
02-25 00:14:29.467  2697  3250 D VibratorManagerService: Canceling vibration
02-25 00:14:29.467  2697  3250 D NtVibratorManagerImpl: time before vibratorStop : 1771974869467
02-25 00:14:29.467  2697  3250 D RichTapVibratorService: aac richtap doVibratorStop
02-25 00:14:29.467  2697  3250 D RichTapVibratorService: richtap service stop!!
02-25 00:14:29.468  3515  3571 V ShellRecents: RecentsTransitionHandler.startRecentsTransition
02-25 00:14:29.468  3515  3571 V WindowManagerShell: Directly starting a new transition type=TO_FRONT wct=WindowContainerTransaction { changes= {} hops= [{pendingIntent: options=Bundle[{android.activity.splashScreenStyle=-1, android.activity.sourceInfo=Supplier{VAL_PARCELABLE@148+104}, android.pendingIntent.backgroundActivityAllowed=3, android:activity.animAbortListener=null, android.activity.transientLaunch=true}]}] errorCallbackToken=null taskFragmentOrganizer=null } handler=com.android.wm.shell.transition.DefaultMixedHandler@c24f6b2
02-25 00:14:29.469  2697  3250 D NtVibratorManagerImpl: time after vibratorStop : 1771974869469
02-25 00:14:29.470  2697  2771 W ActivityTaskManager: callingPackage for (uid=1000, pid=2697) is ambiguous: [android, com.android.providers.settings, com.android.server.telecom, com.android.location.fused]
02-25 00:14:29.470  2697  2771 W ActivityStartInterceptor: Starting home with component specified, uid=10215
02-25 00:14:29.470  2697  2771 W ActivityTaskManager: servicetracker HIDL not available
02-25 00:14:29.470  2697  2771 E ActivityTaskManager: Unable to get servicetracker HAL instance
02-25 00:14:29.471  2697  2771 W ActivityTaskManager: servicetracker HIDL not available
02-25 00:14:29.471  2697  2771 E ActivityTaskManager: Unable to get servicetracker HAL instance
02-25 00:14:29.471  2697  2771 W OptProp : Cannot read opt property android.window.PROPERTY_COMPAT_ALLOW_RESIZEABLE_ACTIVITY_OVERRIDES
02-25 00:14:29.471  2697  2771 W OptProp : Cannot read opt property android.window.PROPERTY_COMPAT_ALLOW_MIN_ASPECT_RATIO_OVERRIDE
02-25 00:14:29.473  2697  2771 D ActivityTaskManager: Temporarily retain top process state for launching app
02-25 00:14:29.474  2697  2771 I ActivityTaskManager: START u0 {act=android.intent.action.MAIN cat=[android.intent.category.HOME] flg=0x10000000 xflg=0x4 pkg=com.nothing.launcher cmp=com.nothing.launcher/com.android.searchlauncher.SearchLauncher (has extras)} with LAUNCH_SINGLE_TASK from uid 10215 pid -1 (realCallingUid=1000) (BAL_ALLOW_ALLOWLISTED_COMPONENT) result code=3
02-25 00:14:29.475 14157 14157 D InsetsController: Setting requestedVisibleTypes to -13 (was -16)
02-25 00:14:29.479  2697  4324 D NtVibratorManagerImpl:  result:1
02-25 00:14:29.483 14157 14157 D InsetsController: Setting requestedVisibleTypes to -15 (was -13)
02-25 00:14:29.484 14157 14157 D InsetsController: Setting requestedVisibleTypes to -16 (was -15)
02-25 00:14:29.484  2697  2767 V WindowManager: Sent Transition (#3722) createdAt=02-25 00:14:29.468
02-25 00:14:29.485  2697  2767 V WindowManager:     startWCT=WindowContainerTransaction { changes= {} hops= [{pendingIntent: options=Bundle[{android.activity.splashScreenStyle=-1, android.activity.sourceInfo=android.app.ActivityOptions$SourceInfo@7bf81a5, android.pendingIntent.backgroundActivityAllowed=3, android:activity.animAbortListener=null, android.activity.transientLaunch=true}]}] errorCallbackToken=null taskFragmentOrganizer=null }
02-25 00:14:29.485  2697  2767 V WindowManager:     info={id=3722 t=TO_FRONT f=0x100c0 trk=0 r=[0@Point(0, 0)] c=[
02-25 00:14:29.485  2697  2767 V WindowManager:         {WCT{RemoteToken{20b795d Task{5ce096e #8482 type=standard A=10209:com.nothing.camera.activity.SecureCameraActivity nonResizable}}} m=TO_BACK f=NONE leash=Surface(name=Task=8482)/@0xea393d0 sb=Rect(0, 0 - 1260, 2800) eb=Rect(0, 0 - 1260, 2800) epz=Point(1260, 2800) d=0 taskParent=-1 ntPopUpView={mIsTryEnterWindowingMode=false mIsEnterWindowingModeLandscape=false mIsChangingWindowformBounds=false mStartPos=Point(0, 0) mEndPos=Point(0, 0) mStartScale=0.0 mEndScale=0.0 mStartCornerRadius=0.0 mEndCornerRadius=0.0 mAppBounds=Rect(0, 0 - 0, 0) mWindowCrop=Rect(0, 0 - 0, 0) mStartDragOrChangingBounds=Rect(0, 0 - 0, 0) mEndDragOrChangingBounds=Rect(0, 0 - 0, 0) mBottomLeftCornerLeash=null mBottomRightCornerLeash=null mDragBarLeash=null mCornerHintSize=69x69 mDragBarSize=216x48}},
02-25 00:14:29.485  2697  2767 V WindowManager:         {m=TO_FRONT f=IS_WALLPAPER leash=Surface(name=WallpaperWindowToken{ad01d8 showWhenLocked=false})/@0x2dedd00 sb=Rect(0, 0 - 1260, 2800) eb=Rect(0, 0 - 1260, 2800) epz=Point(1260, 2800) d=0 ntPopUpView={mIsTryEnterWindowingMode=false mIsEnterWindowingModeLandscape=false mIsChangingWindowformBounds=false mStartPos=Point(0, 0) mEndPos=Point(0, 0) mStartScale=0.0 mEndScale=0.0 mStartCornerRadius=0.0 mEndCornerRadius=0.0 mAppBounds=Rect(0, 0 - 0, 0) mWindowCrop=Rect(0, 0 - 0, 0) mStartDragOrChangingBounds=Rect(0, 0 - 0, 0) mEndDragOrChangingBounds=Rect(0, 0 - 0, 0) mBottomLeftCornerLeash=null mBottomRightCornerLeash=null mDragBarLeash=null mCornerHintSize=0x0 mDragBarSize=0x0}}
02-25 00:14:29.485  2697  2767 V WindowManager:     ]}
02-25 00:14:29.485  3515  4478 V WindowManagerShell: onTransitionReady(transaction=11583526993689)
02-25 00:14:29.485  3515  3571 V WindowManagerShell:  Got a recents request while keyguard is visible, so treat it as Mixed.
02-25 00:14:29.485  3515  3571 V ShellRecents: [98098814] RecentsController.setTransition: id=android.os.BinderProxy@c531839
02-25 00:14:29.485  3515  3571 D WindowManagerShell: onActivityRestartAttempt: topActivity=ComponentInfo{com.nothing.launcher/com.android.searchlauncher.SearchLauncher}, wasVisible=false
02-25 00:14:29.485  3515  3571 V WindowManagerShell: onTransitionReady (#3722) android.os.BinderProxy@c531839: {id=3722 t=TO_FRONT f=0x100c0 trk=0 r=[0@Point(0, 0)] c=[
02-25 00:14:29.485  3515  3571 V WindowManagerShell:         {m=TO_BACK f=NONE leash=Surface(name=Task=8482)/@0x671e132 sb=Rect(0, 0 - 1260, 2800) eb=Rect(0, 0 - 1260, 2800) epz=Point(1260, 2800) d=0 taskParent=-1 ntPopUpView={mIsTryEnterWindowingMode=false mIsEnterWindowingModeLandscape=false mIsChangingWindowformBounds=false mStartPos=Point(0, 0) mEndPos=Point(0, 0) mStartScale=0.0 mEndScale=0.0 mStartCornerRadius=0.0 mEndCornerRadius=0.0 mAppBounds=Rect(0, 0 - 0, 0) mWindowCrop=Rect(0, 0 - 0, 0) mStartDragOrChangingBounds=Rect(0, 0 - 0, 0) mEndDragOrChangingBounds=Rect(0, 0 - 0, 0) mBottomLeftCornerLeash=null mBottomRightCornerLeash=null mDragBarLeash=null mCornerHintSize=69x69 mDragBarSize=216x48}},
02-25 00:14:29.485  3515  3571 V WindowManagerShell:         {m=TO_FRONT f=IS_WALLPAPER leash=Surface(name=WallpaperWindowToken{ad01d8 showWhenLocked=false})/@0xfc64e83 sb=Rect(0, 0 - 1260, 2800) eb=Rect(0, 0 - 1260, 2800) epz=Point(1260, 2800) d=0 ntPopUpView={mIsTryEnterWindowingMode=false mIsEnterWindowingModeLandscape=false mIsChangingWindowformBounds=false mStartPos=Point(0, 0) mEndPos=Point(0, 0) mStartScale=0.0 mEndScale=0.0 mStartCornerRadius=0.0 mEndCornerRadius=0.0 mAppBounds=Rect(0, 0 - 0, 0) mWindowCrop=Rect(0, 0 - 0, 0) mStartDragOrChangingBounds=Rect(0, 0 - 0, 0) mEndDragOrChangingBounds=Rect(0, 0 - 0, 0) mBottomLeftCornerLeash=null mBottomRightCornerLeash=null mDragBarLeash=null mCornerHintSize=0x0 mDragBarSize=0x0}}
02-25 00:14:29.485  3515  3571 V WindowManagerShell:     ]}
02-25 00:14:29.485  3515  3571 V WindowManagerShell: Playing animation for (#3722) android.os.BinderProxy@c531839@0
02-25 00:14:29.486  3515  3571 V WindowManagerShell:  try firstHandler com.android.wm.shell.transition.DefaultMixedHandler@c24f6b2
02-25 00:14:29.486  3515  3571 V WindowManagerShell: Mixed transition for Recents during Keyguard #3722
02-25 00:14:29.486  3515  3571 D WindowManagerShell: startSubAnimation #3722.3722
02-25 00:14:29.486  3515  3571 V ShellRecents: [98098814] RecentsController.start
02-25 00:14:29.486  3515  3571 V ShellRecents:   adding pausing leaf taskId=8482 at layer=6
02-25 00:14:29.487  3515  3571 V ShellRecents: Applying transaction=11583526993689
02-25 00:14:29.487  3515  3571 V ShellRecents: No matching remote found to takeover (#3722)
02-25 00:14:29.487  3515  3571 V ShellSplitScreen: getSplitBoundsForTaskId: expected split bounds for taskId=8482 but not found
02-25 00:14:29.487  3515  3571 V ShellRecents: [98098814] RecentsController.start: calling onAnimationStart with 1 apps
02-25 00:14:29.488  3515  3571 V ShellRecents: [98098814] onAnimationStartWithSurfaceTransaction.end: cost 2 ms
02-25 00:14:29.496  3515  3571 V WindowManagerShell:  animated by firstHandler
02-25 00:14:29.496  2697  2857 D OomAdjuster: set group = 5
02-25 00:14:29.496  2697  2857 D OomAdjuster: set cpuset: 5
02-25 00:14:24.732  1212  1212 D [FTS_TS]fts_input_report_b: [B]P0 UP!
02-25 00:14:24.732  1212  1212 D [FTS_TS]fts_input_report_b: [B]Points All Up!
02-25 00:14:29.610  2697  6636 W ActivityStartInterceptor: Starting home with component specified, uid=10215
02-25 00:14:29.610  2697  6636 W ActivityTaskManager: servicetracker HIDL not available
02-25 00:14:29.610  2697  6636 E ActivityTaskManager: Unable to get servicetracker HAL instance
02-25 00:14:29.610  2697  6636 W ActivityTaskManager: servicetracker HIDL not available
02-25 00:14:29.610  2697  6636 E ActivityTaskManager: Unable to get servicetracker HAL instance
02-25 00:14:29.612  2697  6636 W OptProp : Cannot read opt property android.window.PROPERTY_COMPAT_ALLOW_RESIZEABLE_ACTIVITY_OVERRIDES
02-25 00:14:29.612  2697  6636 W OptProp : Cannot read opt property android.window.PROPERTY_COMPAT_ALLOW_MIN_ASPECT_RATIO_OVERRIDE
02-25 00:14:29.613  2697  6636 D ActivityTaskManager: Temporarily retain top process state for launching app
02-25 00:14:29.615  2697  6636 D NtMemoryManager: mIsHighPressureScene: false : com.nothing.launcher
02-25 00:14:29.616  2697  6636 D NtProcessManager: Top app: com.nothing.launcher
02-25 00:14:29.616  2697  6636 W ActivityTaskManager: servicetracker HIDL not available
02-25 00:14:29.616  2697  6636 E ActivityTaskManager: Unable to get servicetracker HAL instance
02-25 00:14:29.616  2697  6636 V NtGameModeImpl: onAppFocusChanged: pkg=com.nothing.launcher, uid=10215, category=-1, launchMode= 1
02-25 00:14:29.616  2697  6636 D NtPopUpViewImpl: PopUpView: onAppFocusChanged: newTask=Task{2ced3af #8211 type=home I=com.nothing.launcher/com.android.searchlauncher.SearchLauncher}, showDimmer=false
02-25 00:14:29.616  2697  6636 D NtKafkaEventHelper: onActivityRecordChanged: info com.nothing.launcher:10215:5862
02-25 00:14:29.616  2697  6636 D DisplayPowerController: camera exit abnormal, reset boost brightness factor
02-25 00:14:29.617  2697  2906 D NtAppUsageManager: No need to write old record
02-25 00:14:29.617  2697  6636 D WindowManager: Create SleepToken: tag=keyguard, displayId=0
02-25 00:14:29.617  2697  6636 D ActivityTaskManager: Top Process State changed to PROCESS_STATE_TOP_SLEEPING
02-25 00:14:29.619  2697  6636 W ActivityTaskManager: servicetracker HIDL not available
02-25 00:14:29.619  2697  6636 E ActivityTaskManager: Unable to get servicetracker HAL instance
02-25 00:14:29.619  2697  2906 I DisplayPowerController[0]: BrightnessEvent: brt=0.3603667 (81.0%), nits= 111.62051, lux=13.881249, reason=automatic, strat=AutomaticBrightnessStrategy, state=ON, stateReason=KEY, policy=BRIGHT, flags=, initBrt=0.46036673, rcmdBrt=0.3603667, preBrt=NaN, preLux=NaN, wasShortTermModelActive=false, autoBrightness=true (default), unclampedBrt=0.3603667, hbmMax=0.85836387, hbmMode=off, thrmMax=1.0, rbcStrength=45, powerFactor=1.0, physDisp=Built-in Screen(local:4630946765914633619), logicalId=0, slowChange=true, rampSpeed=0.018066183
02-25 00:14:29.619  2697  6636 V NtGameModeImpl: onAppFocusChanged: pkg=com.nothing.launcher, uid=10215, category=-1, launchMode= 1
02-25 00:14:29.619  2697  2906 D NtAppUsageManager: No need to write old record
02-25 00:14:29.621  3515  3571 V WindowManagerShell: Transition requested (#3723): android.os.BinderProxy@6229571 TransitionRequestInfo { type = OPEN, triggerTask = TaskInfo{userId=0 taskId=8211 effectiveUid=10215 displayId=0 isRunning=true baseIntent=Intent { act=android.intent.action.MAIN cat=[android.intent.category.HOME] flg=0x10000100 cmp=com.nothing.launcher/com.android.searchlauncher.SearchLauncher } baseActivity=ComponentInfo{com.nothing.launcher/com.android.searchlauncher.SearchLauncher} topActivity=ComponentInfo{com.nothing.launcher/com.android.searchlauncher.SearchLauncher} origActivity=null realActivity=ComponentInfo{com.nothing.launcher/com.android.searchlauncher.SearchLauncher} numActivities=1 lastActiveTime=590595057 supportsMultiWindow=true resizeMode=2 isResizeable=true minWidth=-1 minHeight=-1 defaultMinSize=220 token=WCT{android.window.IWindowContainerToken$Stub$Proxy@ca83f56} topActivityType=2 pictureInPictureParams=null shouldDockBigOverlays=false launchIntoPipHostTaskId=-1 lastParentTaskIdBeforePip=-1 displayCutoutSafeInsets=Rect(0, 162 - 0, 0) topActivityInfo=ActivityInfo{9735bd7 com.android.searchlauncher.SearchLauncher} launchCookies=[] positionInParent=Point(0, 0) parentTaskId=-1 isFocused=true isVisible=false isVisibleRequested=false isTopActivityNoDisplay=false isSleeping=true locusId=LocusId[17_chars] displayAreaFeatureId=1 isTopActivityTransparent=false isActivityStackTransparent=false lastNonFullscreenBounds=Rect(321, 815 - 939, 2075) capturedLink=null capturedLinkTimestamp=0 requestedVisibleTypes=-9 topActivityRequestOpenInBrowserEducationTimestamp=0 appCompatTaskInfo=AppCompatTaskInfo { topActivityInSizeCompat=false eligibleForLetterboxEducation= false isLetterboxEducationEnabled= false isLetterboxDoubleTapEnabled= false eligibleForUserAspectRatioButton= false topActivityBoundsLetterboxed= false isFromLetterboxDoubleTap= false topActivityLetterboxVerticalPosition= -1 topActivityLetterboxHorizontalPosition= -1 topActivityLetterboxWidth=-1 topActivityLetterboxHeight=-1 topActivityAppBounds=Rect(0, 0 - 1260, 2800) isUserFullscreenOverrideEnabled=false isSystemFullscreenOverrideEnabled=false hasMinAspectRatioOverride=false topActivityLetterboxBounds=null cameraCompatTaskInfo=CameraCompatTaskInfo { freeformCameraCompatMode=inactive}} topActivityMainWindowFrame=null}, pipChange = null, remoteTransition = null, displayChange = null, flags = 8192, debugId = 3723 }
02-25 00:14:29.621  3515  3571 D ShellSplitScreen: logExit: no-op, mLoggerSessionId is null
02-25 00:14:29.622  2697  6636 I ActivityTaskManager: START u0 {act=android.intent.action.MAIN cat=[android.intent.category.HOME] flg=0x10000000 xflg=0x4 cmp=com.nothing.launcher/com.android.searchlauncher.SearchLauncher (has extras)} with LAUNCH_SINGLE_TASK from uid 10215 pid 5862 (BAL_ALLOW_NON_APP_VISIBLE_WINDOW) result code=2
02-25 00:14:29.623  2697  2771 D OomAdjuster: TOP-APP: pid:5862, processName: com.nothing.launcher, renderThreadTid: 5960
02-25 00:14:29.625  2697  2767 V WindowManager: Sent Transition (#3723) createdAt=02-25 00:14:29.613 via request=TransitionRequestInfo { type = OPEN, triggerTask = TaskInfo{userId=0 taskId=8211 effectiveUid=10215 displayId=0 isRunning=true baseIntent=Intent { act=android.intent.action.MAIN cat=[android.intent.category.HOME] flg=0x10000100 cmp=com.nothing.launcher/com.android.searchlauncher.SearchLauncher } baseActivity=ComponentInfo{com.nothing.launcher/com.android.searchlauncher.SearchLauncher} topActivity=ComponentInfo{com.nothing.launcher/com.android.searchlauncher.SearchLauncher} origActivity=null realActivity=ComponentInfo{com.nothing.launcher/com.android.searchlauncher.SearchLauncher} numActivities=1 lastActiveTime=590595057 supportsMultiWindow=true resizeMode=2 isResizeable=true minWidth=-1 minHeight=-1 defaultMinSize=220 token=WCT{RemoteToken{6ec92a Task{2ced3af #8211 type=home I=com.nothing.launcher/com.android.searchlauncher.SearchLauncher}}} topActivityType=2 pictureInPictureParams=null shouldDockBigOverlays=false launchIntoPipHostTaskId=-1 lastParentTaskIdBeforePip=-1 displayCutoutSafeInsets=Rect(0, 162 - 0, 0) topActivityInfo=ActivityInfo{7b1f8df com.android.searchlauncher.SearchLauncher} launchCookies=[] positionInParent=Point(0, 0) parentTaskId=-1 isFocused=true isVisible=false isVisibleRequested=false isTopActivityNoDisplay=false isSleeping=true locusId=LocusId[17_chars] displayAreaFeatureId=1 isTopActivityTransparent=false isActivityStackTransparent=false lastNonFullscreenBounds=Rect(321, 815 - 939, 2075) capturedLink=null capturedLinkTimestamp=0 requestedVisibleTypes=-9 topActivityRequestOpenInBrowserEducationTimestamp=0 appCompatTaskInfo=AppCompatTaskInfo { topActivityInSizeCompat=false eligibleForLetterboxEducation= false isLetterboxEducationEnabled= false isLetterboxDoubleTapEnabled= false eligibleForUserAspectRatioButton= false topActivityBoundsLetterboxed= false isFromLetterboxDoubleTap= false topActivityLetterboxVerticalPosition= -1 topActivityLetterboxHorizontalPosition= -1 topActivityLetterboxWidth=-1 topActivityLetterboxHeight=-1 topActivityAppBounds=Rect(0, 0 - 1260, 2800) isUserFullscreenOverrideEnabled=false isSystemFullscreenOverrideEnabled=false hasMinAspectRatioOverride=false topActivityLetterboxBounds=null cameraCompatTaskInfo=CameraCompatTaskInfo { freeformCameraCompatMode=inactive}} topActivityMainWindowFrame=null}, pipChange = null, remoteTransition = null, displayChange = null, flags = 8192, debugId = 3723 }
02-25 00:14:29.625  2697  2767 V WindowManager:     startWCT=WindowContainerTransaction { changes= {} hops= [] errorCallbackToken=null taskFragmentOrganizer=null }
02-25 00:14:29.625  2697  2767 V WindowManager:     info={id=3723 t=OPEN f=0x2040 trk=0 r=[0@Point(0, 0)] c=[
02-25 00:14:29.625  2697  2767 V WindowManager:         {WCT{RemoteToken{20b795d Task{5ce096e #8482 type=standard A=10209:com.nothing.camera.activity.SecureCameraActivity nonResizable}}} m=TO_BACK f=NONE p=WCT{RemoteToken{a8f28ea DefaultTaskDisplayArea@205435917}} leash=Surface(name=Task=8482)/@0xea393d0 sb=Rect(0, 0 - 1260, 2800) eb=Rect(0, 0 - 1260, 2800) epz=Point(1260, 2800) d=0 taskParent=-1 ntPopUpView={mIsTryEnterWindowingMode=false mIsEnterWindowingModeLandscape=false mIsChangingWindowformBounds=false mStartPos=Point(0, 0) mEndPos=Point(0, 0) mStartScale=0.0 mEndScale=0.0 mStartCornerRadius=0.0 mEndCornerRadius=0.0 mAppBounds=Rect(0, 0 - 0, 0) mWindowCrop=Rect(0, 0 - 0, 0) mStartDragOrChangingBounds=Rect(0, 0 - 0, 0) mEndDragOrChangingBounds=Rect(0, 0 - 0, 0) mBottomLeftCornerLeash=null mBottomRightCornerLeash=null mDragBarLeash=null mCornerHintSize=69x69 mDragBarSize=216x48}},
02-25 00:14:29.625  2697  2767 V WindowManager:         {WCT{RemoteToken{a8f28ea DefaultTaskDisplayArea@205435917}} m=TO_BACK f=FLAG_IS_TASK_DISPLAY_AREA leash=Surface(name=DefaultTaskDisplayArea)/@0xa8db306 sb=Rect(0, 0 - 1260, 2800) eb=Rect(0, 0 - 1260, 2800) epz=Point(1260, 2800) d=0 ntPopUpView={mIsTryEnterWindowingMode=false mIsEnterWindowingModeLandscape=false mIsChangingWindowformBounds=false mStartPos=Point(0, 0) mEndPos=Point(0, 0) mStartScale=0.0 mEndScale=0.0 mStartCornerRadius=0.0 mEndCornerRadius=0.0 mAppBounds=Rect(0, 0 - 0, 0) mWindowCrop=Rect(0, 0 - 0, 0) mStartDragOrChangingBounds=Rect(0, 0 - 0, 0) mEndDragOrChangingBounds=Rect(0, 0 - 0, 0) mBottomLeftCornerLeash=null mBottomRightCornerLeash=null mDragBarLeash=null mCornerHintSize=0x0 mDragBarSize=0x0}}
02-25 00:14:29.625  2697  2767 V WindowManager:     ]}
02-25 00:14:29.627  3515  3571 D WindowManagerShell: setLauncherKeepClearAreaHeight: visible=true, height=581
02-25 00:14:29.627  2697  3427 D BackgroundInstallControlService: Package event received: 0
02-25 00:14:29.627  2697  3427 D BackgroundInstallControlService: Package event received: 0
02-25 00:14:29.627  3515  4659 V WindowManagerShell: onTransitionReady(transaction=11583526993698)
02-25 00:14:29.628  2697  2771 D OomAdjuster: VENDOR_HINT_BOOST_RENDERTHREAD perfHint was called. mPerfHandle: 301629
02-25 00:14:29.628  3515  3571 V WindowManagerShell: onTransitionReady (#3723) android.os.BinderProxy@6229571: {id=3723 t=OPEN f=0x2040 trk=0 r=[0@Point(0, 0)] c=[
02-25 00:14:29.628  3515  3571 V WindowManagerShell:         {m=TO_BACK f=NONE p=WCT{android.window.IWindowContainerToken$Stub$Proxy@aa7de73} leash=Surface(name=Task=8482)/@0xb63ccc4 sb=Rect(0, 0 - 1260, 2800) eb=Rect(0, 0 - 1260, 2800) epz=Point(1260, 2800) d=0 taskParent=-1 ntPopUpView={mIsTryEnterWindowingMode=false mIsEnterWindowingModeLandscape=false mIsChangingWindowformBounds=false mStartPos=Point(0, 0) mEndPos=Point(0, 0) mStartScale=0.0 mEndScale=0.0 mStartCornerRadius=0.0 mEndCornerRadius=0.0 mAppBounds=Rect(0, 0 - 0, 0) mWindowCrop=Rect(0, 0 - 0, 0) mStartDragOrChangingBounds=Rect(0, 0 - 0, 0) mEndDragOrChangingBounds=Rect(0, 0 - 0, 0) mBottomLeftCornerLeash=null mBottomRightCornerLeash=null mDragBarLeash=null mCornerHintSize=69x69 mDragBarSize=216x48}},
02-25 00:14:29.628  3515  3571 V WindowManagerShell:         {m=TO_BACK f=FLAG_IS_TASK_DISPLAY_AREA leash=Surface(name=DefaultTaskDisplayArea)/@0x57a17ad sb=Rect(0, 0 - 1260, 2800) eb=Rect(0, 0 - 1260, 2800) epz=Point(1260, 2800) d=0 ntPopUpView={mIsTryEnterWindowingMode=false mIsEnterWindowingModeLandscape=false mIsChangingWindowformBounds=false mStartPos=Point(0, 0) mEndPos=Point(0, 0) mStartScale=0.0 mEndScale=0.0 mStartCornerRadius=0.0 mEndCornerRadius=0.0 mAppBounds=Rect(0, 0 - 0, 0) mWindowCrop=Rect(0, 0 - 0, 0) mStartDragOrChangingBounds=Rect(0, 0 - 0, 0) mEndDragOrChangingBounds=Rect(0, 0 - 0, 0) mBottomLeftCornerLeash=null mBottomRightCornerLeash=null mDragBarLeash=null mCornerHintSize=0x0 mDragBarSize=0x0}}
02-25 00:14:29.628  3515  3571 V WindowManagerShell:     ]}
02-25 00:14:29.628  3515  3571 V WindowManagerShell: Transition (#3723) android.os.BinderProxy@6229571@0 ready while (#3722) android.os.BinderProxy@c531839@0 is still animating. Notify the animating transition in case they can be merged
02-25 00:14:29.628  3515  3571 D WindowManagerShell: startSubAnimation #3722.3723
02-25 00:14:29.628  3515  3571 V WindowManagerShell: start keyguard unocclude transition, info = {id=3723 t=OPEN f=0x2040 trk=0 r=[0@Point(0, 0)] c=[{m=TO_BACK f=NONE p=WCT{android.window.IWindowContainerToken$Stub$Proxy@aa7de73} leash=Surface(name=Task=8482)/@0x671e132 sb=Rect(0, 0 - 1260, 2800) eb=Rect(0, 0 - 1260, 2800) epz=Point(1260, 2800) d=0 taskParent=-1 ntPopUpView={mIsTryEnterWindowingMode=false mIsEnterWindowingModeLandscape=false mIsChangingWindowformBounds=false mStartPos=Point(0, 0) mEndPos=Point(0, 0) mStartScale=0.0 mEndScale=0.0 mStartCornerRadius=0.0 mEndCornerRadius=0.0 mAppBounds=Rect(0, 0 - 0, 0) mWindowCrop=Rect(0, 0 - 0, 0) mStartDragOrChangingBounds=Rect(0, 0 - 0, 0) mEndDragOrChangingBounds=Rect(0, 0 - 0, 0) mBottomLeftCornerLeash=null mBottomRightCornerLeash=null mDragBarLeash=null mCornerHintSize=69x69 mDragBarSize=216x48}},{m=TO_BACK f=FLAG_IS_TASK_DISPLAY_AREA leash=Surface(name=DefaultTaskDisplayArea)/@0x57a17ad sb=Rect(0, 0 - 1260, 2800) eb=Rect(0, 0 - 1260, 2800) epz=Point(1260, 2800) d=0 ntPopUpView={mIsTryEnterWindowingMode=false mIsEnterWindowingModeLandscape=false mIsChangingWindowformBounds=false mStartPos=Point(0, 0) mEndPos=Point(0, 0) mStartScale=0.0 mEndScale=0.0 mStartCornerRadius=0.0 mEndCornerRadius=0.0 mAppBounds=Rect(0, 0 - 0, 0) mWindowCrop=Rect(0, 0 - 0, 0) mStartDragOrChangingBounds=Rect(0, 0 - 0, 0) mEndDragOrChangingBounds=Rect(0, 0 - 0, 0) mBottomLeftCornerLeash=null mBottomRightCornerLeash=null mDragBarLeash=null mCornerHintSize=0x0 mDragBarSize=0x0}}]}
02-25 00:14:29.628  3515  3571 D KeyguardService: Starts IRemoteAnimationRunner: info={id=3723 t=OPEN f=0x2040 trk=0 r=[0@Point(0, 0)] c=[{m=TO_BACK f=NONE p=WCT{android.window.IWindowContainerToken$Stub$Proxy@aa7de73} leash=Surface(name=Task=8482)/@0x671e132 sb=Rect(0, 0 - 1260, 2800) eb=Rect(0, 0 - 1260, 2800) epz=Point(1260, 2800) d=0 taskParent=-1 ntPopUpView={mIsTryEnterWindowingMode=false mIsEnterWindowingModeLandscape=false mIsChangingWindowformBounds=false mStartPos=Point(0, 0) mEndPos=Point(0, 0) mStartScale=0.0 mEndScale=0.0 mStartCornerRadius=0.0 mEndCornerRadius=0.0 mAppBounds=Rect(0, 0 - 0, 0) mWindowCrop=Rect(0, 0 - 0, 0) mStartDragOrChangingBounds=Rect(0, 0 - 0, 0) mEndDragOrChangingBounds=Rect(0, 0 - 0, 0) mBottomLeftCornerLeash=null mBottomRightCornerLeash=null mDragBarLeash=null mCornerHintSize=69x69 mDragBarSize=216x48}},{m=TO_BACK f=FLAG_IS_TASK_DISPLAY_AREA leash=Surface(name=DefaultTaskDisplayArea)/@0x57a17ad sb=Rect(0, 0 - 1260, 2800) eb=Rect(0, 0 - 1260, 2800) epz=Point(1260, 2800) d=0 ntPopUpView={mIsTryEnterWindowingMode=false mIsEnterWindowingModeLandscape=false mIsChangingWindowformBounds=false mStartPos=Point(0, 0) mEndPos=Point(0, 0) mStartScale=0.0 mEndScale=0.0 mStartCornerRadius=0.0 mEndCornerRadius=0.0 mAppBounds=Rect(0, 0 - 0, 0) mWindowCrop=Rect(0, 0 - 0, 0) mStartDragOrChangingBounds=Rect(0, 0 - 0, 0) mEndDragOrChangingBounds=Rect(0, 0 - 0, 0) mBottomLeftCornerLeash=null mBottomRightCornerLeash=null mDragBarLeash=null mCornerHintSize=0x0 mDragBarSize=0x0}}]}
02-25 00:14:29.629  3515  3571 D KeyguardService: Unexpected transit type: 1
02-25 00:14:29.629  2697  2771 D OomAdjuster: process : com.nothing.camera, pid = 14157, isTop = true, uid = 10209, hasActivity = true
02-25 00:14:29.629  2697  2771 D OomAdjuster: previous schedule group is top, not need limit!
02-25 00:14:29.629  2697  2771 D OomAdjuster: process : com.camera.ufs.service, pid = 25869, isTop = false, uid = 10209, hasActivity = false
02-25 00:14:29.629  2697  2771 D OomAdjuster: process : com.camera.ufs.service is not top!
02-25 00:14:29.629  2697  2857 D OomAdjuster: set group = -1
02-25 00:14:29.630  3515  3571 V WindowManagerShell: Transition was merged: (#3723) android.os.BinderProxy@6229571@0 into (#3722) android.os.BinderProxy@c531839@0
02-25 00:14:29.630  3515  3571 V ShellRecents: [98098814] RecentsController.merge: keyguard is locked
02-25 00:14:29.630  3515  3571 V ShellRecents: [98098814] RecentsController.cancel: toHome=true reason=keyguard_locked
02-25 00:14:29.630  3515  3571 V ShellRecents: [98098814] RecentsController.cancel: calling onAnimationCanceled 
02-25 00:14:29.630  3515  3571 V ShellRecents: [98098814] RecentsController.finishInner: toHome=true userLeave=false willFinishToHome=false state=0 hasPausingTasks=true reason=cancel
02-25 00:14:29.630  3515  3571 V ShellRecents:   normal finish
02-25 00:14:29.630  3515  3571 V ShellRecents: [98098814] RecentsController.finishInner: Completing finish
02-25 00:14:29.630  3515  3571 V ShellRecents: [98098814] RecentsController.cleanup
02-25 00:14:29.630  3515  3571 D WindowManagerShell: onSubAnimationFinished #3722.3722 remaining=1
02-25 00:14:29.632  3515  3571 D WindowManagerShell: onActivityRestartAttempt: topActivity=ComponentInfo{com.nothing.launcher/com.android.searchlauncher.SearchLauncher}, wasVisible=false
02-25 00:14:29.633  2697  3250 D OomAdjuster: process : com.nothing.universal.search, pid = 18067, isTop = false, uid = 10216, hasActivity = false
02-25 00:14:29.633  2697  3250 D OomAdjuster: system app not need limit!
02-25 00:14:29.636  2697  3427 D BackgroundInstallControlService: Package event received: 0
02-25 00:14:29.636  3487  6232 D SceneManager: TopAPP=com.nothing.launcher
02-25 00:14:29.640  2697  3250 D ActivityManager: sync unfroze 18067 com.nothing.universal.search for 6
02-25 00:14:29.643  2697  6271 W ActivityTaskManager: servicetracker HIDL not available
02-25 00:14:29.643  2697  6271 E ActivityTaskManager: Unable to get servicetracker HAL instance
02-25 00:14:29.648  2697  4943 D CoreBackPreview: Window{92ec2b2 u0 NotificationShade}: Setting back callback OnBackInvokedCallbackInfo{mCallback=android.window.IOnBackInvokedCallback$Stub$Proxy@de2d8b8, mPriority=0, mIsAnimationCallback=false, mOverrideBehavior=0}
02-25 00:14:29.648  2697  3427 D BackgroundInstallControlService: Package event received: 0
02-25 00:14:29.649  2697  3427 D BackgroundInstallControlService: Package event received: 0
02-25 00:14:24.875     1     1 I init    : processing action (sys.touch.keyguard.state=*) from (/vendor/etc/init/hw/init.nt_product.rc:403)
02-25 00:14:29.650  3487  6232 D SceneManager: CAMERA scene: 0
02-25 00:14:24.876   310   310 I [FTS_TS/I]fts_ex_mode_switch: PalmToSleep Mode Enable
02-25 00:14:29.653  2697  3427 D BackgroundInstallControlService: Package event received: 0
02-25 00:14:24.879   310   310 I [FTS_TS/I]fts_ex_mode_set_reg: set mode(9a) to 1 successfully
02-25 00:14:29.655  2697  3427 D BackgroundInstallControlService: Package event received: 0
02-25 00:14:29.665  2697  4943 D Dragonite: update handle 48
02-25 00:14:29.665  2697  3283 D Dragonite: sceneId = 102, pid = 3515, packageName = com.android.systemui, duration = 5000, params = null
02-25 00:14:29.666  2697  4943 D Dragonite: acquire handle 52
02-25 00:14:29.666  2697  3283 D Dragonite: sceneId = 210, pid = 14157, packageName = com.nothing.camera, duration = 1500, params = null
02-25 00:14:29.668  2697  6233 D Dragonite: acquire handle 54
02-25 00:14:29.668  2697  3283 D Dragonite: sceneId = 100, pid = 3515, packageName = com.android.systemui, duration = 0, params = null
02-25 00:14:29.669  2697  6654 D OomAdjuster: process : com.nothing.weather, pid = 16979, isTop = false, uid = 10182, hasActivity = false
02-25 00:14:29.669  2697  6654 D OomAdjuster: system app not need limit!
02-25 00:14:29.673  2697  3427 D BackgroundInstallControlService: Package event received: 0
02-25 00:14:24.899     1     1 I init    : processing action (sys.touch.pocket_mode=*) from (/vendor/etc/init/hw/init.nt_product.rc:357)
02-25 00:14:24.899   310   310 E [FTS_TS/E]fts_proc_pocket_mode_write: Pre-pocket_mode = 0, Exit pocket mode
02-25 00:14:29.674  2697  2857 D OomAdjuster: set group = 5
02-25 00:14:29.674  2697  2857 D OomAdjuster: set cpuset: 5
02-25 00:14:29.676  2697  2736 D OomAdjuster: process : com.android.providers.calendar, pid = 16988, isTop = false, uid = 10083, hasActivity = false
02-25 00:14:29.676  2697  2736 D OomAdjuster: process : com.android.providers.calendar is not top!
02-25 00:14:29.677  2697  5033 D Dragonite: release 45
02-25 00:14:29.678  2697  3427 D BackgroundInstallControlService: Package event received: 0
02-25 00:14:29.678  2697  4180 D OomAdjuster: process : com.android.settings.intelligence, pid = 24170, isTop = false, uid = 10155, hasActivity = false
02-25 00:14:29.678  2697  4180 D OomAdjuster: process : com.android.settings.intelligence is not top!
02-25 00:14:29.681  2697  2771 I BrightnessSynchronizer: [7122] New Update 0.3603667(f) set brightness values:  93(i)
02-25 00:14:29.682  2697  4180 D ActivityManager: sync unfroze 24170 com.android.settings.intelligence for 7
02-25 00:14:29.682  2697  4180 D OomAdjuster: process : com.nothing.logkit, pid = 29348, isTop = false, uid = 1000, hasActivity = false
02-25 00:14:29.682  2697  4180 D OomAdjuster: system app not need limit!
