02-24 23:46:49.382  1928  2501 D AppWidgetServiceImpl: Trying to notify widget update for package com.digimon.glyph with widget id: 8
02-24 23:46:49.908  1928  2501 D AppWidgetServiceImpl: Trying to notify widget update for package com.digimon.glyph with widget id: 8
02-24 23:46:50.437  1928  2501 D AppWidgetServiceImpl: Trying to notify widget update for package com.digimon.glyph with widget id: 8
02-24 23:46:50.965  1928  2501 D AppWidgetServiceImpl: Trying to notify widget update for package com.digimon.glyph with widget id: 8
02-24 23:46:51.491  1928  2501 D AppWidgetServiceImpl: Trying to notify widget update for package com.digimon.glyph with widget id: 8
02-24 23:46:52.018  1928  2501 D AppWidgetServiceImpl: Trying to notify widget update for package com.digimon.glyph with widget id: 8
02-24 23:46:52.548  1928  2501 D AppWidgetServiceImpl: Trying to notify widget update for package com.digimon.glyph with widget id: 8
02-24 23:46:53.076  1928  2501 D AppWidgetServiceImpl: Trying to notify widget update for package com.digimon.glyph with widget id: 8
02-24 23:46:53.603  1928  2501 D AppWidgetServiceImpl: Trying to notify widget update for package com.digimon.glyph with widget id: 8
02-24 23:46:53.881  1928  2501 D AppWidgetServiceImpl: Trying to notify widget update for package com.digimon.glyph with widget id: 8
02-24 23:46:54.410  1928  2501 D AppWidgetServiceImpl: Trying to notify widget update for package com.digimon.glyph with widget id: 8
02-24 23:46:54.942  1928  2501 D AppWidgetServiceImpl: Trying to notify widget update for package com.digimon.glyph with widget id: 8
02-24 23:46:55.472  1928  2501 D AppWidgetServiceImpl: Trying to notify widget update for package com.digimon.glyph with widget id: 8
02-24 23:46:56.002  1928  2501 D AppWidgetServiceImpl: Trying to notify widget update for package com.digimon.glyph with widget id: 8
02-24 23:46:56.529  1928  2501 D AppWidgetServiceImpl: Trying to notify widget update for package com.digimon.glyph with widget id: 8
02-24 23:46:57.058  1928  2501 D AppWidgetServiceImpl: Trying to notify widget update for package com.digimon.glyph with widget id: 8
02-24 23:46:57.587  1928  2501 D AppWidgetServiceImpl: Trying to notify widget update for package com.digimon.glyph with widget id: 8
02-24 23:46:57.865  1928  2501 D AppWidgetServiceImpl: Trying to notify widget update for package com.digimon.glyph with widget id: 8
02-24 23:46:58.389  1928  2501 D AppWidgetServiceImpl: Trying to notify widget update for package com.digimon.glyph with widget id: 8
02-24 23:46:58.917  1928  2501 D AppWidgetServiceImpl: Trying to notify widget update for package com.digimon.glyph with widget id: 8
02-24 23:46:59.444  1928  2501 D AppWidgetServiceImpl: Trying to notify widget update for package com.digimon.glyph with widget id: 8
02-24 23:46:59.974  1928  2501 D AppWidgetServiceImpl: Trying to notify widget update for package com.digimon.glyph with widget id: 8
02-24 23:47:00.373  1928  2611 D ActivityManager: sync unfroze 7801 com.google.android.apps.turbo for 7
02-24 23:47:00.374  1928  2554 D BackgroundInstallControlService: Package event received: 0
02-24 23:47:00.501  1928  2501 D AppWidgetServiceImpl: Trying to notify widget update for package com.digimon.glyph with widget id: 8
02-24 23:47:01.028  1928  2501 D AppWidgetServiceImpl: Trying to notify widget update for package com.digimon.glyph with widget id: 8
02-24 23:47:01.556  1928  2501 D AppWidgetServiceImpl: Trying to notify widget update for package com.digimon.glyph with widget id: 8
02-24 23:47:01.833  1928  2501 D AppWidgetServiceImpl: Trying to notify widget update for package com.digimon.glyph with widget id: 8
02-24 23:47:02.611  1928  2501 D AppWidgetServiceImpl: Trying to notify widget update for package com.digimon.glyph with widget id: 8
02-24 23:47:02.888  1928  2501 D AppWidgetServiceImpl: Trying to notify widget update for package com.digimon.glyph with widget id: 8
02-24 23:47:03.414  1928  2501 D AppWidgetServiceImpl: Trying to notify widget update for package com.digimon.glyph with widget id: 8
02-24 23:47:03.940  1928  2501 D AppWidgetServiceImpl: Trying to notify widget update for package com.digimon.glyph with widget id: 8
02-24 23:47:04.468  1928  2501 D AppWidgetServiceImpl: Trying to notify widget update for package com.digimon.glyph with widget id: 8
02-24 23:47:04.996  1928  2501 D AppWidgetServiceImpl: Trying to notify widget update for package com.digimon.glyph with widget id: 8
02-24 23:47:05.522  1928  2501 D AppWidgetServiceImpl: Trying to notify widget update for package com.digimon.glyph with widget id: 8
02-24 23:47:06.050  1928  2501 D AppWidgetServiceImpl: Trying to notify widget update for package com.digimon.glyph with widget id: 8
02-24 23:47:06.579  1928  2501 D AppWidgetServiceImpl: Trying to notify widget update for package com.digimon.glyph with widget id: 8
02-24 23:47:06.860  1928  2501 D AppWidgetServiceImpl: Trying to notify widget update for package com.digimon.glyph with widget id: 8
02-24 23:47:07.391  1928  2501 D AppWidgetServiceImpl: Trying to notify widget update for package com.digimon.glyph with widget id: 8
02-24 23:47:07.922  1928  2501 D AppWidgetServiceImpl: Trying to notify widget update for package com.digimon.glyph with widget id: 8
02-24 23:47:08.450  1928  2501 D AppWidgetServiceImpl: Trying to notify widget update for package com.digimon.glyph with widget id: 8
02-24 23:47:08.978  1928  2501 D AppWidgetServiceImpl: Trying to notify widget update for package com.digimon.glyph with widget id: 8
02-24 23:47:09.505  1928  2501 D AppWidgetServiceImpl: Trying to notify widget update for package com.digimon.glyph with widget id: 8
02-24 23:47:10.033  1928  2501 D AppWidgetServiceImpl: Trying to notify widget update for package com.digimon.glyph with widget id: 8
02-24 23:47:10.562  1928  2501 D AppWidgetServiceImpl: Trying to notify widget update for package com.digimon.glyph with widget id: 8
02-24 23:47:10.830  1928  2501 D AppWidgetServiceImpl: Trying to notify widget update for package com.digimon.glyph with widget id: 8
02-24 23:47:11.612  1928  2501 D AppWidgetServiceImpl: Trying to notify widget update for package com.digimon.glyph with widget id: 8
02-24 23:47:11.890  1928  2501 D AppWidgetServiceImpl: Trying to notify widget update for package com.digimon.glyph with widget id: 8
02-24 23:47:12.418  1928  2501 D AppWidgetServiceImpl: Trying to notify widget update for package com.digimon.glyph with widget id: 8
02-24 23:47:12.946  1928  2501 D AppWidgetServiceImpl: Trying to notify widget update for package com.digimon.glyph with widget id: 8
02-24 23:47:13.474  1928  2501 D AppWidgetServiceImpl: Trying to notify widget update for package com.digimon.glyph with widget id: 8
02-24 23:47:14.003  1928  2501 D AppWidgetServiceImpl: Trying to notify widget update for package com.digimon.glyph with widget id: 8
02-24 23:47:14.531  1928  2501 D AppWidgetServiceImpl: Trying to notify widget update for package com.digimon.glyph with widget id: 8
02-24 23:47:15.059  1928  2501 D AppWidgetServiceImpl: Trying to notify widget update for package com.digimon.glyph with widget id: 8
02-24 23:47:15.587  1928  2501 D AppWidgetServiceImpl: Trying to notify widget update for package com.digimon.glyph with widget id: 8
02-24 23:47:15.865  1928  2501 D AppWidgetServiceImpl: Trying to notify widget update for package com.digimon.glyph with widget id: 8
02-24 23:47:16.394  1928  2501 D AppWidgetServiceImpl: Trying to notify widget update for package com.digimon.glyph with widget id: 8
02-24 23:47:16.924  1928  2501 D AppWidgetServiceImpl: Trying to notify widget update for package com.digimon.glyph with widget id: 8
02-24 23:47:17.454  1928  2501 D AppWidgetServiceImpl: Trying to notify widget update for package com.digimon.glyph with widget id: 8
02-24 23:47:17.985  1928  2501 D AppWidgetServiceImpl: Trying to notify widget update for package com.digimon.glyph with widget id: 8
02-24 23:47:18.514  1928  2501 D AppWidgetServiceImpl: Trying to notify widget update for package com.digimon.glyph with widget id: 8
02-24 23:47:19.042  1928  2501 D AppWidgetServiceImpl: Trying to notify widget update for package com.digimon.glyph with widget id: 8
02-24 23:47:19.570  1928  2501 D AppWidgetServiceImpl: Trying to notify widget update for package com.digimon.glyph with widget id: 8
02-24 23:47:19.844  1928  2501 D AppWidgetServiceImpl: Trying to notify widget update for package com.digimon.glyph with widget id: 8
02-24 23:47:20.372  1928  2501 D AppWidgetServiceImpl: Trying to notify widget update for package com.digimon.glyph with widget id: 8
02-24 23:47:20.899  1928  2501 D AppWidgetServiceImpl: Trying to notify widget update for package com.digimon.glyph with widget id: 8
02-24 23:47:21.427  1928  2501 D AppWidgetServiceImpl: Trying to notify widget update for package com.digimon.glyph with widget id: 8
02-24 23:47:21.955  1928  2501 D AppWidgetServiceImpl: Trying to notify widget update for package com.digimon.glyph with widget id: 8
02-24 23:47:22.284  1928  3298 D ActivityManager: sync unfroze 18321 app.revanced.android.gms for 7
02-24 23:47:22.481  1928  2501 D AppWidgetServiceImpl: Trying to notify widget update for package com.digimon.glyph with widget id: 8
02-24 23:47:23.010  1928  2501 D AppWidgetServiceImpl: Trying to notify widget update for package com.digimon.glyph with widget id: 8
02-24 23:47:23.538  1928  2501 D AppWidgetServiceImpl: Trying to notify widget update for package com.digimon.glyph with widget id: 8
02-24 23:47:24.065  1928  2501 D AppWidgetServiceImpl: Trying to notify widget update for package com.digimon.glyph with widget id: 8
02-24 23:47:24.596  1928  2501 D AppWidgetServiceImpl: Trying to notify widget update for package com.digimon.glyph with widget id: 8
02-24 23:47:24.876  1928  2501 D AppWidgetServiceImpl: Trying to notify widget update for package com.digimon.glyph with widget id: 8
02-24 23:47:25.406  1928  2501 D AppWidgetServiceImpl: Trying to notify widget update for package com.digimon.glyph with widget id: 8
02-24 23:47:25.935  1928  2501 D AppWidgetServiceImpl: Trying to notify widget update for package com.digimon.glyph with widget id: 8
02-24 23:47:26.465  1928  2501 D AppWidgetServiceImpl: Trying to notify widget update for package com.digimon.glyph with widget id: 8
02-24 23:47:26.995  1928  2501 D AppWidgetServiceImpl: Trying to notify widget update for package com.digimon.glyph with widget id: 8
02-24 23:47:27.365  1928  2077 W ProcessStats: Tracking association SourceState{293d12d app.revanced.android.gms:persistent/10613 Service #12586} whose proc state 8 is better than process ProcessState{fdd4dcb app.revanced.android.gms/10613 pkg=app.revanced.android.gms} proc state 14 (0 skipped)
02-24 23:47:27.524  1928  2501 D AppWidgetServiceImpl: Trying to notify widget update for package com.digimon.glyph with widget id: 8
02-24 23:47:28.051  1928  2501 D AppWidgetServiceImpl: Trying to notify widget update for package com.digimon.glyph with widget id: 8
02-24 23:47:28.579  1928  2501 D AppWidgetServiceImpl: Trying to notify widget update for package com.digimon.glyph with widget id: 8
02-24 23:47:28.858  1928  2501 D AppWidgetServiceImpl: Trying to notify widget update for package com.digimon.glyph with widget id: 8
02-24 23:47:29.382  1928  2501 D AppWidgetServiceImpl: Trying to notify widget update for package com.digimon.glyph with widget id: 8
02-24 23:47:29.909  1928  2501 D AppWidgetServiceImpl: Trying to notify widget update for package com.digimon.glyph with widget id: 8
02-24 23:47:30.436  1928  2501 D AppWidgetServiceImpl: Trying to notify widget update for package com.digimon.glyph with widget id: 8
02-24 23:47:30.964  1928  2501 D AppWidgetServiceImpl: Trying to notify widget update for package com.digimon.glyph with widget id: 8
02-24 23:47:31.492  1928  2501 D AppWidgetServiceImpl: Trying to notify widget update for package com.digimon.glyph with widget id: 8
02-24 23:47:32.019  1928  2501 D AppWidgetServiceImpl: Trying to notify widget update for package com.digimon.glyph with widget id: 8
02-24 23:47:32.547  1928  2501 D AppWidgetServiceImpl: Trying to notify widget update for package com.digimon.glyph with widget id: 8
02-24 23:47:33.075  1928  2501 D AppWidgetServiceImpl: Trying to notify widget update for package com.digimon.glyph with widget id: 8
02-24 23:47:33.604  1928  2501 D AppWidgetServiceImpl: Trying to notify widget update for package com.digimon.glyph with widget id: 8
02-24 23:47:33.882  1928  2501 D AppWidgetServiceImpl: Trying to notify widget update for package com.digimon.glyph with widget id: 8
02-24 23:47:34.410  1928  2501 D AppWidgetServiceImpl: Trying to notify widget update for package com.digimon.glyph with widget id: 8
02-24 23:47:34.942  1928  2501 D AppWidgetServiceImpl: Trying to notify widget update for package com.digimon.glyph with widget id: 8
02-24 23:47:35.472  1928  2501 D AppWidgetServiceImpl: Trying to notify widget update for package com.digimon.glyph with widget id: 8
02-24 23:47:36.000  1928  2501 D AppWidgetServiceImpl: Trying to notify widget update for package com.digimon.glyph with widget id: 8
02-24 23:47:36.395  1928  2248 D ActivityManager: freezing 7801 com.google.android.apps.turbo
02-24 23:47:36.530  1928  2501 D AppWidgetServiceImpl: Trying to notify widget update for package com.digimon.glyph with widget id: 8
02-24 23:47:37.058  1928  2501 D AppWidgetServiceImpl: Trying to notify widget update for package com.digimon.glyph with widget id: 8
02-24 23:47:37.586  1928  2501 D AppWidgetServiceImpl: Trying to notify widget update for package com.digimon.glyph with widget id: 8
02-24 23:47:37.864  1928  2501 D AppWidgetServiceImpl: Trying to notify widget update for package com.digimon.glyph with widget id: 8
02-24 23:47:38.394  1928  2501 D AppWidgetServiceImpl: Trying to notify widget update for package com.digimon.glyph with widget id: 8
02-24 23:47:38.926  1928  2501 D AppWidgetServiceImpl: Trying to notify widget update for package com.digimon.glyph with widget id: 8
02-24 23:47:39.456  1928  2501 D AppWidgetServiceImpl: Trying to notify widget update for package com.digimon.glyph with widget id: 8
02-24 23:47:39.985  1928  2501 D AppWidgetServiceImpl: Trying to notify widget update for package com.digimon.glyph with widget id: 8
02-24 23:47:40.513  1928  2501 D AppWidgetServiceImpl: Trying to notify widget update for package com.digimon.glyph with widget id: 8
02-24 23:47:41.041  1928  2501 D AppWidgetServiceImpl: Trying to notify widget update for package com.digimon.glyph with widget id: 8
02-24 23:47:41.569  1928  2501 D AppWidgetServiceImpl: Trying to notify widget update for package com.digimon.glyph with widget id: 8
02-24 23:47:41.846  1928  2501 D AppWidgetServiceImpl: Trying to notify widget update for package com.digimon.glyph with widget id: 8
02-24 23:47:42.373  1928  2501 D AppWidgetServiceImpl: Trying to notify widget update for package com.digimon.glyph with widget id: 8
02-24 23:47:42.900  1928  2501 D AppWidgetServiceImpl: Trying to notify widget update for package com.digimon.glyph with widget id: 8
02-24 23:47:43.428  1928  2501 D AppWidgetServiceImpl: Trying to notify widget update for package com.digimon.glyph with widget id: 8
02-24 23:47:43.956  1928  2501 D AppWidgetServiceImpl: Trying to notify widget update for package com.digimon.glyph with widget id: 8
02-24 23:47:44.483  1928  2501 D AppWidgetServiceImpl: Trying to notify widget update for package com.digimon.glyph with widget id: 8
02-24 23:47:45.011  1928  2501 D AppWidgetServiceImpl: Trying to notify widget update for package com.digimon.glyph with widget id: 8
02-24 23:47:45.538  1928  2501 D AppWidgetServiceImpl: Trying to notify widget update for package com.digimon.glyph with widget id: 8
02-24 23:47:45.871  1928  2554 D BackgroundInstallControlService: Package event received: 0
02-24 23:47:46.066  1928  2501 D AppWidgetServiceImpl: Trying to notify widget update for package com.digimon.glyph with widget id: 8
02-24 23:47:46.595  1928  2501 D AppWidgetServiceImpl: Trying to notify widget update for package com.digimon.glyph with widget id: 8
02-24 23:47:46.869  1928  2501 D AppWidgetServiceImpl: Trying to notify widget update for package com.digimon.glyph with widget id: 8
02-24 23:47:47.396  1928  2501 D AppWidgetServiceImpl: Trying to notify widget update for package com.digimon.glyph with widget id: 8
02-24 23:47:47.924  1928  2501 D AppWidgetServiceImpl: Trying to notify widget update for package com.digimon.glyph with widget id: 8
02-24 23:47:48.452  1928  2501 D AppWidgetServiceImpl: Trying to notify widget update for package com.digimon.glyph with widget id: 8
02-24 23:47:48.979  1928  2501 D AppWidgetServiceImpl: Trying to notify widget update for package com.digimon.glyph with widget id: 8
02-24 23:47:49.507  1928  2501 D AppWidgetServiceImpl: Trying to notify widget update for package com.digimon.glyph with widget id: 8
02-24 23:47:50.035  1928  2501 D AppWidgetServiceImpl: Trying to notify widget update for package com.digimon.glyph with widget id: 8
02-24 23:47:50.563  1928  2501 D AppWidgetServiceImpl: Trying to notify widget update for package com.digimon.glyph with widget id: 8
02-24 23:47:50.831  1928  2501 D AppWidgetServiceImpl: Trying to notify widget update for package com.digimon.glyph with widget id: 8
02-24 23:47:51.614  1928  2501 D AppWidgetServiceImpl: Trying to notify widget update for package com.digimon.glyph with widget id: 8
02-24 23:47:51.891  1928  2501 D AppWidgetServiceImpl: Trying to notify widget update for package com.digimon.glyph with widget id: 8
02-24 23:47:52.419  1928  2501 D AppWidgetServiceImpl: Trying to notify widget update for package com.digimon.glyph with widget id: 8
02-24 23:47:52.948  1928  2501 D AppWidgetServiceImpl: Trying to notify widget update for package com.digimon.glyph with widget id: 8
02-24 23:47:53.475  1928  2501 D AppWidgetServiceImpl: Trying to notify widget update for package com.digimon.glyph with widget id: 8
02-24 23:47:54.004  1928  2501 D AppWidgetServiceImpl: Trying to notify widget update for package com.digimon.glyph with widget id: 8
02-24 23:47:54.531  1928  2501 D AppWidgetServiceImpl: Trying to notify widget update for package com.digimon.glyph with widget id: 8
02-24 23:47:55.059  1928  2501 D AppWidgetServiceImpl: Trying to notify widget update for package com.digimon.glyph with widget id: 8
02-24 23:47:55.588  1928  2501 D AppWidgetServiceImpl: Trying to notify widget update for package com.digimon.glyph with widget id: 8
02-24 23:47:55.868  1928  2501 D AppWidgetServiceImpl: Trying to notify widget update for package com.digimon.glyph with widget id: 8
02-24 23:47:56.400  1928  2501 D AppWidgetServiceImpl: Trying to notify widget update for package com.digimon.glyph with widget id: 8
02-24 23:47:56.929  1928  2501 D AppWidgetServiceImpl: Trying to notify widget update for package com.digimon.glyph with widget id: 8
02-24 23:47:57.457  1928  2501 D AppWidgetServiceImpl: Trying to notify widget update for package com.digimon.glyph with widget id: 8
02-24 23:47:57.986  1928  2501 D AppWidgetServiceImpl: Trying to notify widget update for package com.digimon.glyph with widget id: 8
02-24 23:47:58.515  1928  2501 D AppWidgetServiceImpl: Trying to notify widget update for package com.digimon.glyph with widget id: 8
02-24 23:47:59.043  1928  2501 D AppWidgetServiceImpl: Trying to notify widget update for package com.digimon.glyph with widget id: 8
02-24 23:47:59.571  1928  2501 D AppWidgetServiceImpl: Trying to notify widget update for package com.digimon.glyph with widget id: 8
02-24 23:47:59.846  1928  2501 D AppWidgetServiceImpl: Trying to notify widget update for package com.digimon.glyph with widget id: 8
02-24 23:48:00.371  1928  2653 D ActivityManager: sync unfroze 7801 com.google.android.apps.turbo for 7
02-24 23:48:00.373  1928  2501 D AppWidgetServiceImpl: Trying to notify widget update for package com.digimon.glyph with widget id: 8
02-24 23:48:00.373  1928  2554 D BackgroundInstallControlService: Package event received: 0
02-24 23:48:00.901  1928  2501 D AppWidgetServiceImpl: Trying to notify widget update for package com.digimon.glyph with widget id: 8
02-24 23:48:01.427  1928  2501 D AppWidgetServiceImpl: Trying to notify widget update for package com.digimon.glyph with widget id: 8
02-24 23:48:01.955  1928  2501 D AppWidgetServiceImpl: Trying to notify widget update for package com.digimon.glyph with widget id: 8
02-24 23:48:02.483  1928  2501 D AppWidgetServiceImpl: Trying to notify widget update for package com.digimon.glyph with widget id: 8
02-24 23:48:03.011  1928  2501 D AppWidgetServiceImpl: Trying to notify widget update for package com.digimon.glyph with widget id: 8
02-24 23:48:03.539  1928  2501 D AppWidgetServiceImpl: Trying to notify widget update for package com.digimon.glyph with widget id: 8
02-24 23:48:03.580  1928  2248 D ActivityManager: freezing 18321 app.revanced.android.gms
02-24 23:48:04.067  1928  2501 D AppWidgetServiceImpl: Trying to notify widget update for package com.digimon.glyph with widget id: 8
02-24 23:48:04.597  1928  2501 D AppWidgetServiceImpl: Trying to notify widget update for package com.digimon.glyph with widget id: 8
02-24 23:48:04.876  1928  2501 D AppWidgetServiceImpl: Trying to notify widget update for package com.digimon.glyph with widget id: 8
02-24 23:48:05.407  1928  2501 D AppWidgetServiceImpl: Trying to notify widget update for package com.digimon.glyph with widget id: 8
02-24 23:48:05.936  1928  2501 D AppWidgetServiceImpl: Trying to notify widget update for package com.digimon.glyph with widget id: 8
02-24 23:48:06.464  1928  2501 D AppWidgetServiceImpl: Trying to notify widget update for package com.digimon.glyph with widget id: 8
02-24 23:48:06.994  1928  2501 D AppWidgetServiceImpl: Trying to notify widget update for package com.digimon.glyph with widget id: 8
02-24 23:48:07.523  1928  2501 D AppWidgetServiceImpl: Trying to notify widget update for package com.digimon.glyph with widget id: 8
02-24 23:48:08.051  1928  2501 D AppWidgetServiceImpl: Trying to notify widget update for package com.digimon.glyph with widget id: 8
02-24 23:48:08.579  1928  2501 D AppWidgetServiceImpl: Trying to notify widget update for package com.digimon.glyph with widget id: 8
02-24 23:48:08.858  1928  2501 D AppWidgetServiceImpl: Trying to notify widget update for package com.digimon.glyph with widget id: 8
02-24 23:48:09.386  1928  2501 D AppWidgetServiceImpl: Trying to notify widget update for package com.digimon.glyph with widget id: 8
02-24 23:48:09.917  1928  2501 D AppWidgetServiceImpl: Trying to notify widget update for package com.digimon.glyph with widget id: 8
02-24 23:48:10.446  1928  2501 D AppWidgetServiceImpl: Trying to notify widget update for package com.digimon.glyph with widget id: 8
02-24 23:48:10.976  1928  2501 D AppWidgetServiceImpl: Trying to notify widget update for package com.digimon.glyph with widget id: 8
02-24 23:48:11.505  1928  2501 D AppWidgetServiceImpl: Trying to notify widget update for package com.digimon.glyph with widget id: 8
02-24 23:48:12.034  1928  2501 D AppWidgetServiceImpl: Trying to notify widget update for package com.digimon.glyph with widget id: 8
02-24 23:48:12.563  1928  2501 D AppWidgetServiceImpl: Trying to notify widget update for package com.digimon.glyph with widget id: 8
02-24 23:48:12.832  1928  2501 D AppWidgetServiceImpl: Trying to notify widget update for package com.digimon.glyph with widget id: 8
02-24 23:48:13.607  1928  2501 D AppWidgetServiceImpl: Trying to notify widget update for package com.digimon.glyph with widget id: 8
02-24 23:48:13.886  1928  2501 D AppWidgetServiceImpl: Trying to notify widget update for package com.digimon.glyph with widget id: 8
02-24 23:48:14.416  1928  2501 D AppWidgetServiceImpl: Trying to notify widget update for package com.digimon.glyph with widget id: 8
02-24 23:48:14.945  1928  2501 D AppWidgetServiceImpl: Trying to notify widget update for package com.digimon.glyph with widget id: 8
02-24 23:48:15.474  1928  2501 D AppWidgetServiceImpl: Trying to notify widget update for package com.digimon.glyph with widget id: 8
02-24 23:48:16.003  1928  2501 D AppWidgetServiceImpl: Trying to notify widget update for package com.digimon.glyph with widget id: 8
02-24 23:48:16.531  1928  2501 D AppWidgetServiceImpl: Trying to notify widget update for package com.digimon.glyph with widget id: 8
02-24 23:48:17.059  1928  2501 D AppWidgetServiceImpl: Trying to notify widget update for package com.digimon.glyph with widget id: 8
02-24 23:48:17.587  1928  2501 D AppWidgetServiceImpl: Trying to notify widget update for package com.digimon.glyph with widget id: 8
02-24 23:48:17.868  1928  2501 D AppWidgetServiceImpl: Trying to notify widget update for package com.digimon.glyph with widget id: 8
02-24 23:48:18.398  1928  2501 D AppWidgetServiceImpl: Trying to notify widget update for package com.digimon.glyph with widget id: 8
02-24 23:48:18.928  1928  2501 D AppWidgetServiceImpl: Trying to notify widget update for package com.digimon.glyph with widget id: 8
02-24 23:48:19.458  1928  2501 D AppWidgetServiceImpl: Trying to notify widget update for package com.digimon.glyph with widget id: 8
02-24 23:48:19.986  1928  2501 D AppWidgetServiceImpl: Trying to notify widget update for package com.digimon.glyph with widget id: 8
02-24 23:48:20.515  1928  2501 D AppWidgetServiceImpl: Trying to notify widget update for package com.digimon.glyph with widget id: 8
02-24 23:48:21.043  1928  2501 D AppWidgetServiceImpl: Trying to notify widget update for package com.digimon.glyph with widget id: 8
02-24 23:48:21.571  1928  2501 D AppWidgetServiceImpl: Trying to notify widget update for package com.digimon.glyph with widget id: 8
02-24 23:48:21.850  1928  2501 D AppWidgetServiceImpl: Trying to notify widget update for package com.digimon.glyph with widget id: 8
02-24 23:48:22.381  1928  2501 D AppWidgetServiceImpl: Trying to notify widget update for package com.digimon.glyph with widget id: 8
02-24 23:48:22.912  1928  2501 D AppWidgetServiceImpl: Trying to notify widget update for package com.digimon.glyph with widget id: 8
02-24 23:48:23.442  1928  2501 D AppWidgetServiceImpl: Trying to notify widget update for package com.digimon.glyph with widget id: 8
02-24 23:48:23.971  1928  2501 D AppWidgetServiceImpl: Trying to notify widget update for package com.digimon.glyph with widget id: 8
02-24 23:48:24.499  1928  2501 D AppWidgetServiceImpl: Trying to notify widget update for package com.digimon.glyph with widget id: 8
02-24 23:48:25.027  1928  2501 D AppWidgetServiceImpl: Trying to notify widget update for package com.digimon.glyph with widget id: 8
02-24 23:48:25.556  1928  2501 D AppWidgetServiceImpl: Trying to notify widget update for package com.digimon.glyph with widget id: 8
02-24 23:48:25.834  1928  2501 D AppWidgetServiceImpl: Trying to notify widget update for package com.digimon.glyph with widget id: 8
02-24 23:48:26.614  1928  2501 D AppWidgetServiceImpl: Trying to notify widget update for package com.digimon.glyph with widget id: 8
02-24 23:48:26.883  1928  2501 D AppWidgetServiceImpl: Trying to notify widget update for package com.digimon.glyph with widget id: 8
02-24 23:48:27.411  1928  2501 D AppWidgetServiceImpl: Trying to notify widget update for package com.digimon.glyph with widget id: 8
02-24 23:48:27.940  1928  2501 D AppWidgetServiceImpl: Trying to notify widget update for package com.digimon.glyph with widget id: 8
02-24 23:48:28.468  1928  2501 D AppWidgetServiceImpl: Trying to notify widget update for package com.digimon.glyph with widget id: 8
02-24 23:48:28.996  1928  2501 D AppWidgetServiceImpl: Trying to notify widget update for package com.digimon.glyph with widget id: 8
02-24 23:48:29.524  1928  2501 D AppWidgetServiceImpl: Trying to notify widget update for package com.digimon.glyph with widget id: 8
02-24 23:48:30.051  1928  2501 D AppWidgetServiceImpl: Trying to notify widget update for package com.digimon.glyph with widget id: 8
02-24 23:48:30.578  1928  2501 D AppWidgetServiceImpl: Trying to notify widget update for package com.digimon.glyph with widget id: 8
02-24 23:48:30.854  1928  2501 D AppWidgetServiceImpl: Trying to notify widget update for package com.digimon.glyph with widget id: 8
02-24 23:48:31.381  1928  2501 D AppWidgetServiceImpl: Trying to notify widget update for package com.digimon.glyph with widget id: 8
02-24 23:48:31.908  1928  2501 D AppWidgetServiceImpl: Trying to notify widget update for package com.digimon.glyph with widget id: 8
02-24 23:48:32.436  1928  2501 D AppWidgetServiceImpl: Trying to notify widget update for package com.digimon.glyph with widget id: 8
02-24 23:48:32.963  1928  2501 D AppWidgetServiceImpl: Trying to notify widget update for package com.digimon.glyph with widget id: 8
02-24 23:48:33.491  1928  2501 D AppWidgetServiceImpl: Trying to notify widget update for package com.digimon.glyph with widget id: 8
02-24 23:48:34.019  1928  2501 D AppWidgetServiceImpl: Trying to notify widget update for package com.digimon.glyph with widget id: 8
02-24 23:48:34.547  1928  2501 D AppWidgetServiceImpl: Trying to notify widget update for package com.digimon.glyph with widget id: 8
02-24 23:48:35.075  1928  2501 D AppWidgetServiceImpl: Trying to notify widget update for package com.digimon.glyph with widget id: 8
02-24 23:48:35.603  1928  2501 D AppWidgetServiceImpl: Trying to notify widget update for package com.digimon.glyph with widget id: 8
02-24 23:48:35.882  1928  2501 D AppWidgetServiceImpl: Trying to notify widget update for package com.digimon.glyph with widget id: 8
02-24 23:48:36.405  1928  2248 D ActivityManager: freezing 7801 com.google.android.apps.turbo
02-24 23:48:36.413  1928  2501 D AppWidgetServiceImpl: Trying to notify widget update for package com.digimon.glyph with widget id: 8
02-24 23:48:36.943  1928  2501 D AppWidgetServiceImpl: Trying to notify widget update for package com.digimon.glyph with widget id: 8
02-24 23:48:37.473  1928  2501 D AppWidgetServiceImpl: Trying to notify widget update for package com.digimon.glyph with widget id: 8
02-24 23:48:38.004  1928  2501 D AppWidgetServiceImpl: Trying to notify widget update for package com.digimon.glyph with widget id: 8
02-24 23:48:38.531  1928  2501 D AppWidgetServiceImpl: Trying to notify widget update for package com.digimon.glyph with widget id: 8
02-24 23:48:39.059  1928  2501 D AppWidgetServiceImpl: Trying to notify widget update for package com.digimon.glyph with widget id: 8
02-24 23:48:39.588  1928  2501 D AppWidgetServiceImpl: Trying to notify widget update for package com.digimon.glyph with widget id: 8
02-24 23:48:39.867  1928  2501 D AppWidgetServiceImpl: Trying to notify widget update for package com.digimon.glyph with widget id: 8
02-24 23:48:40.397  1928  2501 D AppWidgetServiceImpl: Trying to notify widget update for package com.digimon.glyph with widget id: 8
02-24 23:48:40.927  1928  2501 D AppWidgetServiceImpl: Trying to notify widget update for package com.digimon.glyph with widget id: 8
02-24 23:48:41.456  1928  2501 D AppWidgetServiceImpl: Trying to notify widget update for package com.digimon.glyph with widget id: 8
02-24 23:48:41.986  1928  2501 D AppWidgetServiceImpl: Trying to notify widget update for package com.digimon.glyph with widget id: 8
02-24 23:48:42.514  1928  2501 D AppWidgetServiceImpl: Trying to notify widget update for package com.digimon.glyph with widget id: 8
02-24 23:48:43.043  1928  2501 D AppWidgetServiceImpl: Trying to notify widget update for package com.digimon.glyph with widget id: 8
02-24 23:48:43.570  1928  2501 D AppWidgetServiceImpl: Trying to notify widget update for package com.digimon.glyph with widget id: 8
02-24 23:48:43.845  1928  2501 D AppWidgetServiceImpl: Trying to notify widget update for package com.digimon.glyph with widget id: 8
02-24 23:48:44.372  1928  2501 D AppWidgetServiceImpl: Trying to notify widget update for package com.digimon.glyph with widget id: 8
02-24 23:48:44.899  1928  2501 D AppWidgetServiceImpl: Trying to notify widget update for package com.digimon.glyph with widget id: 8
02-24 23:48:45.427  1928  2501 D AppWidgetServiceImpl: Trying to notify widget update for package com.digimon.glyph with widget id: 8
02-24 23:48:45.955  1928  2501 D AppWidgetServiceImpl: Trying to notify widget update for package com.digimon.glyph with widget id: 8
02-24 23:48:46.483  1928  2501 D AppWidgetServiceImpl: Trying to notify widget update for package com.digimon.glyph with widget id: 8
02-24 23:48:47.011  1928  2501 D AppWidgetServiceImpl: Trying to notify widget update for package com.digimon.glyph with widget id: 8
02-24 23:48:47.539  1928  2501 D AppWidgetServiceImpl: Trying to notify widget update for package com.digimon.glyph with widget id: 8
02-24 23:48:48.066  1928  2501 D AppWidgetServiceImpl: Trying to notify widget update for package com.digimon.glyph with widget id: 8
02-24 23:48:48.594  1928  2501 D AppWidgetServiceImpl: Trying to notify widget update for package com.digimon.glyph with widget id: 8
02-24 23:48:48.874  1928  2501 D AppWidgetServiceImpl: Trying to notify widget update for package com.digimon.glyph with widget id: 8
02-24 23:48:49.403  1928  2501 D AppWidgetServiceImpl: Trying to notify widget update for package com.digimon.glyph with widget id: 8
02-24 23:48:49.934  1928  2501 D AppWidgetServiceImpl: Trying to notify widget update for package com.digimon.glyph with widget id: 8
02-24 23:48:50.464  1928  2501 D AppWidgetServiceImpl: Trying to notify widget update for package com.digimon.glyph with widget id: 8
02-24 23:48:50.993  1928  2501 D AppWidgetServiceImpl: Trying to notify widget update for package com.digimon.glyph with widget id: 8
02-24 23:48:51.522  1928  2501 D AppWidgetServiceImpl: Trying to notify widget update for package com.digimon.glyph with widget id: 8
02-24 23:48:52.050  1928  2501 D AppWidgetServiceImpl: Trying to notify widget update for package com.digimon.glyph with widget id: 8
02-24 23:48:52.578  1928  2501 D AppWidgetServiceImpl: Trying to notify widget update for package com.digimon.glyph with widget id: 8
02-24 23:48:52.853  1928  2501 D AppWidgetServiceImpl: Trying to notify widget update for package com.digimon.glyph with widget id: 8
02-24 23:48:53.379  1928  2501 D AppWidgetServiceImpl: Trying to notify widget update for package com.digimon.glyph with widget id: 8
02-24 23:48:53.906  1928  2501 D AppWidgetServiceImpl: Trying to notify widget update for package com.digimon.glyph with widget id: 8
02-24 23:48:54.434  1928  2501 D AppWidgetServiceImpl: Trying to notify widget update for package com.digimon.glyph with widget id: 8
02-24 23:48:54.962  1928  2501 D AppWidgetServiceImpl: Trying to notify widget update for package com.digimon.glyph with widget id: 8
02-24 23:48:55.490  1928  2501 D AppWidgetServiceImpl: Trying to notify widget update for package com.digimon.glyph with widget id: 8
02-24 23:48:56.017  1928  2501 D AppWidgetServiceImpl: Trying to notify widget update for package com.digimon.glyph with widget id: 8
02-24 23:48:56.546  1928  2501 D AppWidgetServiceImpl: Trying to notify widget update for package com.digimon.glyph with widget id: 8
02-24 23:48:57.074  1928  2501 D AppWidgetServiceImpl: Trying to notify widget update for package com.digimon.glyph with widget id: 8
02-24 23:48:57.602  1928  2501 D AppWidgetServiceImpl: Trying to notify widget update for package com.digimon.glyph with widget id: 8
02-24 23:48:57.881  1928  2501 D AppWidgetServiceImpl: Trying to notify widget update for package com.digimon.glyph with widget id: 8
02-24 23:48:58.410  1928  2501 D AppWidgetServiceImpl: Trying to notify widget update for package com.digimon.glyph with widget id: 8
02-24 23:48:58.938  1928  2501 D AppWidgetServiceImpl: Trying to notify widget update for package com.digimon.glyph with widget id: 8
02-24 23:48:59.469  1928  2501 D AppWidgetServiceImpl: Trying to notify widget update for package com.digimon.glyph with widget id: 8
02-24 23:49:00.000  1928  2501 D AppWidgetServiceImpl: Trying to notify widget update for package com.digimon.glyph with widget id: 8
02-24 23:49:00.375  1928  2653 D ActivityManager: sync unfroze 7801 com.google.android.apps.turbo for 7
02-24 23:49:00.376  1928  2554 D BackgroundInstallControlService: Package event received: 0
02-24 23:49:00.529  1928  2501 D AppWidgetServiceImpl: Trying to notify widget update for package com.digimon.glyph with widget id: 8
02-24 23:49:01.057  1928  2501 D AppWidgetServiceImpl: Trying to notify widget update for package com.digimon.glyph with widget id: 8
02-24 23:49:01.585  1928  2501 D AppWidgetServiceImpl: Trying to notify widget update for package com.digimon.glyph with widget id: 8
02-24 23:49:01.860  1928  2501 D AppWidgetServiceImpl: Trying to notify widget update for package com.digimon.glyph with widget id: 8
02-24 23:49:02.388  1928  2501 D AppWidgetServiceImpl: Trying to notify widget update for package com.digimon.glyph with widget id: 8
02-24 23:49:02.916  1928  2501 D AppWidgetServiceImpl: Trying to notify widget update for package com.digimon.glyph with widget id: 8
02-24 23:49:03.443  1928  2501 D AppWidgetServiceImpl: Trying to notify widget update for package com.digimon.glyph with widget id: 8
02-24 23:49:03.971  1928  2501 D AppWidgetServiceImpl: Trying to notify widget update for package com.digimon.glyph with widget id: 8
02-24 23:49:04.498  1928  2501 D AppWidgetServiceImpl: Trying to notify widget update for package com.digimon.glyph with widget id: 8
02-24 23:49:05.026  1928  2501 D AppWidgetServiceImpl: Trying to notify widget update for package com.digimon.glyph with widget id: 8
02-24 23:49:05.555  1928  2501 D AppWidgetServiceImpl: Trying to notify widget update for package com.digimon.glyph with widget id: 8
02-24 23:49:05.834  1928  2501 D AppWidgetServiceImpl: Trying to notify widget update for package com.digimon.glyph with widget id: 8
02-24 23:49:06.612  1928  2501 D AppWidgetServiceImpl: Trying to notify widget update for package com.digimon.glyph with widget id: 8
02-24 23:49:06.892  1928  2501 D AppWidgetServiceImpl: Trying to notify widget update for package com.digimon.glyph with widget id: 8
02-24 23:49:07.422  1928  2501 D AppWidgetServiceImpl: Trying to notify widget update for package com.digimon.glyph with widget id: 8
02-24 23:49:07.952  1928  2501 D AppWidgetServiceImpl: Trying to notify widget update for package com.digimon.glyph with widget id: 8
02-24 23:49:08.480  1928  2501 D AppWidgetServiceImpl: Trying to notify widget update for package com.digimon.glyph with widget id: 8
02-24 23:49:09.009  1928  2501 D AppWidgetServiceImpl: Trying to notify widget update for package com.digimon.glyph with widget id: 8
02-24 23:49:09.538  1928  2501 D AppWidgetServiceImpl: Trying to notify widget update for package com.digimon.glyph with widget id: 8
02-24 23:49:10.067  1928  2501 D AppWidgetServiceImpl: Trying to notify widget update for package com.digimon.glyph with widget id: 8
02-24 23:49:10.594  1928  2501 D AppWidgetServiceImpl: Trying to notify widget update for package com.digimon.glyph with widget id: 8
02-24 23:49:10.869  1928  2501 D AppWidgetServiceImpl: Trying to notify widget update for package com.digimon.glyph with widget id: 8
02-24 23:49:11.397  1928  2501 D AppWidgetServiceImpl: Trying to notify widget update for package com.digimon.glyph with widget id: 8
02-24 23:49:11.924  1928  2501 D AppWidgetServiceImpl: Trying to notify widget update for package com.digimon.glyph with widget id: 8
02-24 23:49:12.451  1928  2501 D AppWidgetServiceImpl: Trying to notify widget update for package com.digimon.glyph with widget id: 8
02-24 23:49:12.979  1928  2501 D AppWidgetServiceImpl: Trying to notify widget update for package com.digimon.glyph with widget id: 8
02-24 23:49:13.507  1928  2501 D AppWidgetServiceImpl: Trying to notify widget update for package com.digimon.glyph with widget id: 8
02-24 23:49:14.036  1928  2501 D AppWidgetServiceImpl: Trying to notify widget update for package com.digimon.glyph with widget id: 8
02-24 23:49:14.564  1928  2501 D AppWidgetServiceImpl: Trying to notify widget update for package com.digimon.glyph with widget id: 8
02-24 23:49:14.831  1928  2501 D AppWidgetServiceImpl: Trying to notify widget update for package com.digimon.glyph with widget id: 8
02-24 23:49:15.611  1928  2501 D AppWidgetServiceImpl: Trying to notify widget update for package com.digimon.glyph with widget id: 8
02-24 23:49:15.888  1928  2501 D AppWidgetServiceImpl: Trying to notify widget update for package com.digimon.glyph with widget id: 8
02-24 23:49:16.417  1928  2501 D AppWidgetServiceImpl: Trying to notify widget update for package com.digimon.glyph with widget id: 8
02-24 23:49:16.946  1928  2501 D AppWidgetServiceImpl: Trying to notify widget update for package com.digimon.glyph with widget id: 8
02-24 23:49:17.474  1928  2501 D AppWidgetServiceImpl: Trying to notify widget update for package com.digimon.glyph with widget id: 8
02-24 23:49:18.002  1928  2501 D AppWidgetServiceImpl: Trying to notify widget update for package com.digimon.glyph with widget id: 8
02-24 23:49:18.530  1928  2501 D AppWidgetServiceImpl: Trying to notify widget update for package com.digimon.glyph with widget id: 8
02-24 23:49:19.059  1928  2501 D AppWidgetServiceImpl: Trying to notify widget update for package com.digimon.glyph with widget id: 8
02-24 23:49:19.587  1928  2501 D AppWidgetServiceImpl: Trying to notify widget update for package com.digimon.glyph with widget id: 8
02-24 23:49:19.865  1928  2501 D AppWidgetServiceImpl: Trying to notify widget update for package com.digimon.glyph with widget id: 8
02-24 23:49:20.389  1928  2501 D AppWidgetServiceImpl: Trying to notify widget update for package com.digimon.glyph with widget id: 8
02-24 23:49:20.917  1928  2501 D AppWidgetServiceImpl: Trying to notify widget update for package com.digimon.glyph with widget id: 8
02-24 23:49:21.444  1928  2501 D AppWidgetServiceImpl: Trying to notify widget update for package com.digimon.glyph with widget id: 8
02-24 23:49:21.972  1928  2501 D AppWidgetServiceImpl: Trying to notify widget update for package com.digimon.glyph with widget id: 8
02-24 23:49:22.499  1928  2501 D AppWidgetServiceImpl: Trying to notify widget update for package com.digimon.glyph with widget id: 8
02-24 23:49:23.027  1928  2501 D AppWidgetServiceImpl: Trying to notify widget update for package com.digimon.glyph with widget id: 8
02-24 23:49:23.555  1928  2501 D AppWidgetServiceImpl: Trying to notify widget update for package com.digimon.glyph with widget id: 8
02-24 23:49:23.833  1928  2501 D AppWidgetServiceImpl: Trying to notify widget update for package com.digimon.glyph with widget id: 8
02-24 23:49:24.611  1928  2501 D AppWidgetServiceImpl: Trying to notify widget update for package com.digimon.glyph with widget id: 8
02-24 23:49:24.889  1928  2501 D AppWidgetServiceImpl: Trying to notify widget update for package com.digimon.glyph with widget id: 8
02-24 23:49:25.418  1928  2501 D AppWidgetServiceImpl: Trying to notify widget update for package com.digimon.glyph with widget id: 8
02-24 23:49:25.948  1928  2501 D AppWidgetServiceImpl: Trying to notify widget update for package com.digimon.glyph with widget id: 8
02-24 23:49:26.476  1928  2501 D AppWidgetServiceImpl: Trying to notify widget update for package com.digimon.glyph with widget id: 8
02-24 23:49:27.006  1928  2501 D AppWidgetServiceImpl: Trying to notify widget update for package com.digimon.glyph with widget id: 8
02-24 23:49:27.535  1928  2501 D AppWidgetServiceImpl: Trying to notify widget update for package com.digimon.glyph with widget id: 8
02-24 23:49:28.064  1928  2501 D AppWidgetServiceImpl: Trying to notify widget update for package com.digimon.glyph with widget id: 8
02-24 23:49:28.594  1928  2501 D AppWidgetServiceImpl: Trying to notify widget update for package com.digimon.glyph with widget id: 8
02-24 23:49:28.868  1928  2501 D AppWidgetServiceImpl: Trying to notify widget update for package com.digimon.glyph with widget id: 8
02-24 23:49:29.396  1928  2501 D AppWidgetServiceImpl: Trying to notify widget update for package com.digimon.glyph with widget id: 8
02-24 23:49:29.928  1928  2501 D AppWidgetServiceImpl: Trying to notify widget update for package com.digimon.glyph with widget id: 8
02-24 23:49:30.453  1928  2501 D AppWidgetServiceImpl: Trying to notify widget update for package com.digimon.glyph with widget id: 8
02-24 23:49:30.980  1928  2501 D AppWidgetServiceImpl: Trying to notify widget update for package com.digimon.glyph with widget id: 8
02-24 23:49:31.508  1928  2501 D AppWidgetServiceImpl: Trying to notify widget update for package com.digimon.glyph with widget id: 8
02-24 23:49:32.037  1928  2501 D AppWidgetServiceImpl: Trying to notify widget update for package com.digimon.glyph with widget id: 8
02-24 23:49:32.564  1928  2501 D AppWidgetServiceImpl: Trying to notify widget update for package com.digimon.glyph with widget id: 8
02-24 23:49:32.832  1928  2501 D AppWidgetServiceImpl: Trying to notify widget update for package com.digimon.glyph with widget id: 8
02-24 23:49:33.613  1928  2501 D AppWidgetServiceImpl: Trying to notify widget update for package com.digimon.glyph with widget id: 8
02-24 23:49:33.890  1928  2501 D AppWidgetServiceImpl: Trying to notify widget update for package com.digimon.glyph with widget id: 8
02-24 23:49:34.418  1928  2501 D AppWidgetServiceImpl: Trying to notify widget update for package com.digimon.glyph with widget id: 8
02-24 23:49:34.947  1928  2501 D AppWidgetServiceImpl: Trying to notify widget update for package com.digimon.glyph with widget id: 8
02-24 23:49:35.475  1928  2501 D AppWidgetServiceImpl: Trying to notify widget update for package com.digimon.glyph with widget id: 8
02-24 23:49:36.003  1928  2501 D AppWidgetServiceImpl: Trying to notify widget update for package com.digimon.glyph with widget id: 8
02-24 23:49:36.392  1928  2248 D ActivityManager: freezing 7801 com.google.android.apps.turbo
02-24 23:49:36.531  1928  2501 D AppWidgetServiceImpl: Trying to notify widget update for package com.digimon.glyph with widget id: 8
02-24 23:49:37.059  1928  2501 D AppWidgetServiceImpl: Trying to notify widget update for package com.digimon.glyph with widget id: 8
02-24 23:49:37.586  1928  2501 D AppWidgetServiceImpl: Trying to notify widget update for package com.digimon.glyph with widget id: 8
02-24 23:49:37.866  1928  2501 D AppWidgetServiceImpl: Trying to notify widget update for package com.digimon.glyph with widget id: 8
02-24 23:49:38.397  1928  2501 D AppWidgetServiceImpl: Trying to notify widget update for package com.digimon.glyph with widget id: 8
02-24 23:49:38.928  1928  2501 D AppWidgetServiceImpl: Trying to notify widget update for package com.digimon.glyph with widget id: 8
02-24 23:49:39.458  1928  2501 D AppWidgetServiceImpl: Trying to notify widget update for package com.digimon.glyph with widget id: 8
02-24 23:49:39.987  1928  2501 D AppWidgetServiceImpl: Trying to notify widget update for package com.digimon.glyph with widget id: 8
02-24 23:49:40.516  1928  2501 D AppWidgetServiceImpl: Trying to notify widget update for package com.digimon.glyph with widget id: 8
02-24 23:49:41.044  1928  2501 D AppWidgetServiceImpl: Trying to notify widget update for package com.digimon.glyph with widget id: 8
02-24 23:49:41.573  1928  2501 D AppWidgetServiceImpl: Trying to notify widget update for package com.digimon.glyph with widget id: 8
02-24 23:49:41.852  1928  2501 D AppWidgetServiceImpl: Trying to notify widget update for package com.digimon.glyph with widget id: 8
02-24 23:49:42.040  1928  2240 D ActivityManager: sync unfroze 17757 com.whatsapp for 6
02-24 23:49:42.043  1928  2078 I ActivityManager: Start proc 18780:com.android.vending:background/u0a409 for service {com.android.vending/com.google.android.finsky.scheduler.process.backgroundimpl.PhoneskyJobServiceBackground}
02-24 23:49:42.045  1928  2240 W JobServiceContext: Sending onNetworkChanged for a job that isn't started. JobStatus{b081d9f androidx.work.systemjobscheduler:u0a497/26723 @androidx.work.systemjobscheduler@com.whatsapp/androidx.work.impl.background.systemjob.SystemJobService u=0 s=10497 TIME=-2m28s327ms:none NET READY}
02-24 23:49:42.047  1928  2077 W ProcessStats: Tracking association SourceState{f0a071a system/1000 ImpBg #12608} whose proc state 6 is better than process ProcessState{3b2a80d com.whatsapp/10497 pkg=com.whatsapp} proc state 14 (3 skipped)
02-24 23:49:42.056  1928  2078 I ActivityManager: Start proc 18787:com.google.android.apps.photos/u0a512 for service {com.google.android.apps.photos/com.google.android.apps.photos.dbprocessor.impl.DatabaseProcessorJobService}
02-24 23:49:42.108  1928  2611 D ActivityManager: sync unfroze 3702 com.google.android.gms for 4
02-24 23:49:42.260  1928  2554 D BackgroundInstallControlService: Package event received: 0
02-24 23:49:42.276  1928  2611 W JobScheduler: Job didn't exist in JobStore: b12a897 #u0a409/10879 com.android.vending/com.google.android.finsky.scheduler.process.backgroundimpl.PhoneskyJobServiceBackground
02-24 23:49:42.368  1928  2501 D AppWidgetServiceImpl: Trying to notify widget update for package com.digimon.glyph with widget id: 8
02-24 23:49:42.892  1928  2501 D AppWidgetServiceImpl: Trying to notify widget update for package com.digimon.glyph with widget id: 8
02-24 23:49:42.990  3702 18017 V Configuration: Updating configuration, locales updated from [es_ES,en_GB] to [en_GB,es_ES]
02-24 23:49:43.117  1928  2554 D BackgroundInstallControlService: Package event received: 0
02-24 23:49:43.152  3702 18017 V Configuration: Updating configuration, locales updated from [es_ES,en_GB] to [en_GB,es_ES]
