02-24 23:49:51.988  1928  2078 I ActivityManager: Start proc 20326:com.android.documentsui/u0a369 for backup {com.android.documentsui/com.android.documentsui.prefs.BackupAgent}
02-24 23:49:52.088  1928  4238 D BackupManagerService: [UserID:0] agentConnected pkg=com.android.documentsui agent=android.os.BinderProxy@8f77fa3
02-24 23:49:52.088  1928 18943 D KeyValueBackupTask: Invoking agent on com.android.documentsui
02-24 23:49:52.119  1928 18943 V BackupManagerConstants: getBackupFinishedNotificationReceivers(...) returns 
02-24 23:49:52.121  1928 18943 D KeyValueBackupTask: Starting key-value backup of org.telegram.messenger
02-24 23:49:52.124  1928 18943 D CompatChangeReporter: Compat change id reported: 151861875; UID 10495; state: ENABLED
02-24 23:49:52.127  1928 18943 D BackupManagerService: [UserID:0] awaiting agent for org.telegram.messenger
02-24 23:49:52.137  1928  2078 I ActivityManager: Start proc 20363:org.telegram.messenger/u0a495 for backup {org.telegram.messenger/org.telegram.messenger.BackupAgent}
02-24 23:49:52.482  1928  2501 D AppWidgetServiceImpl: Trying to notify widget update for package com.digimon.glyph with widget id: 8
02-24 23:49:52.996  1928  2501 D AppWidgetServiceImpl: Trying to notify widget update for package com.digimon.glyph with widget id: 8
02-24 23:49:53.235  1928  2248 D ActivityManager: freezing 18780 com.android.vending:background
02-24 23:49:53.515  1928  2501 D AppWidgetServiceImpl: Trying to notify widget update for package com.digimon.glyph with widget id: 8
02-24 23:49:53.552  1928  4238 W ActivityManager: Background start not allowed: service Intent { cmp=org.telegram.messenger/.NotificationsService } to org.telegram.messenger/.NotificationsService from pid=20363 uid=10495 pkg=org.telegram.messenger startFg?=false
02-24 23:49:53.555  1928  4238 D BackupManagerService: [UserID:0] agentConnected pkg=org.telegram.messenger agent=android.os.BinderProxy@b33e1b6
02-24 23:49:53.555  1928 18943 D KeyValueBackupTask: Invoking agent on org.telegram.messenger
02-24 23:49:53.713  1928 18943 V BackupManagerConstants: getBackupFinishedNotificationReceivers(...) returns 
02-24 23:49:53.715  1928 18943 D KeyValueBackupTask: Starting key-value backup of com.google.android.apps.docs
02-24 23:49:53.717  1928 18943 D BackupManagerService: [UserID:0] awaiting agent for com.google.android.apps.docs
02-24 23:49:53.722  1928  5545 D BackupManagerService: [UserID:0] agentConnected pkg=com.google.android.apps.docs agent=android.os.BinderProxy@dfb5a3e
02-24 23:49:53.724  1928 18943 D KeyValueBackupTask: Invoking agent on com.google.android.apps.docs
02-24 23:49:53.770  1928 18943 V BackupManagerConstants: getBackupFinishedNotificationReceivers(...) returns 
02-24 23:49:53.776  1928 18943 D KeyValueBackupTask: Starting key-value backup of com.google.android.marvin.talkback
02-24 23:49:53.786  1928 18943 D BackupManagerService: [UserID:0] awaiting agent for com.google.android.marvin.talkback
02-24 23:49:53.808  1928  2078 I ActivityManager: Start proc 20467:com.google.android.marvin.talkback/u0a595 for backup {com.google.android.marvin.talkback/com.google.android.accessibility.talkback.TalkBackBackupAgent}
02-24 23:49:54.001  1928  4238 D BackupManagerService: [UserID:0] agentConnected pkg=com.google.android.marvin.talkback agent=android.os.BinderProxy@9927f9b
02-24 23:49:54.001  1928 18943 D KeyValueBackupTask: Invoking agent on com.google.android.marvin.talkback
02-24 23:49:54.032  1928  2501 D AppWidgetServiceImpl: Trying to notify widget update for package com.digimon.glyph with widget id: 8
02-24 23:49:54.041  1928  2554 D BackgroundInstallControlService: Package event received: 0
02-24 23:49:54.088  1928 18943 V BackupManagerConstants: getBackupFinishedNotificationReceivers(...) returns 
02-24 23:49:54.112  1928 18943 D KeyValueBackupTask: Starting key-value backup of com.google.android.deskclock
02-24 23:49:54.118  1928 18943 D BackupManagerService: [UserID:0] awaiting agent for com.google.android.deskclock
02-24 23:49:54.131  1928  2078 I ActivityManager: Start proc 20499:com.google.android.deskclock/u0a517 for backup {com.google.android.deskclock/com.android.deskclock.backuprestore.ClockBackupAgent}
02-24 23:49:54.250  1928  4238 D NotificationService: Ignored enqueue for old 1768078174000 notification 0|org.telegram.messenger|-271260261|null|10495
02-24 23:49:54.261  1928  2022 D NotificationService: Ignored enqueue for old 1766817774000 notification 0|org.telegram.messenger|-351351806|null|10495
02-24 23:49:54.268  1928  2076 W NotificationHistory: Attempted to remove conversation for locked/gone/disabled user 0
02-24 23:49:54.268  1928  2076 W NotificationHistory: Attempted to remove conversation for locked/gone/disabled user 0
02-24 23:49:54.280  1928  2022 D NotificationService: Ignored enqueue for old 1766235214000 notification 0|org.telegram.messenger|-609197686|null|10495
02-24 23:49:54.284  1928  2076 W NotificationHistory: Attempted to remove conversation for locked/gone/disabled user 0
02-24 23:49:54.293  1928  2022 D NotificationService: Ignored enqueue for old 1755965898000 notification 0|org.telegram.messenger|-175905547|null|10495
02-24 23:49:54.296  1928  2076 W NotificationHistory: Attempted to remove conversation for locked/gone/disabled user 0
02-24 23:49:54.326  1928  5545 D BackupManagerService: [UserID:0] agentConnected pkg=com.google.android.deskclock agent=android.os.BinderProxy@688b1a5
02-24 23:49:54.326  1928 18943 D KeyValueBackupTask: Invoking agent on com.google.android.deskclock
02-24 23:49:54.545  1928  2501 D AppWidgetServiceImpl: Trying to notify widget update for package com.digimon.glyph with widget id: 8
02-24 23:49:54.602  1928 18943 V BackupManagerConstants: getBackupFinishedNotificationReceivers(...) returns 
02-24 23:49:54.609  1928 18943 D KeyValueBackupTask: Starting key-value backup of com.android.providers.blockednumber
02-24 23:49:54.611  1928 18943 D BackupManagerService: [UserID:0] awaiting agent for com.android.providers.blockednumber
02-24 23:49:54.615  1928  5545 D BackupManagerService: [UserID:0] agentConnected pkg=com.android.providers.blockednumber agent=android.os.BinderProxy@a7e71ce
02-24 23:49:54.615  1928 18943 D KeyValueBackupTask: Invoking agent on com.android.providers.blockednumber
02-24 23:49:54.634  1928 18943 V BackupManagerConstants: getBackupFinishedNotificationReceivers(...) returns 
02-24 23:49:54.686  1928 18943 I KeyValueBackupTask: K/V backup pass finished
02-24 23:49:54.687  1928 18943 V BackupManagerService: [UserID:0] Released wakelock:*backup*-0-4072
02-24 23:49:54.863  1928  2022 D NotificationService: Ignored enqueue for old 1768078174000 notification 0|org.telegram.messenger|-271260261|null|10495
02-24 23:49:54.865  1928  2076 W NotificationHistory: Attempted to remove conversation for locked/gone/disabled user 0
02-24 23:49:54.876  1928  2022 D NotificationService: Ignored enqueue for old 1766817774000 notification 0|org.telegram.messenger|-351351806|null|10495
02-24 23:49:54.877  1928  2076 W NotificationHistory: Attempted to remove conversation for locked/gone/disabled user 0
02-24 23:49:54.886  1928  5545 D NotificationService: Ignored enqueue for old 1766235214000 notification 0|org.telegram.messenger|-609197686|null|10495
02-24 23:49:54.888  1928  2076 W NotificationHistory: Attempted to remove conversation for locked/gone/disabled user 0
02-24 23:49:54.899  1928  2022 D NotificationService: Ignored enqueue for old 1755965898000 notification 0|org.telegram.messenger|-175905547|null|10495
02-24 23:49:54.901  1928  2076 W NotificationHistory: Attempted to remove conversation for locked/gone/disabled user 0
02-24 23:49:55.062  1928  2501 D AppWidgetServiceImpl: Trying to notify widget update for package com.digimon.glyph with widget id: 8
02-24 23:49:55.315  1928  2202 I AppsFilter: interaction: PackageSetting{b95a2f com.pavelrekun.rekado/10153} -> PackageSetting{4e0ab04 com.google.android.deskclock/10517} BLOCKED
02-24 23:49:55.316  1928  2202 I AppsFilter: interaction: PackageSetting{f41c6de com.digimon.glyph/10654} -> PackageSetting{4e0ab04 com.google.android.deskclock/10517} BLOCKED
02-24 23:49:55.324  1928  2551 D ShortcutService: received package broadcast intent: Intent { act=android.intent.action.PACKAGE_CHANGED dat=package: flg=0x45000010 (has extras) }
02-24 23:49:55.324  1928  2551 D ShortcutService: changing package: com.google.android.deskclock userId=0
02-24 23:49:55.326  1928  2501 D AppWidgetServiceImpl: Trying to notify widget providers changed
02-24 23:49:55.333  1928  3278 W AppOpService: Ignored setUidMode call for runtime permission app op: uid = 10420, code = RECEIVE_WAP_PUSH, mode = allow, callingUid = 1001, oldMode = allow
02-24 23:49:55.333  1928  4247 W AppOpService: Ignored setUidMode call for runtime permission app op: uid = 10420, code = READ_CELL_BROADCASTS, mode = allow, callingUid = 1001, oldMode = allow
02-24 23:49:55.336  1928  5545 W AppOpService: Ignored setUidMode call for runtime permission app op: uid = 1001, code = READ_SMS, mode = allow, callingUid = 1001, oldMode = allow
02-24 23:49:55.336  1928  2595 W AppOpService: Ignored setUidMode call for runtime permission app op: uid = 1001, code = RECEIVE_SMS, mode = allow, callingUid = 1001, oldMode = allow
02-24 23:49:55.336  1928  2595 W AppOpService: Ignored setUidMode call for runtime permission app op: uid = 1001, code = RECEIVE_WAP_PUSH, mode = allow, callingUid = 1001, oldMode = allow
02-24 23:49:55.336  1928  2595 W AppOpService: Ignored setUidMode call for runtime permission app op: uid = 1001, code = SEND_SMS, mode = allow, callingUid = 1001, oldMode = allow
02-24 23:49:55.337  1928  2595 W AppOpService: Ignored setUidMode call for runtime permission app op: uid = 1001, code = READ_CELL_BROADCASTS, mode = allow, callingUid = 1001, oldMode = allow
02-24 23:49:55.339  1928  2275 W MagnificationConnectionManager: requestConnection duplicated request: connect=false, mConnectionState=DISCONNECTED
02-24 23:49:55.343  1928  3298 W AppOpService: Ignored setUidMode call for runtime permission app op: uid = 10420, code = RECEIVE_WAP_PUSH, mode = allow, callingUid = 1001, oldMode = allow
02-24 23:49:55.343  1928  3298 W AppOpService: Ignored setUidMode call for runtime permission app op: uid = 10420, code = READ_CELL_BROADCASTS, mode = allow, callingUid = 1001, oldMode = allow
02-24 23:49:55.344  1928  2280 W AppOpService: Ignored setUidMode call for runtime permission app op: uid = 1001, code = READ_SMS, mode = allow, callingUid = 1001, oldMode = allow
02-24 23:49:55.344  1928  2280 W AppOpService: Ignored setUidMode call for runtime permission app op: uid = 1001, code = RECEIVE_SMS, mode = allow, callingUid = 1001, oldMode = allow
02-24 23:49:55.345  1928  4247 W AppOpService: Ignored setUidMode call for runtime permission app op: uid = 1001, code = RECEIVE_WAP_PUSH, mode = allow, callingUid = 1001, oldMode = allow
02-24 23:49:55.345  1928  4247 W AppOpService: Ignored setUidMode call for runtime permission app op: uid = 1001, code = SEND_SMS, mode = allow, callingUid = 1001, oldMode = allow
02-24 23:49:55.345  1928  4247 W AppOpService: Ignored setUidMode call for runtime permission app op: uid = 1001, code = READ_CELL_BROADCASTS, mode = allow, callingUid = 1001, oldMode = allow
02-24 23:49:55.522  1928  2280 I ActivityManager: Process com.android.webview:webview_service (pid 18546) has died: cch+5 CEM 
02-24 23:49:55.523  1928  2066 D DisplayManagerService: Drop pending events for gone uid 10427
02-24 23:49:55.580  1928  2501 D AppWidgetServiceImpl: Trying to notify widget update for package com.digimon.glyph with widget id: 8
02-24 23:49:55.839  1928  2501 D AppWidgetServiceImpl: Trying to notify widget update for package com.digimon.glyph with widget id: 8
02-24 23:49:56.205  2763  2763 V DreamService[DozeService]: UpdateDoze mDozeScreenState=1 mDozeScreenBrightness=10 mDozeScreenBrightnessFloat=NaN
02-24 23:49:56.206  1928  5545 D DreamManagerService: Dream requested to start dozing: android.os.Binder@e1ca5e6, screenState=OFF, reason=UNKNOWN, screenBrightnessFloat=NaN, screenBrightnessInt=10, useNormalBrightnessForDoze=false
02-24 23:49:56.208  1928  2118 I DisplayPowerController[0]: Blocking screen off
02-24 23:49:56.209  1928  2118 I DisplayPowerController[0]: Unblocked screen off after 1 ms
02-24 23:49:56.211  1928  2118 D WindowManager: Create SleepToken: tag=Display-off, displayId=0
02-24 23:49:56.212  1928  2118 I DisplayBrightnessStrategySelector: Changing the DisplayBrightnessStrategy from DozeBrightnessStrategy to ScreenOffBrightnessStrategy for display 0
02-24 23:49:56.213  1928  2118 V DisplayPowerController[0]: Brightness [0.0] reason changing to: 'screen_off', previous reason: 'doze'.
02-24 23:49:56.213  1928  2118 I DisplayPowerController[0]: BrightnessEvent: brt=0.0 (0.0%), nits= 2.079542, lux=-1.0, reason=screen_off, strat=ScreenOffBrightnessStrategy, state=OFF, stateReason=UNKNOWN, policy=DOZE, flags=, initBrt=0.035433073, rcmdBrt=NaN, preBrt=NaN, preLux=0.0, wasShortTermModelActive=true, autoBrightness=true (default), unclampedBrt=-1.0, hbmMax=1.0, hbmMode=off, thrmMax=1.0, rbcStrength=50, powerFactor=1.0, physDisp=Pantalla integrada(local:4630946950956839810), logicalId=0
02-24 23:49:56.217  1928  2068 I DisplayDeviceRepository: Display device changed state: "Pantalla integrada", OFF
02-24 23:49:56.221  1928  2066 I DisplayDevice: [0] Layerstack set to -1 for local:4630946950956839810
02-24 23:49:56.226  1928  2118 D BrightnessThermalClamper: Thermal status observer already started
02-24 23:49:56.351  1928  2501 D AppWidgetServiceImpl: Trying to notify widget update for package com.digimon.glyph with widget id: 8
02-24 23:49:56.409  1928  2118 D BrightnessThermalClamper: Thermal status observer already started
02-24 23:49:56.866  1928  2501 D AppWidgetServiceImpl: Trying to notify widget update for package com.digimon.glyph with widget id: 8
02-24 23:49:57.094  1928  2248 D ActivityManager: freezing 19022 com.google.android.apps.youtube.creator
02-24 23:49:57.380  1928  2501 D AppWidgetServiceImpl: Trying to notify widget update for package com.digimon.glyph with widget id: 8
02-24 23:49:57.577  1928  2248 D ActivityManager: freezing 19256 com.google.ar.core
02-24 23:49:57.792  1928  2248 D ActivityManager: freezing 19360 com.google.android.apps.restore
02-24 23:49:57.892  1928  2501 D AppWidgetServiceImpl: Trying to notify widget update for package com.digimon.glyph with widget id: 8
02-24 23:49:57.964  1928  2248 D ActivityManager: freezing 19437 com.google.android.apps.walletnfcrel
02-24 23:49:58.214  1928  2248 D ActivityManager: freezing 19160 com.google.android.apps.youtube.music
02-24 23:49:58.226  1928  2248 D ActivityManager: freezing 19480 com.android.vending:instant_app_installer
02-24 23:49:58.405  1928  2501 D AppWidgetServiceImpl: Trying to notify widget update for package com.digimon.glyph with widget id: 8
02-24 23:49:58.654  1928  4247 D CompatChangeReporter: Compat change id reported: 261072174; UID 10367; state: ENABLED
02-24 23:49:58.727   681 18944 I keystore2: system/security/keystore2/watchdog/src/lib.rs:356 - Watchdog thread idle -> terminating. Have a great day.
02-24 23:49:58.870  1928  2248 D ActivityManager: freezing 19713 com.google.android.apps.maps
02-24 23:49:58.919  1928  2501 D AppWidgetServiceImpl: Trying to notify widget update for package com.digimon.glyph with widget id: 8
02-24 23:49:58.938  1928  2248 D ActivityManager: freezing 19751 com.google.android.contacts
02-24 23:49:59.065  1928  2248 D ActivityManager: freezing 19790 com.google.android.contactkeys
02-24 23:49:59.433  1928  2501 D AppWidgetServiceImpl: Trying to notify widget update for package com.digimon.glyph with widget id: 8
02-24 23:49:59.435  1928  2248 D ActivityManager: freezing 14267 com.google.android.projection.gearhead:car
02-24 23:49:59.786  1928  2248 D ActivityManager: freezing 19601 com.google.android.apps.chromecast.app
02-24 23:49:59.947  1928  2501 D AppWidgetServiceImpl: Trying to notify widget update for package com.digimon.glyph with widget id: 8
02-24 23:50:00.374  1928  2554 D BackgroundInstallControlService: Package event received: 0
02-24 23:50:00.462  1928  2501 D AppWidgetServiceImpl: Trying to notify widget update for package com.digimon.glyph with widget id: 8
02-24 23:50:00.889  1928  2248 D ActivityManager: freezing 19982 io.github.pyoncord.manager
02-24 23:50:00.975  1928  2501 D AppWidgetServiceImpl: Trying to notify widget update for package com.digimon.glyph with widget id: 8
02-24 23:50:01.388  1928  2248 D ActivityManager: freezing 20253 com.android.adservices.api
02-24 23:50:01.488  1928  2501 D AppWidgetServiceImpl: Trying to notify widget update for package com.digimon.glyph with widget id: 8
02-24 23:50:01.535  1928  2248 D ActivityManager: freezing 19295 com.google.android.settings.intelligence
02-24 23:50:02.000  1928  2501 D AppWidgetServiceImpl: Trying to notify widget update for package com.digimon.glyph with widget id: 8
02-24 23:50:02.514  1928  2501 D AppWidgetServiceImpl: Trying to notify widget update for package com.digimon.glyph with widget id: 8
02-24 23:50:02.647  1928  2554 D BackgroundInstallControlService: Package event received: 0
02-24 23:50:03.043  1928  2501 D AppWidgetServiceImpl: Trying to notify widget update for package com.digimon.glyph with widget id: 8
02-24 23:50:03.571  1928  2501 D AppWidgetServiceImpl: Trying to notify widget update for package com.digimon.glyph with widget id: 8
02-24 23:50:03.834  1928  2501 D AppWidgetServiceImpl: Trying to notify widget update for package com.digimon.glyph with widget id: 8
02-24 23:50:04.080  1928  2248 D ActivityManager: freezing 19988 org.mozilla.firefox
02-24 23:50:04.082  1928  2248 D ActivityManager: freezing 20189 org.mozilla.firefox:tab18
02-24 23:50:04.083  1928  2248 D ActivityManager: freezing 20056 org.mozilla.firefox:crashhelper
02-24 23:50:04.183  1928  3298 W JobScheduler: Job didn't exist in JobStore: 2c6045c #u0a512/1034 com.google.android.apps.photos/com.google.android.libraries.social.mediamonitor.MediaMonitorJobSchedulerService
02-24 23:50:04.210  1928  3298 W UriGrantsManagerService: No permission grants found for com.google.android.apps.photos
02-24 23:50:04.211  1928  3298 W UriGrantsManagerService: No permission grants found for com.google.android.apps.photos
02-24 23:50:04.598  1928  2501 D AppWidgetServiceImpl: Trying to notify widget update for package com.digimon.glyph with widget id: 8
02-24 23:50:04.862  1928  2501 D AppWidgetServiceImpl: Trying to notify widget update for package com.digimon.glyph with widget id: 8
02-24 23:50:05.334  1928  2248 D ActivityManager: freezing 2687 com.android.settings
02-24 23:50:05.348  1928  2614 D CompatChangeReporter: Compat change id reported: 311208629; UID 10469; state: ENABLED
02-24 23:50:05.377  1928  2501 D AppWidgetServiceImpl: Trying to notify widget update for package com.digimon.glyph with widget id: 8
02-24 23:50:05.891  1928  2501 D AppWidgetServiceImpl: Trying to notify widget update for package com.digimon.glyph with widget id: 8
02-24 23:50:06.407  1928  2501 D AppWidgetServiceImpl: Trying to notify widget update for package com.digimon.glyph with widget id: 8
02-24 23:50:06.921  1928  2501 D AppWidgetServiceImpl: Trying to notify widget update for package com.digimon.glyph with widget id: 8
02-24 23:50:07.436  1928  2501 D AppWidgetServiceImpl: Trying to notify widget update for package com.digimon.glyph with widget id: 8
02-24 23:50:07.950  1928  2501 D AppWidgetServiceImpl: Trying to notify widget update for package com.digimon.glyph with widget id: 8
02-24 23:50:08.008  1928  4238 W ActivityManager: Background start not allowed: service Intent { cmp=com.google.android.apps.messaging/.shared.datamodel.action.execution.ActionExecutorImpl$EmptyService } to com.google.android.apps.messaging/.shared.datamodel.action.execution.ActionExecutorImpl$EmptyService from pid=19040 uid=10537 pkg=com.google.android.apps.messaging startFg?=false
02-24 23:50:08.465  1928  2501 D AppWidgetServiceImpl: Trying to notify widget update for package com.digimon.glyph with widget id: 8
02-24 23:50:08.979  1928  2501 D AppWidgetServiceImpl: Trying to notify widget update for package com.digimon.glyph with widget id: 8
02-24 23:50:09.099  1928  4238 W UriGrantsManagerService: No permission grants found for com.google.android.apps.photos
02-24 23:50:09.100  1928  4238 W UriGrantsManagerService: No permission grants found for com.google.android.apps.photos
02-24 23:50:09.232  1928  4238 W UriGrantsManagerService: No permission grants found for com.google.android.apps.photos
02-24 23:50:09.232  1928  4238 W UriGrantsManagerService: No permission grants found for com.google.android.apps.photos
02-24 23:50:09.492  1928  2501 D AppWidgetServiceImpl: Trying to notify widget update for package com.digimon.glyph with widget id: 8
02-24 23:50:10.006  1928  2501 D AppWidgetServiceImpl: Trying to notify widget update for package com.digimon.glyph with widget id: 8
02-24 23:50:10.376  1928  2248 D ActivityManager: freezing 17757 com.whatsapp
02-24 23:50:10.521  1928  2501 D AppWidgetServiceImpl: Trying to notify widget update for package com.digimon.glyph with widget id: 8
02-24 23:50:11.035  1928  2501 D AppWidgetServiceImpl: Trying to notify widget update for package com.digimon.glyph with widget id: 8
02-24 23:50:11.549  1928  2501 D AppWidgetServiceImpl: Trying to notify widget update for package com.digimon.glyph with widget id: 8
02-24 23:50:12.063  1928  2501 D AppWidgetServiceImpl: Trying to notify widget update for package com.digimon.glyph with widget id: 8
02-24 23:50:12.575  1928  2501 D AppWidgetServiceImpl: Trying to notify widget update for package com.digimon.glyph with widget id: 8
02-24 23:50:12.840  1928  2501 D AppWidgetServiceImpl: Trying to notify widget update for package com.digimon.glyph with widget id: 8
02-24 23:50:13.370  1928  2501 D AppWidgetServiceImpl: Trying to notify widget update for package com.digimon.glyph with widget id: 8
02-24 23:50:13.903  1928  2501 D AppWidgetServiceImpl: Trying to notify widget update for package com.digimon.glyph with widget id: 8
02-24 23:50:14.190  1928  2248 D ActivityManager: freezing 18787 com.google.android.apps.photos
02-24 23:50:14.432  1928  2501 D AppWidgetServiceImpl: Trying to notify widget update for package com.digimon.glyph with widget id: 8
02-24 23:50:14.951  1928  2501 D AppWidgetServiceImpl: Trying to notify widget update for package com.digimon.glyph with widget id: 8
02-24 23:50:15.351  1928  2248 D ActivityManager: freezing 19880 com.android.permissioncontroller
02-24 23:50:15.478  1928  2501 D AppWidgetServiceImpl: Trying to notify widget update for package com.digimon.glyph with widget id: 8
02-24 23:50:16.006  1928  2501 D AppWidgetServiceImpl: Trying to notify widget update for package com.digimon.glyph with widget id: 8
02-24 23:50:16.533  1928  2501 D AppWidgetServiceImpl: Trying to notify widget update for package com.digimon.glyph with widget id: 8
02-24 23:50:17.060  1928  2501 D AppWidgetServiceImpl: Trying to notify widget update for package com.digimon.glyph with widget id: 8
02-24 23:50:17.588  1928  2501 D AppWidgetServiceImpl: Trying to notify widget update for package com.digimon.glyph with widget id: 8
02-24 23:50:17.868  1928  2501 D AppWidgetServiceImpl: Trying to notify widget update for package com.digimon.glyph with widget id: 8
02-24 23:50:18.398  1928  2501 D AppWidgetServiceImpl: Trying to notify widget update for package com.digimon.glyph with widget id: 8
02-24 23:50:18.928  1928  2501 D AppWidgetServiceImpl: Trying to notify widget update for package com.digimon.glyph with widget id: 8
02-24 23:50:19.457  1928  2501 D AppWidgetServiceImpl: Trying to notify widget update for package com.digimon.glyph with widget id: 8
02-24 23:50:19.986  1928  2501 D AppWidgetServiceImpl: Trying to notify widget update for package com.digimon.glyph with widget id: 8
02-24 23:50:20.514  1928  2501 D AppWidgetServiceImpl: Trying to notify widget update for package com.digimon.glyph with widget id: 8
02-24 23:50:21.044  1928  2501 D AppWidgetServiceImpl: Trying to notify widget update for package com.digimon.glyph with widget id: 8
02-24 23:50:21.571  1928  2501 D AppWidgetServiceImpl: Trying to notify widget update for package com.digimon.glyph with widget id: 8
02-24 23:50:21.850  1928  2501 D AppWidgetServiceImpl: Trying to notify widget update for package com.digimon.glyph with widget id: 8
02-24 23:50:22.382  1928  2501 D AppWidgetServiceImpl: Trying to notify widget update for package com.digimon.glyph with widget id: 8
02-24 23:50:22.912  1928  2501 D AppWidgetServiceImpl: Trying to notify widget update for package com.digimon.glyph with widget id: 8
02-24 23:50:23.441  1928  2501 D AppWidgetServiceImpl: Trying to notify widget update for package com.digimon.glyph with widget id: 8
02-24 23:50:23.971  1928  2501 D AppWidgetServiceImpl: Trying to notify widget update for package com.digimon.glyph with widget id: 8
02-24 23:50:24.499  1928  2501 D AppWidgetServiceImpl: Trying to notify widget update for package com.digimon.glyph with widget id: 8
02-24 23:50:25.028  1928  2501 D AppWidgetServiceImpl: Trying to notify widget update for package com.digimon.glyph with widget id: 8
02-24 23:50:25.556  1928  2501 D AppWidgetServiceImpl: Trying to notify widget update for package com.digimon.glyph with widget id: 8
02-24 23:50:25.665  1928  2248 D ActivityManager: freezing 17790 android.process.acore
02-24 23:50:25.835  1928  2501 D AppWidgetServiceImpl: Trying to notify widget update for package com.digimon.glyph with widget id: 8
02-24 23:50:26.614  1928  2501 D AppWidgetServiceImpl: Trying to notify widget update for package com.digimon.glyph with widget id: 8
02-24 23:50:26.894  1928  2501 D AppWidgetServiceImpl: Trying to notify widget update for package com.digimon.glyph with widget id: 8
02-24 23:50:27.424  1928  2501 D AppWidgetServiceImpl: Trying to notify widget update for package com.digimon.glyph with widget id: 8
02-24 23:50:27.954  1928  2501 D AppWidgetServiceImpl: Trying to notify widget update for package com.digimon.glyph with widget id: 8
02-24 23:50:28.482  1928  2501 D AppWidgetServiceImpl: Trying to notify widget update for package com.digimon.glyph with widget id: 8
02-24 23:50:29.010  1928  2501 D AppWidgetServiceImpl: Trying to notify widget update for package com.digimon.glyph with widget id: 8
02-24 23:50:29.057  1928  2248 D ActivityManager: freezing 19500 com.google.android.apps.docs
02-24 23:50:29.540  1928  2501 D AppWidgetServiceImpl: Trying to notify widget update for package com.digimon.glyph with widget id: 8
02-24 23:50:30.069  1928  2501 D AppWidgetServiceImpl: Trying to notify widget update for package com.digimon.glyph with widget id: 8
02-24 23:50:30.596  1928  2501 D AppWidgetServiceImpl: Trying to notify widget update for package com.digimon.glyph with widget id: 8
02-24 23:50:30.873  1928  2501 D AppWidgetServiceImpl: Trying to notify widget update for package com.digimon.glyph with widget id: 8
02-24 23:50:31.329  1928  2248 D ActivityManager: freezing 19000 com.google.android.apps.wellbeing
02-24 23:50:31.405  1928  2501 D AppWidgetServiceImpl: Trying to notify widget update for package com.digimon.glyph with widget id: 8
02-24 23:50:31.936  1928  2501 D AppWidgetServiceImpl: Trying to notify widget update for package com.digimon.glyph with widget id: 8
02-24 23:50:32.464  1928  2501 D AppWidgetServiceImpl: Trying to notify widget update for package com.digimon.glyph with widget id: 8
02-24 23:50:32.993  1928  2501 D AppWidgetServiceImpl: Trying to notify widget update for package com.digimon.glyph with widget id: 8
02-24 23:50:33.523  1928  2501 D AppWidgetServiceImpl: Trying to notify widget update for package com.digimon.glyph with widget id: 8
02-24 23:50:34.051  1928  2501 D AppWidgetServiceImpl: Trying to notify widget update for package com.digimon.glyph with widget id: 8
02-24 23:50:34.579  1928  2501 D AppWidgetServiceImpl: Trying to notify widget update for package com.digimon.glyph with widget id: 8
02-24 23:50:34.859  1928  2501 D AppWidgetServiceImpl: Trying to notify widget update for package com.digimon.glyph with widget id: 8
02-24 23:50:35.390  1928  2501 D AppWidgetServiceImpl: Trying to notify widget update for package com.digimon.glyph with widget id: 8
02-24 23:50:35.920  1928  2501 D AppWidgetServiceImpl: Trying to notify widget update for package com.digimon.glyph with widget id: 8
02-24 23:50:36.408  1928  2248 D ActivityManager: freezing 7801 com.google.android.apps.turbo
02-24 23:50:36.444  1928  2501 D AppWidgetServiceImpl: Trying to notify widget update for package com.digimon.glyph with widget id: 8
02-24 23:50:36.971  1928  2501 D AppWidgetServiceImpl: Trying to notify widget update for package com.digimon.glyph with widget id: 8
02-24 23:50:37.502  1928  2501 D AppWidgetServiceImpl: Trying to notify widget update for package com.digimon.glyph with widget id: 8
02-24 23:50:38.032  1928  2501 D AppWidgetServiceImpl: Trying to notify widget update for package com.digimon.glyph with widget id: 8
02-24 23:50:38.561  1928  2501 D AppWidgetServiceImpl: Trying to notify widget update for package com.digimon.glyph with widget id: 8
02-24 23:50:38.829  1928  2501 D AppWidgetServiceImpl: Trying to notify widget update for package com.digimon.glyph with widget id: 8
02-24 23:50:39.606  1928  2501 D AppWidgetServiceImpl: Trying to notify widget update for package com.digimon.glyph with widget id: 8
02-24 23:50:39.885  1928  2501 D AppWidgetServiceImpl: Trying to notify widget update for package com.digimon.glyph with widget id: 8
02-24 23:50:40.415  1928  2501 D AppWidgetServiceImpl: Trying to notify widget update for package com.digimon.glyph with widget id: 8
02-24 23:50:40.945  1928  2501 D AppWidgetServiceImpl: Trying to notify widget update for package com.digimon.glyph with widget id: 8
02-24 23:50:41.475  1928  2501 D AppWidgetServiceImpl: Trying to notify widget update for package com.digimon.glyph with widget id: 8
02-24 23:50:42.003  1928  2501 D AppWidgetServiceImpl: Trying to notify widget update for package com.digimon.glyph with widget id: 8
02-24 23:50:42.531  1928  2501 D AppWidgetServiceImpl: Trying to notify widget update for package com.digimon.glyph with widget id: 8
02-24 23:50:43.059  1928  2501 D AppWidgetServiceImpl: Trying to notify widget update for package com.digimon.glyph with widget id: 8
02-24 23:50:43.587  1928  2501 D AppWidgetServiceImpl: Trying to notify widget update for package com.digimon.glyph with widget id: 8
02-24 23:50:43.867  1928  2501 D AppWidgetServiceImpl: Trying to notify widget update for package com.digimon.glyph with widget id: 8
02-24 23:50:44.397  1928  2501 D AppWidgetServiceImpl: Trying to notify widget update for package com.digimon.glyph with widget id: 8
02-24 23:50:44.914  1928  2501 D AppWidgetServiceImpl: Trying to notify widget update for package com.digimon.glyph with widget id: 8
02-24 23:50:45.443  1928  2501 D AppWidgetServiceImpl: Trying to notify widget update for package com.digimon.glyph with widget id: 8
02-24 23:50:45.972  1928  2501 D AppWidgetServiceImpl: Trying to notify widget update for package com.digimon.glyph with widget id: 8
02-24 23:50:46.499  1928  2501 D AppWidgetServiceImpl: Trying to notify widget update for package com.digimon.glyph with widget id: 8
02-24 23:50:47.028  1928  2501 D AppWidgetServiceImpl: Trying to notify widget update for package com.digimon.glyph with widget id: 8
02-24 23:50:47.556  1928  2501 D AppWidgetServiceImpl: Trying to notify widget update for package com.digimon.glyph with widget id: 8
02-24 23:50:47.836  1928  2501 D AppWidgetServiceImpl: Trying to notify widget update for package com.digimon.glyph with widget id: 8
02-24 23:50:48.612  1928  2501 D AppWidgetServiceImpl: Trying to notify widget update for package com.digimon.glyph with widget id: 8
02-24 23:50:48.891  1928  2501 D AppWidgetServiceImpl: Trying to notify widget update for package com.digimon.glyph with widget id: 8
02-24 23:50:49.420  1928  2501 D AppWidgetServiceImpl: Trying to notify widget update for package com.digimon.glyph with widget id: 8
02-24 23:50:49.951  1928  2501 D AppWidgetServiceImpl: Trying to notify widget update for package com.digimon.glyph with widget id: 8
02-24 23:50:50.481  1928  2501 D AppWidgetServiceImpl: Trying to notify widget update for package com.digimon.glyph with widget id: 8
02-24 23:50:51.010  1928  2501 D AppWidgetServiceImpl: Trying to notify widget update for package com.digimon.glyph with widget id: 8
02-24 23:50:51.540  1928  2501 D AppWidgetServiceImpl: Trying to notify widget update for package com.digimon.glyph with widget id: 8
02-24 23:50:52.067  1928  2501 D AppWidgetServiceImpl: Trying to notify widget update for package com.digimon.glyph with widget id: 8
02-24 23:50:52.595  1928  2501 D AppWidgetServiceImpl: Trying to notify widget update for package com.digimon.glyph with widget id: 8
02-24 23:50:52.872  1928  2501 D AppWidgetServiceImpl: Trying to notify widget update for package com.digimon.glyph with widget id: 8
02-24 23:50:53.109  1928  2078 W ActivityManager: Slow operation: 181ms so far, now at startProcess: returned from zygote!
02-24 23:50:53.110  1928  2078 W ActivityManager: Slow operation: 182ms so far, now at startProcess: done updating battery stats
02-24 23:50:53.110  1928  2078 W ActivityManager: Slow operation: 182ms so far, now at startProcess: building log message
02-24 23:50:53.110  1928  2078 I ActivityManager: Start proc 20603:com.android.chrome:sandboxed_process0:org.chromium.content.app.SandboxedProcessService0:0/u0ai0 for  {com.android.chrome/org.chromium.content.app.SandboxedProcessService0:0}
02-24 23:50:53.110  1928  2078 W ActivityManager: Slow operation: 182ms so far, now at startProcess: starting to update pids map
02-24 23:50:53.111  1928  2078 W ActivityManager: Slow operation: 182ms so far, now at startProcess: done updating pids map
02-24 23:50:53.220  1928  2280 I ActivityManager: Killing 20603:com.android.chrome:sandboxed_process0:org.chromium.content.app.SandboxedProcessService0:0/u0a644i-9000 (adj 0): isolated not needed
02-24 23:50:53.240  1928  2066 D DisplayManagerService: Drop pending events for gone uid 90000
02-24 23:50:53.244  1928  2078 I ActivityManager: Start proc 20619:com.android.chrome:sandboxed_process0:org.chromium.content.app.SandboxedProcessService0:1/u0ai1 for  {com.android.chrome/org.chromium.content.app.SandboxedProcessService0:1}
02-24 23:50:53.345  1928  2595 I ActivityManager: Killing 20619:com.android.chrome:sandboxed_process0:org.chromium.content.app.SandboxedProcessService0:1/u0a644i-8999 (adj 0): isolated not needed
02-24 23:50:53.364  1928  2066 D DisplayManagerService: Drop pending events for gone uid 90001
02-24 23:50:53.388  1928  2501 D AppWidgetServiceImpl: Trying to notify widget update for package com.digimon.glyph with widget id: 8
02-24 23:50:53.918  1928  2501 D AppWidgetServiceImpl: Trying to notify widget update for package com.digimon.glyph with widget id: 8
02-24 23:50:54.281  1928  2078 I ActivityManager: Start proc 20639:com.android.chrome:sandboxed_process0:org.chromium.content.app.SandboxedProcessService0:2/u0ai2 for  {com.android.chrome/org.chromium.content.app.SandboxedProcessService0:2}
02-24 23:50:54.435  1928  2501 D AppWidgetServiceImpl: Trying to notify widget update for package com.digimon.glyph with widget id: 8
02-24 23:50:54.715  1928  2248 D ActivityManager: freezing 3702 com.google.android.gms
02-24 23:50:54.881  1928  4238 I ActivityManager: Killing 20639:com.android.chrome:sandboxed_process0:org.chromium.content.app.SandboxedProcessService0:2/u0a644i-8998 (adj 0): isolated not needed
02-24 23:50:54.890  1928  2066 D DisplayManagerService: Drop pending events for gone uid 90002
02-24 23:50:54.892  1928  2078 I ActivityManager: Start proc 20655:com.android.chrome:sandboxed_process0:org.chromium.content.app.SandboxedProcessService0:3/u0ai3 for  {com.android.chrome/org.chromium.content.app.SandboxedProcessService0:3}
02-24 23:50:54.950  1928  2501 D AppWidgetServiceImpl: Trying to notify widget update for package com.digimon.glyph with widget id: 8
02-24 23:50:55.221  1928  2595 I ActivityManager: Killing 20655:com.android.chrome:sandboxed_process0:org.chromium.content.app.SandboxedProcessService0:3/u0a644i-8997 (adj 0): isolated not needed
02-24 23:50:55.239  1928  2066 D DisplayManagerService: Drop pending events for gone uid 90003
02-24 23:50:55.340  1928  2078 I ActivityManager: Start proc 20671:com.android.chrome:sandboxed_process0:org.chromium.content.app.SandboxedProcessService0:4/u0ai4 for  {com.android.chrome/org.chromium.content.app.SandboxedProcessService0:4}
02-24 23:50:55.468  1928  2501 D AppWidgetServiceImpl: Trying to notify widget update for package com.digimon.glyph with widget id: 8
02-24 23:50:55.498  1928  4238 I ActivityManager: Killing 20671:com.android.chrome:sandboxed_process0:org.chromium.content.app.SandboxedProcessService0:4/u0a644i-8996 (adj 0): isolated not needed
02-24 23:50:55.519  1928  2066 D DisplayManagerService: Drop pending events for gone uid 90004
02-24 23:50:55.999  1928  2501 D AppWidgetServiceImpl: Trying to notify widget update for package com.digimon.glyph with widget id: 8
02-24 23:50:56.527  1928  2501 D AppWidgetServiceImpl: Trying to notify widget update for package com.digimon.glyph with widget id: 8
02-24 23:50:57.058  1928  2501 D AppWidgetServiceImpl: Trying to notify widget update for package com.digimon.glyph with widget id: 8
02-24 23:50:57.586  1928  2501 D AppWidgetServiceImpl: Trying to notify widget update for package com.digimon.glyph with widget id: 8
02-24 23:50:57.711  1928  2078 I ActivityManager: Start proc 20688:com.android.chrome:sandboxed_process0:org.chromium.content.app.SandboxedProcessService0:5/u0ai5 for  {com.android.chrome/org.chromium.content.app.SandboxedProcessService0:5}
02-24 23:50:57.826  1928  4238 I ActivityManager: Killing 20688:com.android.chrome:sandboxed_process0:org.chromium.content.app.SandboxedProcessService0:5/u0a644i-8995 (adj 0): isolated not needed
02-24 23:50:57.847  1928  2066 D DisplayManagerService: Drop pending events for gone uid 90005
02-24 23:50:57.850  1928  2078 I ActivityManager: Start proc 20706:com.android.chrome:sandboxed_process0:org.chromium.content.app.SandboxedProcessService0:6/u0ai6 for  {com.android.chrome/org.chromium.content.app.SandboxedProcessService0:6}
02-24 23:50:57.853  1928  2501 D AppWidgetServiceImpl: Trying to notify widget update for package com.digimon.glyph with widget id: 8
02-24 23:50:57.954  1928  4238 I ActivityManager: Killing 20706:com.android.chrome:sandboxed_process0:org.chromium.content.app.SandboxedProcessService0:6/u0a644i-8994 (adj 0): isolated not needed
02-24 23:50:57.973  1928  2066 D DisplayManagerService: Drop pending events for gone uid 90006
02-24 23:50:58.384  1928  2501 D AppWidgetServiceImpl: Trying to notify widget update for package com.digimon.glyph with widget id: 8
02-24 23:50:58.913  1928  2501 D AppWidgetServiceImpl: Trying to notify widget update for package com.digimon.glyph with widget id: 8
02-24 23:50:59.444  1928  2501 D AppWidgetServiceImpl: Trying to notify widget update for package com.digimon.glyph with widget id: 8
02-24 23:50:59.970  1928  2501 D AppWidgetServiceImpl: Trying to notify widget update for package com.digimon.glyph with widget id: 8
02-24 23:51:00.381  1928  4238 D ActivityManager: sync unfroze 7801 com.google.android.apps.turbo for 7
02-24 23:51:00.384  1928  2554 D BackgroundInstallControlService: Package event received: 0
02-24 23:51:00.481  1928  2078 I ActivityManager: Start proc 20723:com.android.chrome:sandboxed_process0:org.chromium.content.app.SandboxedProcessService0:7/u0ai7 for  {com.android.chrome/org.chromium.content.app.SandboxedProcessService0:7}
02-24 23:51:00.488  1928  2501 D AppWidgetServiceImpl: Trying to notify widget update for package com.digimon.glyph with widget id: 8
02-24 23:51:00.585  1928  2595 I ActivityManager: Killing 20723:com.android.chrome:sandboxed_process0:org.chromium.content.app.SandboxedProcessService0:7/u0a644i-8993 (adj 0): isolated not needed
02-24 23:51:00.602  1928  2066 D DisplayManagerService: Drop pending events for gone uid 90007
02-24 23:51:00.605  1928  2078 I ActivityManager: Start proc 20739:com.android.chrome:sandboxed_process0:org.chromium.content.app.SandboxedProcessService0:8/u0ai8 for  {com.android.chrome/org.chromium.content.app.SandboxedProcessService0:8}
02-24 23:51:00.707  1928  2595 I ActivityManager: Killing 20739:com.android.chrome:sandboxed_process0:org.chromium.content.app.SandboxedProcessService0:8/u0a644i-8992 (adj 0): isolated not needed
02-24 23:51:00.726  1928  2066 D DisplayManagerService: Drop pending events for gone uid 90008
02-24 23:51:00.816  1928  2078 I ActivityManager: Start proc 20755:com.android.chrome:sandboxed_process0:org.chromium.content.app.SandboxedProcessService0:9/u0ai9 for  {com.android.chrome/org.chromium.content.app.SandboxedProcessService0:9}
02-24 23:51:00.917  1928  4238 I ActivityManager: Killing 20755:com.android.chrome:sandboxed_process0:org.chromium.content.app.SandboxedProcessService0:9/u0a644i-8991 (adj 0): isolated not needed
02-24 23:51:00.935  1928  2066 D DisplayManagerService: Drop pending events for gone uid 90009
02-24 23:51:00.938  1928  2078 I ActivityManager: Start proc 20771:com.android.chrome:sandboxed_process0:org.chromium.content.app.SandboxedProcessService0:10/u0ai10 for  {com.android.chrome/org.chromium.content.app.SandboxedProcessService0:10}
02-24 23:51:01.004  1928  2501 D AppWidgetServiceImpl: Trying to notify widget update for package com.digimon.glyph with widget id: 8
02-24 23:51:01.044  1928  4238 I ActivityManager: Killing 20771:com.android.chrome:sandboxed_process0:org.chromium.content.app.SandboxedProcessService0:10/u0a644i-8990 (adj 0): isolated not needed
02-24 23:51:01.062  1928  2066 D DisplayManagerService: Drop pending events for gone uid 90010
02-24 23:51:01.493  1928  2078 I ActivityManager: Start proc 20787:com.android.chrome:sandboxed_process0:org.chromium.content.app.SandboxedProcessService0:11/u0ai11 for  {com.android.chrome/org.chromium.content.app.SandboxedProcessService0:11}
02-24 23:51:01.520  1928  2501 D AppWidgetServiceImpl: Trying to notify widget update for package com.digimon.glyph with widget id: 8
02-24 23:51:01.603  1928  2280 I ActivityManager: Killing 20787:com.android.chrome:sandboxed_process0:org.chromium.content.app.SandboxedProcessService0:11/u0a644i-8989 (adj 0): isolated not needed
02-24 23:51:01.626  1928  2066 D DisplayManagerService: Drop pending events for gone uid 90011
02-24 23:51:01.814  1928  2078 I ActivityManager: Start proc 20803:com.android.chrome:sandboxed_process0:org.chromium.content.app.SandboxedProcessService0:12/u0ai12 for  {com.android.chrome/org.chromium.content.app.SandboxedProcessService0:12}
02-24 23:51:01.924  1928  4238 I ActivityManager: Killing 20803:com.android.chrome:sandboxed_process0:org.chromium.content.app.SandboxedProcessService0:12/u0a644i-8988 (adj 0): isolated not needed
02-24 23:51:01.946  1928  2066 D DisplayManagerService: Drop pending events for gone uid 90012
02-24 23:51:02.037  1928  2501 D AppWidgetServiceImpl: Trying to notify widget update for package com.digimon.glyph with widget id: 8
02-24 23:51:02.425  1928  2078 I ActivityManager: Start proc 20819:com.android.chrome:sandboxed_process0:org.chromium.content.app.SandboxedProcessService0:13/u0ai13 for  {com.android.chrome/org.chromium.content.app.SandboxedProcessService0:13}
02-24 23:51:02.541  1928  4238 I ActivityManager: Killing 20819:com.android.chrome:sandboxed_process0:org.chromium.content.app.SandboxedProcessService0:13/u0a644i-8987 (adj 0): isolated not needed
02-24 23:51:02.553  1928  2501 D AppWidgetServiceImpl: Trying to notify widget update for package com.digimon.glyph with widget id: 8
02-24 23:51:02.561  1928  2066 D DisplayManagerService: Drop pending events for gone uid 90013
02-24 23:51:02.564  1928  2078 I ActivityManager: Start proc 20835:com.android.chrome:sandboxed_process0:org.chromium.content.app.SandboxedProcessService0:14/u0ai14 for  {com.android.chrome/org.chromium.content.app.SandboxedProcessService0:14}
02-24 23:51:02.672  1928  2595 I ActivityManager: Killing 20835:com.android.chrome:sandboxed_process0:org.chromium.content.app.SandboxedProcessService0:14/u0a644i-8986 (adj 0): isolated not needed
02-24 23:51:02.692  1928  2066 D DisplayManagerService: Drop pending events for gone uid 90014
02-24 23:51:03.084  1928  2501 D AppWidgetServiceImpl: Trying to notify widget update for package com.digimon.glyph with widget id: 8
02-24 23:51:03.406  1928  2078 I ActivityManager: Start proc 20851:com.android.chrome:sandboxed_process0:org.chromium.content.app.SandboxedProcessService0:15/u0ai15 for  {com.android.chrome/org.chromium.content.app.SandboxedProcessService0:15}
02-24 23:51:03.516  1928  2595 I ActivityManager: Killing 20851:com.android.chrome:sandboxed_process0:org.chromium.content.app.SandboxedProcessService0:15/u0a644i-8985 (adj 0): isolated not needed
02-24 23:51:03.537  1928  2066 D DisplayManagerService: Drop pending events for gone uid 90015
02-24 23:51:03.617  1928  2501 D AppWidgetServiceImpl: Trying to notify widget update for package com.digimon.glyph with widget id: 8
02-24 23:51:03.892  1928  2501 D AppWidgetServiceImpl: Trying to notify widget update for package com.digimon.glyph with widget id: 8
02-24 23:51:04.422  1928  2501 D AppWidgetServiceImpl: Trying to notify widget update for package com.digimon.glyph with widget id: 8
02-24 23:51:04.437  1928  2078 I ActivityManager: Start proc 20868:com.android.chrome:sandboxed_process0:org.chromium.content.app.SandboxedProcessService0:16/u0ai16 for  {com.android.chrome/org.chromium.content.app.SandboxedProcessService0:16}
02-24 23:51:04.549  1928  2595 I ActivityManager: Killing 20868:com.android.chrome:sandboxed_process0:org.chromium.content.app.SandboxedProcessService0:16/u0a644i-8984 (adj 0): isolated not needed
02-24 23:51:04.569  1928  2066 D DisplayManagerService: Drop pending events for gone uid 90016
02-24 23:51:04.571  1928  2078 I ActivityManager: Start proc 20886:com.android.chrome:sandboxed_process0:org.chromium.content.app.SandboxedProcessService0:17/u0ai17 for  {com.android.chrome/org.chromium.content.app.SandboxedProcessService0:17}
02-24 23:51:04.646  1928  2248 D ActivityManager: freezing 4253 com.google.android.googlequicksearchbox:search
02-24 23:51:04.673  1928  2280 I ActivityManager: Killing 20886:com.android.chrome:sandboxed_process0:org.chromium.content.app.SandboxedProcessService0:17/u0a644i-8983 (adj 0): isolated not needed
02-24 23:51:04.692  1928  2066 D DisplayManagerService: Drop pending events for gone uid 90017
02-24 23:51:04.782  1928  2078 I ActivityManager: Start proc 20902:com.android.chrome:sandboxed_process0:org.chromium.content.app.SandboxedProcessService0:18/u0ai18 for  {com.android.chrome/org.chromium.content.app.SandboxedProcessService0:18}
02-24 23:51:04.889  1928  2595 I ActivityManager: Killing 20902:com.android.chrome:sandboxed_process0:org.chromium.content.app.SandboxedProcessService0:18/u0a644i-8982 (adj 0): isolated not needed
02-24 23:51:04.908  1928  2066 D DisplayManagerService: Drop pending events for gone uid 90018
02-24 23:51:04.950  1928  2501 D AppWidgetServiceImpl: Trying to notify widget update for package com.digimon.glyph with widget id: 8
02-24 23:51:05.171  1928  2078 I ActivityManager: Start proc 20919:com.android.chrome:sandboxed_process0:org.chromium.content.app.SandboxedProcessService0:19/u0ai19 for  {com.android.chrome/org.chromium.content.app.SandboxedProcessService0:19}
02-24 23:51:05.286  1928  2595 I ActivityManager: Killing 20919:com.android.chrome:sandboxed_process0:org.chromium.content.app.SandboxedProcessService0:19/u0a644i-8981 (adj 0): isolated not needed
02-24 23:51:05.295  1928  2066 D DisplayManagerService: Drop pending events for gone uid 90019
02-24 23:51:05.297  1928  2078 I ActivityManager: Start proc 20935:com.android.chrome:sandboxed_process0:org.chromium.content.app.SandboxedProcessService0:20/u0ai20 for  {com.android.chrome/org.chromium.content.app.SandboxedProcessService0:20}
02-24 23:51:05.395  1928  4238 I ActivityManager: Killing 20935:com.android.chrome:sandboxed_process0:org.chromium.content.app.SandboxedProcessService0:20/u0a644i-8980 (adj 0): isolated not needed
02-24 23:51:05.412  1928  2066 D DisplayManagerService: Drop pending events for gone uid 90020
02-24 23:51:05.415  1928  2078 I ActivityManager: Start proc 20951:com.android.chrome:sandboxed_process0:org.chromium.content.app.SandboxedProcessService0:21/u0ai21 for  {com.android.chrome/org.chromium.content.app.SandboxedProcessService0:21}
02-24 23:51:05.466  1928  2501 D AppWidgetServiceImpl: Trying to notify widget update for package com.digimon.glyph with widget id: 8
02-24 23:51:05.519  1928  4238 I ActivityManager: Killing 20951:com.android.chrome:sandboxed_process0:org.chromium.content.app.SandboxedProcessService0:21/u0a644i-8979 (adj 0): isolated not needed
02-24 23:51:05.538  1928  2066 D DisplayManagerService: Drop pending events for gone uid 90021
02-24 23:51:05.998  1928  2501 D AppWidgetServiceImpl: Trying to notify widget update for package com.digimon.glyph with widget id: 8
02-24 23:51:06.529  1928  2501 D AppWidgetServiceImpl: Trying to notify widget update for package com.digimon.glyph with widget id: 8
02-24 23:51:07.058  1928  2501 D AppWidgetServiceImpl: Trying to notify widget update for package com.digimon.glyph with widget id: 8
02-24 23:51:07.587  1928  2501 D AppWidgetServiceImpl: Trying to notify widget update for package com.digimon.glyph with widget id: 8
02-24 23:51:07.869  1928  2501 D AppWidgetServiceImpl: Trying to notify widget update for package com.digimon.glyph with widget id: 8
