--------- beginning of crash
02-24 22:36:52.060  7141  7141 E AndroidRuntime: FATAL EXCEPTION: main
02-24 22:36:52.060  7141  7141 E AndroidRuntime: Process: com.google.android.apps.messaging, PID: 7141
02-24 22:36:52.060  7141  7141 E AndroidRuntime: java.lang.RuntimeException: Unable to start service com.google.apps.tiktok.concurrent.InternalForegroundService@94bfdba with Intent { cmp=com.google.android.apps.messaging/com.google.apps.tiktok.concurrent.InternalForegroundService (has extras) }: android.app.ForegroundServiceStartNotAllowedException: FGS type shortService not allowed to start from BOOT_COMPLETED!
02-24 22:36:52.060  7141  7141 E AndroidRuntime: 	at android.app.ActivityThread.handleServiceArgs(ActivityThread.java:5323)
02-24 22:36:52.060  7141  7141 E AndroidRuntime: 	at android.app.ActivityThread.-$$Nest$mhandleServiceArgs(Unknown Source:0)
02-24 22:36:52.060  7141  7141 E AndroidRuntime: 	at android.app.ActivityThread$H.handleMessage(ActivityThread.java:2597)
02-24 22:36:52.060  7141  7141 E AndroidRuntime: 	at android.os.Handler.dispatchMessage(Handler.java:109)
02-24 22:36:52.060  7141  7141 E AndroidRuntime: 	at android.os.Looper.loopOnce(Looper.java:232)
02-24 22:36:52.060  7141  7141 E AndroidRuntime: 	at android.os.Looper.loop(Looper.java:317)
02-24 22:36:52.060  7141  7141 E AndroidRuntime: 	at android.app.ActivityThread.main(ActivityThread.java:8935)
02-24 22:36:52.060  7141  7141 E AndroidRuntime: 	at java.lang.reflect.Method.invoke(Native Method)
02-24 22:36:52.060  7141  7141 E AndroidRuntime: 	at com.android.internal.os.RuntimeInit$MethodAndArgsCaller.run(RuntimeInit.java:594)
02-24 22:36:52.060  7141  7141 E AndroidRuntime: 	at com.android.internal.os.ZygoteInit.main(ZygoteInit.java:911)
02-24 22:36:52.060  7141  7141 E AndroidRuntime: Caused by: android.app.ForegroundServiceStartNotAllowedException: FGS type shortService not allowed to start from BOOT_COMPLETED!
02-24 22:36:52.060  7141  7141 E AndroidRuntime: 	at android.app.ForegroundServiceStartNotAllowedException$1.createFromParcel(ForegroundServiceStartNotAllowedException.java:54)
02-24 22:36:52.060  7141  7141 E AndroidRuntime: 	at android.app.ForegroundServiceStartNotAllowedException$1.createFromParcel(ForegroundServiceStartNotAllowedException.java:50)
02-24 22:36:52.060  7141  7141 E AndroidRuntime: 	at android.os.Parcel.readParcelableInternal(Parcel.java:5094)
02-24 22:36:52.060  7141  7141 E AndroidRuntime: 	at android.os.Parcel.readParcelable(Parcel.java:5076)
02-24 22:36:52.060  7141  7141 E AndroidRuntime: 	at android.os.Parcel.createExceptionOrNull(Parcel.java:3256)
02-24 22:36:52.060  7141  7141 E AndroidRuntime: 	at android.os.Parcel.createException(Parcel.java:3245)
02-24 22:36:52.060  7141  7141 E AndroidRuntime: 	at android.os.Parcel.readException(Parcel.java:3228)
02-24 22:36:52.060  7141  7141 E AndroidRuntime: 	at android.os.Parcel.readException(Parcel.java:3170)
02-24 22:36:52.060  7141  7141 E AndroidRuntime: 	at android.app.IActivityManager$Stub$Proxy.setServiceForeground(IActivityManager.java:7357)
02-24 22:36:52.060  7141  7141 E AndroidRuntime: 	at android.app.Service.startForeground(Service.java:863)
02-24 22:36:52.060  7141  7141 E AndroidRuntime: 	at abx$$ExternalSyntheticApiModelOutline0.m(D8$$SyntheticClass:63)
02-24 22:36:52.060  7141  7141 E AndroidRuntime: 	at esgy.c(PG:48)
02-24 22:36:52.060  7141  7141 E AndroidRuntime: 	at esgb.invoke(PG:78)
02-24 22:36:52.060  7141  7141 E AndroidRuntime: 	at esgc.onStartCommand(PG:27)
02-24 22:36:52.060  7141  7141 E AndroidRuntime: 	at android.app.ActivityThread.handleServiceArgs(ActivityThread.java:5305)
02-24 22:36:52.060  7141  7141 E AndroidRuntime: 	... 9 more
--------- beginning of main
02-24 23:00:36.382  3269  3269 D StateManager: goToState - fromState: Normal, toState: Normal, partial trace:
02-24 23:00:36.382  3269  3269 D StateManager: 	at com.android.launcher3.statemanager.StateManager.moveToRestState(StateManager.java:465)
02-24 23:00:36.382  3269  3269 D StateManager: 	at com.android.launcher3.statemanager.StateManager.moveToRestState(StateManager.java:456)
02-24 23:00:36.382  3269  3269 D StateManager: 	at com.android.launcher3.statemanager.StatefulActivity.onStop(StatefulActivity.java:136)
02-24 23:00:37.600 14260 14260 D DigimonGlyphToy: Process command id=639 type=load_slot arg=3
02-24 23:00:37.600 14260 14260 D DigimonGlyphToy: Command 639 result: slot 3 load failed: emulator not running
02-24 23:00:37.602 14260 14260 D DigimonGlyphToy: Starting in standalone widget mode
02-24 23:00:37.609 14260 14260 D DigimonGlyphToy: Timing mode set to EXACT (userExact=true boostActive=false battleLock=false stepGate=false stepSliceMs=10 correctionOverride=none)
02-24 23:00:39.069  3269  3269 D StateManager: createAtomicAnimation - fromState: Background, toState: Normal, partial trace:
02-24 23:00:39.069  3269  3269 D StateManager: 	at com.android.quickstep.util.ScalingWorkspaceRevealAnim.<init>(ScalingWorkspaceRevealAnim.kt:89)
02-24 23:00:39.069  3269  3269 D StateManager: 	at com.android.launcher3.QuickstepTransitionManager.createWallpaperOpenAnimations(QuickstepTransitionManager.java:1719)
02-24 23:00:39.069  3269  3269 D StateManager: 	at com.android.launcher3.QuickstepTransitionManager$WallpaperOpenLauncherAnimationRunner.onAnimationStart(QuickstepTransitionManager.java:1852)
02-24 23:00:39.902 14260 14260 D DigimonGlyphToy: Process command id=640 type=button_press arg=11
02-24 23:00:39.902 14260 14260 D DigimonGlyphToy: Command 640 result: button pressed
02-24 23:00:40.504 14260 14260 D DigimonGlyphToy: Process command id=641 type=button_press arg=11
02-24 23:00:40.504 14260 14260 D DigimonGlyphToy: Command 641 result: button pressed
02-24 23:00:40.956 14260 14260 D DigimonGlyphToy: Process command id=642 type=button_press arg=11
02-24 23:00:40.956 14260 14260 D DigimonGlyphToy: Command 642 result: button pressed
02-24 23:00:41.407 14260 14260 D DigimonGlyphToy: Process command id=643 type=button_press arg=10
02-24 23:00:41.407 14260 14260 D DigimonGlyphToy: Command 643 result: button pressed
02-24 23:00:41.858 14260 14260 D DigimonGlyphToy: Process command id=644 type=button_press arg=11
02-24 23:00:41.859 14260 14260 D DigimonGlyphToy: Command 644 result: button pressed
02-24 23:00:42.159 14260 14260 D DigimonGlyphToy: Process command id=645 type=button_press arg=10
02-24 23:00:42.160 14260 14260 D DigimonGlyphToy: Command 645 result: button pressed
02-24 23:00:43.308  3269  3269 D StateManager: goToState - fromState: Normal, toState: Normal, partial trace:
02-24 23:00:43.308  3269  3269 D StateManager: 	at com.android.launcher3.statemanager.StateManager.moveToRestState(StateManager.java:465)
02-24 23:00:43.308  3269  3269 D StateManager: 	at com.android.launcher3.statemanager.StateManager.moveToRestState(StateManager.java:456)
02-24 23:00:43.308  3269  3269 D StateManager: 	at com.android.launcher3.statemanager.StatefulActivity.onStop(StatefulActivity.java:136)
02-24 23:00:52.840 14260 14260 D DigimonGlyphToy: Starting in standalone widget mode
02-24 23:00:52.849 14260 14260 D DigimonGlyphToy: Timing mode set to EXACT (userExact=true boostActive=false battleLock=false stepGate=false stepSliceMs=10 correctionOverride=none)
02-24 23:00:52.863 14260 14260 D DigimonGlyphToy: Process command id=646 type=full_reset arg=0
02-24 23:00:52.863 14260 14260 D DigimonGlyphToy: Command 646 result: reset failed: emulator not running
02-24 23:00:53.970  3269  3269 D StateManager: createAtomicAnimation - fromState: Background, toState: Normal, partial trace:
02-24 23:00:53.970  3269  3269 D StateManager: 	at com.android.quickstep.util.ScalingWorkspaceRevealAnim.<init>(ScalingWorkspaceRevealAnim.kt:89)
02-24 23:00:53.970  3269  3269 D StateManager: 	at com.android.launcher3.QuickstepTransitionManager.createWallpaperOpenAnimations(QuickstepTransitionManager.java:1719)
02-24 23:00:53.970  3269  3269 D StateManager: 	at com.android.launcher3.QuickstepTransitionManager$WallpaperOpenLauncherAnimationRunner.onAnimationStart(QuickstepTransitionManager.java:1852)
02-24 23:00:54.719 14260 14260 D DigimonGlyphToy: Process command id=647 type=button_press arg=10
02-24 23:00:54.719 14260 14260 D DigimonGlyphToy: Command 647 result: button pressed
02-24 23:00:55.172 14260 14260 D DigimonGlyphToy: Process command id=648 type=button_press arg=11
02-24 23:00:55.172 14260 14260 D DigimonGlyphToy: Command 648 result: button pressed
02-24 23:00:55.324 14260 14260 D DigimonGlyphToy: Process command id=649 type=button_press arg=11
02-24 23:00:55.324 14260 14260 D DigimonGlyphToy: Command 649 result: button pressed
02-24 23:00:59.275  3269  3269 D StateManager: goToState - fromState: Normal, toState: Overview, partial trace:
02-24 23:00:59.275  3269  3269 D StateManager: 	at com.android.quickstep.LauncherActivityInterface.switchToRecentsIfVisible(LauncherActivityInterface.java:222)
02-24 23:00:59.275  3269  3269 D StateManager: 	at com.android.quickstep.OverviewCommandHelper.executeWhenRecentsIsNotVisible(OverviewCommandHelper.kt:340)
02-24 23:00:59.275  3269  3269 D StateManager: 	at com.android.quickstep.OverviewCommandHelper.executeCommand(OverviewCommandHelper.kt:175)
02-24 23:00:59.281  3269  3269 D StateManager: onStateTransitionStart - state: Overview
02-24 23:00:59.539  3269  3269 D StateManager: onStateTransitionEnd - state: Overview
02-24 23:01:00.162  3269  3269 D StateManager: goToState - fromState: Overview, toState: Normal, partial trace:
02-24 23:01:00.162  3269  3269 D StateManager: 	at com.android.launcher3.statemanager.StateManager.moveToRestState(StateManager.java:465)
02-24 23:01:00.162  3269  3269 D StateManager: 	at com.android.launcher3.statemanager.StateManager.moveToRestState(StateManager.java:456)
02-24 23:01:00.162  3269  3269 D StateManager: 	at com.android.quickstep.TaskViewUtils$9.lambda$onAnimationSuccess$0(TaskViewUtils.java:661)
02-24 23:01:00.175  3269  3269 D StateManager: onStateTransitionStart - state: Normal
02-24 23:01:00.180  3269  3269 D StateManager: goToState - fromState: Normal, toState: Normal, partial trace:
02-24 23:01:00.180  3269  3269 D StateManager: 	at com.android.launcher3.statemanager.StateManager.moveToRestState(StateManager.java:465)
02-24 23:01:00.180  3269  3269 D StateManager: 	at com.android.launcher3.statemanager.StateManager.moveToRestState(StateManager.java:456)
02-24 23:01:00.180  3269  3269 D StateManager: 	at com.android.launcher3.statemanager.StatefulActivity.onStop(StatefulActivity.java:136)
02-24 23:01:00.181  3269  3269 D StateManager: cancelAnimation - with ongoing animation, partial trace:
02-24 23:01:00.181  3269  3269 D StateManager: 	at com.android.launcher3.statemanager.StateManager.goToState(StateManager.java:277)
02-24 23:01:00.181  3269  3269 D StateManager: 	at com.android.launcher3.statemanager.StateManager.goToState(StateManager.java:176)
02-24 23:01:00.181  3269  3269 D StateManager: 	at com.android.launcher3.statemanager.StateManager.moveToRestState(StateManager.java:465)
02-24 23:01:00.181  3269  3269 D StateManager: onStateTransitionStart - state: Normal
02-24 23:01:00.183  3269  3269 D StateManager: onStateTransitionEnd - state: Normal
02-24 23:01:03.422 14260 14260 D DigimonGlyphToy: Starting in standalone widget mode
02-24 23:01:03.430 14260 14260 D DigimonGlyphToy: Timing mode set to EXACT (userExact=true boostActive=false battleLock=false stepGate=false stepSliceMs=10 correctionOverride=none)
02-24 23:01:03.437 14260 14260 D DigimonGlyphToy: Process command id=650 type=full_reset arg=0
02-24 23:01:03.437 14260 14260 D DigimonGlyphToy: Command 650 result: reset failed: emulator not running
02-24 23:01:03.906 14260 14260 D DigimonGlyphToy: Starting in standalone widget mode
02-24 23:01:03.912 14260 14260 D DigimonGlyphToy: Timing mode set to EXACT (userExact=true boostActive=false battleLock=false stepGate=false stepSliceMs=10 correctionOverride=none)
02-24 23:01:03.927 14260 14260 D DigimonGlyphToy: Process command id=651 type=restart arg=0
02-24 23:01:03.927 14260 14260 D DigimonGlyphToy: Command 651 result: restart skipped: emulator not running
02-24 23:01:04.823  3269  3269 D StateManager: createAtomicAnimation - fromState: Background, toState: Normal, partial trace:
02-24 23:01:04.823  3269  3269 D StateManager: 	at com.android.quickstep.util.ScalingWorkspaceRevealAnim.<init>(ScalingWorkspaceRevealAnim.kt:89)
02-24 23:01:04.823  3269  3269 D StateManager: 	at com.android.launcher3.QuickstepTransitionManager.createWallpaperOpenAnimations(QuickstepTransitionManager.java:1719)
02-24 23:01:04.823  3269  3269 D StateManager: 	at com.android.launcher3.QuickstepTransitionManager$WallpaperOpenLauncherAnimationRunner.onAnimationStart(QuickstepTransitionManager.java:1852)
02-24 23:01:05.885 14260 14260 D DigimonGlyphToy: Process command id=652 type=button_press arg=11
02-24 23:01:05.886 14260 14260 D DigimonGlyphToy: Command 652 result: button pressed
02-24 23:01:06.186 14260 14260 D DigimonGlyphToy: Process command id=653 type=button_press arg=11
02-24 23:01:06.187 14260 14260 D DigimonGlyphToy: Command 653 result: button pressed
02-24 23:01:10.538  3269  3269 D StateManager: goToState - fromState: Normal, toState: SpringLoaded, partial trace:
02-24 23:01:10.538  3269  3269 D StateManager: 	at com.android.launcher3.Workspace.onDragStart(Workspace.java:516)
02-24 23:01:10.538  3269  3269 D StateManager: 	at com.android.launcher3.dragndrop.DragController.callOnDragStart(DragController.java:228)
02-24 23:01:10.538  3269  3269 D StateManager: 	at com.android.launcher3.dragndrop.LauncherDragController.startDrag(LauncherDragController.java:156)
02-24 23:01:10.549  3269  3269 D StateManager: onStateTransitionStart - state: SpringLoaded
02-24 23:01:10.708  3269  3269 D StateManager: onStateTransitionEnd - state: SpringLoaded
02-24 23:01:10.803  3269  3269 D StateManager: goToState - fromState: SpringLoaded, toState: Normal, partial trace:
02-24 23:01:10.803  3269  3269 D StateManager: 	at com.android.launcher3.Workspace.onDrop(Workspace.java:2227)
02-24 23:01:10.803  3269  3269 D StateManager: 	at com.android.launcher3.dragndrop.DragController.drop(DragController.java:538)
02-24 23:01:10.803  3269  3269 D StateManager: 	at com.android.launcher3.dragndrop.DragController.onDriverDragEnd(DragController.java:390)
02-24 23:01:11.311  3269  3269 D StateManager: onStateTransitionStart - state: Normal
02-24 23:01:11.477  3269  3269 D StateManager: onStateTransitionEnd - state: Normal
02-24 23:01:12.033  3269  3269 D StateManager: goToState - fromState: Normal, toState: SpringLoaded, partial trace:
02-24 23:01:12.033  3269  3269 D StateManager: 	at com.android.launcher3.Workspace.onDragStart(Workspace.java:516)
02-24 23:01:12.033  3269  3269 D StateManager: 	at com.android.launcher3.dragndrop.DragController.callOnDragStart(DragController.java:228)
02-24 23:01:12.033  3269  3269 D StateManager: 	at com.android.launcher3.dragndrop.LauncherDragController.startDrag(LauncherDragController.java:156)
02-24 23:01:12.043  3269  3269 D StateManager: onStateTransitionStart - state: SpringLoaded
02-24 23:01:12.204  3269  3269 D StateManager: onStateTransitionEnd - state: SpringLoaded
02-24 23:01:13.688  3269  3269 D StateManager: goToState - fromState: SpringLoaded, toState: Normal, partial trace:
02-24 23:01:13.688  3269  3269 D StateManager: 	at com.android.launcher3.DropTargetHandler.onDropAnimationComplete(DropTargetHandler.kt:27)
02-24 23:01:13.688  3269  3269 D StateManager: 	at com.android.launcher3.ButtonDropTarget.lambda$onDrop$0(ButtonDropTarget.java:264)
02-24 23:01:13.688  3269  3269 D StateManager: 	at com.android.launcher3.ButtonDropTarget.$r8$lambda$rpzEt8TFGY3ywlaM9NCv8btvbAI(Unknown Source:0)
02-24 23:01:13.697  3269  3269 D StateManager: onStateTransitionStart - state: Normal
02-24 23:01:13.849  3269  3269 D StateManager: onStateTransitionEnd - state: Normal
02-24 23:01:15.113  3269  3269 D StateManager: goToState - fromState: Normal, toState: Normal, partial trace:
02-24 23:01:15.113  3269  3269 D StateManager: 	at com.android.launcher3.statemanager.StateManager.moveToRestState(StateManager.java:465)
02-24 23:01:15.113  3269  3269 D StateManager: 	at com.android.launcher3.statemanager.StateManager.moveToRestState(StateManager.java:456)
02-24 23:01:15.113  3269  3269 D StateManager: 	at com.android.launcher3.statemanager.StatefulActivity.onStop(StatefulActivity.java:136)
02-24 23:01:22.541 14260 14260 D DigimonGlyphToy: Starting in standalone widget mode
02-24 23:01:22.550 14260 14260 D DigimonGlyphToy: Timing mode set to EXACT (userExact=true boostActive=false battleLock=false stepGate=false stepSliceMs=10 correctionOverride=none)
02-24 23:01:22.567 14260 14260 D DigimonGlyphToy: Process command id=654 type=load_slot arg=1
02-24 23:01:22.567 14260 14260 D DigimonGlyphToy: Command 654 result: slot 1 load failed: emulator not running
02-24 23:01:23.321 14260 14260 D DigimonGlyphToy: Starting in standalone widget mode
02-24 23:01:23.328 14260 14260 D DigimonGlyphToy: Timing mode set to EXACT (userExact=true boostActive=false battleLock=false stepGate=false stepSliceMs=10 correctionOverride=none)
02-24 23:01:23.336 14260 14260 D DigimonGlyphToy: Process command id=655 type=load_slot arg=2
02-24 23:01:23.336 14260 14260 D DigimonGlyphToy: Command 655 result: slot 2 load failed: emulator not running
02-24 23:01:23.884 14260 14260 D DigimonGlyphToy: Starting in standalone widget mode
02-24 23:01:23.891 14260 14260 D DigimonGlyphToy: Timing mode set to EXACT (userExact=true boostActive=false battleLock=false stepGate=false stepSliceMs=10 correctionOverride=none)
02-24 23:01:23.898 14260 14260 D DigimonGlyphToy: Process command id=656 type=load_slot arg=3
02-24 23:01:23.898 14260 14260 D DigimonGlyphToy: Command 656 result: slot 3 load failed: emulator not running
02-24 23:01:57.723 14260 14260 D DigimonGlyphToy: Process command id=657 type=load_slot arg=1
02-24 23:01:57.723 14260 14260 D DigimonGlyphToy: Command 657 result: slot 1 load failed: emulator not running
02-24 23:01:57.724 14260 14260 D DigimonGlyphToy: Starting in standalone widget mode
02-24 23:01:57.732 14260 14260 D DigimonGlyphToy: Timing mode set to EXACT (userExact=true boostActive=false battleLock=false stepGate=false stepSliceMs=10 correctionOverride=none)
02-24 23:01:58.174 14260 14260 D DigimonGlyphToy: Starting in standalone widget mode
02-24 23:01:58.177 14260 14260 D DigimonGlyphToy: Timing mode set to EXACT (userExact=true boostActive=false battleLock=false stepGate=false stepSliceMs=10 correctionOverride=none)
02-24 23:01:58.182 14260 14260 D DigimonGlyphToy: Process command id=658 type=load_slot arg=2
02-24 23:01:58.182 14260 14260 D DigimonGlyphToy: Command 658 result: slot 2 load failed: emulator not running
02-24 23:01:58.679 14260 14260 D DigimonGlyphToy: Starting in standalone widget mode
02-24 23:01:58.686 14260 14260 D DigimonGlyphToy: Timing mode set to EXACT (userExact=true boostActive=false battleLock=false stepGate=false stepSliceMs=10 correctionOverride=none)
02-24 23:01:58.701 14260 14260 D DigimonGlyphToy: Process command id=659 type=load_slot arg=3
02-24 23:01:58.702 14260 14260 D DigimonGlyphToy: Command 659 result: slot 3 load failed: emulator not running
02-24 23:02:03.752  3269  3269 D StateManager: goToState - fromState: Normal, toState: Background, partial trace:
02-24 23:02:03.752  3269  3269 D StateManager: 	at com.android.quickstep.BaseActivityInterface$DefaultAnimationFactory.initBackgroundStateUI(BaseActivityInterface.java:177)
02-24 23:02:03.752  3269  3269 D StateManager: 	at com.android.quickstep.LauncherActivityInterface.prepareRecentsUI(LauncherActivityInterface.java:128)
02-24 23:02:03.752  3269  3269 D StateManager: 	at com.android.quickstep.AbsSwipeUpHandler.lambda$onLauncherStart$7(AbsSwipeUpHandler.java:586)
02-24 23:02:03.752  3269  3269 D StateManager: onStateTransitionStart - state: Background
02-24 23:02:03.754  3269  3269 D StateManager: onStateTransitionEnd - state: Background
02-24 23:02:04.165  3269  3269 D StateManager: goToState - fromState: Background, toState: Overview, partial trace:
02-24 23:02:04.165  3269  3269 D StateManager: 	at com.android.quickstep.BaseActivityInterface$DefaultAnimationFactory.lambda$createContainerInterface$0(BaseActivityInterface.java:192)
02-24 23:02:04.165  3269  3269 D StateManager: 	at com.android.quickstep.BaseActivityInterface$DefaultAnimationFactory.$r8$lambda$YjjIHLZC92HUcjgpgHrF9H5a_q4(Unknown Source:0)
02-24 23:02:04.165  3269  3269 D StateManager: 	at com.android.quickstep.BaseActivityInterface$DefaultAnimationFactory$$ExternalSyntheticLambda0.run(D8$$SyntheticClass:0)
02-24 23:02:04.165  3269  3269 D StateManager: onStateTransitionStart - state: Overview
02-24 23:02:04.167  3269  3269 D StateManager: onStateTransitionEnd - state: Overview
02-24 23:02:06.555  3269  3269 D StateManager: goToState - fromState: Overview, toState: Normal, partial trace:
02-24 23:02:06.555  3269  3269 D StateManager: 	at com.android.launcher3.statemanager.StateManager.moveToRestState(StateManager.java:465)
02-24 23:02:06.555  3269  3269 D StateManager: 	at com.android.launcher3.statemanager.StateManager.moveToRestState(StateManager.java:456)
02-24 23:02:06.555  3269  3269 D StateManager: 	at com.android.launcher3.statemanager.StatefulActivity.onStop(StatefulActivity.java:136)
02-24 23:02:06.557  3269  3269 D StateManager: onStateTransitionStart - state: Normal
02-24 23:02:06.563  3269  3269 D StateManager: onStateTransitionEnd - state: Normal
02-24 23:02:10.580  3269  3269 D StateManager: createAtomicAnimation - fromState: Background, toState: Normal, partial trace:
02-24 23:02:10.580  3269  3269 D StateManager: 	at com.android.quickstep.util.WorkspaceRevealAnim.prepareToAnimate(WorkspaceRevealAnim.java:146)
02-24 23:02:10.580  3269  3269 D StateManager: 	at com.android.quickstep.util.WorkspaceRevealAnim.<init>(WorkspaceRevealAnim.java:69)
02-24 23:02:10.580  3269  3269 D StateManager: 	at com.android.launcher3.QuickstepTransitionManager.createWallpaperOpenAnimations(QuickstepTransitionManager.java:1785)
02-24 23:02:11.948  3269  3269 D StateManager: goToState - fromState: Normal, toState: Normal, partial trace:
02-24 23:02:11.948  3269  3269 D StateManager: 	at com.android.launcher3.statemanager.StateManager.moveToRestState(StateManager.java:465)
02-24 23:02:11.948  3269  3269 D StateManager: 	at com.android.launcher3.statemanager.StateManager.moveToRestState(StateManager.java:456)
02-24 23:02:11.948  3269  3269 D StateManager: 	at com.android.launcher3.statemanager.StatefulActivity.onStop(StatefulActivity.java:136)
02-24 23:02:14.392 14264 14264 D DigimonGlyphToy: Starting in standalone widget mode
02-24 23:02:14.399 14264 14264 D DigimonGlyphToy: CPU wakelock acquired
02-24 23:02:14.399 14264 14264 D DigimonGlyphToy: Timing mode set to EXACT (userExact=true boostActive=false battleLock=false stepGate=false stepSliceMs=10 correctionOverride=none)
02-24 23:02:14.407 14264 14264 D DigimonGlyphToy: Process command id=660 type=load_slot arg=3
02-24 23:02:14.407 14264 14264 D DigimonGlyphToy: Command 660 result: slot 3 load failed: emulator not running
02-24 23:02:16.232 14264 14264 D DigimonGlyphToy: Starting in standalone widget mode
02-24 23:02:16.239 14264 14264 D DigimonGlyphToy: Timing mode set to EXACT (userExact=true boostActive=false battleLock=false stepGate=false stepSliceMs=10 correctionOverride=none)
02-24 23:02:16.247 14264 14264 D DigimonGlyphToy: Process command id=661 type=load_autosave arg=0
02-24 23:02:16.247 14264 14264 D DigimonGlyphToy: Command 661 result: load failed: emulator not running
02-24 23:02:17.115 14264 14264 D DigimonGlyphToy: Starting in standalone widget mode
02-24 23:02:17.122 14264 14264 D DigimonGlyphToy: Timing mode set to EXACT (userExact=true boostActive=false battleLock=false stepGate=false stepSliceMs=10 correctionOverride=none)
02-24 23:02:17.130 14264 14264 D DigimonGlyphToy: Process command id=662 type=save_autosave arg=0
02-24 23:02:17.130 14264 14264 D DigimonGlyphToy: Command 662 result: save failed: rom missing
02-24 23:02:17.817 14264 14264 D DigimonGlyphToy: Starting in standalone widget mode
02-24 23:02:17.824 14264 14264 D DigimonGlyphToy: Timing mode set to EXACT (userExact=true boostActive=false battleLock=false stepGate=false stepSliceMs=10 correctionOverride=none)
02-24 23:02:17.831 14264 14264 D DigimonGlyphToy: Process command id=663 type=load_autosave arg=0
02-24 23:02:17.831 14264 14264 D DigimonGlyphToy: Command 663 result: load failed: emulator not running
02-24 23:02:19.090 14264 14264 D DigimonGlyphToy: Starting in standalone widget mode
02-24 23:02:19.098 14264 14264 D DigimonGlyphToy: Timing mode set to EXACT (userExact=true boostActive=false battleLock=false stepGate=false stepSliceMs=10 correctionOverride=none)
02-24 23:02:19.116 14264 14264 D DigimonGlyphToy: Process command id=664 type=full_reset arg=0
02-24 23:02:19.116 14264 14264 D DigimonGlyphToy: Command 664 result: reset failed: emulator not running
02-24 23:02:19.435 14264 14264 D DigimonGlyphToy: Starting in standalone widget mode
02-24 23:02:19.440 14264 14264 D DigimonGlyphToy: Timing mode set to EXACT (userExact=true boostActive=false battleLock=false stepGate=false stepSliceMs=10 correctionOverride=none)
02-24 23:02:19.444 14264 14264 D DigimonGlyphToy: Process command id=665 type=restart arg=0
02-24 23:02:19.444 14264 14264 D DigimonGlyphToy: Command 665 result: restart skipped: emulator not running
02-24 23:02:20.359  3269  3269 D StateManager: createAtomicAnimation - fromState: Background, toState: Normal, partial trace:
02-24 23:02:20.359  3269  3269 D StateManager: 	at com.android.quickstep.util.ScalingWorkspaceRevealAnim.<init>(ScalingWorkspaceRevealAnim.kt:89)
02-24 23:02:20.359  3269  3269 D StateManager: 	at com.android.launcher3.QuickstepTransitionManager.createWallpaperOpenAnimations(QuickstepTransitionManager.java:1719)
02-24 23:02:20.359  3269  3269 D StateManager: 	at com.android.launcher3.QuickstepTransitionManager$WallpaperOpenLauncherAnimationRunner.onAnimationStart(QuickstepTransitionManager.java:1852)
02-24 23:02:29.150  3269  3269 D StateManager: goToState - fromState: Normal, toState: SpringLoaded, partial trace:
02-24 23:02:29.150  3269  3269 D StateManager: 	at com.android.launcher3.Workspace.onDragStart(Workspace.java:516)
02-24 23:02:29.150  3269  3269 D StateManager: 	at com.android.launcher3.dragndrop.DragController.callOnDragStart(DragController.java:228)
02-24 23:02:29.150  3269  3269 D StateManager: 	at com.android.launcher3.dragndrop.LauncherDragController.startDrag(LauncherDragController.java:156)
02-24 23:02:29.173  3269  3269 D StateManager: onStateTransitionStart - state: SpringLoaded
02-24 23:02:29.331  3269  3269 D StateManager: onStateTransitionEnd - state: SpringLoaded
02-24 23:02:30.593 14264 14264 D DigimonGlyphToy: Starting in standalone widget mode
02-24 23:02:30.620 14264 14264 D DigimonGlyphToy: Timing mode set to EXACT (userExact=true boostActive=false battleLock=false stepGate=false stepSliceMs=10 correctionOverride=none)
02-24 23:02:30.653 14264 14264 D DigimonGlyphToy: Starting in standalone widget mode
02-24 23:02:30.671 14264 14264 D DigimonGlyphToy: Timing mode set to EXACT (userExact=true boostActive=false battleLock=false stepGate=false stepSliceMs=10 correctionOverride=none)
02-24 23:02:31.079  3269  3269 D StateManager: goToState - fromState: SpringLoaded, toState: Normal, partial trace:
02-24 23:02:31.079  3269  3269 D StateManager: 	at com.android.launcher3.statemanager.StateManager.moveToRestState(StateManager.java:465)
02-24 23:02:31.079  3269  3269 D StateManager: 	at com.android.launcher3.statemanager.StateManager.moveToRestState(StateManager.java:456)
02-24 23:02:31.079  3269  3269 D StateManager: 	at com.android.launcher3.statemanager.StatefulActivity.onStop(StatefulActivity.java:136)
02-24 23:02:31.080  3269  3269 D StateManager: onStateTransitionStart - state: Normal
02-24 23:02:31.081  3269  3269 D StateManager: onStateTransitionEnd - state: Normal
02-24 23:02:31.549  3269  3269 D StateManager: createAtomicAnimation - fromState: Background, toState: Normal, partial trace:
02-24 23:02:31.549  3269  3269 D StateManager: 	at com.android.quickstep.util.WorkspaceRevealAnim.prepareToAnimate(WorkspaceRevealAnim.java:146)
02-24 23:02:31.549  3269  3269 D StateManager: 	at com.android.quickstep.util.WorkspaceRevealAnim.<init>(WorkspaceRevealAnim.java:69)
02-24 23:02:31.549  3269  3269 D StateManager: 	at com.android.launcher3.QuickstepTransitionManager.createWallpaperOpenAnimations(QuickstepTransitionManager.java:1785)
02-24 23:02:32.065  3269  3269 D StateManager: goToState - fromState: Normal, toState: Normal, partial trace:
02-24 23:02:32.065  3269  3269 D StateManager: 	at com.android.launcher3.Launcher.lambda$completeTwoStageWidgetDrop$6(Launcher.java:1088)
02-24 23:02:32.065  3269  3269 D StateManager: 	at com.android.launcher3.Launcher.$r8$lambda$kF9CkyZ93qPk9zy3ARIf0ZrWerk(Unknown Source:0)
02-24 23:02:32.065  3269  3269 D StateManager: 	at com.android.launcher3.Launcher$$ExternalSyntheticLambda17.run(D8$$SyntheticClass:0)
02-24 23:03:15.536  3269  3269 D StateManager: goToState - fromState: Normal, toState: Overview, partial trace:
02-24 23:03:15.536  3269  3269 D StateManager: 	at com.android.quickstep.LauncherActivityInterface.switchToRecentsIfVisible(LauncherActivityInterface.java:222)
02-24 23:03:15.536  3269  3269 D StateManager: 	at com.android.quickstep.OverviewCommandHelper.executeWhenRecentsIsNotVisible(OverviewCommandHelper.kt:340)
02-24 23:03:15.536  3269  3269 D StateManager: 	at com.android.quickstep.OverviewCommandHelper.executeCommand(OverviewCommandHelper.kt:175)
02-24 23:03:15.543  3269  3269 D StateManager: onStateTransitionStart - state: Overview
02-24 23:03:15.801  3269  3269 D StateManager: onStateTransitionEnd - state: Overview
